-- The C compiler identification is GNU 11.4.0
-- The CXX compiler identification is GNU 11.4.0
-- Detecting C compiler ABI info
-- Detecting C compiler ABI info - done
-- Check for working C compiler: /usr/bin/cc - skipped
-- Detecting C compile features
-- Detecting C compile features - done
-- Detecting CXX compiler ABI info
-- Detecting CXX compiler ABI info - done
-- Check for working CXX compiler: /usr/bin/c++ - skipped
-- Detecting CXX compile features
-- Detecting CXX compile features - done
-- Found ament_cmake: 1.3.14 (/opt/ros/humble/share/ament_cmake/cmake)
-- Found Python3: /usr/bin/python3 (found version "3.10.12") found components: Interpreter 
-- Override CMake install command with custom implementation using symlinks instead of copying resources
-- Found rclcpp: 16.0.19 (/opt/ros/humble/share/rclcpp/cmake)
-- Found rosidl_generator_c: 3.1.9 (/opt/ros/humble/share/rosidl_generator_c/cmake)
-- Found rosidl_adapter: 3.1.9 (/opt/ros/humble/share/rosidl_adapter/cmake)
-- Found rosidl_generator_cpp: 3.1.9 (/opt/ros/humble/share/rosidl_generator_cpp/cmake)
-- Using all available rosidl_typesupport_c: rosidl_typesupport_fastrtps_c;rosidl_typesupport_introspection_c
-- Using all available rosidl_typesupport_cpp: rosidl_typesupport_fastrtps_cpp;rosidl_typesupport_introspection_cpp
-- Found rmw_implementation_cmake: 6.1.3 (/opt/ros/humble/share/rmw_implementation_cmake/cmake)
-- Found rmw_fastrtps_cpp: 6.2.10 (/opt/ros/humble/share/rmw_fastrtps_cpp/cmake)
-- Found OpenSSL: /usr/lib/x86_64-linux-gnu/libcrypto.so (found version "3.0.2")  
-- Found FastRTPS: /opt/ros/humble/include  
-- Using RMW implementation 'rmw_fastrtps_cpp' as default
-- Looking for pthread.h
-- Looking for pthread.h - found
-- Performing Test CMAKE_HAVE_LIBC_PTHREAD
-- Performing Test CMAKE_HAVE_LIBC_PTHREAD - Success
-- Found Threads: TRUE  
-- Found audio_common_msgs: 4.0.10 (/workspace/install/audio_common_msgs/share/audio_common_msgs/cmake)
-- Found orocos_kdl_vendor: 0.2.5 (/opt/ros/humble/share/orocos_kdl_vendor/cmake)
-- Found eigen3_cmake_module: 0.1.1 (/opt/ros/humble/share/eigen3_cmake_module/cmake)
-- Found Eigen3: TRUE (found version "3.4.0") 
-- Ensuring Eigen3 include directory is part of orocos-kdl CMake target
-- Found sensor_msgs: 4.9.2 (/opt/ros/humble/share/sensor_msgs/cmake)
-- Found cv_bridge: 3.2.1 (/opt/ros/humble/share/cv_bridge/cmake)
-- Found OpenCV: /usr (found version "4.5.4") 
-- whisper.cpp version: 1.9.3-dev
-- Found Git: /usr/bin/git (found version "2.34.1") 
-- The ASM compiler identification is GNU
-- Found assembler: /usr/bin/cc
-- Warning: ccache not found - consider installing it for faster compilation or disable this warning with GGML_CCACHE=OFF
-- CMAKE_SYSTEM_PROCESSOR: x86_64
-- GGML_SYSTEM_ARCH: x86
-- Found OpenMP_C: -fopenmp (found version "4.5") 
-- Found OpenMP_CXX: -fopenmp (found version "4.5") 
-- Found OpenMP: TRUE (found version "4.5")  
-- Including CPU backend
-- x86 detected
-- Adding CPU backend variant ggml-cpu: -march=native 
-- ggml version: 0.22.0
-- ggml commit:  97811330-dirty
-- Configuring done
-- Generating done
-- Build files have been written to: /workspace/build/quadruped_control
[  2%] [32mBuilding C object whisper/ggml/src/CMakeFiles/ggml-base.dir/ggml.c.o[0m
[  5%] [32mBuilding CXX object whisper/ggml/src/CMakeFiles/ggml-base.dir/ggml-threading.cpp.o[0m
[ 13%] [32mBuilding C object whisper/ggml/src/CMakeFiles/ggml-base.dir/ggml-quants.c.o[0m
[ 13%] [32mBuilding C object whisper/ggml/src/CMakeFiles/ggml-base.dir/ggml-alloc.c.o[0m
[ 13%] [32mBuilding CXX object whisper/ggml/src/CMakeFiles/ggml-base.dir/gguf.cpp.o[0m
[ 18%] [32mBuilding CXX object whisper/ggml/src/CMakeFiles/ggml-base.dir/ggml.cpp.o[0m
[ 18%] [32mBuilding CXX object whisper/ggml/src/CMakeFiles/ggml-base.dir/ggml-backend.cpp.o[0m
[ 23%] [32mBuilding CXX object whisper/ggml/src/CMakeFiles/ggml-base.dir/ggml-opt.cpp.o[0m
[ 23%] [32mBuilding CXX object whisper/ggml/src/CMakeFiles/ggml-base.dir/ggml-backend-meta.cpp.o[0m
[ 26%] [32m[1mLinking CXX shared library ../../../bin/libggml-base.so[0m
[ 26%] Built target ggml-base
[ 31%] [32mBuilding C object whisper/ggml/src/CMakeFiles/ggml-cpu.dir/ggml-cpu/ggml-cpu.c.o[0m
[ 28%] [32mBuilding CXX object whisper/ggml/src/CMakeFiles/ggml-cpu.dir/ggml-cpu/traits.cpp.o[0m
[ 39%] [32mBuilding CXX object whisper/ggml/src/CMakeFiles/ggml-cpu.dir/ggml-cpu/repack.cpp.o[0m
[ 42%] [32mBuilding CXX object whisper/ggml/src/CMakeFiles/ggml-cpu.dir/ggml-cpu/hbm.cpp.o[0m
[ 42%] [32mBuilding CXX object whisper/ggml/src/CMakeFiles/ggml-cpu.dir/ggml-cpu/unary-ops.cpp.o[0m
[ 34%] [32mBuilding C object whisper/ggml/src/CMakeFiles/ggml-cpu.dir/ggml-cpu/quants.c.o[0m
[ 44%] [32mBuilding CXX object whisper/ggml/src/CMakeFiles/ggml-cpu.dir/ggml-cpu/ggml-cpu.cpp.o[0m
[ 47%] [32mBuilding CXX object whisper/ggml/src/CMakeFiles/ggml-cpu.dir/ggml-cpu/amx/amx.cpp.o[0m
[ 52%] [32mBuilding CXX object whisper/ggml/src/CMakeFiles/ggml-cpu.dir/ggml-cpu/vec.cpp.o[0m
[ 52%] [32mBuilding CXX object whisper/ggml/src/CMakeFiles/ggml-cpu.dir/ggml-cpu/binary-ops.cpp.o[0m
[ 57%] [32mBuilding CXX object whisper/ggml/src/CMakeFiles/ggml-cpu.dir/ggml-cpu/amx/mmq.cpp.o[0m
[ 57%] [32mBuilding CXX object whisper/ggml/src/CMakeFiles/ggml-cpu.dir/ggml-cpu/ops.cpp.o[0m
[ 60%] [32mBuilding C object whisper/ggml/src/CMakeFiles/ggml-cpu.dir/ggml-cpu/arch/x86/quants.c.o[0m
[ 63%] [32mBuilding CXX object whisper/ggml/src/CMakeFiles/ggml-cpu.dir/ggml-cpu/arch/x86/repack.cpp.o[0m
[ 65%] [32m[1mLinking CXX shared library ../../../bin/libggml-cpu.so[0m
[ 65%] Built target ggml-cpu
[ 71%] [32mBuilding CXX object whisper/ggml/src/CMakeFiles/ggml.dir/ggml-backend-dl.cpp.o[0m
[ 71%] [32mBuilding CXX object whisper/ggml/src/CMakeFiles/ggml.dir/ggml-backend-reg.cpp.o[0m
[ 73%] [32m[1mLinking CXX shared library ../../../bin/libggml.so[0m
[ 73%] Built target ggml
[ 76%] [32mBuilding CXX object whisper/src/CMakeFiles/whisper.dir/whisper.cpp.o[0m
[ 78%] [32m[1mLinking CXX shared library ../../bin/libwhisper.so[0m
[ 78%] Built target whisper
[ 86%] [32mBuilding CXX object CMakeFiles/quadruped.dir/src/Clients/ActionClient.cpp.o[0m
[ 86%] [32mBuilding CXX object CMakeFiles/quadruped.dir/src/Nodes/CameraDisplayNode.cpp.o[0m
[ 86%] [32mBuilding CXX object CMakeFiles/quadruped.dir/src/Nodes/QuadrupedControllerNode.cpp.o[0m
[ 89%] [32mBuilding CXX object CMakeFiles/quadruped.dir/src/Nodes/Servo2040BridgeNode.cpp.o[0m
[ 94%] [32mBuilding CXX object CMakeFiles/quadruped.dir/src/Services/ActionService.cpp.o[0m
[ 97%] [32mBuilding CXX object CMakeFiles/quadruped.dir/src/Nodes/UserCommunicationNode.cpp.o[0m
[ 97%] [32mBuilding CXX object CMakeFiles/quadruped.dir/src/quadruped.cpp.o[0m
[01m[K/workspace/src/quadruped_control/src/Nodes/QuadrupedControllerNode.cpp:[m[K In member function ‘[01m[Kbool QuadrupedControllerNode::publishSimulationCommand(int, const JointAngles&)[m[K’:
[01m[K/workspace/src/quadruped_control/src/Nodes/QuadrupedControllerNode.cpp:967:1:[m[K [01;35m[Kwarning: [m[Kno return statement in function returning non-void [[01;35m[K]8;;https://gcc.gnu.org/onlinedocs/gcc/Warning-Options.html#index-Wreturn-type-Wreturn-type]8;;[m[K]
  967 | [01;35m[K}[m[K
      | [01;35m[K^[m[K
[01m[K/workspace/src/quadruped_control/src/Nodes/QuadrupedControllerNode.cpp:[m[K At global scope:
[01m[K/workspace/src/quadruped_control/src/Nodes/QuadrupedControllerNode.cpp:969:6:[m[K [01;31m[Kerror: [m[Kredefinition of ‘[01m[Kbool QuadrupedControllerNode::publishSimulationCommand(int, const JointAngles&)[m[K’
  969 | bool [01;31m[KQuadrupedControllerNode[m[K::publishSimulationCommand(
      |      [01;31m[K^~~~~~~~~~~~~~~~~~~~~~~[m[K
[01m[K/workspace/src/quadruped_control/src/Nodes/QuadrupedControllerNode.cpp:926:6:[m[K [01;36m[Knote: [m[K‘[01m[Kbool QuadrupedControllerNode::publishSimulationCommand(int, const JointAngles&)[m[K’ previously defined here
  926 | bool [01;36m[KQuadrupedControllerNode[m[K::publishSimulationCommand(
      |      [01;36m[K^~~~~~~~~~~~~~~~~~~~~~~[m[K
gmake[2]: *** [CMakeFiles/quadruped.dir/build.make:104: CMakeFiles/quadruped.dir/src/Nodes/QuadrupedControllerNode.cpp.o] Error 1
gmake[2]: *** Waiting for unfinished jobs....
gmake[1]: *** [CMakeFiles/Makefile2:227: CMakeFiles/quadruped.dir/all] Error 2
gmake: *** [Makefile:146: all] Error 2
