[0.072s] Invoking command in '/workspace/build/quadruped_control': CMAKE_PREFIX_PATH=${CMAKE_PREFIX_PATH}:/opt/ros/humble /usr/bin/cmake /workspace/src/quadruped_control -DBUILD_TESTING=OFF -DAMENT_CMAKE_SYMLINK_INSTALL=1 -DCMAKE_INSTALL_PREFIX=/workspace/install/quadruped_control
[0.667s] -- The C compiler identification is GNU 11.4.0
[1.116s] -- The CXX compiler identification is GNU 11.4.0
[1.148s] -- Detecting C compiler ABI info
[1.819s] -- Detecting C compiler ABI info - done
[1.847s] -- Check for working C compiler: /usr/bin/cc - skipped
[1.848s] -- Detecting C compile features
[1.848s] -- Detecting C compile features - done
[1.852s] -- Detecting CXX compiler ABI info
[2.479s] -- Detecting CXX compiler ABI info - done
[2.502s] -- Check for working CXX compiler: /usr/bin/c++ - skipped
[2.502s] -- Detecting CXX compile features
[2.503s] -- Detecting CXX compile features - done
[2.521s] -- Found ament_cmake: 1.3.14 (/opt/ros/humble/share/ament_cmake/cmake)
[3.296s] -- Found Python3: /usr/bin/python3 (found version "3.10.12") found components: Interpreter 
[3.508s] -- Override CMake install command with custom implementation using symlinks instead of copying resources
[3.646s] -- Found rclcpp: 16.0.19 (/opt/ros/humble/share/rclcpp/cmake)
[3.797s] -- Found rosidl_generator_c: 3.1.9 (/opt/ros/humble/share/rosidl_generator_c/cmake)
[3.817s] -- Found rosidl_adapter: 3.1.9 (/opt/ros/humble/share/rosidl_adapter/cmake)
[3.844s] -- Found rosidl_generator_cpp: 3.1.9 (/opt/ros/humble/share/rosidl_generator_cpp/cmake)
[3.877s] -- Using all available rosidl_typesupport_c: rosidl_typesupport_fastrtps_c;rosidl_typesupport_introspection_c
[3.923s] -- Using all available rosidl_typesupport_cpp: rosidl_typesupport_fastrtps_cpp;rosidl_typesupport_introspection_cpp
[4.084s] -- Found rmw_implementation_cmake: 6.1.3 (/opt/ros/humble/share/rmw_implementation_cmake/cmake)
[4.096s] -- Found rmw_fastrtps_cpp: 6.2.10 (/opt/ros/humble/share/rmw_fastrtps_cpp/cmake)
[4.737s] -- Found OpenSSL: /usr/lib/x86_64-linux-gnu/libcrypto.so (found version "3.0.2")  
[4.799s] -- Found FastRTPS: /opt/ros/humble/include  
[4.897s] -- Using RMW implementation 'rmw_fastrtps_cpp' as default
[4.945s] -- Looking for pthread.h
[5.619s] -- Looking for pthread.h - found
[5.623s] -- Performing Test CMAKE_HAVE_LIBC_PTHREAD
[6.393s] -- Performing Test CMAKE_HAVE_LIBC_PTHREAD - Success
[6.395s] -- Found Threads: TRUE  
[6.508s] -- Found audio_common_msgs: 4.0.10 (/workspace/install/audio_common_msgs/share/audio_common_msgs/cmake)
[6.578s] -- Found orocos_kdl_vendor: 0.2.5 (/opt/ros/humble/share/orocos_kdl_vendor/cmake)
[6.606s] -- Found eigen3_cmake_module: 0.1.1 (/opt/ros/humble/share/eigen3_cmake_module/cmake)
[6.606s] -- Found Eigen3: TRUE (found version "3.4.0") 
[6.607s] -- Ensuring Eigen3 include directory is part of orocos-kdl CMake target
[6.616s] -- Found sensor_msgs: 4.9.2 (/opt/ros/humble/share/sensor_msgs/cmake)
[6.678s] -- Found cv_bridge: 3.2.1 (/opt/ros/humble/share/cv_bridge/cmake)
[6.697s] -- Found OpenCV: /usr (found version "4.5.4") 
[6.705s] -- whisper.cpp version: 1.9.3-dev
[6.733s] -- Found Git: /usr/bin/git (found version "2.34.1") 
[7.011s] -- The ASM compiler identification is GNU
[7.019s] -- Found assembler: /usr/bin/cc
[7.190s] -- Warning: ccache not found - consider installing it for faster compilation or disable this warning with GGML_CCACHE=OFF
[7.309s] -- CMAKE_SYSTEM_PROCESSOR: x86_64
[7.310s] -- GGML_SYSTEM_ARCH: x86
[9.184s] -- Found OpenMP_C: -fopenmp (found version "4.5") 
[9.844s] -- Found OpenMP_CXX: -fopenmp (found version "4.5") 
[9.844s] -- Found OpenMP: TRUE (found version "4.5")  
[9.846s] -- Including CPU backend
[9.850s] -- x86 detected
[9.852s] -- Adding CPU backend variant ggml-cpu: -march=native 
[9.872s] -- ggml version: 0.22.0
[9.873s] -- ggml commit:  97811330-dirty
[10.103s] -- Configuring done
[10.290s] -- Generating done
[10.348s] -- Build files have been written to: /workspace/build/quadruped_control
[10.360s] Invoked command in '/workspace/build/quadruped_control' returned '0': CMAKE_PREFIX_PATH=${CMAKE_PREFIX_PATH}:/opt/ros/humble /usr/bin/cmake /workspace/src/quadruped_control -DBUILD_TESTING=OFF -DAMENT_CMAKE_SYMLINK_INSTALL=1 -DCMAKE_INSTALL_PREFIX=/workspace/install/quadruped_control
[10.364s] Invoking command in '/workspace/build/quadruped_control': CMAKE_PREFIX_PATH=${CMAKE_PREFIX_PATH}:/opt/ros/humble /usr/bin/cmake --build /workspace/build/quadruped_control -- -j12 -l12
[10.960s] [  2%] [32mBuilding C object whisper/ggml/src/CMakeFiles/ggml-base.dir/ggml.c.o[0m
[10.973s] [  5%] [32mBuilding CXX object whisper/ggml/src/CMakeFiles/ggml-base.dir/ggml-threading.cpp.o[0m
[10.974s] [ 13%] [32mBuilding C object whisper/ggml/src/CMakeFiles/ggml-base.dir/ggml-quants.c.o[0m
[10.979s] [ 13%] [32mBuilding C object whisper/ggml/src/CMakeFiles/ggml-base.dir/ggml-alloc.c.o[0m
[10.981s] [ 13%] [32mBuilding CXX object whisper/ggml/src/CMakeFiles/ggml-base.dir/gguf.cpp.o[0m
[10.996s] [ 18%] [32mBuilding CXX object whisper/ggml/src/CMakeFiles/ggml-base.dir/ggml.cpp.o[0m
[10.998s] [ 18%] [32mBuilding CXX object whisper/ggml/src/CMakeFiles/ggml-base.dir/ggml-backend.cpp.o[0m
[11.007s] [ 23%] [32mBuilding CXX object whisper/ggml/src/CMakeFiles/ggml-base.dir/ggml-opt.cpp.o[0m
[11.013s] [ 23%] [32mBuilding CXX object whisper/ggml/src/CMakeFiles/ggml-base.dir/ggml-backend-meta.cpp.o[0m
[17.127s] [ 26%] [32m[1mLinking CXX shared library ../../../bin/libggml-base.so[0m
[17.545s] [ 26%] Built target ggml-base
[17.800s] [ 31%] [32mBuilding C object whisper/ggml/src/CMakeFiles/ggml-cpu.dir/ggml-cpu/ggml-cpu.c.o[0m
[17.801s] [ 28%] [32mBuilding CXX object whisper/ggml/src/CMakeFiles/ggml-cpu.dir/ggml-cpu/traits.cpp.o[0m
[17.815s] [ 39%] [32mBuilding CXX object whisper/ggml/src/CMakeFiles/ggml-cpu.dir/ggml-cpu/repack.cpp.o[0m
[17.822s] [ 42%] [32mBuilding CXX object whisper/ggml/src/CMakeFiles/ggml-cpu.dir/ggml-cpu/hbm.cpp.o[0m
[17.823s] [ 42%] [32mBuilding CXX object whisper/ggml/src/CMakeFiles/ggml-cpu.dir/ggml-cpu/unary-ops.cpp.o[0m
[17.825s] [ 34%] [32mBuilding C object whisper/ggml/src/CMakeFiles/ggml-cpu.dir/ggml-cpu/quants.c.o[0m
[17.830s] [ 44%] [32mBuilding CXX object whisper/ggml/src/CMakeFiles/ggml-cpu.dir/ggml-cpu/ggml-cpu.cpp.o[0m
[17.836s] [ 47%] [32mBuilding CXX object whisper/ggml/src/CMakeFiles/ggml-cpu.dir/ggml-cpu/amx/amx.cpp.o[0m
[17.838s] [ 52%] [32mBuilding CXX object whisper/ggml/src/CMakeFiles/ggml-cpu.dir/ggml-cpu/vec.cpp.o[0m
[17.839s] [ 52%] [32mBuilding CXX object whisper/ggml/src/CMakeFiles/ggml-cpu.dir/ggml-cpu/binary-ops.cpp.o[0m
[17.843s] [ 57%] [32mBuilding CXX object whisper/ggml/src/CMakeFiles/ggml-cpu.dir/ggml-cpu/amx/mmq.cpp.o[0m
[17.844s] [ 57%] [32mBuilding CXX object whisper/ggml/src/CMakeFiles/ggml-cpu.dir/ggml-cpu/ops.cpp.o[0m
[18.245s] [ 60%] [32mBuilding C object whisper/ggml/src/CMakeFiles/ggml-cpu.dir/ggml-cpu/arch/x86/quants.c.o[0m
[20.201s] [ 63%] [32mBuilding CXX object whisper/ggml/src/CMakeFiles/ggml-cpu.dir/ggml-cpu/arch/x86/repack.cpp.o[0m
[27.337s] [ 65%] [32m[1mLinking CXX shared library ../../../bin/libggml-cpu.so[0m
[27.778s] [ 65%] Built target ggml-cpu
[28.002s] [ 71%] [32mBuilding CXX object whisper/ggml/src/CMakeFiles/ggml.dir/ggml-backend-dl.cpp.o[0m
[28.003s] [ 71%] [32mBuilding CXX object whisper/ggml/src/CMakeFiles/ggml.dir/ggml-backend-reg.cpp.o[0m
[29.973s] [ 73%] [32m[1mLinking CXX shared library ../../../bin/libggml.so[0m
[30.372s] [ 73%] Built target ggml
[30.610s] [ 76%] [32mBuilding CXX object whisper/src/CMakeFiles/whisper.dir/whisper.cpp.o[0m
[42.047s] [ 78%] [32m[1mLinking CXX shared library ../../bin/libwhisper.so[0m
[42.476s] [ 78%] Built target whisper
[42.712s] [ 86%] [32mBuilding CXX object CMakeFiles/quadruped.dir/src/Clients/ActionClient.cpp.o[0m
[42.713s] [ 86%] [32mBuilding CXX object CMakeFiles/quadruped.dir/src/Nodes/CameraDisplayNode.cpp.o[0m
[42.718s] [ 86%] [32mBuilding CXX object CMakeFiles/quadruped.dir/src/Nodes/QuadrupedControllerNode.cpp.o[0m
[42.721s] [ 89%] [32mBuilding CXX object CMakeFiles/quadruped.dir/src/Nodes/Servo2040BridgeNode.cpp.o[0m
[42.748s] [ 94%] [32mBuilding CXX object CMakeFiles/quadruped.dir/src/Services/ActionService.cpp.o[0m
[42.753s] [ 97%] [32mBuilding CXX object CMakeFiles/quadruped.dir/src/Nodes/UserCommunicationNode.cpp.o[0m
[42.753s] [ 97%] [32mBuilding CXX object CMakeFiles/quadruped.dir/src/quadruped.cpp.o[0m
[46.499s] [01m[K/workspace/src/quadruped_control/src/Nodes/QuadrupedControllerNode.cpp:[m[K In member function ‘[01m[Kbool QuadrupedControllerNode::publishSimulationCommand(int, const JointAngles&)[m[K’:
[46.500s] [01m[K/workspace/src/quadruped_control/src/Nodes/QuadrupedControllerNode.cpp:967:1:[m[K [01;35m[Kwarning: [m[Kno return statement in function returning non-void [[01;35m[K]8;;https://gcc.gnu.org/onlinedocs/gcc/Warning-Options.html#index-Wreturn-type-Wreturn-type]8;;[m[K]
[46.501s]   967 | [01;35m[K}[m[K
[46.501s]       | [01;35m[K^[m[K
[46.501s] [01m[K/workspace/src/quadruped_control/src/Nodes/QuadrupedControllerNode.cpp:[m[K At global scope:
[46.502s] [01m[K/workspace/src/quadruped_control/src/Nodes/QuadrupedControllerNode.cpp:969:6:[m[K [01;31m[Kerror: [m[Kredefinition of ‘[01m[Kbool QuadrupedControllerNode::publishSimulationCommand(int, const JointAngles&)[m[K’
[46.502s]   969 | bool [01;31m[KQuadrupedControllerNode[m[K::publishSimulationCommand(
[46.504s]       |      [01;31m[K^~~~~~~~~~~~~~~~~~~~~~~[m[K
[46.505s] [01m[K/workspace/src/quadruped_control/src/Nodes/QuadrupedControllerNode.cpp:926:6:[m[K [01;36m[Knote: [m[K‘[01m[Kbool QuadrupedControllerNode::publishSimulationCommand(int, const JointAngles&)[m[K’ previously defined here
[46.508s]   926 | bool [01;36m[KQuadrupedControllerNode[m[K::publishSimulationCommand(
[46.509s]       |      [01;36m[K^~~~~~~~~~~~~~~~~~~~~~~[m[K
[48.443s] gmake[2]: *** [CMakeFiles/quadruped.dir/build.make:104: CMakeFiles/quadruped.dir/src/Nodes/QuadrupedControllerNode.cpp.o] Error 1
[48.444s] gmake[2]: *** Waiting for unfinished jobs....
[56.025s] gmake[1]: *** [CMakeFiles/Makefile2:227: CMakeFiles/quadruped.dir/all] Error 2
[56.027s] gmake: *** [Makefile:146: all] Error 2
[56.035s] Invoked command in '/workspace/build/quadruped_control' returned '2': CMAKE_PREFIX_PATH=${CMAKE_PREFIX_PATH}:/opt/ros/humble /usr/bin/cmake --build /workspace/build/quadruped_control -- -j12 -l12
