[0.080s] Invoking command in '/workspace/build/quadruped_control': CMAKE_PREFIX_PATH=${CMAKE_PREFIX_PATH}:/opt/ros/humble /usr/bin/cmake /workspace/src/quadruped_control -DBUILD_TESTING=OFF -DAMENT_CMAKE_SYMLINK_INSTALL=1 -DCMAKE_INSTALL_PREFIX=/workspace/install/quadruped_control
[0.649s] -- The C compiler identification is GNU 11.4.0
[1.162s] -- The CXX compiler identification is GNU 11.4.0
[1.200s] -- Detecting C compiler ABI info
[1.889s] -- Detecting C compiler ABI info - done
[1.908s] -- Check for working C compiler: /usr/bin/cc - skipped
[1.909s] -- Detecting C compile features
[1.909s] -- Detecting C compile features - done
[1.915s] -- Detecting CXX compiler ABI info
[2.558s] -- Detecting CXX compiler ABI info - done
[2.576s] -- Check for working CXX compiler: /usr/bin/c++ - skipped
[2.577s] -- Detecting CXX compile features
[2.577s] -- Detecting CXX compile features - done
[2.593s] -- Found ament_cmake: 1.3.14 (/opt/ros/humble/share/ament_cmake/cmake)
[3.377s] -- Found Python3: /usr/bin/python3 (found version "3.10.12") found components: Interpreter 
[3.565s] -- Override CMake install command with custom implementation using symlinks instead of copying resources
[3.705s] -- Found rclcpp: 16.0.19 (/opt/ros/humble/share/rclcpp/cmake)
[3.853s] -- Found rosidl_generator_c: 3.1.9 (/opt/ros/humble/share/rosidl_generator_c/cmake)
[3.898s] -- Found rosidl_adapter: 3.1.9 (/opt/ros/humble/share/rosidl_adapter/cmake)
[3.925s] -- Found rosidl_generator_cpp: 3.1.9 (/opt/ros/humble/share/rosidl_generator_cpp/cmake)
[3.953s] -- Using all available rosidl_typesupport_c: rosidl_typesupport_fastrtps_c;rosidl_typesupport_introspection_c
[4.009s] -- Using all available rosidl_typesupport_cpp: rosidl_typesupport_fastrtps_cpp;rosidl_typesupport_introspection_cpp
[4.144s] -- Found rmw_implementation_cmake: 6.1.3 (/opt/ros/humble/share/rmw_implementation_cmake/cmake)
[4.153s] -- Found rmw_fastrtps_cpp: 6.2.10 (/opt/ros/humble/share/rmw_fastrtps_cpp/cmake)
[4.907s] -- Found OpenSSL: /usr/lib/x86_64-linux-gnu/libcrypto.so (found version "3.0.2")  
[4.968s] -- Found FastRTPS: /opt/ros/humble/include  
[5.059s] -- Using RMW implementation 'rmw_fastrtps_cpp' as default
[5.107s] -- Looking for pthread.h
[5.790s] -- Looking for pthread.h - found
[5.799s] -- Performing Test CMAKE_HAVE_LIBC_PTHREAD
[6.517s] -- Performing Test CMAKE_HAVE_LIBC_PTHREAD - Success
[6.520s] -- Found Threads: TRUE  
[6.649s] -- Found audio_common_msgs: 4.0.10 (/workspace/install/audio_common_msgs/share/audio_common_msgs/cmake)
[6.733s] -- Found orocos_kdl_vendor: 0.2.5 (/opt/ros/humble/share/orocos_kdl_vendor/cmake)
[6.768s] -- Found eigen3_cmake_module: 0.1.1 (/opt/ros/humble/share/eigen3_cmake_module/cmake)
[6.768s] -- Found Eigen3: TRUE (found version "3.4.0") 
[6.768s] -- Ensuring Eigen3 include directory is part of orocos-kdl CMake target
[6.778s] -- Found sensor_msgs: 4.9.2 (/opt/ros/humble/share/sensor_msgs/cmake)
[6.828s] -- Found cv_bridge: 3.2.1 (/opt/ros/humble/share/cv_bridge/cmake)
[6.849s] -- Found OpenCV: /usr (found version "4.5.4") 
[6.856s] -- whisper.cpp version: 1.9.3-dev
[6.894s] -- Found Git: /usr/bin/git (found version "2.34.1") 
[7.148s] -- The ASM compiler identification is GNU
[7.151s] -- Found assembler: /usr/bin/cc
[7.317s] -- Warning: ccache not found - consider installing it for faster compilation or disable this warning with GGML_CCACHE=OFF
[7.446s] -- CMAKE_SYSTEM_PROCESSOR: x86_64
[7.446s] -- GGML_SYSTEM_ARCH: x86
[9.410s] -- Found OpenMP_C: -fopenmp (found version "4.5") 
[10.117s] -- Found OpenMP_CXX: -fopenmp (found version "4.5") 
[10.121s] -- Found OpenMP: TRUE (found version "4.5")  
[10.131s] -- Including CPU backend
[10.135s] -- x86 detected
[10.136s] -- Adding CPU backend variant ggml-cpu: -march=native 
[10.181s] -- ggml version: 0.22.0
[10.184s] -- ggml commit:  97811330-dirty
[10.426s] -- Configuring done
[10.594s] -- Generating done
[10.667s] -- Build files have been written to: /workspace/build/quadruped_control
[10.691s] Invoked command in '/workspace/build/quadruped_control' returned '0': CMAKE_PREFIX_PATH=${CMAKE_PREFIX_PATH}:/opt/ros/humble /usr/bin/cmake /workspace/src/quadruped_control -DBUILD_TESTING=OFF -DAMENT_CMAKE_SYMLINK_INSTALL=1 -DCMAKE_INSTALL_PREFIX=/workspace/install/quadruped_control
[10.698s] Invoking command in '/workspace/build/quadruped_control': CMAKE_PREFIX_PATH=${CMAKE_PREFIX_PATH}:/opt/ros/humble /usr/bin/cmake --build /workspace/build/quadruped_control -- -j12 -l12
[11.404s] [  2%] [32mBuilding C object whisper/ggml/src/CMakeFiles/ggml-base.dir/ggml.c.o[0m
[11.406s] [  7%] [32mBuilding C object whisper/ggml/src/CMakeFiles/ggml-base.dir/ggml-alloc.c.o[0m
[11.410s] [  7%] [32mBuilding CXX object whisper/ggml/src/CMakeFiles/ggml-base.dir/ggml.cpp.o[0m
[11.412s] [ 10%] [32mBuilding CXX object whisper/ggml/src/CMakeFiles/ggml-base.dir/ggml-backend.cpp.o[0m
[11.431s] [ 18%] [32mBuilding CXX object whisper/ggml/src/CMakeFiles/ggml-base.dir/ggml-backend-meta.cpp.o[0m
[11.437s] [ 21%] [32mBuilding CXX object whisper/ggml/src/CMakeFiles/ggml-base.dir/ggml-threading.cpp.o[0m
[11.449s] [ 21%] [32mBuilding C object whisper/ggml/src/CMakeFiles/ggml-base.dir/ggml-quants.c.o[0m
[11.453s] [ 21%] [32mBuilding CXX object whisper/ggml/src/CMakeFiles/ggml-base.dir/gguf.cpp.o[0m
[11.454s] [ 23%] [32mBuilding CXX object whisper/ggml/src/CMakeFiles/ggml-base.dir/ggml-opt.cpp.o[0m
[19.587s] [ 26%] [32m[1mLinking CXX shared library ../../../bin/libggml-base.so[0m
[20.110s] [ 26%] Built target ggml-base
[20.434s] [ 34%] [32mBuilding CXX object whisper/ggml/src/CMakeFiles/ggml-cpu.dir/ggml-cpu/repack.cpp.o[0m
[20.441s] [ 34%] [32mBuilding CXX object whisper/ggml/src/CMakeFiles/ggml-cpu.dir/ggml-cpu/hbm.cpp.o[0m
[20.442s] [ 34%] [32mBuilding CXX object whisper/ggml/src/CMakeFiles/ggml-cpu.dir/ggml-cpu/amx/amx.cpp.o[0m
[20.445s] [ 47%] [32mBuilding C object whisper/ggml/src/CMakeFiles/ggml-cpu.dir/ggml-cpu/ggml-cpu.c.o[0m
[20.449s] [ 50%] [32mBuilding CXX object whisper/ggml/src/CMakeFiles/ggml-cpu.dir/ggml-cpu/amx/mmq.cpp.o[0m
[20.450s] [ 52%] [32mBuilding CXX object whisper/ggml/src/CMakeFiles/ggml-cpu.dir/ggml-cpu/unary-ops.cpp.o[0m
[20.451s] [ 52%] [32mBuilding C object whisper/ggml/src/CMakeFiles/ggml-cpu.dir/ggml-cpu/quants.c.o[0m
[20.452s] [ 52%] [32mBuilding CXX object whisper/ggml/src/CMakeFiles/ggml-cpu.dir/ggml-cpu/ggml-cpu.cpp.o[0m
[20.461s] [ 52%] [32mBuilding CXX object whisper/ggml/src/CMakeFiles/ggml-cpu.dir/ggml-cpu/binary-ops.cpp.o[0m
[20.470s] [ 47%] [32mBuilding CXX object whisper/ggml/src/CMakeFiles/ggml-cpu.dir/ggml-cpu/traits.cpp.o[0m
[20.476s] [ 55%] [32mBuilding CXX object whisper/ggml/src/CMakeFiles/ggml-cpu.dir/ggml-cpu/ops.cpp.o[0m
[20.510s] [ 57%] [32mBuilding CXX object whisper/ggml/src/CMakeFiles/ggml-cpu.dir/ggml-cpu/vec.cpp.o[0m
[20.892s] [ 60%] [32mBuilding C object whisper/ggml/src/CMakeFiles/ggml-cpu.dir/ggml-cpu/arch/x86/quants.c.o[0m
[22.841s] [ 63%] [32mBuilding CXX object whisper/ggml/src/CMakeFiles/ggml-cpu.dir/ggml-cpu/arch/x86/repack.cpp.o[0m
[29.926s] [ 65%] [32m[1mLinking CXX shared library ../../../bin/libggml-cpu.so[0m
[30.437s] [ 65%] Built target ggml-cpu
[30.698s] [ 71%] [32mBuilding CXX object whisper/ggml/src/CMakeFiles/ggml.dir/ggml-backend-dl.cpp.o[0m
[30.699s] [ 71%] [32mBuilding CXX object whisper/ggml/src/CMakeFiles/ggml.dir/ggml-backend-reg.cpp.o[0m
[32.747s] [ 73%] [32m[1mLinking CXX shared library ../../../bin/libggml.so[0m
[33.151s] [ 73%] Built target ggml
[33.356s] [ 76%] [32mBuilding CXX object whisper/src/CMakeFiles/whisper.dir/whisper.cpp.o[0m
[45.050s] [ 78%] [32m[1mLinking CXX shared library ../../bin/libwhisper.so[0m
[45.506s] [ 78%] Built target whisper
[45.738s] [ 81%] [32mBuilding CXX object CMakeFiles/quadruped.dir/src/Nodes/Servo2040BridgeNode.cpp.o[0m
[45.742s] [ 86%] [32mBuilding CXX object CMakeFiles/quadruped.dir/src/quadruped.cpp.o[0m
[45.749s] [ 89%] [32mBuilding CXX object CMakeFiles/quadruped.dir/src/Nodes/UserCommunicationNode.cpp.o[0m
[45.753s] [ 89%] [32mBuilding CXX object CMakeFiles/quadruped.dir/src/Nodes/QuadrupedControllerNode.cpp.o[0m
[45.768s] [ 94%] [32mBuilding CXX object CMakeFiles/quadruped.dir/src/Clients/ActionClient.cpp.o[0m
[45.769s] [ 94%] [32mBuilding CXX object CMakeFiles/quadruped.dir/src/Services/ActionService.cpp.o[0m
[45.780s] [ 97%] [32mBuilding CXX object CMakeFiles/quadruped.dir/src/Nodes/CameraDisplayNode.cpp.o[0m
[59.186s] [100%] [32m[1mLinking CXX executable quadruped[0m
[60.543s] [100%] Built target quadruped
[60.600s] Invoked command in '/workspace/build/quadruped_control' returned '0': CMAKE_PREFIX_PATH=${CMAKE_PREFIX_PATH}:/opt/ros/humble /usr/bin/cmake --build /workspace/build/quadruped_control -- -j12 -l12
[60.672s] Invoking command in '/workspace/build/quadruped_control': CMAKE_PREFIX_PATH=${CMAKE_PREFIX_PATH}:/opt/ros/humble /usr/bin/cmake --install /workspace/build/quadruped_control
[60.730s] -- Install configuration: "Release"
[60.734s] -- Execute custom install script
[60.744s] -- Symlinking: /workspace/install/quadruped_control//libggml-cpu.so.0.22.0
[60.795s] -- Symlinking: /workspace/install/quadruped_control//libggml-base.so.0.22.0
[60.838s] -- Symlinking: /workspace/install/quadruped_control/lib/cmake/ggml/ggml-config.cmake
[60.878s] -- Symlinking: /workspace/install/quadruped_control/lib/cmake/ggml/ggml-config-version.cmake
[60.919s] -- Symlinking: /workspace/install/quadruped_control/lib/cmake/whisper/whisper-config.cmake
[60.971s] -- Symlinking: /workspace/install/quadruped_control/lib/cmake/whisper/whisper-config-version.cmake
[61.035s] -- Symlinking: /workspace/install/quadruped_control/lib/pkgconfig/whisper.pc
[61.091s] -- Symlinking: /workspace/install/quadruped_control/lib/cmake/parakeet/parakeet-config.cmake
[61.148s] -- Symlinking: /workspace/install/quadruped_control/lib/cmake/parakeet/parakeet-config-version.cmake
[61.193s] -- Symlinking: /workspace/install/quadruped_control/lib/pkgconfig/parakeet.pc
[61.235s] -- Symlinking: /workspace/install/quadruped_control/lib/quadruped_control/quadruped
[61.277s] -- Symlinking: /workspace/install/quadruped_control/share/ament_index/resource_index/package_run_dependencies/quadruped_control
[61.322s] -- Symlinking: /workspace/install/quadruped_control/share/ament_index/resource_index/parent_prefix_path/quadruped_control
[61.383s] -- Symlinking: /workspace/install/quadruped_control/share/quadruped_control/environment/ament_prefix_path.sh
[61.438s] -- Symlinking: /workspace/install/quadruped_control/share/quadruped_control/environment/ament_prefix_path.dsv
[61.491s] -- Symlinking: /workspace/install/quadruped_control/share/quadruped_control/environment/path.sh
[61.551s] -- Symlinking: /workspace/install/quadruped_control/share/quadruped_control/environment/path.dsv
[61.593s] -- Symlinking: /workspace/install/quadruped_control/share/quadruped_control/local_setup.bash
[61.633s] -- Symlinking: /workspace/install/quadruped_control/share/quadruped_control/local_setup.sh
[61.679s] -- Symlinking: /workspace/install/quadruped_control/share/quadruped_control/local_setup.zsh
[61.737s] -- Symlinking: /workspace/install/quadruped_control/share/quadruped_control/local_setup.dsv
[61.788s] -- Symlinking: /workspace/install/quadruped_control/share/quadruped_control/package.dsv
[61.835s] -- Symlinking: /workspace/install/quadruped_control/share/ament_index/resource_index/packages/quadruped_control
[61.876s] -- Symlinking: /workspace/install/quadruped_control/share/quadruped_control/cmake/quadruped_controlConfig.cmake
[61.916s] -- Symlinking: /workspace/install/quadruped_control/share/quadruped_control/cmake/quadruped_controlConfig-version.cmake
[61.958s] -- Symlinking: /workspace/install/quadruped_control/share/quadruped_control/package.xml
[62.005s] Invoked command in '/workspace/build/quadruped_control' returned '0': CMAKE_PREFIX_PATH=${CMAKE_PREFIX_PATH}:/opt/ros/humble /usr/bin/cmake --install /workspace/build/quadruped_control
