[0.076s] Invoking command in '/workspace/build/quadruped_control': CMAKE_PREFIX_PATH=${CMAKE_PREFIX_PATH}:/opt/ros/humble /usr/bin/cmake /workspace/src/quadruped_control -DBUILD_TESTING=OFF -DAMENT_CMAKE_SYMLINK_INSTALL=1 -DCMAKE_INSTALL_PREFIX=/workspace/install/quadruped_control
[0.617s] -- The C compiler identification is GNU 11.4.0
[1.074s] -- The CXX compiler identification is GNU 11.4.0
[1.107s] -- Detecting C compiler ABI info
[1.765s] -- Detecting C compiler ABI info - done
[1.784s] -- Check for working C compiler: /usr/bin/cc - skipped
[1.784s] -- Detecting C compile features
[1.785s] -- Detecting C compile features - done
[1.788s] -- Detecting CXX compiler ABI info
[2.430s] -- Detecting CXX compiler ABI info - done
[2.460s] -- Check for working CXX compiler: /usr/bin/c++ - skipped
[2.461s] -- Detecting CXX compile features
[2.462s] -- Detecting CXX compile features - done
[2.476s] -- Found ament_cmake: 1.3.14 (/opt/ros/humble/share/ament_cmake/cmake)
[3.213s] -- Found Python3: /usr/bin/python3 (found version "3.10.12") found components: Interpreter 
[3.403s] -- Override CMake install command with custom implementation using symlinks instead of copying resources
[3.533s] -- Found rclcpp: 16.0.19 (/opt/ros/humble/share/rclcpp/cmake)
[3.675s] -- Found rosidl_generator_c: 3.1.9 (/opt/ros/humble/share/rosidl_generator_c/cmake)
[3.699s] -- Found rosidl_adapter: 3.1.9 (/opt/ros/humble/share/rosidl_adapter/cmake)
[3.721s] -- Found rosidl_generator_cpp: 3.1.9 (/opt/ros/humble/share/rosidl_generator_cpp/cmake)
[3.750s] -- Using all available rosidl_typesupport_c: rosidl_typesupport_fastrtps_c;rosidl_typesupport_introspection_c
[3.790s] -- Using all available rosidl_typesupport_cpp: rosidl_typesupport_fastrtps_cpp;rosidl_typesupport_introspection_cpp
[3.920s] -- Found rmw_implementation_cmake: 6.1.3 (/opt/ros/humble/share/rmw_implementation_cmake/cmake)
[3.930s] -- Found rmw_fastrtps_cpp: 6.2.10 (/opt/ros/humble/share/rmw_fastrtps_cpp/cmake)
[4.590s] -- Found OpenSSL: /usr/lib/x86_64-linux-gnu/libcrypto.so (found version "3.0.2")  
[4.651s] -- Found FastRTPS: /opt/ros/humble/include  
[4.766s] -- Using RMW implementation 'rmw_fastrtps_cpp' as default
[4.811s] -- Looking for pthread.h
[5.412s] -- Looking for pthread.h - found
[5.414s] -- Performing Test CMAKE_HAVE_LIBC_PTHREAD
[6.227s] -- Performing Test CMAKE_HAVE_LIBC_PTHREAD - Success
[6.229s] -- Found Threads: TRUE  
[6.359s] -- Found audio_common_msgs: 4.0.10 (/workspace/install/audio_common_msgs/share/audio_common_msgs/cmake)
[6.438s] -- Found orocos_kdl_vendor: 0.2.5 (/opt/ros/humble/share/orocos_kdl_vendor/cmake)
[6.465s] -- Found eigen3_cmake_module: 0.1.1 (/opt/ros/humble/share/eigen3_cmake_module/cmake)
[6.466s] -- Found Eigen3: TRUE (found version "3.4.0") 
[6.466s] -- Ensuring Eigen3 include directory is part of orocos-kdl CMake target
[6.474s] -- Found sensor_msgs: 4.9.2 (/opt/ros/humble/share/sensor_msgs/cmake)
[6.517s] -- Found cv_bridge: 3.2.1 (/opt/ros/humble/share/cv_bridge/cmake)
[6.535s] -- Found OpenCV: /usr (found version "4.5.4") 
[6.540s] -- whisper.cpp version: 1.9.3-dev
[6.568s] -- Found Git: /usr/bin/git (found version "2.34.1") 
[6.830s] -- The ASM compiler identification is GNU
[6.833s] -- Found assembler: /usr/bin/cc
[7.001s] -- Warning: ccache not found - consider installing it for faster compilation or disable this warning with GGML_CCACHE=OFF
[7.124s] -- CMAKE_SYSTEM_PROCESSOR: x86_64
[7.124s] -- GGML_SYSTEM_ARCH: x86
[9.041s] -- Found OpenMP_C: -fopenmp (found version "4.5") 
[9.736s] -- Found OpenMP_CXX: -fopenmp (found version "4.5") 
[9.737s] -- Found OpenMP: TRUE (found version "4.5")  
[9.743s] -- Including CPU backend
[9.750s] -- x86 detected
[9.751s] -- Adding CPU backend variant ggml-cpu: -march=native 
[9.787s] -- ggml version: 0.22.0
[9.788s] -- ggml commit:  97811330-dirty
[10.007s] -- Configuring done
[10.190s] -- Generating done
[10.276s] -- Build files have been written to: /workspace/build/quadruped_control
[10.293s] Invoked command in '/workspace/build/quadruped_control' returned '0': CMAKE_PREFIX_PATH=${CMAKE_PREFIX_PATH}:/opt/ros/humble /usr/bin/cmake /workspace/src/quadruped_control -DBUILD_TESTING=OFF -DAMENT_CMAKE_SYMLINK_INSTALL=1 -DCMAKE_INSTALL_PREFIX=/workspace/install/quadruped_control
[10.303s] Invoking command in '/workspace/build/quadruped_control': CMAKE_PREFIX_PATH=${CMAKE_PREFIX_PATH}:/opt/ros/humble /usr/bin/cmake --build /workspace/build/quadruped_control -- -j12 -l12
[10.845s] [  5%] [32mBuilding CXX object whisper/ggml/src/CMakeFiles/ggml-base.dir/ggml-backend-meta.cpp.o[0m
[10.851s] [  5%] [32mBuilding CXX object whisper/ggml/src/CMakeFiles/ggml-base.dir/ggml-backend.cpp.o[0m
[10.853s] [ 10%] [32mBuilding CXX object whisper/ggml/src/CMakeFiles/ggml-base.dir/ggml-threading.cpp.o[0m
[10.853s] [ 10%] [32mBuilding C object whisper/ggml/src/CMakeFiles/ggml-base.dir/ggml.c.o[0m
[10.863s] [ 15%] [32mBuilding C object whisper/ggml/src/CMakeFiles/ggml-base.dir/ggml-alloc.c.o[0m
[10.868s] [ 15%] [32mBuilding CXX object whisper/ggml/src/CMakeFiles/ggml-base.dir/ggml.cpp.o[0m
[10.874s] [ 21%] [32mBuilding C object whisper/ggml/src/CMakeFiles/ggml-base.dir/ggml-quants.c.o[0m
[10.876s] [ 21%] [32mBuilding CXX object whisper/ggml/src/CMakeFiles/ggml-base.dir/ggml-opt.cpp.o[0m
[10.893s] [ 23%] [32mBuilding CXX object whisper/ggml/src/CMakeFiles/ggml-base.dir/gguf.cpp.o[0m
[17.484s] [ 26%] [32m[1mLinking CXX shared library ../../../bin/libggml-base.so[0m
[17.925s] [ 26%] Built target ggml-base
[18.195s] [ 28%] [32mBuilding C object whisper/ggml/src/CMakeFiles/ggml-cpu.dir/ggml-cpu/ggml-cpu.c.o[0m
[18.201s] [ 31%] [32mBuilding CXX object whisper/ggml/src/CMakeFiles/ggml-cpu.dir/ggml-cpu/traits.cpp.o[0m
[18.206s] [ 42%] [32mBuilding CXX object whisper/ggml/src/CMakeFiles/ggml-cpu.dir/ggml-cpu/hbm.cpp.o[0m
[18.209s] [ 42%] [32mBuilding CXX object whisper/ggml/src/CMakeFiles/ggml-cpu.dir/ggml-cpu/ops.cpp.o[0m
[18.210s] [ 42%] [32mBuilding CXX object whisper/ggml/src/CMakeFiles/ggml-cpu.dir/ggml-cpu/repack.cpp.o[0m
[18.215s] [ 42%] [32mBuilding CXX object whisper/ggml/src/CMakeFiles/ggml-cpu.dir/ggml-cpu/binary-ops.cpp.o[0m
[18.217s] [ 50%] [32mBuilding CXX object whisper/ggml/src/CMakeFiles/ggml-cpu.dir/ggml-cpu/vec.cpp.o[0m
[18.219s] [ 50%] [32mBuilding CXX object whisper/ggml/src/CMakeFiles/ggml-cpu.dir/ggml-cpu/amx/amx.cpp.o[0m
[18.220s] [ 50%] [32mBuilding CXX object whisper/ggml/src/CMakeFiles/ggml-cpu.dir/ggml-cpu/amx/mmq.cpp.o[0m
[18.228s] [ 52%] [32mBuilding CXX object whisper/ggml/src/CMakeFiles/ggml-cpu.dir/ggml-cpu/ggml-cpu.cpp.o[0m
[18.241s] [ 55%] [32mBuilding C object whisper/ggml/src/CMakeFiles/ggml-cpu.dir/ggml-cpu/quants.c.o[0m
[18.288s] [ 57%] [32mBuilding CXX object whisper/ggml/src/CMakeFiles/ggml-cpu.dir/ggml-cpu/unary-ops.cpp.o[0m
[18.571s] [ 60%] [32mBuilding C object whisper/ggml/src/CMakeFiles/ggml-cpu.dir/ggml-cpu/arch/x86/quants.c.o[0m
[20.530s] [ 63%] [32mBuilding CXX object whisper/ggml/src/CMakeFiles/ggml-cpu.dir/ggml-cpu/arch/x86/repack.cpp.o[0m
[27.011s] [ 65%] [32m[1mLinking CXX shared library ../../../bin/libggml-cpu.so[0m
[27.474s] [ 65%] Built target ggml-cpu
[27.712s] [ 71%] [32mBuilding CXX object whisper/ggml/src/CMakeFiles/ggml.dir/ggml-backend-reg.cpp.o[0m
[27.713s] [ 71%] [32mBuilding CXX object whisper/ggml/src/CMakeFiles/ggml.dir/ggml-backend-dl.cpp.o[0m
[29.735s] [ 73%] [32m[1mLinking CXX shared library ../../../bin/libggml.so[0m
[30.143s] [ 73%] Built target ggml
[30.370s] [ 76%] [32mBuilding CXX object whisper/src/CMakeFiles/whisper.dir/whisper.cpp.o[0m
[41.996s] [ 78%] [32m[1mLinking CXX shared library ../../bin/libwhisper.so[0m
[42.435s] [ 78%] Built target whisper
[42.658s] [ 84%] [32mBuilding CXX object CMakeFiles/quadruped.dir/src/Nodes/QuadrupedControllerNode.cpp.o[0m
[42.662s] [ 84%] [32mBuilding CXX object CMakeFiles/quadruped.dir/src/Clients/ActionClient.cpp.o[0m
[42.662s] [ 86%] [32mBuilding CXX object CMakeFiles/quadruped.dir/src/Nodes/UserCommunicationNode.cpp.o[0m
[42.680s] [ 89%] [32mBuilding CXX object CMakeFiles/quadruped.dir/src/Nodes/Servo2040BridgeNode.cpp.o[0m
[42.685s] [ 94%] [32mBuilding CXX object CMakeFiles/quadruped.dir/src/quadruped.cpp.o[0m
[42.686s] [ 94%] [32mBuilding CXX object CMakeFiles/quadruped.dir/src/Nodes/CameraDisplayNode.cpp.o[0m
[42.693s] [ 97%] [32mBuilding CXX object CMakeFiles/quadruped.dir/src/Services/ActionService.cpp.o[0m
[46.652s] [01m[K/workspace/src/quadruped_control/src/Nodes/QuadrupedControllerNode.cpp:[m[K In member function ‘[01m[Kbool QuadrupedControllerNode::publishSimulationCommand(int, const JointAngles&)[m[K’:
[46.655s] [01m[K/workspace/src/quadruped_control/src/Nodes/QuadrupedControllerNode.cpp:961:1:[m[K [01;35m[Kwarning: [m[Kno return statement in function returning non-void [[01;35m[K]8;;https://gcc.gnu.org/onlinedocs/gcc/Warning-Options.html#index-Wreturn-type-Wreturn-type]8;;[m[K]
[46.657s]   961 | [01;35m[K}[m[K
[46.658s]       | [01;35m[K^[m[K
[56.652s] [100%] [32m[1mLinking CXX executable quadruped[0m
[57.732s] [100%] Built target quadruped
[57.790s] Invoked command in '/workspace/build/quadruped_control' returned '0': CMAKE_PREFIX_PATH=${CMAKE_PREFIX_PATH}:/opt/ros/humble /usr/bin/cmake --build /workspace/build/quadruped_control -- -j12 -l12
[57.860s] Invoking command in '/workspace/build/quadruped_control': CMAKE_PREFIX_PATH=${CMAKE_PREFIX_PATH}:/opt/ros/humble /usr/bin/cmake --install /workspace/build/quadruped_control
[57.922s] -- Install configuration: "Release"
[57.931s] -- Execute custom install script
[57.938s] -- Symlinking: /workspace/install/quadruped_control//libggml-cpu.so.0.22.0
[57.986s] -- Symlinking: /workspace/install/quadruped_control//libggml-base.so.0.22.0
[58.031s] -- Symlinking: /workspace/install/quadruped_control/lib/cmake/ggml/ggml-config.cmake
[58.088s] -- Symlinking: /workspace/install/quadruped_control/lib/cmake/ggml/ggml-config-version.cmake
[58.143s] -- Symlinking: /workspace/install/quadruped_control/lib/cmake/whisper/whisper-config.cmake
[58.202s] -- Symlinking: /workspace/install/quadruped_control/lib/cmake/whisper/whisper-config-version.cmake
[58.269s] -- Symlinking: /workspace/install/quadruped_control/lib/pkgconfig/whisper.pc
[58.321s] -- Symlinking: /workspace/install/quadruped_control/lib/cmake/parakeet/parakeet-config.cmake
[58.372s] -- Symlinking: /workspace/install/quadruped_control/lib/cmake/parakeet/parakeet-config-version.cmake
[58.418s] -- Symlinking: /workspace/install/quadruped_control/lib/pkgconfig/parakeet.pc
[58.460s] -- Symlinking: /workspace/install/quadruped_control/lib/quadruped_control/quadruped
[58.502s] -- Symlinking: /workspace/install/quadruped_control/share/ament_index/resource_index/package_run_dependencies/quadruped_control
[58.553s] -- Symlinking: /workspace/install/quadruped_control/share/ament_index/resource_index/parent_prefix_path/quadruped_control
[58.595s] -- Symlinking: /workspace/install/quadruped_control/share/quadruped_control/environment/ament_prefix_path.sh
[58.647s] -- Symlinking: /workspace/install/quadruped_control/share/quadruped_control/environment/ament_prefix_path.dsv
[58.699s] -- Symlinking: /workspace/install/quadruped_control/share/quadruped_control/environment/path.sh
[58.744s] -- Symlinking: /workspace/install/quadruped_control/share/quadruped_control/environment/path.dsv
[58.784s] -- Symlinking: /workspace/install/quadruped_control/share/quadruped_control/local_setup.bash
[58.824s] -- Symlinking: /workspace/install/quadruped_control/share/quadruped_control/local_setup.sh
[58.876s] -- Symlinking: /workspace/install/quadruped_control/share/quadruped_control/local_setup.zsh
[58.929s] -- Symlinking: /workspace/install/quadruped_control/share/quadruped_control/local_setup.dsv
[58.981s] -- Symlinking: /workspace/install/quadruped_control/share/quadruped_control/package.dsv
[59.029s] -- Symlinking: /workspace/install/quadruped_control/share/ament_index/resource_index/packages/quadruped_control
[59.078s] -- Symlinking: /workspace/install/quadruped_control/share/quadruped_control/cmake/quadruped_controlConfig.cmake
[59.120s] -- Symlinking: /workspace/install/quadruped_control/share/quadruped_control/cmake/quadruped_controlConfig-version.cmake
[59.165s] -- Symlinking: /workspace/install/quadruped_control/share/quadruped_control/package.xml
[59.217s] Invoked command in '/workspace/build/quadruped_control' returned '0': CMAKE_PREFIX_PATH=${CMAKE_PREFIX_PATH}:/opt/ros/humble /usr/bin/cmake --install /workspace/build/quadruped_control
