gmake[2]: Warning: File '/workspace/src/quadruped_control/src/Nodes/QuadrupedControllerNode.cpp' has modification time 24783 s in the future
[01m[K/workspace/src/quadruped_control/src/Nodes/QuadrupedControllerNode.cpp:[m[K In lambda function:
[01m[K/workspace/src/quadruped_control/src/Nodes/QuadrupedControllerNode.cpp:444:28:[m[K [01;31m[Kerror: [m[Kcall of overloaded ‘[01m[Kfinite(double&)[m[K’ is ambiguous
  444 |                 if (![01;31m[Kfinite(x)[m[K || !finite(y) || !finite(z))
      |                      [01;31m[K~~~~~~^~~[m[K
In file included from [01m[K/usr/include/features.h:486[m[K,
                 from [01m[K/usr/include/x86_64-linux-gnu/c++/11/bits/os_defines.h:39[m[K,
                 from [01m[K/usr/include/x86_64-linux-gnu/c++/11/bits/c++config.h:586[m[K,
                 from [01m[K/usr/include/c++/11/utility:68[m[K,
                 from [01m[K/usr/include/c++/11/algorithm:60[m[K,
                 from [01m[K/workspace/src/quadruped_control/src/Nodes/QuadrupedControllerNode.cpp:1[m[K:
[01m[K/usr/include/x86_64-linux-gnu/bits/mathcalls.h:183:1:[m[K [01;36m[Knote: [m[Kcandidate: ‘[01m[Kint finite(double)[m[K’
  183 | [01;36m[K__MATHDECL_ALIAS[m[K (int,finite,, (_Mdouble_ __value), finite)
      | [01;36m[K^~~~~~~~~~~~~~~~[m[K
[01m[K/workspace/src/quadruped_control/src/Nodes/QuadrupedControllerNode.cpp:134:6:[m[K [01;36m[Knote: [m[Kcandidate: ‘[01m[Kbool {anonymous}::finite(double)[m[K’
  134 | bool [01;36m[Kfinite[m[K(double value)
      |      [01;36m[K^~~~~~[m[K
[01m[K/workspace/src/quadruped_control/src/Nodes/QuadrupedControllerNode.cpp:444:42:[m[K [01;31m[Kerror: [m[Kcall of overloaded ‘[01m[Kfinite(double&)[m[K’ is ambiguous
  444 |   if (!finite(x) || ![01;31m[Kfinite(y)[m[K || !finite(z))
      |                      [01;31m[K~~~~~~^~~[m[K

In file included from [01m[K/usr/include/features.h:486[m[K,
                 from [01m[K/usr/include/x86_64-linux-gnu/c++/11/bits/os_defines.h:39[m[K,
                 from [01m[K/usr/include/x86_64-linux-gnu/c++/11/bits/c++config.h:586[m[K,
                 from [01m[K/usr/include/c++/11/utility:68[m[K,
                 from [01m[K/usr/include/c++/11/algorithm:60[m[K,
                 from [01m[K/workspace/src/quadruped_control/src/Nodes/QuadrupedControllerNode.cpp:1[m[K:
[01m[K/usr/include/x86_64-linux-gnu/bits/mathcalls.h:183:1:[m[K [01;36m[Knote: [m[Kcandidate: ‘[01m[Kint finite(double)[m[K’
  183 | [01;36m[K__MATHDECL_ALIAS[m[K (int,finite,, (_Mdouble_ __value), finite)
      | [01;36m[K^~~~~~~~~~~~~~~~[m[K
[01m[K/workspace/src/quadruped_control/src/Nodes/QuadrupedControllerNode.cpp:134:6:[m[K [01;36m[Knote: [m[Kcandidate: ‘[01m[Kbool {anonymous}::finite(double)[m[K’
  134 | bool [01;36m[Kfinite[m[K(double value)
      |      [01;36m[K^~~~~~[m[K
[01m[K/workspace/src/quadruped_control/src/Nodes/QuadrupedControllerNode.cpp:444:56:[m[K [01;31m[Kerror: [m[Kcall of overloaded ‘[01m[Kfinite(double&)[m[K’ is ambiguous
  444 | finite(x) || !finite(y) || ![01;31m[Kfinite(z)[m[K)
      |                             [01;31m[K~~~~~~^~~[m[K

In file included from [01m[K/usr/include/features.h:486[m[K,
                 from [01m[K/usr/include/x86_64-linux-gnu/c++/11/bits/os_defines.h:39[m[K,
                 from [01m[K/usr/include/x86_64-linux-gnu/c++/11/bits/c++config.h:586[m[K,
                 from [01m[K/usr/include/c++/11/utility:68[m[K,
                 from [01m[K/usr/include/c++/11/algorithm:60[m[K,
                 from [01m[K/workspace/src/quadruped_control/src/Nodes/QuadrupedControllerNode.cpp:1[m[K:
[01m[K/usr/include/x86_64-linux-gnu/bits/mathcalls.h:183:1:[m[K [01;36m[Knote: [m[Kcandidate: ‘[01m[Kint finite(double)[m[K’
  183 | [01;36m[K__MATHDECL_ALIAS[m[K (int,finite,, (_Mdouble_ __value), finite)
      | [01;36m[K^~~~~~~~~~~~~~~~[m[K
[01m[K/workspace/src/quadruped_control/src/Nodes/QuadrupedControllerNode.cpp:134:6:[m[K [01;36m[Knote: [m[Kcandidate: ‘[01m[Kbool {anonymous}::finite(double)[m[K’
  134 | bool [01;36m[Kfinite[m[K(double value)
      |      [01;36m[K^~~~~~[m[K
[01m[K/workspace/src/quadruped_control/src/Nodes/QuadrupedControllerNode.cpp:[m[K In lambda function:
[01m[K/workspace/src/quadruped_control/src/Nodes/QuadrupedControllerNode.cpp:685:28:[m[K [01;31m[Kerror: [m[Kcall of overloaded ‘[01m[Kfinite(double&)[m[K’ is ambiguous
  685 |                 if (![01;31m[Kfinite(x)[m[K || !finite(y) || !finite(z))
      |                      [01;31m[K~~~~~~^~~[m[K
In file included from [01m[K/usr/include/features.h:486[m[K,
                 from [01m[K/usr/include/x86_64-linux-gnu/c++/11/bits/os_defines.h:39[m[K,
                 from [01m[K/usr/include/x86_64-linux-gnu/c++/11/bits/c++config.h:586[m[K,
                 from [01m[K/usr/include/c++/11/utility:68[m[K,
                 from [01m[K/usr/include/c++/11/algorithm:60[m[K,
                 from [01m[K/workspace/src/quadruped_control/src/Nodes/QuadrupedControllerNode.cpp:1[m[K:
[01m[K/usr/include/x86_64-linux-gnu/bits/mathcalls.h:183:1:[m[K [01;36m[Knote: [m[Kcandidate: ‘[01m[Kint finite(double)[m[K’
  183 | [01;36m[K__MATHDECL_ALIAS[m[K (int,finite,, (_Mdouble_ __value), finite)
      | [01;36m[K^~~~~~~~~~~~~~~~[m[K
[01m[K/workspace/src/quadruped_control/src/Nodes/QuadrupedControllerNode.cpp:134:6:[m[K [01;36m[Knote: [m[Kcandidate: ‘[01m[Kbool {anonymous}::finite(double)[m[K’
  134 | bool [01;36m[Kfinite[m[K(double value)
      |      [01;36m[K^~~~~~[m[K
[01m[K/workspace/src/quadruped_control/src/Nodes/QuadrupedControllerNode.cpp:685:42:[m[K [01;31m[Kerror: [m[Kcall of overloaded ‘[01m[Kfinite(double&)[m[K’ is ambiguous
  685 |   if (!finite(x) || ![01;31m[Kfinite(y)[m[K || !finite(z))
      |                      [01;31m[K~~~~~~^~~[m[K

In file included from [01m[K/usr/include/features.h:486[m[K,
                 from [01m[K/usr/include/x86_64-linux-gnu/c++/11/bits/os_defines.h:39[m[K,
                 from [01m[K/usr/include/x86_64-linux-gnu/c++/11/bits/c++config.h:586[m[K,
                 from [01m[K/usr/include/c++/11/utility:68[m[K,
                 from [01m[K/usr/include/c++/11/algorithm:60[m[K,
                 from [01m[K/workspace/src/quadruped_control/src/Nodes/QuadrupedControllerNode.cpp:1[m[K:
[01m[K/usr/include/x86_64-linux-gnu/bits/mathcalls.h:183:1:[m[K [01;36m[Knote: [m[Kcandidate: ‘[01m[Kint finite(double)[m[K’
  183 | [01;36m[K__MATHDECL_ALIAS[m[K (int,finite,, (_Mdouble_ __value), finite)
      | [01;36m[K^~~~~~~~~~~~~~~~[m[K
[01m[K/workspace/src/quadruped_control/src/Nodes/QuadrupedControllerNode.cpp:134:6:[m[K [01;36m[Knote: [m[Kcandidate: ‘[01m[Kbool {anonymous}::finite(double)[m[K’
  134 | bool [01;36m[Kfinite[m[K(double value)
      |      [01;36m[K^~~~~~[m[K
[01m[K/workspace/src/quadruped_control/src/Nodes/QuadrupedControllerNode.cpp:685:56:[m[K [01;31m[Kerror: [m[Kcall of overloaded ‘[01m[Kfinite(double&)[m[K’ is ambiguous
  685 | finite(x) || !finite(y) || ![01;31m[Kfinite(z)[m[K)
      |                             [01;31m[K~~~~~~^~~[m[K

In file included from [01m[K/usr/include/features.h:486[m[K,
                 from [01m[K/usr/include/x86_64-linux-gnu/c++/11/bits/os_defines.h:39[m[K,
                 from [01m[K/usr/include/x86_64-linux-gnu/c++/11/bits/c++config.h:586[m[K,
                 from [01m[K/usr/include/c++/11/utility:68[m[K,
                 from [01m[K/usr/include/c++/11/algorithm:60[m[K,
                 from [01m[K/workspace/src/quadruped_control/src/Nodes/QuadrupedControllerNode.cpp:1[m[K:
[01m[K/usr/include/x86_64-linux-gnu/bits/mathcalls.h:183:1:[m[K [01;36m[Knote: [m[Kcandidate: ‘[01m[Kint finite(double)[m[K’
  183 | [01;36m[K__MATHDECL_ALIAS[m[K (int,finite,, (_Mdouble_ __value), finite)
      | [01;36m[K^~~~~~~~~~~~~~~~[m[K
[01m[K/workspace/src/quadruped_control/src/Nodes/QuadrupedControllerNode.cpp:134:6:[m[K [01;36m[Knote: [m[Kcandidate: ‘[01m[Kbool {anonymous}::finite(double)[m[K’
  134 | bool [01;36m[Kfinite[m[K(double value)
      |      [01;36m[K^~~~~~[m[K
[01m[K/workspace/src/quadruped_control/src/Nodes/QuadrupedControllerNode.cpp:[m[K In member function ‘[01m[KJointAngles QuadrupedControllerNode::solveIK(int, double, double, double)[m[K’:
[01m[K/workspace/src/quadruped_control/src/Nodes/QuadrupedControllerNode.cpp:1569:16:[m[K [01;31m[Kerror: [m[Kcall of overloaded ‘[01m[Kfinite(double&)[m[K’ is ambiguous
 1569 |         ![01;31m[Kfinite(x)[m[K ||
      |          [01;31m[K~~~~~~^~~[m[K
In file included from [01m[K/usr/include/features.h:486[m[K,
                 from [01m[K/usr/include/x86_64-linux-gnu/c++/11/bits/os_defines.h:39[m[K,
                 from [01m[K/usr/include/x86_64-linux-gnu/c++/11/bits/c++config.h:586[m[K,
                 from [01m[K/usr/include/c++/11/utility:68[m[K,
                 from [01m[K/usr/include/c++/11/algorithm:60[m[K,
                 from [01m[K/workspace/src/quadruped_control/src/Nodes/QuadrupedControllerNode.cpp:1[m[K:
[01m[K/usr/include/x86_64-linux-gnu/bits/mathcalls.h:183:1:[m[K [01;36m[Knote: [m[Kcandidate: ‘[01m[Kint finite(double)[m[K’
  183 | [01;36m[K__MATHDECL_ALIAS[m[K (int,finite,, (_Mdouble_ __value), finite)
      | [01;36m[K^~~~~~~~~~~~~~~~[m[K
[01m[K/workspace/src/quadruped_control/src/Nodes/QuadrupedControllerNode.cpp:134:6:[m[K [01;36m[Knote: [m[Kcandidate: ‘[01m[Kbool {anonymous}::finite(double)[m[K’
  134 | bool [01;36m[Kfinite[m[K(double value)
      |      [01;36m[K^~~~~~[m[K
[01m[K/workspace/src/quadruped_control/src/Nodes/QuadrupedControllerNode.cpp:1570:16:[m[K [01;31m[Kerror: [m[Kcall of overloaded ‘[01m[Kfinite(double&)[m[K’ is ambiguous
 1570 |         ![01;31m[Kfinite(y)[m[K ||
      |          [01;31m[K~~~~~~^~~[m[K
In file included from [01m[K/usr/include/features.h:486[m[K,
                 from [01m[K/usr/include/x86_64-linux-gnu/c++/11/bits/os_defines.h:39[m[K,
                 from [01m[K/usr/include/x86_64-linux-gnu/c++/11/bits/c++config.h:586[m[K,
                 from [01m[K/usr/include/c++/11/utility:68[m[K,
                 from [01m[K/usr/include/c++/11/algorithm:60[m[K,
                 from [01m[K/workspace/src/quadruped_control/src/Nodes/QuadrupedControllerNode.cpp:1[m[K:
[01m[K/usr/include/x86_64-linux-gnu/bits/mathcalls.h:183:1:[m[K [01;36m[Knote: [m[Kcandidate: ‘[01m[Kint finite(double)[m[K’
  183 | [01;36m[K__MATHDECL_ALIAS[m[K (int,finite,, (_Mdouble_ __value), finite)
      | [01;36m[K^~~~~~~~~~~~~~~~[m[K
[01m[K/workspace/src/quadruped_control/src/Nodes/QuadrupedControllerNode.cpp:134:6:[m[K [01;36m[Knote: [m[Kcandidate: ‘[01m[Kbool {anonymous}::finite(double)[m[K’
  134 | bool [01;36m[Kfinite[m[K(double value)
      |      [01;36m[K^~~~~~[m[K
[01m[K/workspace/src/quadruped_control/src/Nodes/QuadrupedControllerNode.cpp:1571:16:[m[K [01;31m[Kerror: [m[Kcall of overloaded ‘[01m[Kfinite(double&)[m[K’ is ambiguous
 1571 |         ![01;31m[Kfinite(z)[m[K)
      |          [01;31m[K~~~~~~^~~[m[K
In file included from [01m[K/usr/include/features.h:486[m[K,
                 from [01m[K/usr/include/x86_64-linux-gnu/c++/11/bits/os_defines.h:39[m[K,
                 from [01m[K/usr/include/x86_64-linux-gnu/c++/11/bits/c++config.h:586[m[K,
                 from [01m[K/usr/include/c++/11/utility:68[m[K,
                 from [01m[K/usr/include/c++/11/algorithm:60[m[K,
                 from [01m[K/workspace/src/quadruped_control/src/Nodes/QuadrupedControllerNode.cpp:1[m[K:
[01m[K/usr/include/x86_64-linux-gnu/bits/mathcalls.h:183:1:[m[K [01;36m[Knote: [m[Kcandidate: ‘[01m[Kint finite(double)[m[K’
  183 | [01;36m[K__MATHDECL_ALIAS[m[K (int,finite,, (_Mdouble_ __value), finite)
      | [01;36m[K^~~~~~~~~~~~~~~~[m[K
[01m[K/workspace/src/quadruped_control/src/Nodes/QuadrupedControllerNode.cpp:134:6:[m[K [01;36m[Knote: [m[Kcandidate: ‘[01m[Kbool {anonymous}::finite(double)[m[K’
  134 | bool [01;36m[Kfinite[m[K(double value)
      |      [01;36m[K^~~~~~[m[K
[01m[K/workspace/src/quadruped_control/src/Nodes/QuadrupedControllerNode.cpp:1728:28:[m[K [01;31m[Kerror: [m[Kcall of overloaded ‘[01m[Kfinite(const double&)[m[K’ is ambiguous
 1728 |                     ![01;31m[Kfinite(cartesianError)[m[K ||
      |                      [01;31m[K~~~~~~^~~~~~~~~~~~~~~~[m[K
In file included from [01m[K/usr/include/features.h:486[m[K,
                 from [01m[K/usr/include/x86_64-linux-gnu/c++/11/bits/os_defines.h:39[m[K,
                 from [01m[K/usr/include/x86_64-linux-gnu/c++/11/bits/c++config.h:586[m[K,
                 from [01m[K/usr/include/c++/11/utility:68[m[K,
                 from [01m[K/usr/include/c++/11/algorithm:60[m[K,
                 from [01m[K/workspace/src/quadruped_control/src/Nodes/QuadrupedControllerNode.cpp:1[m[K:
[01m[K/usr/include/x86_64-linux-gnu/bits/mathcalls.h:183:1:[m[K [01;36m[Knote: [m[Kcandidate: ‘[01m[Kint finite(double)[m[K’
  183 | [01;36m[K__MATHDECL_ALIAS[m[K (int,finite,, (_Mdouble_ __value), finite)
      | [01;36m[K^~~~~~~~~~~~~~~~[m[K
[01m[K/workspace/src/quadruped_control/src/Nodes/QuadrupedControllerNode.cpp:134:6:[m[K [01;36m[Knote: [m[Kcandidate: ‘[01m[Kbool {anonymous}::finite(double)[m[K’
  134 | bool [01;36m[Kfinite[m[K(double value)
      |      [01;36m[K^~~~~~[m[K
[01m[K/workspace/src/quadruped_control/src/Nodes/QuadrupedControllerNode.cpp:[m[K In lambda function:
[01m[K/workspace/src/quadruped_control/src/Nodes/QuadrupedControllerNode.cpp:1884:24:[m[K [01;31m[Kerror: [m[Kcall of overloaded ‘[01m[Kfinite(const double&)[m[K’ is ambiguous
 1884 |             if (![01;31m[Kfinite(errorSquared)[m[K)
      |                  [01;31m[K~~~~~~^~~~~~~~~~~~~~[m[K
In file included from [01m[K/usr/include/features.h:486[m[K,
                 from [01m[K/usr/include/x86_64-linux-gnu/c++/11/bits/os_defines.h:39[m[K,
                 from [01m[K/usr/include/x86_64-linux-gnu/c++/11/bits/c++config.h:586[m[K,
                 from [01m[K/usr/include/c++/11/utility:68[m[K,
                 from [01m[K/usr/include/c++/11/algorithm:60[m[K,
                 from [01m[K/workspace/src/quadruped_control/src/Nodes/QuadrupedControllerNode.cpp:1[m[K:
[01m[K/usr/include/x86_64-linux-gnu/bits/mathcalls.h:183:1:[m[K [01;36m[Knote: [m[Kcandidate: ‘[01m[Kint finite(double)[m[K’
  183 | [01;36m[K__MATHDECL_ALIAS[m[K (int,finite,, (_Mdouble_ __value), finite)
      | [01;36m[K^~~~~~~~~~~~~~~~[m[K
[01m[K/workspace/src/quadruped_control/src/Nodes/QuadrupedControllerNode.cpp:134:6:[m[K [01;36m[Knote: [m[Kcandidate: ‘[01m[Kbool {anonymous}::finite(double)[m[K’
  134 | bool [01;36m[Kfinite[m[K(double value)
      |      [01;36m[K^~~~~~[m[K
gmake[2]: *** [CMakeFiles/quadruped.dir/build.make:104: CMakeFiles/quadruped.dir/src/Nodes/QuadrupedControllerNode.cpp.o] Error 1
gmake[2]: *** Waiting for unfinished jobs....
gmake[1]: *** [CMakeFiles/Makefile2:227: CMakeFiles/quadruped.dir/all] Error 2
gmake: *** [Makefile:146: all] Error 2
