[0.084s] Invoking command in '/workspace/build/quadruped_control': CMAKE_PREFIX_PATH=/workspace/install/audio_common_msgs:/workspace/install/voice_control:/workspace/install/quadruped_sim:/workspace/install/audio_common:/opt/ros/humble LD_LIBRARY_PATH=/workspace/install/audio_common_msgs/lib:/workspace/install/audio_common/lib:/opt/ros/humble/opt/rviz_ogre_vendor/lib:/opt/ros/humble/lib/x86_64-linux-gnu:/opt/ros/humble/lib /usr/bin/cmake /workspace/src/quadruped_control -DBUILD_TESTING=OFF -DAMENT_CMAKE_SYMLINK_INSTALL=1 -DCMAKE_INSTALL_PREFIX=/workspace/install/quadruped_control
[0.536s] -- The C compiler identification is GNU 11.4.0
[0.881s] -- The CXX compiler identification is GNU 11.4.0
[0.910s] -- Detecting C compiler ABI info
[1.470s] -- Detecting C compiler ABI info - done
[1.487s] -- Check for working C compiler: /usr/bin/cc - skipped
[1.487s] -- Detecting C compile features
[1.488s] -- Detecting C compile features - done
[1.491s] -- Detecting CXX compiler ABI info
[2.034s] -- Detecting CXX compiler ABI info - done
[2.061s] -- Check for working CXX compiler: /usr/bin/c++ - skipped
[2.062s] -- Detecting CXX compile features
[2.062s] -- Detecting CXX compile features - done
[2.083s] -- Found ament_cmake: 1.3.14 (/opt/ros/humble/share/ament_cmake/cmake)
[2.762s] -- Found Python3: /usr/bin/python3 (found version "3.10.12") found components: Interpreter 
[2.915s] -- Override CMake install command with custom implementation using symlinks instead of copying resources
[3.007s] -- Found rclcpp: 16.0.19 (/opt/ros/humble/share/rclcpp/cmake)
[3.092s] -- Found rosidl_generator_c: 3.1.9 (/opt/ros/humble/share/rosidl_generator_c/cmake)
[3.106s] -- Found rosidl_adapter: 3.1.9 (/opt/ros/humble/share/rosidl_adapter/cmake)
[3.121s] -- Found rosidl_generator_cpp: 3.1.9 (/opt/ros/humble/share/rosidl_generator_cpp/cmake)
[3.146s] -- Using all available rosidl_typesupport_c: rosidl_typesupport_fastrtps_c;rosidl_typesupport_introspection_c
[3.185s] -- Using all available rosidl_typesupport_cpp: rosidl_typesupport_fastrtps_cpp;rosidl_typesupport_introspection_cpp
[3.296s] -- Found rmw_implementation_cmake: 6.1.3 (/opt/ros/humble/share/rmw_implementation_cmake/cmake)
[3.305s] -- Found rmw_fastrtps_cpp: 6.2.10 (/opt/ros/humble/share/rmw_fastrtps_cpp/cmake)
[3.790s] -- Found OpenSSL: /usr/lib/x86_64-linux-gnu/libcrypto.so (found version "3.0.2")  
[3.834s] -- Found FastRTPS: /opt/ros/humble/include  
[3.912s] -- Using RMW implementation 'rmw_fastrtps_cpp' as default
[3.942s] -- Looking for pthread.h
[4.470s] -- Looking for pthread.h - found
[4.471s] -- Performing Test CMAKE_HAVE_LIBC_PTHREAD
[5.060s] -- Performing Test CMAKE_HAVE_LIBC_PTHREAD - Success
[5.062s] -- Found Threads: TRUE  
[5.137s] -- Found audio_common_msgs: 4.0.10 (/workspace/install/audio_common_msgs/share/audio_common_msgs/cmake)
[5.204s] -- Found orocos_kdl_vendor: 0.2.5 (/opt/ros/humble/share/orocos_kdl_vendor/cmake)
[5.228s] -- Found eigen3_cmake_module: 0.1.1 (/opt/ros/humble/share/eigen3_cmake_module/cmake)
[5.230s] -- Found Eigen3: TRUE (found version "3.4.0") 
[5.230s] -- Ensuring Eigen3 include directory is part of orocos-kdl CMake target
[5.235s] -- Found sensor_msgs: 4.9.2 (/opt/ros/humble/share/sensor_msgs/cmake)
[5.280s] -- Found cv_bridge: 3.2.1 (/opt/ros/humble/share/cv_bridge/cmake)
[5.301s] -- Found OpenCV: /usr (found version "4.5.4") 
[5.307s] -- whisper.cpp version: 1.9.3-dev
[5.333s] -- Found Git: /usr/bin/git (found version "2.34.1") 
[5.580s] -- The ASM compiler identification is GNU
[5.583s] -- Found assembler: /usr/bin/cc
[5.730s] -- Warning: ccache not found - consider installing it for faster compilation or disable this warning with GGML_CCACHE=OFF
[5.834s] -- CMAKE_SYSTEM_PROCESSOR: x86_64
[5.835s] -- GGML_SYSTEM_ARCH: x86
[7.510s] -- Found OpenMP_C: -fopenmp (found version "4.5") 
[8.100s] -- Found OpenMP_CXX: -fopenmp (found version "4.5") 
[8.101s] -- Found OpenMP: TRUE (found version "4.5")  
[8.104s] -- Including CPU backend
[8.109s] -- x86 detected
[8.110s] -- Adding CPU backend variant ggml-cpu: -march=native 
[8.133s] -- ggml version: 0.22.0
[8.134s] -- ggml commit:  97811330-dirty
[8.335s] -- Configuring done
[8.458s] -- Generating done
[8.502s] -- Build files have been written to: /workspace/build/quadruped_control
[8.515s] Invoked command in '/workspace/build/quadruped_control' returned '0': CMAKE_PREFIX_PATH=/workspace/install/audio_common_msgs:/workspace/install/voice_control:/workspace/install/quadruped_sim:/workspace/install/audio_common:/opt/ros/humble LD_LIBRARY_PATH=/workspace/install/audio_common_msgs/lib:/workspace/install/audio_common/lib:/opt/ros/humble/opt/rviz_ogre_vendor/lib:/opt/ros/humble/lib/x86_64-linux-gnu:/opt/ros/humble/lib /usr/bin/cmake /workspace/src/quadruped_control -DBUILD_TESTING=OFF -DAMENT_CMAKE_SYMLINK_INSTALL=1 -DCMAKE_INSTALL_PREFIX=/workspace/install/quadruped_control
[8.522s] Invoking command in '/workspace/build/quadruped_control': CMAKE_PREFIX_PATH=/workspace/install/audio_common_msgs:/workspace/install/voice_control:/workspace/install/quadruped_sim:/workspace/install/audio_common:/opt/ros/humble LD_LIBRARY_PATH=/workspace/install/audio_common_msgs/lib:/workspace/install/audio_common/lib:/opt/ros/humble/opt/rviz_ogre_vendor/lib:/opt/ros/humble/lib/x86_64-linux-gnu:/opt/ros/humble/lib /usr/bin/cmake --build /workspace/build/quadruped_control -- -j12 -l12
[9.000s] [  2%] [32mBuilding C object whisper/ggml/src/CMakeFiles/ggml-base.dir/ggml.c.o[0m
[9.002s] [  5%] [32mBuilding CXX object whisper/ggml/src/CMakeFiles/ggml-base.dir/ggml.cpp.o[0m
[9.005s] [ 13%] [32mBuilding C object whisper/ggml/src/CMakeFiles/ggml-base.dir/ggml-alloc.c.o[0m
[9.006s] [ 15%] [32mBuilding CXX object whisper/ggml/src/CMakeFiles/ggml-base.dir/ggml-opt.cpp.o[0m
[9.007s] [ 15%] [32mBuilding C object whisper/ggml/src/CMakeFiles/ggml-base.dir/ggml-quants.c.o[0m
[9.008s] [ 15%] [32mBuilding CXX object whisper/ggml/src/CMakeFiles/ggml-base.dir/ggml-backend-meta.cpp.o[0m
[9.013s] [ 21%] [32mBuilding CXX object whisper/ggml/src/CMakeFiles/ggml-base.dir/ggml-threading.cpp.o[0m
[9.016s] [ 21%] [32mBuilding CXX object whisper/ggml/src/CMakeFiles/ggml-base.dir/ggml-backend.cpp.o[0m
[9.025s] [ 23%] [32mBuilding CXX object whisper/ggml/src/CMakeFiles/ggml-base.dir/gguf.cpp.o[0m
[14.682s] [ 26%] [32m[1mLinking CXX shared library ../../../bin/libggml-base.so[0m
[15.077s] [ 26%] Built target ggml-base
[15.300s] [ 34%] [32mBuilding CXX object whisper/ggml/src/CMakeFiles/ggml-cpu.dir/ggml-cpu/traits.cpp.o[0m
[15.302s] [ 34%] [32mBuilding CXX object whisper/ggml/src/CMakeFiles/ggml-cpu.dir/ggml-cpu/amx/mmq.cpp.o[0m
[15.304s] [ 34%] [32mBuilding CXX object whisper/ggml/src/CMakeFiles/ggml-cpu.dir/ggml-cpu/ggml-cpu.cpp.o[0m
[15.307s] [ 44%] [32mBuilding C object whisper/ggml/src/CMakeFiles/ggml-cpu.dir/ggml-cpu/quants.c.o[0m
[15.308s] [ 44%] [32mBuilding CXX object whisper/ggml/src/CMakeFiles/ggml-cpu.dir/ggml-cpu/binary-ops.cpp.o[0m
[15.310s] [ 44%] [32mBuilding CXX object whisper/ggml/src/CMakeFiles/ggml-cpu.dir/ggml-cpu/vec.cpp.o[0m
[15.311s] [ 44%] [32mBuilding CXX object whisper/ggml/src/CMakeFiles/ggml-cpu.dir/ggml-cpu/ops.cpp.o[0m
[15.313s] [ 47%] [32mBuilding CXX object whisper/ggml/src/CMakeFiles/ggml-cpu.dir/ggml-cpu/unary-ops.cpp.o[0m
[15.316s] [ 52%] [32mBuilding CXX object whisper/ggml/src/CMakeFiles/ggml-cpu.dir/ggml-cpu/amx/amx.cpp.o[0m
[15.317s] [ 52%] [32mBuilding C object whisper/ggml/src/CMakeFiles/ggml-cpu.dir/ggml-cpu/ggml-cpu.c.o[0m
[15.329s] [ 55%] [32mBuilding CXX object whisper/ggml/src/CMakeFiles/ggml-cpu.dir/ggml-cpu/repack.cpp.o[0m
[15.333s] [ 57%] [32mBuilding CXX object whisper/ggml/src/CMakeFiles/ggml-cpu.dir/ggml-cpu/hbm.cpp.o[0m
[15.623s] [ 60%] [32mBuilding C object whisper/ggml/src/CMakeFiles/ggml-cpu.dir/ggml-cpu/arch/x86/quants.c.o[0m
[17.295s] [ 63%] [32mBuilding CXX object whisper/ggml/src/CMakeFiles/ggml-cpu.dir/ggml-cpu/arch/x86/repack.cpp.o[0m
[23.393s] [ 65%] [32m[1mLinking CXX shared library ../../../bin/libggml-cpu.so[0m
[23.777s] [ 65%] Built target ggml-cpu
[23.971s] [ 71%] [32mBuilding CXX object whisper/ggml/src/CMakeFiles/ggml.dir/ggml-backend-reg.cpp.o[0m
[23.971s] [ 71%] [32mBuilding CXX object whisper/ggml/src/CMakeFiles/ggml.dir/ggml-backend-dl.cpp.o[0m
[25.778s] [ 73%] [32m[1mLinking CXX shared library ../../../bin/libggml.so[0m
[26.116s] [ 73%] Built target ggml
[26.337s] [ 76%] [32mBuilding CXX object whisper/src/CMakeFiles/whisper.dir/whisper.cpp.o[0m
[36.839s] [ 78%] [32m[1mLinking CXX shared library ../../bin/libwhisper.so[0m
[37.251s] [ 78%] Built target whisper
[37.451s] [ 84%] [32mBuilding CXX object CMakeFiles/quadruped.dir/src/Nodes/CameraDisplayNode.cpp.o[0m
[37.452s] [ 86%] [32mBuilding CXX object CMakeFiles/quadruped.dir/src/Nodes/QuadrupedControllerNode.cpp.o[0m
[37.453s] [ 89%] [32mBuilding CXX object CMakeFiles/quadruped.dir/src/Clients/ActionClient.cpp.o[0m
[37.455s] [ 89%] [32mBuilding CXX object CMakeFiles/quadruped.dir/src/Services/ActionService.cpp.o[0m
[37.457s] [ 92%] [32mBuilding CXX object CMakeFiles/quadruped.dir/src/Nodes/Servo2040BridgeNode.cpp.o[0m
[37.458s] [ 94%] [32mBuilding CXX object CMakeFiles/quadruped.dir/src/Nodes/UserCommunicationNode.cpp.o[0m
[37.470s] [ 97%] [32mBuilding CXX object CMakeFiles/quadruped.dir/src/quadruped.cpp.o[0m
[50.828s] [100%] [32m[1mLinking CXX executable quadruped[0m
[51.945s] [100%] Built target quadruped
[52.007s] Invoked command in '/workspace/build/quadruped_control' returned '0': CMAKE_PREFIX_PATH=/workspace/install/audio_common_msgs:/workspace/install/voice_control:/workspace/install/quadruped_sim:/workspace/install/audio_common:/opt/ros/humble LD_LIBRARY_PATH=/workspace/install/audio_common_msgs/lib:/workspace/install/audio_common/lib:/opt/ros/humble/opt/rviz_ogre_vendor/lib:/opt/ros/humble/lib/x86_64-linux-gnu:/opt/ros/humble/lib /usr/bin/cmake --build /workspace/build/quadruped_control -- -j12 -l12
[52.067s] Invoking command in '/workspace/build/quadruped_control': CMAKE_PREFIX_PATH=/workspace/install/audio_common_msgs:/workspace/install/voice_control:/workspace/install/quadruped_sim:/workspace/install/audio_common:/opt/ros/humble LD_LIBRARY_PATH=/workspace/install/audio_common_msgs/lib:/workspace/install/audio_common/lib:/opt/ros/humble/opt/rviz_ogre_vendor/lib:/opt/ros/humble/lib/x86_64-linux-gnu:/opt/ros/humble/lib /usr/bin/cmake --install /workspace/build/quadruped_control
[52.127s] -- Install configuration: "Release"
[52.129s] -- Execute custom install script
[52.136s] -- Symlinking: /workspace/install/quadruped_control//libggml-cpu.so.0.22.0
[52.180s] -- Symlinking: /workspace/install/quadruped_control//libggml-base.so.0.22.0
[52.222s] -- Symlinking: /workspace/install/quadruped_control/lib/cmake/ggml/ggml-config.cmake
[52.260s] -- Symlinking: /workspace/install/quadruped_control/lib/cmake/ggml/ggml-config-version.cmake
[52.299s] -- Symlinking: /workspace/install/quadruped_control/lib/cmake/whisper/whisper-config.cmake
[52.346s] -- Symlinking: /workspace/install/quadruped_control/lib/cmake/whisper/whisper-config-version.cmake
[52.392s] -- Symlinking: /workspace/install/quadruped_control/lib/pkgconfig/whisper.pc
[52.437s] -- Symlinking: /workspace/install/quadruped_control/lib/cmake/parakeet/parakeet-config.cmake
[52.478s] -- Symlinking: /workspace/install/quadruped_control/lib/cmake/parakeet/parakeet-config-version.cmake
[52.518s] -- Symlinking: /workspace/install/quadruped_control/lib/pkgconfig/parakeet.pc
[52.559s] -- Symlinking: /workspace/install/quadruped_control/lib/quadruped_control/quadruped
[52.598s] -- Symlinking: /workspace/install/quadruped_control/share/ament_index/resource_index/package_run_dependencies/quadruped_control
[52.638s] -- Symlinking: /workspace/install/quadruped_control/share/ament_index/resource_index/parent_prefix_path/quadruped_control
[52.678s] -- Symlinking: /workspace/install/quadruped_control/share/quadruped_control/environment/ament_prefix_path.sh
[52.718s] -- Symlinking: /workspace/install/quadruped_control/share/quadruped_control/environment/ament_prefix_path.dsv
[52.761s] -- Symlinking: /workspace/install/quadruped_control/share/quadruped_control/environment/path.sh
[52.804s] -- Symlinking: /workspace/install/quadruped_control/share/quadruped_control/environment/path.dsv
[52.843s] -- Symlinking: /workspace/install/quadruped_control/share/quadruped_control/local_setup.bash
[52.881s] -- Symlinking: /workspace/install/quadruped_control/share/quadruped_control/local_setup.sh
[52.920s] -- Symlinking: /workspace/install/quadruped_control/share/quadruped_control/local_setup.zsh
[52.959s] -- Symlinking: /workspace/install/quadruped_control/share/quadruped_control/local_setup.dsv
[52.999s] -- Symlinking: /workspace/install/quadruped_control/share/quadruped_control/package.dsv
[53.040s] -- Symlinking: /workspace/install/quadruped_control/share/ament_index/resource_index/packages/quadruped_control
[53.085s] -- Symlinking: /workspace/install/quadruped_control/share/quadruped_control/cmake/quadruped_controlConfig.cmake
[53.150s] -- Symlinking: /workspace/install/quadruped_control/share/quadruped_control/cmake/quadruped_controlConfig-version.cmake
[53.212s] -- Symlinking: /workspace/install/quadruped_control/share/quadruped_control/package.xml
[53.259s] Invoked command in '/workspace/build/quadruped_control' returned '0': CMAKE_PREFIX_PATH=/workspace/install/audio_common_msgs:/workspace/install/voice_control:/workspace/install/quadruped_sim:/workspace/install/audio_common:/opt/ros/humble LD_LIBRARY_PATH=/workspace/install/audio_common_msgs/lib:/workspace/install/audio_common/lib:/opt/ros/humble/opt/rviz_ogre_vendor/lib:/opt/ros/humble/lib/x86_64-linux-gnu:/opt/ros/humble/lib /usr/bin/cmake --install /workspace/build/quadruped_control
