[0.495s] DEBUG:colcon:Command line arguments: ['/usr/bin/colcon', 'build', '--packages-select', 'quadruped_control', '--symlink-install', '--cmake-clean-cache', '--cmake-args', '-DBUILD_TESTING=OFF']
[0.497s] DEBUG:colcon:Parsed command line arguments: Namespace(log_base=None, log_level=None, verb_name='build', build_base='build', install_base='install', merge_install=False, symlink_install=True, test_result_base=None, continue_on_error=False, executor='parallel', parallel_workers=12, event_handlers=None, ignore_user_meta=False, metas=['./colcon.meta'], base_paths=['.'], packages_ignore=None, packages_ignore_regex=None, paths=None, packages_up_to=None, packages_up_to_regex=None, packages_above=None, packages_above_and_dependencies=None, packages_above_depth=None, packages_select_by_dep=None, packages_skip_by_dep=None, packages_skip_up_to=None, packages_select_build_failed=False, packages_skip_build_finished=False, packages_select_test_failures=False, packages_skip_test_passed=False, packages_select=['quadruped_control'], packages_skip=None, packages_select_regex=None, packages_skip_regex=None, packages_start=None, packages_end=None, cmake_args=['-DBUILD_TESTING=OFF'], cmake_target=None, cmake_target_skip_unavailable=False, cmake_clean_cache=True, cmake_clean_first=False, cmake_force_configure=False, meson_args=[], ament_cmake_args=None, catkin_cmake_args=None, catkin_skip_building_tests=False, mixin_files=None, mixin=None, verb_parser=<colcon_mixin.mixin.mixin_argument.MixinArgumentDecorator object at 0x7ffffe238d30>, verb_extension=<colcon_core.verb.build.BuildVerb object at 0x7ffffe2387c0>, main=<bound method BuildVerb.main of <colcon_core.verb.build.BuildVerb object at 0x7ffffe2387c0>>, mixin_verb=('build',))
[0.746s] Level 1:colcon.colcon_core.package_discovery:discover_packages(colcon_meta) check parameters
[0.757s] INFO:colcon.colcon_metadata.package_discovery.colcon_meta:Using configuration from '/root/.colcon/metadata/default/Gazebo.meta'
[0.758s] INFO:colcon.colcon_metadata.package_discovery.colcon_meta:Using configuration from '/root/.colcon/metadata/default/fastdds.meta'
[0.760s] INFO:colcon.colcon_metadata.package_discovery.colcon_meta:Using configuration from '/root/.colcon/metadata/default/fastrtps.meta'
[0.761s] Level 1:colcon.colcon_core.package_discovery:discover_packages(recursive) check parameters
[0.762s] Level 1:colcon.colcon_core.package_discovery:discover_packages(ignore) check parameters
[0.762s] Level 1:colcon.colcon_core.package_discovery:discover_packages(path) check parameters
[0.763s] Level 1:colcon.colcon_core.package_discovery:discover_packages(colcon_meta) discover
[0.763s] Level 1:colcon.colcon_core.package_discovery:discover_packages(recursive) discover
[0.764s] INFO:colcon.colcon_core.package_discovery:Crawling recursively for packages in '/workspace'
[0.766s] Level 1:colcon.colcon_core.package_identification:_identify(.) by extensions ['ignore', 'ignore_ament_install']
[0.766s] Level 1:colcon.colcon_core.package_identification:_identify(.) by extension 'ignore'
[0.767s] Level 1:colcon.colcon_core.package_identification:_identify(.) by extension 'ignore_ament_install'
[0.768s] Level 1:colcon.colcon_core.package_identification:_identify(.) by extensions ['colcon_pkg']
[0.769s] Level 1:colcon.colcon_core.package_identification:_identify(.) by extension 'colcon_pkg'
[0.769s] Level 1:colcon.colcon_core.package_identification:_identify(.) by extensions ['colcon_meta']
[0.769s] Level 1:colcon.colcon_core.package_identification:_identify(.) by extension 'colcon_meta'
[0.770s] Level 1:colcon.colcon_core.package_identification:_identify(.) by extensions ['ros']
[0.770s] Level 1:colcon.colcon_core.package_identification:_identify(.) by extension 'ros'
[0.792s] Level 1:colcon.colcon_core.package_identification:_identify(.) by extensions ['cmake', 'meson', 'python']
[0.792s] Level 1:colcon.colcon_core.package_identification:_identify(.) by extension 'cmake'
[0.792s] Level 1:colcon.colcon_core.package_identification:_identify(.) by extension 'meson'
[0.794s] Level 1:colcon.colcon_core.package_identification:_identify(.) by extension 'python'
[0.794s] Level 1:colcon.colcon_core.package_identification:_identify(.) by extensions ['python_setup_py']
[0.794s] Level 1:colcon.colcon_core.package_identification:_identify(.) by extension 'python_setup_py'
[0.795s] Level 1:colcon.colcon_core.package_identification:_identify(Quadruped_textures) by extensions ['ignore', 'ignore_ament_install']
[0.795s] Level 1:colcon.colcon_core.package_identification:_identify(Quadruped_textures) by extension 'ignore'
[0.795s] Level 1:colcon.colcon_core.package_identification:_identify(Quadruped_textures) by extension 'ignore_ament_install'
[0.796s] Level 1:colcon.colcon_core.package_identification:_identify(Quadruped_textures) by extensions ['colcon_pkg']
[0.796s] Level 1:colcon.colcon_core.package_identification:_identify(Quadruped_textures) by extension 'colcon_pkg'
[0.796s] Level 1:colcon.colcon_core.package_identification:_identify(Quadruped_textures) by extensions ['colcon_meta']
[0.796s] Level 1:colcon.colcon_core.package_identification:_identify(Quadruped_textures) by extension 'colcon_meta'
[0.796s] Level 1:colcon.colcon_core.package_identification:_identify(Quadruped_textures) by extensions ['ros']
[0.796s] Level 1:colcon.colcon_core.package_identification:_identify(Quadruped_textures) by extension 'ros'
[0.796s] Level 1:colcon.colcon_core.package_identification:_identify(Quadruped_textures) by extensions ['cmake', 'meson', 'python']
[0.796s] Level 1:colcon.colcon_core.package_identification:_identify(Quadruped_textures) by extension 'cmake'
[0.797s] Level 1:colcon.colcon_core.package_identification:_identify(Quadruped_textures) by extension 'meson'
[0.798s] Level 1:colcon.colcon_core.package_identification:_identify(Quadruped_textures) by extension 'python'
[0.798s] Level 1:colcon.colcon_core.package_identification:_identify(Quadruped_textures) by extensions ['python_setup_py']
[0.798s] Level 1:colcon.colcon_core.package_identification:_identify(Quadruped_textures) by extension 'python_setup_py'
[0.798s] Level 1:colcon.colcon_core.package_identification:_identify(audio_common) by extensions ['ignore', 'ignore_ament_install']
[0.799s] Level 1:colcon.colcon_core.package_identification:_identify(audio_common) by extension 'ignore'
[0.799s] Level 1:colcon.colcon_core.package_identification:_identify(audio_common) by extension 'ignore_ament_install'
[0.799s] Level 1:colcon.colcon_core.package_identification:_identify(audio_common) by extensions ['colcon_pkg']
[0.799s] Level 1:colcon.colcon_core.package_identification:_identify(audio_common) by extension 'colcon_pkg'
[0.799s] Level 1:colcon.colcon_core.package_identification:_identify(audio_common) by extensions ['colcon_meta']
[0.799s] Level 1:colcon.colcon_core.package_identification:_identify(audio_common) by extension 'colcon_meta'
[0.799s] Level 1:colcon.colcon_core.package_identification:_identify(audio_common) by extensions ['ros']
[0.799s] Level 1:colcon.colcon_core.package_identification:_identify(audio_common) by extension 'ros'
[0.800s] Level 1:colcon.colcon_core.package_identification:_identify(audio_common) by extensions ['cmake', 'meson', 'python']
[0.800s] Level 1:colcon.colcon_core.package_identification:_identify(audio_common) by extension 'cmake'
[0.800s] Level 1:colcon.colcon_core.package_identification:_identify(audio_common) by extension 'meson'
[0.801s] Level 1:colcon.colcon_core.package_identification:_identify(audio_common) by extension 'python'
[0.801s] Level 1:colcon.colcon_core.package_identification:_identify(audio_common) by extensions ['python_setup_py']
[0.801s] Level 1:colcon.colcon_core.package_identification:_identify(audio_common) by extension 'python_setup_py'
[0.802s] Level 1:colcon.colcon_core.package_identification:_identify(audio_common/audio_common) by extensions ['ignore', 'ignore_ament_install']
[0.802s] Level 1:colcon.colcon_core.package_identification:_identify(audio_common/audio_common) by extension 'ignore'
[0.802s] Level 1:colcon.colcon_core.package_identification:_identify(audio_common/audio_common) by extension 'ignore_ament_install'
[0.802s] Level 1:colcon.colcon_core.package_identification:_identify(audio_common/audio_common) by extensions ['colcon_pkg']
[0.802s] Level 1:colcon.colcon_core.package_identification:_identify(audio_common/audio_common) by extension 'colcon_pkg'
[0.802s] Level 1:colcon.colcon_core.package_identification:_identify(audio_common/audio_common) by extensions ['colcon_meta']
[0.802s] Level 1:colcon.colcon_core.package_identification:_identify(audio_common/audio_common) by extension 'colcon_meta'
[0.802s] Level 1:colcon.colcon_core.package_identification:_identify(audio_common/audio_common) by extensions ['ros']
[0.802s] Level 1:colcon.colcon_core.package_identification:_identify(audio_common/audio_common) by extension 'ros'
[0.809s] DEBUG:colcon.colcon_core.package_identification:Package 'audio_common/audio_common' with type 'ros.ament_cmake' and name 'audio_common'
[0.809s] Level 1:colcon.colcon_core.package_identification:_identify(audio_common/audio_common_msgs) by extensions ['ignore', 'ignore_ament_install']
[0.810s] Level 1:colcon.colcon_core.package_identification:_identify(audio_common/audio_common_msgs) by extension 'ignore'
[0.810s] Level 1:colcon.colcon_core.package_identification:_identify(audio_common/audio_common_msgs) by extension 'ignore_ament_install'
[0.810s] Level 1:colcon.colcon_core.package_identification:_identify(audio_common/audio_common_msgs) by extensions ['colcon_pkg']
[0.810s] Level 1:colcon.colcon_core.package_identification:_identify(audio_common/audio_common_msgs) by extension 'colcon_pkg'
[0.810s] Level 1:colcon.colcon_core.package_identification:_identify(audio_common/audio_common_msgs) by extensions ['colcon_meta']
[0.810s] Level 1:colcon.colcon_core.package_identification:_identify(audio_common/audio_common_msgs) by extension 'colcon_meta'
[0.811s] Level 1:colcon.colcon_core.package_identification:_identify(audio_common/audio_common_msgs) by extensions ['ros']
[0.811s] Level 1:colcon.colcon_core.package_identification:_identify(audio_common/audio_common_msgs) by extension 'ros'
[0.812s] DEBUG:colcon.colcon_core.package_identification:Package 'audio_common/audio_common_msgs' with type 'ros.ament_cmake' and name 'audio_common_msgs'
[0.812s] Level 1:colcon.colcon_core.package_identification:_identify(build) by extensions ['ignore', 'ignore_ament_install']
[0.812s] Level 1:colcon.colcon_core.package_identification:_identify(build) by extension 'ignore'
[0.812s] Level 1:colcon.colcon_core.package_identification:_identify(build) ignored
[0.813s] Level 1:colcon.colcon_core.package_identification:_identify(gz_control_ws) by extensions ['ignore', 'ignore_ament_install']
[0.813s] Level 1:colcon.colcon_core.package_identification:_identify(gz_control_ws) by extension 'ignore'
[0.813s] Level 1:colcon.colcon_core.package_identification:_identify(gz_control_ws) by extension 'ignore_ament_install'
[0.813s] Level 1:colcon.colcon_core.package_identification:_identify(gz_control_ws) by extensions ['colcon_pkg']
[0.813s] Level 1:colcon.colcon_core.package_identification:_identify(gz_control_ws) by extension 'colcon_pkg'
[0.813s] Level 1:colcon.colcon_core.package_identification:_identify(gz_control_ws) by extensions ['colcon_meta']
[0.813s] Level 1:colcon.colcon_core.package_identification:_identify(gz_control_ws) by extension 'colcon_meta'
[0.814s] Level 1:colcon.colcon_core.package_identification:_identify(gz_control_ws) by extensions ['ros']
[0.814s] Level 1:colcon.colcon_core.package_identification:_identify(gz_control_ws) by extension 'ros'
[0.814s] Level 1:colcon.colcon_core.package_identification:_identify(gz_control_ws) by extensions ['cmake', 'meson', 'python']
[0.814s] Level 1:colcon.colcon_core.package_identification:_identify(gz_control_ws) by extension 'cmake'
[0.814s] Level 1:colcon.colcon_core.package_identification:_identify(gz_control_ws) by extension 'meson'
[0.815s] Level 1:colcon.colcon_core.package_identification:_identify(gz_control_ws) by extension 'python'
[0.816s] Level 1:colcon.colcon_core.package_identification:_identify(gz_control_ws) by extensions ['python_setup_py']
[0.816s] Level 1:colcon.colcon_core.package_identification:_identify(gz_control_ws) by extension 'python_setup_py'
[0.816s] Level 1:colcon.colcon_core.package_identification:_identify(gz_control_ws/build) by extensions ['ignore', 'ignore_ament_install']
[0.816s] Level 1:colcon.colcon_core.package_identification:_identify(gz_control_ws/build) by extension 'ignore'
[0.816s] Level 1:colcon.colcon_core.package_identification:_identify(gz_control_ws/build) ignored
[0.817s] Level 1:colcon.colcon_core.package_identification:_identify(gz_control_ws/install) by extensions ['ignore', 'ignore_ament_install']
[0.817s] Level 1:colcon.colcon_core.package_identification:_identify(gz_control_ws/install) by extension 'ignore'
[0.817s] Level 1:colcon.colcon_core.package_identification:_identify(gz_control_ws/install) ignored
[0.818s] Level 1:colcon.colcon_core.package_identification:_identify(gz_control_ws/log) by extensions ['ignore', 'ignore_ament_install']
[0.818s] Level 1:colcon.colcon_core.package_identification:_identify(gz_control_ws/log) by extension 'ignore'
[0.818s] Level 1:colcon.colcon_core.package_identification:_identify(gz_control_ws/log) ignored
[0.818s] Level 1:colcon.colcon_core.package_identification:_identify(gz_control_ws/src) by extensions ['ignore', 'ignore_ament_install']
[0.818s] Level 1:colcon.colcon_core.package_identification:_identify(gz_control_ws/src) by extension 'ignore'
[0.818s] Level 1:colcon.colcon_core.package_identification:_identify(gz_control_ws/src) by extension 'ignore_ament_install'
[0.818s] Level 1:colcon.colcon_core.package_identification:_identify(gz_control_ws/src) by extensions ['colcon_pkg']
[0.819s] Level 1:colcon.colcon_core.package_identification:_identify(gz_control_ws/src) by extension 'colcon_pkg'
[0.819s] Level 1:colcon.colcon_core.package_identification:_identify(gz_control_ws/src) by extensions ['colcon_meta']
[0.819s] Level 1:colcon.colcon_core.package_identification:_identify(gz_control_ws/src) by extension 'colcon_meta'
[0.819s] Level 1:colcon.colcon_core.package_identification:_identify(gz_control_ws/src) by extensions ['ros']
[0.819s] Level 1:colcon.colcon_core.package_identification:_identify(gz_control_ws/src) by extension 'ros'
[0.819s] Level 1:colcon.colcon_core.package_identification:_identify(gz_control_ws/src) by extensions ['cmake', 'meson', 'python']
[0.819s] Level 1:colcon.colcon_core.package_identification:_identify(gz_control_ws/src) by extension 'cmake'
[0.819s] Level 1:colcon.colcon_core.package_identification:_identify(gz_control_ws/src) by extension 'meson'
[0.820s] Level 1:colcon.colcon_core.package_identification:_identify(gz_control_ws/src) by extension 'python'
[0.820s] Level 1:colcon.colcon_core.package_identification:_identify(gz_control_ws/src) by extensions ['python_setup_py']
[0.820s] Level 1:colcon.colcon_core.package_identification:_identify(gz_control_ws/src) by extension 'python_setup_py'
[0.821s] Level 1:colcon.colcon_core.package_identification:_identify(gz_control_ws/src/gz_ros2_control) by extensions ['ignore', 'ignore_ament_install']
[0.821s] Level 1:colcon.colcon_core.package_identification:_identify(gz_control_ws/src/gz_ros2_control) by extension 'ignore'
[0.821s] Level 1:colcon.colcon_core.package_identification:_identify(gz_control_ws/src/gz_ros2_control) by extension 'ignore_ament_install'
[0.821s] Level 1:colcon.colcon_core.package_identification:_identify(gz_control_ws/src/gz_ros2_control) by extensions ['colcon_pkg']
[0.821s] Level 1:colcon.colcon_core.package_identification:_identify(gz_control_ws/src/gz_ros2_control) by extension 'colcon_pkg'
[0.821s] Level 1:colcon.colcon_core.package_identification:_identify(gz_control_ws/src/gz_ros2_control) by extensions ['colcon_meta']
[0.821s] Level 1:colcon.colcon_core.package_identification:_identify(gz_control_ws/src/gz_ros2_control) by extension 'colcon_meta'
[0.821s] Level 1:colcon.colcon_core.package_identification:_identify(gz_control_ws/src/gz_ros2_control) by extensions ['ros']
[0.822s] Level 1:colcon.colcon_core.package_identification:_identify(gz_control_ws/src/gz_ros2_control) by extension 'ros'
[0.822s] Level 1:colcon.colcon_core.package_identification:_identify(gz_control_ws/src/gz_ros2_control) by extensions ['cmake', 'meson', 'python']
[0.822s] Level 1:colcon.colcon_core.package_identification:_identify(gz_control_ws/src/gz_ros2_control) by extension 'cmake'
[0.822s] Level 1:colcon.colcon_core.package_identification:_identify(gz_control_ws/src/gz_ros2_control) by extension 'meson'
[0.824s] Level 1:colcon.colcon_core.package_identification:_identify(gz_control_ws/src/gz_ros2_control) by extension 'python'
[0.824s] Level 1:colcon.colcon_core.package_identification:_identify(gz_control_ws/src/gz_ros2_control) by extensions ['python_setup_py']
[0.824s] Level 1:colcon.colcon_core.package_identification:_identify(gz_control_ws/src/gz_ros2_control) by extension 'python_setup_py'
[0.825s] Level 1:colcon.colcon_core.package_identification:_identify(gz_control_ws/src/gz_ros2_control/Dockerfile) by extensions ['ignore', 'ignore_ament_install']
[0.825s] Level 1:colcon.colcon_core.package_identification:_identify(gz_control_ws/src/gz_ros2_control/Dockerfile) by extension 'ignore'
[0.825s] Level 1:colcon.colcon_core.package_identification:_identify(gz_control_ws/src/gz_ros2_control/Dockerfile) by extension 'ignore_ament_install'
[0.825s] Level 1:colcon.colcon_core.package_identification:_identify(gz_control_ws/src/gz_ros2_control/Dockerfile) by extensions ['colcon_pkg']
[0.825s] Level 1:colcon.colcon_core.package_identification:_identify(gz_control_ws/src/gz_ros2_control/Dockerfile) by extension 'colcon_pkg'
[0.825s] Level 1:colcon.colcon_core.package_identification:_identify(gz_control_ws/src/gz_ros2_control/Dockerfile) by extensions ['colcon_meta']
[0.825s] Level 1:colcon.colcon_core.package_identification:_identify(gz_control_ws/src/gz_ros2_control/Dockerfile) by extension 'colcon_meta'
[0.826s] Level 1:colcon.colcon_core.package_identification:_identify(gz_control_ws/src/gz_ros2_control/Dockerfile) by extensions ['ros']
[0.826s] Level 1:colcon.colcon_core.package_identification:_identify(gz_control_ws/src/gz_ros2_control/Dockerfile) by extension 'ros'
[0.826s] Level 1:colcon.colcon_core.package_identification:_identify(gz_control_ws/src/gz_ros2_control/Dockerfile) by extensions ['cmake', 'meson', 'python']
[0.826s] Level 1:colcon.colcon_core.package_identification:_identify(gz_control_ws/src/gz_ros2_control/Dockerfile) by extension 'cmake'
[0.826s] Level 1:colcon.colcon_core.package_identification:_identify(gz_control_ws/src/gz_ros2_control/Dockerfile) by extension 'meson'
[0.827s] Level 1:colcon.colcon_core.package_identification:_identify(gz_control_ws/src/gz_ros2_control/Dockerfile) by extension 'python'
[0.827s] Level 1:colcon.colcon_core.package_identification:_identify(gz_control_ws/src/gz_ros2_control/Dockerfile) by extensions ['python_setup_py']
[0.827s] Level 1:colcon.colcon_core.package_identification:_identify(gz_control_ws/src/gz_ros2_control/Dockerfile) by extension 'python_setup_py'
[0.828s] Level 1:colcon.colcon_core.package_identification:_identify(gz_control_ws/src/gz_ros2_control/doc) by extensions ['ignore', 'ignore_ament_install']
[0.828s] Level 1:colcon.colcon_core.package_identification:_identify(gz_control_ws/src/gz_ros2_control/doc) by extension 'ignore'
[0.828s] Level 1:colcon.colcon_core.package_identification:_identify(gz_control_ws/src/gz_ros2_control/doc) by extension 'ignore_ament_install'
[0.828s] Level 1:colcon.colcon_core.package_identification:_identify(gz_control_ws/src/gz_ros2_control/doc) by extensions ['colcon_pkg']
[0.828s] Level 1:colcon.colcon_core.package_identification:_identify(gz_control_ws/src/gz_ros2_control/doc) by extension 'colcon_pkg'
[0.828s] Level 1:colcon.colcon_core.package_identification:_identify(gz_control_ws/src/gz_ros2_control/doc) by extensions ['colcon_meta']
[0.828s] Level 1:colcon.colcon_core.package_identification:_identify(gz_control_ws/src/gz_ros2_control/doc) by extension 'colcon_meta'
[0.828s] Level 1:colcon.colcon_core.package_identification:_identify(gz_control_ws/src/gz_ros2_control/doc) by extensions ['ros']
[0.828s] Level 1:colcon.colcon_core.package_identification:_identify(gz_control_ws/src/gz_ros2_control/doc) by extension 'ros'
[0.829s] Level 1:colcon.colcon_core.package_identification:_identify(gz_control_ws/src/gz_ros2_control/doc) by extensions ['cmake', 'meson', 'python']
[0.829s] Level 1:colcon.colcon_core.package_identification:_identify(gz_control_ws/src/gz_ros2_control/doc) by extension 'cmake'
[0.829s] Level 1:colcon.colcon_core.package_identification:_identify(gz_control_ws/src/gz_ros2_control/doc) by extension 'meson'
[0.830s] Level 1:colcon.colcon_core.package_identification:_identify(gz_control_ws/src/gz_ros2_control/doc) by extension 'python'
[0.830s] Level 1:colcon.colcon_core.package_identification:_identify(gz_control_ws/src/gz_ros2_control/doc) by extensions ['python_setup_py']
[0.830s] Level 1:colcon.colcon_core.package_identification:_identify(gz_control_ws/src/gz_ros2_control/doc) by extension 'python_setup_py'
[0.830s] Level 1:colcon.colcon_core.package_identification:_identify(gz_control_ws/src/gz_ros2_control/doc/img) by extensions ['ignore', 'ignore_ament_install']
[0.830s] Level 1:colcon.colcon_core.package_identification:_identify(gz_control_ws/src/gz_ros2_control/doc/img) by extension 'ignore'
[0.830s] Level 1:colcon.colcon_core.package_identification:_identify(gz_control_ws/src/gz_ros2_control/doc/img) by extension 'ignore_ament_install'
[0.831s] Level 1:colcon.colcon_core.package_identification:_identify(gz_control_ws/src/gz_ros2_control/doc/img) by extensions ['colcon_pkg']
[0.831s] Level 1:colcon.colcon_core.package_identification:_identify(gz_control_ws/src/gz_ros2_control/doc/img) by extension 'colcon_pkg'
[0.831s] Level 1:colcon.colcon_core.package_identification:_identify(gz_control_ws/src/gz_ros2_control/doc/img) by extensions ['colcon_meta']
[0.831s] Level 1:colcon.colcon_core.package_identification:_identify(gz_control_ws/src/gz_ros2_control/doc/img) by extension 'colcon_meta'
[0.831s] Level 1:colcon.colcon_core.package_identification:_identify(gz_control_ws/src/gz_ros2_control/doc/img) by extensions ['ros']
[0.831s] Level 1:colcon.colcon_core.package_identification:_identify(gz_control_ws/src/gz_ros2_control/doc/img) by extension 'ros'
[0.831s] Level 1:colcon.colcon_core.package_identification:_identify(gz_control_ws/src/gz_ros2_control/doc/img) by extensions ['cmake', 'meson', 'python']
[0.831s] Level 1:colcon.colcon_core.package_identification:_identify(gz_control_ws/src/gz_ros2_control/doc/img) by extension 'cmake'
[0.831s] Level 1:colcon.colcon_core.package_identification:_identify(gz_control_ws/src/gz_ros2_control/doc/img) by extension 'meson'
[0.832s] Level 1:colcon.colcon_core.package_identification:_identify(gz_control_ws/src/gz_ros2_control/doc/img) by extension 'python'
[0.832s] Level 1:colcon.colcon_core.package_identification:_identify(gz_control_ws/src/gz_ros2_control/doc/img) by extensions ['python_setup_py']
[0.832s] Level 1:colcon.colcon_core.package_identification:_identify(gz_control_ws/src/gz_ros2_control/doc/img) by extension 'python_setup_py'
[0.833s] Level 1:colcon.colcon_core.package_identification:_identify(gz_control_ws/src/gz_ros2_control/gz_ros2_control) by extensions ['ignore', 'ignore_ament_install']
[0.833s] Level 1:colcon.colcon_core.package_identification:_identify(gz_control_ws/src/gz_ros2_control/gz_ros2_control) by extension 'ignore'
[0.833s] Level 1:colcon.colcon_core.package_identification:_identify(gz_control_ws/src/gz_ros2_control/gz_ros2_control) by extension 'ignore_ament_install'
[0.833s] Level 1:colcon.colcon_core.package_identification:_identify(gz_control_ws/src/gz_ros2_control/gz_ros2_control) by extensions ['colcon_pkg']
[0.833s] Level 1:colcon.colcon_core.package_identification:_identify(gz_control_ws/src/gz_ros2_control/gz_ros2_control) by extension 'colcon_pkg'
[0.833s] Level 1:colcon.colcon_core.package_identification:_identify(gz_control_ws/src/gz_ros2_control/gz_ros2_control) by extensions ['colcon_meta']
[0.834s] Level 1:colcon.colcon_core.package_identification:_identify(gz_control_ws/src/gz_ros2_control/gz_ros2_control) by extension 'colcon_meta'
[0.834s] Level 1:colcon.colcon_core.package_identification:_identify(gz_control_ws/src/gz_ros2_control/gz_ros2_control) by extensions ['ros']
[0.834s] Level 1:colcon.colcon_core.package_identification:_identify(gz_control_ws/src/gz_ros2_control/gz_ros2_control) by extension 'ros'
[0.840s] DEBUG:colcon.colcon_core.package_identification:Package 'gz_control_ws/src/gz_ros2_control/gz_ros2_control' with type 'ros.ament_cmake' and name 'gz_ros2_control'
[0.841s] Level 1:colcon.colcon_core.package_identification:_identify(gz_control_ws/src/gz_ros2_control/gz_ros2_control_demos) by extensions ['ignore', 'ignore_ament_install']
[0.841s] Level 1:colcon.colcon_core.package_identification:_identify(gz_control_ws/src/gz_ros2_control/gz_ros2_control_demos) by extension 'ignore'
[0.841s] Level 1:colcon.colcon_core.package_identification:_identify(gz_control_ws/src/gz_ros2_control/gz_ros2_control_demos) by extension 'ignore_ament_install'
[0.842s] Level 1:colcon.colcon_core.package_identification:_identify(gz_control_ws/src/gz_ros2_control/gz_ros2_control_demos) by extensions ['colcon_pkg']
[0.847s] Level 1:colcon.colcon_core.package_identification:_identify(gz_control_ws/src/gz_ros2_control/gz_ros2_control_demos) by extension 'colcon_pkg'
[0.848s] Level 1:colcon.colcon_core.package_identification:_identify(gz_control_ws/src/gz_ros2_control/gz_ros2_control_demos) by extensions ['colcon_meta']
[0.848s] Level 1:colcon.colcon_core.package_identification:_identify(gz_control_ws/src/gz_ros2_control/gz_ros2_control_demos) by extension 'colcon_meta'
[0.848s] Level 1:colcon.colcon_core.package_identification:_identify(gz_control_ws/src/gz_ros2_control/gz_ros2_control_demos) by extensions ['ros']
[0.849s] Level 1:colcon.colcon_core.package_identification:_identify(gz_control_ws/src/gz_ros2_control/gz_ros2_control_demos) by extension 'ros'
[0.853s] DEBUG:colcon.colcon_core.package_identification:Package 'gz_control_ws/src/gz_ros2_control/gz_ros2_control_demos' with type 'ros.ament_cmake' and name 'gz_ros2_control_demos'
[0.856s] Level 1:colcon.colcon_core.package_identification:_identify(gz_control_ws/src/gz_ros2_control/gz_ros2_control_tests) by extensions ['ignore', 'ignore_ament_install']
[0.856s] Level 1:colcon.colcon_core.package_identification:_identify(gz_control_ws/src/gz_ros2_control/gz_ros2_control_tests) by extension 'ignore'
[0.857s] Level 1:colcon.colcon_core.package_identification:_identify(gz_control_ws/src/gz_ros2_control/gz_ros2_control_tests) by extension 'ignore_ament_install'
[0.857s] Level 1:colcon.colcon_core.package_identification:_identify(gz_control_ws/src/gz_ros2_control/gz_ros2_control_tests) by extensions ['colcon_pkg']
[0.857s] Level 1:colcon.colcon_core.package_identification:_identify(gz_control_ws/src/gz_ros2_control/gz_ros2_control_tests) by extension 'colcon_pkg'
[0.857s] Level 1:colcon.colcon_core.package_identification:_identify(gz_control_ws/src/gz_ros2_control/gz_ros2_control_tests) by extensions ['colcon_meta']
[0.857s] Level 1:colcon.colcon_core.package_identification:_identify(gz_control_ws/src/gz_ros2_control/gz_ros2_control_tests) by extension 'colcon_meta'
[0.857s] Level 1:colcon.colcon_core.package_identification:_identify(gz_control_ws/src/gz_ros2_control/gz_ros2_control_tests) by extensions ['ros']
[0.857s] Level 1:colcon.colcon_core.package_identification:_identify(gz_control_ws/src/gz_ros2_control/gz_ros2_control_tests) by extension 'ros'
[0.858s] DEBUG:colcon.colcon_core.package_identification:Package 'gz_control_ws/src/gz_ros2_control/gz_ros2_control_tests' with type 'ros.ament_cmake' and name 'gz_ros2_control_tests'
[0.858s] Level 1:colcon.colcon_core.package_identification:_identify(gz_control_ws/src/gz_ros2_control/ign_ros2_control) by extensions ['ignore', 'ignore_ament_install']
[0.859s] Level 1:colcon.colcon_core.package_identification:_identify(gz_control_ws/src/gz_ros2_control/ign_ros2_control) by extension 'ignore'
[0.859s] Level 1:colcon.colcon_core.package_identification:_identify(gz_control_ws/src/gz_ros2_control/ign_ros2_control) by extension 'ignore_ament_install'
[0.860s] Level 1:colcon.colcon_core.package_identification:_identify(gz_control_ws/src/gz_ros2_control/ign_ros2_control) by extensions ['colcon_pkg']
[0.860s] Level 1:colcon.colcon_core.package_identification:_identify(gz_control_ws/src/gz_ros2_control/ign_ros2_control) by extension 'colcon_pkg'
[0.860s] Level 1:colcon.colcon_core.package_identification:_identify(gz_control_ws/src/gz_ros2_control/ign_ros2_control) by extensions ['colcon_meta']
[0.860s] Level 1:colcon.colcon_core.package_identification:_identify(gz_control_ws/src/gz_ros2_control/ign_ros2_control) by extension 'colcon_meta'
[0.861s] Level 1:colcon.colcon_core.package_identification:_identify(gz_control_ws/src/gz_ros2_control/ign_ros2_control) by extensions ['ros']
[0.861s] Level 1:colcon.colcon_core.package_identification:_identify(gz_control_ws/src/gz_ros2_control/ign_ros2_control) by extension 'ros'
[0.863s] DEBUG:colcon.colcon_core.package_identification:Package 'gz_control_ws/src/gz_ros2_control/ign_ros2_control' with type 'ros.ament_cmake' and name 'ign_ros2_control'
[0.866s] Level 1:colcon.colcon_core.package_identification:_identify(gz_control_ws/src/gz_ros2_control/ign_ros2_control_demos) by extensions ['ignore', 'ignore_ament_install']
[0.866s] Level 1:colcon.colcon_core.package_identification:_identify(gz_control_ws/src/gz_ros2_control/ign_ros2_control_demos) by extension 'ignore'
[0.866s] Level 1:colcon.colcon_core.package_identification:_identify(gz_control_ws/src/gz_ros2_control/ign_ros2_control_demos) by extension 'ignore_ament_install'
[0.866s] Level 1:colcon.colcon_core.package_identification:_identify(gz_control_ws/src/gz_ros2_control/ign_ros2_control_demos) by extensions ['colcon_pkg']
[0.867s] Level 1:colcon.colcon_core.package_identification:_identify(gz_control_ws/src/gz_ros2_control/ign_ros2_control_demos) by extension 'colcon_pkg'
[0.867s] Level 1:colcon.colcon_core.package_identification:_identify(gz_control_ws/src/gz_ros2_control/ign_ros2_control_demos) by extensions ['colcon_meta']
[0.867s] Level 1:colcon.colcon_core.package_identification:_identify(gz_control_ws/src/gz_ros2_control/ign_ros2_control_demos) by extension 'colcon_meta'
[0.868s] Level 1:colcon.colcon_core.package_identification:_identify(gz_control_ws/src/gz_ros2_control/ign_ros2_control_demos) by extensions ['ros']
[0.868s] Level 1:colcon.colcon_core.package_identification:_identify(gz_control_ws/src/gz_ros2_control/ign_ros2_control_demos) by extension 'ros'
[0.869s] DEBUG:colcon.colcon_core.package_identification:Package 'gz_control_ws/src/gz_ros2_control/ign_ros2_control_demos' with type 'ros.ament_cmake' and name 'ign_ros2_control_demos'
[0.870s] Level 1:colcon.colcon_core.package_identification:_identify(install) by extensions ['ignore', 'ignore_ament_install']
[0.870s] Level 1:colcon.colcon_core.package_identification:_identify(install) by extension 'ignore'
[0.870s] Level 1:colcon.colcon_core.package_identification:_identify(install) ignored
[0.870s] Level 1:colcon.colcon_core.package_identification:_identify(log) by extensions ['ignore', 'ignore_ament_install']
[0.871s] Level 1:colcon.colcon_core.package_identification:_identify(log) by extension 'ignore'
[0.871s] Level 1:colcon.colcon_core.package_identification:_identify(log) ignored
[0.872s] Level 1:colcon.colcon_core.package_identification:_identify(src) by extensions ['ignore', 'ignore_ament_install']
[0.872s] Level 1:colcon.colcon_core.package_identification:_identify(src) by extension 'ignore'
[0.872s] Level 1:colcon.colcon_core.package_identification:_identify(src) by extension 'ignore_ament_install'
[0.873s] Level 1:colcon.colcon_core.package_identification:_identify(src) by extensions ['colcon_pkg']
[0.873s] Level 1:colcon.colcon_core.package_identification:_identify(src) by extension 'colcon_pkg'
[0.873s] Level 1:colcon.colcon_core.package_identification:_identify(src) by extensions ['colcon_meta']
[0.873s] Level 1:colcon.colcon_core.package_identification:_identify(src) by extension 'colcon_meta'
[0.873s] Level 1:colcon.colcon_core.package_identification:_identify(src) by extensions ['ros']
[0.873s] Level 1:colcon.colcon_core.package_identification:_identify(src) by extension 'ros'
[0.874s] Level 1:colcon.colcon_core.package_identification:_identify(src) by extensions ['cmake', 'meson', 'python']
[0.874s] Level 1:colcon.colcon_core.package_identification:_identify(src) by extension 'cmake'
[0.874s] Level 1:colcon.colcon_core.package_identification:_identify(src) by extension 'meson'
[0.876s] Level 1:colcon.colcon_core.package_identification:_identify(src) by extension 'python'
[0.876s] Level 1:colcon.colcon_core.package_identification:_identify(src) by extensions ['python_setup_py']
[0.876s] Level 1:colcon.colcon_core.package_identification:_identify(src) by extension 'python_setup_py'
[0.877s] Level 1:colcon.colcon_core.package_identification:_identify(src/quadruped_control) by extensions ['ignore', 'ignore_ament_install']
[0.877s] Level 1:colcon.colcon_core.package_identification:_identify(src/quadruped_control) by extension 'ignore'
[0.878s] Level 1:colcon.colcon_core.package_identification:_identify(src/quadruped_control) by extension 'ignore_ament_install'
[0.878s] Level 1:colcon.colcon_core.package_identification:_identify(src/quadruped_control) by extensions ['colcon_pkg']
[0.878s] Level 1:colcon.colcon_core.package_identification:_identify(src/quadruped_control) by extension 'colcon_pkg'
[0.878s] Level 1:colcon.colcon_core.package_identification:_identify(src/quadruped_control) by extensions ['colcon_meta']
[0.879s] Level 1:colcon.colcon_core.package_identification:_identify(src/quadruped_control) by extension 'colcon_meta'
[0.879s] Level 1:colcon.colcon_core.package_identification:_identify(src/quadruped_control) by extensions ['ros']
[0.879s] Level 1:colcon.colcon_core.package_identification:_identify(src/quadruped_control) by extension 'ros'
[0.881s] DEBUG:colcon.colcon_core.package_identification:Package 'src/quadruped_control' with type 'ros.ament_cmake' and name 'quadruped_control'
[0.882s] Level 1:colcon.colcon_core.package_identification:_identify(src/quadruped_sim) by extensions ['ignore', 'ignore_ament_install']
[0.883s] Level 1:colcon.colcon_core.package_identification:_identify(src/quadruped_sim) by extension 'ignore'
[0.884s] Level 1:colcon.colcon_core.package_identification:_identify(src/quadruped_sim) by extension 'ignore_ament_install'
[0.884s] Level 1:colcon.colcon_core.package_identification:_identify(src/quadruped_sim) by extensions ['colcon_pkg']
[0.885s] Level 1:colcon.colcon_core.package_identification:_identify(src/quadruped_sim) by extension 'colcon_pkg'
[0.885s] Level 1:colcon.colcon_core.package_identification:_identify(src/quadruped_sim) by extensions ['colcon_meta']
[0.885s] Level 1:colcon.colcon_core.package_identification:_identify(src/quadruped_sim) by extension 'colcon_meta'
[0.885s] Level 1:colcon.colcon_core.package_identification:_identify(src/quadruped_sim) by extensions ['ros']
[0.885s] Level 1:colcon.colcon_core.package_identification:_identify(src/quadruped_sim) by extension 'ros'
[0.888s] DEBUG:colcon.colcon_core.package_identification:Package 'src/quadruped_sim' with type 'ros.ament_cmake' and name 'quadruped_sim'
[0.890s] Level 1:colcon.colcon_core.package_identification:_identify(voice_control) by extensions ['ignore', 'ignore_ament_install']
[0.892s] Level 1:colcon.colcon_core.package_identification:_identify(voice_control) by extension 'ignore'
[0.893s] Level 1:colcon.colcon_core.package_identification:_identify(voice_control) by extension 'ignore_ament_install'
[0.894s] Level 1:colcon.colcon_core.package_identification:_identify(voice_control) by extensions ['colcon_pkg']
[0.894s] Level 1:colcon.colcon_core.package_identification:_identify(voice_control) by extension 'colcon_pkg'
[0.894s] Level 1:colcon.colcon_core.package_identification:_identify(voice_control) by extensions ['colcon_meta']
[0.894s] Level 1:colcon.colcon_core.package_identification:_identify(voice_control) by extension 'colcon_meta'
[0.895s] Level 1:colcon.colcon_core.package_identification:_identify(voice_control) by extensions ['ros']
[0.895s] Level 1:colcon.colcon_core.package_identification:_identify(voice_control) by extension 'ros'
[0.897s] DEBUG:colcon.colcon_core.package_identification:Package 'voice_control' with type 'ros.ament_cmake' and name 'voice_control'
[0.897s] Level 1:colcon.colcon_core.package_identification:_identify(webots_quadruped) by extensions ['ignore', 'ignore_ament_install']
[0.898s] Level 1:colcon.colcon_core.package_identification:_identify(webots_quadruped) by extension 'ignore'
[0.898s] Level 1:colcon.colcon_core.package_identification:_identify(webots_quadruped) by extension 'ignore_ament_install'
[0.899s] Level 1:colcon.colcon_core.package_identification:_identify(webots_quadruped) by extensions ['colcon_pkg']
[0.899s] Level 1:colcon.colcon_core.package_identification:_identify(webots_quadruped) by extension 'colcon_pkg'
[0.899s] Level 1:colcon.colcon_core.package_identification:_identify(webots_quadruped) by extensions ['colcon_meta']
[0.899s] Level 1:colcon.colcon_core.package_identification:_identify(webots_quadruped) by extension 'colcon_meta'
[0.900s] Level 1:colcon.colcon_core.package_identification:_identify(webots_quadruped) by extensions ['ros']
[0.900s] Level 1:colcon.colcon_core.package_identification:_identify(webots_quadruped) by extension 'ros'
[0.900s] Level 1:colcon.colcon_core.package_identification:_identify(webots_quadruped) by extensions ['cmake', 'meson', 'python']
[0.900s] Level 1:colcon.colcon_core.package_identification:_identify(webots_quadruped) by extension 'cmake'
[0.900s] Level 1:colcon.colcon_core.package_identification:_identify(webots_quadruped) by extension 'meson'
[0.902s] Level 1:colcon.colcon_core.package_identification:_identify(webots_quadruped) by extension 'python'
[0.903s] Level 1:colcon.colcon_core.package_identification:_identify(webots_quadruped) by extensions ['python_setup_py']
[0.903s] Level 1:colcon.colcon_core.package_identification:_identify(webots_quadruped) by extension 'python_setup_py'
[0.903s] Level 1:colcon.colcon_core.package_identification:_identify(webots_quadruped/protos) by extensions ['ignore', 'ignore_ament_install']
[0.904s] Level 1:colcon.colcon_core.package_identification:_identify(webots_quadruped/protos) by extension 'ignore'
[0.904s] Level 1:colcon.colcon_core.package_identification:_identify(webots_quadruped/protos) by extension 'ignore_ament_install'
[0.905s] Level 1:colcon.colcon_core.package_identification:_identify(webots_quadruped/protos) by extensions ['colcon_pkg']
[0.905s] Level 1:colcon.colcon_core.package_identification:_identify(webots_quadruped/protos) by extension 'colcon_pkg'
[0.905s] Level 1:colcon.colcon_core.package_identification:_identify(webots_quadruped/protos) by extensions ['colcon_meta']
[0.905s] Level 1:colcon.colcon_core.package_identification:_identify(webots_quadruped/protos) by extension 'colcon_meta'
[0.905s] Level 1:colcon.colcon_core.package_identification:_identify(webots_quadruped/protos) by extensions ['ros']
[0.905s] Level 1:colcon.colcon_core.package_identification:_identify(webots_quadruped/protos) by extension 'ros'
[0.906s] Level 1:colcon.colcon_core.package_identification:_identify(webots_quadruped/protos) by extensions ['cmake', 'meson', 'python']
[0.906s] Level 1:colcon.colcon_core.package_identification:_identify(webots_quadruped/protos) by extension 'cmake'
[0.906s] Level 1:colcon.colcon_core.package_identification:_identify(webots_quadruped/protos) by extension 'meson'
[0.909s] Level 1:colcon.colcon_core.package_identification:_identify(webots_quadruped/protos) by extension 'python'
[0.912s] Level 1:colcon.colcon_core.package_identification:_identify(webots_quadruped/protos) by extensions ['python_setup_py']
[0.913s] Level 1:colcon.colcon_core.package_identification:_identify(webots_quadruped/protos) by extension 'python_setup_py'
[0.913s] Level 1:colcon.colcon_core.package_identification:_identify(webots_quadruped/protos/Quadruped_textures) by extensions ['ignore', 'ignore_ament_install']
[0.913s] Level 1:colcon.colcon_core.package_identification:_identify(webots_quadruped/protos/Quadruped_textures) by extension 'ignore'
[0.914s] Level 1:colcon.colcon_core.package_identification:_identify(webots_quadruped/protos/Quadruped_textures) by extension 'ignore_ament_install'
[0.914s] Level 1:colcon.colcon_core.package_identification:_identify(webots_quadruped/protos/Quadruped_textures) by extensions ['colcon_pkg']
[0.914s] Level 1:colcon.colcon_core.package_identification:_identify(webots_quadruped/protos/Quadruped_textures) by extension 'colcon_pkg'
[0.914s] Level 1:colcon.colcon_core.package_identification:_identify(webots_quadruped/protos/Quadruped_textures) by extensions ['colcon_meta']
[0.915s] Level 1:colcon.colcon_core.package_identification:_identify(webots_quadruped/protos/Quadruped_textures) by extension 'colcon_meta'
[0.915s] Level 1:colcon.colcon_core.package_identification:_identify(webots_quadruped/protos/Quadruped_textures) by extensions ['ros']
[0.915s] Level 1:colcon.colcon_core.package_identification:_identify(webots_quadruped/protos/Quadruped_textures) by extension 'ros'
[0.915s] Level 1:colcon.colcon_core.package_identification:_identify(webots_quadruped/protos/Quadruped_textures) by extensions ['cmake', 'meson', 'python']
[0.916s] Level 1:colcon.colcon_core.package_identification:_identify(webots_quadruped/protos/Quadruped_textures) by extension 'cmake'
[0.916s] Level 1:colcon.colcon_core.package_identification:_identify(webots_quadruped/protos/Quadruped_textures) by extension 'meson'
[0.917s] Level 1:colcon.colcon_core.package_identification:_identify(webots_quadruped/protos/Quadruped_textures) by extension 'python'
[0.918s] Level 1:colcon.colcon_core.package_identification:_identify(webots_quadruped/protos/Quadruped_textures) by extensions ['python_setup_py']
[0.918s] Level 1:colcon.colcon_core.package_identification:_identify(webots_quadruped/protos/Quadruped_textures) by extension 'python_setup_py'
[0.919s] Level 1:colcon.colcon_core.package_identification:_identify(webots_quadruped/worlds) by extensions ['ignore', 'ignore_ament_install']
[0.919s] Level 1:colcon.colcon_core.package_identification:_identify(webots_quadruped/worlds) by extension 'ignore'
[0.920s] Level 1:colcon.colcon_core.package_identification:_identify(webots_quadruped/worlds) by extension 'ignore_ament_install'
[0.920s] Level 1:colcon.colcon_core.package_identification:_identify(webots_quadruped/worlds) by extensions ['colcon_pkg']
[0.921s] Level 1:colcon.colcon_core.package_identification:_identify(webots_quadruped/worlds) by extension 'colcon_pkg'
[0.921s] Level 1:colcon.colcon_core.package_identification:_identify(webots_quadruped/worlds) by extensions ['colcon_meta']
[0.921s] Level 1:colcon.colcon_core.package_identification:_identify(webots_quadruped/worlds) by extension 'colcon_meta'
[0.922s] Level 1:colcon.colcon_core.package_identification:_identify(webots_quadruped/worlds) by extensions ['ros']
[0.922s] Level 1:colcon.colcon_core.package_identification:_identify(webots_quadruped/worlds) by extension 'ros'
[0.923s] Level 1:colcon.colcon_core.package_identification:_identify(webots_quadruped/worlds) by extensions ['cmake', 'meson', 'python']
[0.923s] Level 1:colcon.colcon_core.package_identification:_identify(webots_quadruped/worlds) by extension 'cmake'
[0.924s] Level 1:colcon.colcon_core.package_identification:_identify(webots_quadruped/worlds) by extension 'meson'
[0.926s] Level 1:colcon.colcon_core.package_identification:_identify(webots_quadruped/worlds) by extension 'python'
[0.926s] Level 1:colcon.colcon_core.package_identification:_identify(webots_quadruped/worlds) by extensions ['python_setup_py']
[0.926s] Level 1:colcon.colcon_core.package_identification:_identify(webots_quadruped/worlds) by extension 'python_setup_py'
[0.927s] Level 1:colcon.colcon_core.package_discovery:discover_packages(recursive) using defaults
[0.927s] Level 1:colcon.colcon_core.package_discovery:discover_packages(ignore) discover
[0.928s] Level 1:colcon.colcon_core.package_discovery:discover_packages(ignore) using defaults
[0.929s] Level 1:colcon.colcon_core.package_discovery:discover_packages(path) discover
[0.930s] Level 1:colcon.colcon_core.package_discovery:discover_packages(path) using defaults
[0.977s] INFO:colcon.colcon_core.package_selection:Skipping not selected package 'audio_common_msgs' in 'audio_common/audio_common_msgs'
[0.978s] INFO:colcon.colcon_core.package_selection:Skipping not selected package 'gz_ros2_control' in 'gz_control_ws/src/gz_ros2_control/gz_ros2_control'
[0.978s] INFO:colcon.colcon_core.package_selection:Skipping not selected package 'audio_common' in 'audio_common/audio_common'
[0.978s] INFO:colcon.colcon_core.package_selection:Skipping not selected package 'gz_ros2_control_demos' in 'gz_control_ws/src/gz_ros2_control/gz_ros2_control_demos'
[0.978s] INFO:colcon.colcon_core.package_selection:Skipping not selected package 'ign_ros2_control' in 'gz_control_ws/src/gz_ros2_control/ign_ros2_control'
[0.978s] INFO:colcon.colcon_core.package_selection:Skipping not selected package 'quadruped_sim' in 'src/quadruped_sim'
[0.978s] INFO:colcon.colcon_core.package_selection:Skipping not selected package 'voice_control' in 'voice_control'
[0.979s] INFO:colcon.colcon_core.package_selection:Skipping not selected package 'ign_ros2_control_demos' in 'gz_control_ws/src/gz_ros2_control/ign_ros2_control_demos'
[0.979s] INFO:colcon.colcon_core.package_selection:Skipping not selected package 'gz_ros2_control_tests' in 'gz_control_ws/src/gz_ros2_control/gz_ros2_control_tests'
[0.980s] Level 5:colcon.colcon_core.verb:set package 'quadruped_control' build argument 'cmake_args' from command line to '['-DBUILD_TESTING=OFF']'
[0.980s] Level 5:colcon.colcon_core.verb:set package 'quadruped_control' build argument 'cmake_target' from command line to 'None'
[0.980s] Level 5:colcon.colcon_core.verb:set package 'quadruped_control' build argument 'cmake_target_skip_unavailable' from command line to 'False'
[0.980s] Level 5:colcon.colcon_core.verb:set package 'quadruped_control' build argument 'cmake_clean_cache' from command line to 'True'
[0.980s] Level 5:colcon.colcon_core.verb:set package 'quadruped_control' build argument 'cmake_clean_first' from command line to 'False'
[0.980s] Level 5:colcon.colcon_core.verb:set package 'quadruped_control' build argument 'cmake_force_configure' from command line to 'False'
[0.981s] Level 5:colcon.colcon_core.verb:set package 'quadruped_control' build argument 'meson_args' from command line to '[]'
[0.981s] Level 5:colcon.colcon_core.verb:set package 'quadruped_control' build argument 'ament_cmake_args' from command line to 'None'
[0.981s] Level 5:colcon.colcon_core.verb:set package 'quadruped_control' build argument 'catkin_cmake_args' from command line to 'None'
[0.981s] Level 5:colcon.colcon_core.verb:set package 'quadruped_control' build argument 'catkin_skip_building_tests' from command line to 'False'
[0.981s] DEBUG:colcon.colcon_core.verb:Building package 'quadruped_control' with the following arguments: {'ament_cmake_args': None, 'build_base': '/workspace/build/quadruped_control', 'catkin_cmake_args': None, 'catkin_skip_building_tests': False, 'cmake_args': ['-DBUILD_TESTING=OFF'], 'cmake_clean_cache': True, 'cmake_clean_first': False, 'cmake_force_configure': False, 'cmake_target': None, 'cmake_target_skip_unavailable': False, 'install_base': '/workspace/install/quadruped_control', 'merge_install': False, 'meson_args': [], 'path': '/workspace/src/quadruped_control', 'symlink_install': True, 'test_result_base': None}
[0.981s] INFO:colcon.colcon_core.executor:Executing jobs using 'parallel' executor
[0.986s] DEBUG:colcon.colcon_parallel_executor.executor.parallel:run_until_complete
[0.989s] INFO:colcon.colcon_ros.task.ament_cmake.build:Building ROS package in '/workspace/src/quadruped_control' with build type 'ament_cmake'
[0.989s] INFO:colcon.colcon_cmake.task.cmake.build:Building CMake package in '/workspace/src/quadruped_control'
[0.995s] INFO:colcon.colcon_core.plugin_system:Skipping extension 'colcon_core.shell.bat': Not used on non-Windows systems
[0.995s] INFO:colcon.colcon_core.shell:Skip shell extension 'powershell' for command environment: Not usable outside of PowerShell
[0.995s] DEBUG:colcon.colcon_core.shell:Skip shell extension 'dsv' for command environment
[1.140s] DEBUG:colcon.colcon_core.event_handler.log_command:Invoking command in '/workspace/build/quadruped_control': CMAKE_PREFIX_PATH=/workspace/install/audio_common_msgs:/workspace/install/quadruped_control:/workspace/install/voice_control:/workspace/install/quadruped_sim:/workspace/install/audio_common:/opt/ros/humble LD_LIBRARY_PATH=/workspace/install/audio_common_msgs/lib:/workspace/install/audio_common/lib:/opt/ros/humble/opt/rviz_ogre_vendor/lib:/opt/ros/humble/lib/x86_64-linux-gnu:/opt/ros/humble/lib /usr/bin/cmake /workspace/src/quadruped_control -DBUILD_TESTING=OFF -DAMENT_CMAKE_SYMLINK_INSTALL=1 -DCMAKE_INSTALL_PREFIX=/workspace/install/quadruped_control
[12.431s] DEBUG:colcon.colcon_core.event_handler.log_command:Invoked command in '/workspace/build/quadruped_control' returned '0': CMAKE_PREFIX_PATH=/workspace/install/audio_common_msgs:/workspace/install/quadruped_control:/workspace/install/voice_control:/workspace/install/quadruped_sim:/workspace/install/audio_common:/opt/ros/humble LD_LIBRARY_PATH=/workspace/install/audio_common_msgs/lib:/workspace/install/audio_common/lib:/opt/ros/humble/opt/rviz_ogre_vendor/lib:/opt/ros/humble/lib/x86_64-linux-gnu:/opt/ros/humble/lib /usr/bin/cmake /workspace/src/quadruped_control -DBUILD_TESTING=OFF -DAMENT_CMAKE_SYMLINK_INSTALL=1 -DCMAKE_INSTALL_PREFIX=/workspace/install/quadruped_control
[12.437s] DEBUG:colcon.colcon_core.event_handler.log_command:Invoking command in '/workspace/build/quadruped_control': CMAKE_PREFIX_PATH=/workspace/install/audio_common_msgs:/workspace/install/quadruped_control:/workspace/install/voice_control:/workspace/install/quadruped_sim:/workspace/install/audio_common:/opt/ros/humble LD_LIBRARY_PATH=/workspace/install/audio_common_msgs/lib:/workspace/install/audio_common/lib:/opt/ros/humble/opt/rviz_ogre_vendor/lib:/opt/ros/humble/lib/x86_64-linux-gnu:/opt/ros/humble/lib /usr/bin/cmake --build /workspace/build/quadruped_control -- -j12 -l12
[25.952s] DEBUG:colcon.colcon_core.event_handler.log_command:Invoked command in '/workspace/build/quadruped_control' returned '2': CMAKE_PREFIX_PATH=/workspace/install/audio_common_msgs:/workspace/install/quadruped_control:/workspace/install/voice_control:/workspace/install/quadruped_sim:/workspace/install/audio_common:/opt/ros/humble LD_LIBRARY_PATH=/workspace/install/audio_common_msgs/lib:/workspace/install/audio_common/lib:/opt/ros/humble/opt/rviz_ogre_vendor/lib:/opt/ros/humble/lib/x86_64-linux-gnu:/opt/ros/humble/lib /usr/bin/cmake --build /workspace/build/quadruped_control -- -j12 -l12
[25.956s] Level 1:colcon.colcon_core.environment:create_environment_scripts_only(quadruped_control)
[25.964s] Level 1:colcon.colcon_core.environment:checking '/workspace/install/quadruped_control' for CMake module files
[25.968s] Level 1:colcon.colcon_core.environment:checking '/workspace/install/quadruped_control' for CMake config files
[25.970s] Level 1:colcon.colcon_core.shell:create_environment_hook('quadruped_control', 'cmake_prefix_path')
[25.970s] INFO:colcon.colcon_core.shell:Creating environment hook '/workspace/install/quadruped_control/share/quadruped_control/hook/cmake_prefix_path.ps1'
[25.972s] INFO:colcon.colcon_core.shell:Creating environment descriptor '/workspace/install/quadruped_control/share/quadruped_control/hook/cmake_prefix_path.dsv'
[25.973s] INFO:colcon.colcon_core.shell:Creating environment hook '/workspace/install/quadruped_control/share/quadruped_control/hook/cmake_prefix_path.sh'
[25.983s] Level 1:colcon.colcon_core.environment:checking '/workspace/install/quadruped_control/libggml-cpu.so.0.22.0'
[25.983s] Level 1:colcon.colcon_core.environment:checking '/workspace/install/quadruped_control/libggml-base.so.0.22.0'
[25.983s] Level 1:colcon.colcon_core.environment:checking '/workspace/install/quadruped_control/lib'
[25.983s] Level 1:colcon.colcon_core.environment:checking '/workspace/install/quadruped_control/bin'
[25.983s] Level 1:colcon.colcon_core.environment:checking '/workspace/install/quadruped_control/lib/pkgconfig/quadruped_control.pc'
[25.984s] Level 1:colcon.colcon_core.environment:checking '/workspace/install/quadruped_control/lib/python3.10/site-packages'
[25.985s] Level 1:colcon.colcon_core.environment:checking '/workspace/install/quadruped_control/bin'
[25.985s] INFO:colcon.colcon_core.shell:Creating package script '/workspace/install/quadruped_control/share/quadruped_control/package.ps1'
[25.988s] INFO:colcon.colcon_core.shell:Creating package descriptor '/workspace/install/quadruped_control/share/quadruped_control/package.dsv'
[25.989s] INFO:colcon.colcon_core.shell:Creating package script '/workspace/install/quadruped_control/share/quadruped_control/package.sh'
[25.990s] INFO:colcon.colcon_core.shell:Creating package script '/workspace/install/quadruped_control/share/quadruped_control/package.bash'
[25.992s] INFO:colcon.colcon_core.shell:Creating package script '/workspace/install/quadruped_control/share/quadruped_control/package.zsh'
[25.994s] Level 1:colcon.colcon_core.environment:create_file_with_runtime_dependencies(/workspace/install/quadruped_control/share/colcon-core/packages/quadruped_control)
[25.995s] DEBUG:colcon.colcon_parallel_executor.executor.parallel:closing loop
[25.995s] DEBUG:colcon.colcon_parallel_executor.executor.parallel:loop closed
[25.996s] DEBUG:colcon.colcon_parallel_executor.executor.parallel:run_until_complete finished with '2'
[25.996s] DEBUG:colcon.colcon_core.event_reactor:joining thread
[26.012s] INFO:colcon.colcon_core.plugin_system:Skipping extension 'colcon_notification.desktop_notification.notify_send': Could not find 'notify-send'
[26.012s] INFO:colcon.colcon_core.plugin_system:Skipping extension 'colcon_notification.desktop_notification.terminal_notifier': Not used on non-Darwin systems
[26.013s] INFO:colcon.colcon_core.plugin_system:Skipping extension 'colcon_notification.desktop_notification.win32': Not used on non-Windows systems
[26.013s] INFO:colcon.colcon_notification.desktop_notification:Sending desktop notification using 'notify2'
[26.026s] DEBUG:colcon.colcon_notification.desktop_notification.notify2:Failed to initialize notify2: org.freedesktop.DBus.Error.Spawn.ExecFailed: /usr/bin/dbus-launch terminated abnormally without any error message
[26.026s] DEBUG:colcon.colcon_core.event_reactor:joined thread
[26.028s] INFO:colcon.colcon_core.shell:Creating prefix script '/workspace/install/local_setup.ps1'
[26.032s] INFO:colcon.colcon_core.shell:Creating prefix util module '/workspace/install/_local_setup_util_ps1.py'
[26.040s] INFO:colcon.colcon_core.shell:Creating prefix chain script '/workspace/install/setup.ps1'
[26.048s] INFO:colcon.colcon_core.shell:Creating prefix script '/workspace/install/local_setup.sh'
[26.049s] INFO:colcon.colcon_core.shell:Creating prefix util module '/workspace/install/_local_setup_util_sh.py'
[26.051s] INFO:colcon.colcon_core.shell:Creating prefix chain script '/workspace/install/setup.sh'
[26.054s] INFO:colcon.colcon_core.shell:Creating prefix script '/workspace/install/local_setup.bash'
[26.055s] INFO:colcon.colcon_core.shell:Creating prefix chain script '/workspace/install/setup.bash'
[26.059s] INFO:colcon.colcon_core.shell:Creating prefix script '/workspace/install/local_setup.zsh'
[26.060s] INFO:colcon.colcon_core.shell:Creating prefix chain script '/workspace/install/setup.zsh'
