[0.339s] DEBUG:colcon:Command line arguments: ['/usr/bin/colcon', 'build', '--symlink-install']
[0.341s] DEBUG:colcon:Parsed command line arguments: Namespace(log_base=None, log_level=None, verb_name='build', build_base='build', install_base='install', merge_install=False, symlink_install=True, test_result_base=None, continue_on_error=False, executor='parallel', parallel_workers=12, event_handlers=None, ignore_user_meta=False, metas=['./colcon.meta'], base_paths=['.'], packages_ignore=None, packages_ignore_regex=None, paths=None, packages_up_to=None, packages_up_to_regex=None, packages_above=None, packages_above_and_dependencies=None, packages_above_depth=None, packages_select_by_dep=None, packages_skip_by_dep=None, packages_skip_up_to=None, packages_select_build_failed=False, packages_skip_build_finished=False, packages_select_test_failures=False, packages_skip_test_passed=False, packages_select=None, packages_skip=None, packages_select_regex=None, packages_skip_regex=None, packages_start=None, packages_end=None, cmake_args=None, cmake_target=None, cmake_target_skip_unavailable=False, cmake_clean_cache=False, cmake_clean_first=False, cmake_force_configure=False, meson_args=[], ament_cmake_args=None, catkin_cmake_args=None, catkin_skip_building_tests=False, mixin_files=None, mixin=None, verb_parser=<colcon_mixin.mixin.mixin_argument.MixinArgumentDecorator object at 0x7ffffe230400>, verb_extension=<colcon_core.verb.build.BuildVerb object at 0x7ffffe207e50>, main=<bound method BuildVerb.main of <colcon_core.verb.build.BuildVerb object at 0x7ffffe207e50>>, mixin_verb=('build',))
[0.471s] Level 1:colcon.colcon_core.package_discovery:discover_packages(colcon_meta) check parameters
[0.472s] INFO:colcon.colcon_metadata.package_discovery.colcon_meta:Using configuration from '/root/.colcon/metadata/default/Gazebo.meta'
[0.472s] INFO:colcon.colcon_metadata.package_discovery.colcon_meta:Using configuration from '/root/.colcon/metadata/default/fastdds.meta'
[0.473s] INFO:colcon.colcon_metadata.package_discovery.colcon_meta:Using configuration from '/root/.colcon/metadata/default/fastrtps.meta'
[0.473s] Level 1:colcon.colcon_core.package_discovery:discover_packages(recursive) check parameters
[0.473s] Level 1:colcon.colcon_core.package_discovery:discover_packages(ignore) check parameters
[0.473s] Level 1:colcon.colcon_core.package_discovery:discover_packages(path) check parameters
[0.473s] Level 1:colcon.colcon_core.package_discovery:discover_packages(colcon_meta) discover
[0.473s] Level 1:colcon.colcon_core.package_discovery:discover_packages(recursive) discover
[0.473s] INFO:colcon.colcon_core.package_discovery:Crawling recursively for packages in '/workspace/gz_control_ws'
[0.474s] Level 1:colcon.colcon_core.package_identification:_identify(.) by extensions ['ignore', 'ignore_ament_install']
[0.474s] Level 1:colcon.colcon_core.package_identification:_identify(.) by extension 'ignore'
[0.474s] Level 1:colcon.colcon_core.package_identification:_identify(.) by extension 'ignore_ament_install'
[0.475s] Level 1:colcon.colcon_core.package_identification:_identify(.) by extensions ['colcon_pkg']
[0.475s] Level 1:colcon.colcon_core.package_identification:_identify(.) by extension 'colcon_pkg'
[0.475s] Level 1:colcon.colcon_core.package_identification:_identify(.) by extensions ['colcon_meta']
[0.475s] Level 1:colcon.colcon_core.package_identification:_identify(.) by extension 'colcon_meta'
[0.475s] Level 1:colcon.colcon_core.package_identification:_identify(.) by extensions ['ros']
[0.475s] Level 1:colcon.colcon_core.package_identification:_identify(.) by extension 'ros'
[0.485s] Level 1:colcon.colcon_core.package_identification:_identify(.) by extensions ['cmake', 'meson', 'python']
[0.486s] Level 1:colcon.colcon_core.package_identification:_identify(.) by extension 'cmake'
[0.486s] Level 1:colcon.colcon_core.package_identification:_identify(.) by extension 'meson'
[0.488s] Level 1:colcon.colcon_core.package_identification:_identify(.) by extension 'python'
[0.488s] Level 1:colcon.colcon_core.package_identification:_identify(.) by extensions ['python_setup_py']
[0.488s] Level 1:colcon.colcon_core.package_identification:_identify(.) by extension 'python_setup_py'
[0.489s] Level 1:colcon.colcon_core.package_identification:_identify(build) by extensions ['ignore', 'ignore_ament_install']
[0.489s] Level 1:colcon.colcon_core.package_identification:_identify(build) by extension 'ignore'
[0.489s] Level 1:colcon.colcon_core.package_identification:_identify(build) ignored
[0.490s] Level 1:colcon.colcon_core.package_identification:_identify(install) by extensions ['ignore', 'ignore_ament_install']
[0.490s] Level 1:colcon.colcon_core.package_identification:_identify(install) by extension 'ignore'
[0.490s] Level 1:colcon.colcon_core.package_identification:_identify(install) ignored
[0.491s] Level 1:colcon.colcon_core.package_identification:_identify(log) by extensions ['ignore', 'ignore_ament_install']
[0.491s] Level 1:colcon.colcon_core.package_identification:_identify(log) by extension 'ignore'
[0.491s] Level 1:colcon.colcon_core.package_identification:_identify(log) ignored
[0.491s] Level 1:colcon.colcon_core.package_identification:_identify(src) by extensions ['ignore', 'ignore_ament_install']
[0.491s] Level 1:colcon.colcon_core.package_identification:_identify(src) by extension 'ignore'
[0.491s] Level 1:colcon.colcon_core.package_identification:_identify(src) by extension 'ignore_ament_install'
[0.492s] Level 1:colcon.colcon_core.package_identification:_identify(src) by extensions ['colcon_pkg']
[0.492s] Level 1:colcon.colcon_core.package_identification:_identify(src) by extension 'colcon_pkg'
[0.492s] Level 1:colcon.colcon_core.package_identification:_identify(src) by extensions ['colcon_meta']
[0.492s] Level 1:colcon.colcon_core.package_identification:_identify(src) by extension 'colcon_meta'
[0.492s] Level 1:colcon.colcon_core.package_identification:_identify(src) by extensions ['ros']
[0.492s] Level 1:colcon.colcon_core.package_identification:_identify(src) by extension 'ros'
[0.492s] Level 1:colcon.colcon_core.package_identification:_identify(src) by extensions ['cmake', 'meson', 'python']
[0.493s] Level 1:colcon.colcon_core.package_identification:_identify(src) by extension 'cmake'
[0.493s] Level 1:colcon.colcon_core.package_identification:_identify(src) by extension 'meson'
[0.494s] Level 1:colcon.colcon_core.package_identification:_identify(src) by extension 'python'
[0.494s] Level 1:colcon.colcon_core.package_identification:_identify(src) by extensions ['python_setup_py']
[0.494s] Level 1:colcon.colcon_core.package_identification:_identify(src) by extension 'python_setup_py'
[0.494s] Level 1:colcon.colcon_core.package_identification:_identify(src/gz_ros2_control) by extensions ['ignore', 'ignore_ament_install']
[0.494s] Level 1:colcon.colcon_core.package_identification:_identify(src/gz_ros2_control) by extension 'ignore'
[0.495s] Level 1:colcon.colcon_core.package_identification:_identify(src/gz_ros2_control) by extension 'ignore_ament_install'
[0.495s] Level 1:colcon.colcon_core.package_identification:_identify(src/gz_ros2_control) by extensions ['colcon_pkg']
[0.495s] Level 1:colcon.colcon_core.package_identification:_identify(src/gz_ros2_control) by extension 'colcon_pkg'
[0.495s] Level 1:colcon.colcon_core.package_identification:_identify(src/gz_ros2_control) by extensions ['colcon_meta']
[0.495s] Level 1:colcon.colcon_core.package_identification:_identify(src/gz_ros2_control) by extension 'colcon_meta'
[0.495s] Level 1:colcon.colcon_core.package_identification:_identify(src/gz_ros2_control) by extensions ['ros']
[0.495s] Level 1:colcon.colcon_core.package_identification:_identify(src/gz_ros2_control) by extension 'ros'
[0.495s] Level 1:colcon.colcon_core.package_identification:_identify(src/gz_ros2_control) by extensions ['cmake', 'meson', 'python']
[0.496s] Level 1:colcon.colcon_core.package_identification:_identify(src/gz_ros2_control) by extension 'cmake'
[0.496s] Level 1:colcon.colcon_core.package_identification:_identify(src/gz_ros2_control) by extension 'meson'
[0.497s] Level 1:colcon.colcon_core.package_identification:_identify(src/gz_ros2_control) by extension 'python'
[0.497s] Level 1:colcon.colcon_core.package_identification:_identify(src/gz_ros2_control) by extensions ['python_setup_py']
[0.497s] Level 1:colcon.colcon_core.package_identification:_identify(src/gz_ros2_control) by extension 'python_setup_py'
[0.498s] Level 1:colcon.colcon_core.package_identification:_identify(src/gz_ros2_control/Dockerfile) by extensions ['ignore', 'ignore_ament_install']
[0.498s] Level 1:colcon.colcon_core.package_identification:_identify(src/gz_ros2_control/Dockerfile) by extension 'ignore'
[0.498s] Level 1:colcon.colcon_core.package_identification:_identify(src/gz_ros2_control/Dockerfile) by extension 'ignore_ament_install'
[0.498s] Level 1:colcon.colcon_core.package_identification:_identify(src/gz_ros2_control/Dockerfile) by extensions ['colcon_pkg']
[0.498s] Level 1:colcon.colcon_core.package_identification:_identify(src/gz_ros2_control/Dockerfile) by extension 'colcon_pkg'
[0.498s] Level 1:colcon.colcon_core.package_identification:_identify(src/gz_ros2_control/Dockerfile) by extensions ['colcon_meta']
[0.498s] Level 1:colcon.colcon_core.package_identification:_identify(src/gz_ros2_control/Dockerfile) by extension 'colcon_meta'
[0.498s] Level 1:colcon.colcon_core.package_identification:_identify(src/gz_ros2_control/Dockerfile) by extensions ['ros']
[0.499s] Level 1:colcon.colcon_core.package_identification:_identify(src/gz_ros2_control/Dockerfile) by extension 'ros'
[0.499s] Level 1:colcon.colcon_core.package_identification:_identify(src/gz_ros2_control/Dockerfile) by extensions ['cmake', 'meson', 'python']
[0.499s] Level 1:colcon.colcon_core.package_identification:_identify(src/gz_ros2_control/Dockerfile) by extension 'cmake'
[0.499s] Level 1:colcon.colcon_core.package_identification:_identify(src/gz_ros2_control/Dockerfile) by extension 'meson'
[0.500s] Level 1:colcon.colcon_core.package_identification:_identify(src/gz_ros2_control/Dockerfile) by extension 'python'
[0.500s] Level 1:colcon.colcon_core.package_identification:_identify(src/gz_ros2_control/Dockerfile) by extensions ['python_setup_py']
[0.500s] Level 1:colcon.colcon_core.package_identification:_identify(src/gz_ros2_control/Dockerfile) by extension 'python_setup_py'
[0.501s] Level 1:colcon.colcon_core.package_identification:_identify(src/gz_ros2_control/doc) by extensions ['ignore', 'ignore_ament_install']
[0.501s] Level 1:colcon.colcon_core.package_identification:_identify(src/gz_ros2_control/doc) by extension 'ignore'
[0.501s] Level 1:colcon.colcon_core.package_identification:_identify(src/gz_ros2_control/doc) by extension 'ignore_ament_install'
[0.501s] Level 1:colcon.colcon_core.package_identification:_identify(src/gz_ros2_control/doc) by extensions ['colcon_pkg']
[0.501s] Level 1:colcon.colcon_core.package_identification:_identify(src/gz_ros2_control/doc) by extension 'colcon_pkg'
[0.501s] Level 1:colcon.colcon_core.package_identification:_identify(src/gz_ros2_control/doc) by extensions ['colcon_meta']
[0.501s] Level 1:colcon.colcon_core.package_identification:_identify(src/gz_ros2_control/doc) by extension 'colcon_meta'
[0.502s] Level 1:colcon.colcon_core.package_identification:_identify(src/gz_ros2_control/doc) by extensions ['ros']
[0.502s] Level 1:colcon.colcon_core.package_identification:_identify(src/gz_ros2_control/doc) by extension 'ros'
[0.502s] Level 1:colcon.colcon_core.package_identification:_identify(src/gz_ros2_control/doc) by extensions ['cmake', 'meson', 'python']
[0.502s] Level 1:colcon.colcon_core.package_identification:_identify(src/gz_ros2_control/doc) by extension 'cmake'
[0.502s] Level 1:colcon.colcon_core.package_identification:_identify(src/gz_ros2_control/doc) by extension 'meson'
[0.503s] Level 1:colcon.colcon_core.package_identification:_identify(src/gz_ros2_control/doc) by extension 'python'
[0.503s] Level 1:colcon.colcon_core.package_identification:_identify(src/gz_ros2_control/doc) by extensions ['python_setup_py']
[0.503s] Level 1:colcon.colcon_core.package_identification:_identify(src/gz_ros2_control/doc) by extension 'python_setup_py'
[0.504s] Level 1:colcon.colcon_core.package_identification:_identify(src/gz_ros2_control/doc/img) by extensions ['ignore', 'ignore_ament_install']
[0.504s] Level 1:colcon.colcon_core.package_identification:_identify(src/gz_ros2_control/doc/img) by extension 'ignore'
[0.504s] Level 1:colcon.colcon_core.package_identification:_identify(src/gz_ros2_control/doc/img) by extension 'ignore_ament_install'
[0.504s] Level 1:colcon.colcon_core.package_identification:_identify(src/gz_ros2_control/doc/img) by extensions ['colcon_pkg']
[0.504s] Level 1:colcon.colcon_core.package_identification:_identify(src/gz_ros2_control/doc/img) by extension 'colcon_pkg'
[0.504s] Level 1:colcon.colcon_core.package_identification:_identify(src/gz_ros2_control/doc/img) by extensions ['colcon_meta']
[0.504s] Level 1:colcon.colcon_core.package_identification:_identify(src/gz_ros2_control/doc/img) by extension 'colcon_meta'
[0.504s] Level 1:colcon.colcon_core.package_identification:_identify(src/gz_ros2_control/doc/img) by extensions ['ros']
[0.504s] Level 1:colcon.colcon_core.package_identification:_identify(src/gz_ros2_control/doc/img) by extension 'ros'
[0.505s] Level 1:colcon.colcon_core.package_identification:_identify(src/gz_ros2_control/doc/img) by extensions ['cmake', 'meson', 'python']
[0.505s] Level 1:colcon.colcon_core.package_identification:_identify(src/gz_ros2_control/doc/img) by extension 'cmake'
[0.505s] Level 1:colcon.colcon_core.package_identification:_identify(src/gz_ros2_control/doc/img) by extension 'meson'
[0.506s] Level 1:colcon.colcon_core.package_identification:_identify(src/gz_ros2_control/doc/img) by extension 'python'
[0.506s] Level 1:colcon.colcon_core.package_identification:_identify(src/gz_ros2_control/doc/img) by extensions ['python_setup_py']
[0.506s] Level 1:colcon.colcon_core.package_identification:_identify(src/gz_ros2_control/doc/img) by extension 'python_setup_py'
[0.507s] Level 1:colcon.colcon_core.package_identification:_identify(src/gz_ros2_control/gz_ros2_control) by extensions ['ignore', 'ignore_ament_install']
[0.507s] Level 1:colcon.colcon_core.package_identification:_identify(src/gz_ros2_control/gz_ros2_control) by extension 'ignore'
[0.507s] Level 1:colcon.colcon_core.package_identification:_identify(src/gz_ros2_control/gz_ros2_control) by extension 'ignore_ament_install'
[0.507s] Level 1:colcon.colcon_core.package_identification:_identify(src/gz_ros2_control/gz_ros2_control) by extensions ['colcon_pkg']
[0.507s] Level 1:colcon.colcon_core.package_identification:_identify(src/gz_ros2_control/gz_ros2_control) by extension 'colcon_pkg'
[0.507s] Level 1:colcon.colcon_core.package_identification:_identify(src/gz_ros2_control/gz_ros2_control) by extensions ['colcon_meta']
[0.508s] Level 1:colcon.colcon_core.package_identification:_identify(src/gz_ros2_control/gz_ros2_control) by extension 'colcon_meta'
[0.508s] Level 1:colcon.colcon_core.package_identification:_identify(src/gz_ros2_control/gz_ros2_control) by extensions ['ros']
[0.508s] Level 1:colcon.colcon_core.package_identification:_identify(src/gz_ros2_control/gz_ros2_control) by extension 'ros'
[0.520s] DEBUG:colcon.colcon_core.package_identification:Package 'src/gz_ros2_control/gz_ros2_control' with type 'ros.ament_cmake' and name 'gz_ros2_control'
[0.521s] Level 1:colcon.colcon_core.package_identification:_identify(src/gz_ros2_control/gz_ros2_control_demos) by extensions ['ignore', 'ignore_ament_install']
[0.521s] Level 1:colcon.colcon_core.package_identification:_identify(src/gz_ros2_control/gz_ros2_control_demos) by extension 'ignore'
[0.522s] Level 1:colcon.colcon_core.package_identification:_identify(src/gz_ros2_control/gz_ros2_control_demos) by extension 'ignore_ament_install'
[0.522s] Level 1:colcon.colcon_core.package_identification:_identify(src/gz_ros2_control/gz_ros2_control_demos) by extensions ['colcon_pkg']
[0.522s] Level 1:colcon.colcon_core.package_identification:_identify(src/gz_ros2_control/gz_ros2_control_demos) by extension 'colcon_pkg'
[0.522s] Level 1:colcon.colcon_core.package_identification:_identify(src/gz_ros2_control/gz_ros2_control_demos) by extensions ['colcon_meta']
[0.522s] Level 1:colcon.colcon_core.package_identification:_identify(src/gz_ros2_control/gz_ros2_control_demos) by extension 'colcon_meta'
[0.523s] Level 1:colcon.colcon_core.package_identification:_identify(src/gz_ros2_control/gz_ros2_control_demos) by extensions ['ros']
[0.523s] Level 1:colcon.colcon_core.package_identification:_identify(src/gz_ros2_control/gz_ros2_control_demos) by extension 'ros'
[0.528s] DEBUG:colcon.colcon_core.package_identification:Package 'src/gz_ros2_control/gz_ros2_control_demos' with type 'ros.ament_cmake' and name 'gz_ros2_control_demos'
[0.529s] Level 1:colcon.colcon_core.package_identification:_identify(src/gz_ros2_control/gz_ros2_control_tests) by extensions ['ignore', 'ignore_ament_install']
[0.529s] Level 1:colcon.colcon_core.package_identification:_identify(src/gz_ros2_control/gz_ros2_control_tests) by extension 'ignore'
[0.529s] Level 1:colcon.colcon_core.package_identification:_identify(src/gz_ros2_control/gz_ros2_control_tests) by extension 'ignore_ament_install'
[0.530s] Level 1:colcon.colcon_core.package_identification:_identify(src/gz_ros2_control/gz_ros2_control_tests) by extensions ['colcon_pkg']
[0.531s] Level 1:colcon.colcon_core.package_identification:_identify(src/gz_ros2_control/gz_ros2_control_tests) by extension 'colcon_pkg'
[0.531s] Level 1:colcon.colcon_core.package_identification:_identify(src/gz_ros2_control/gz_ros2_control_tests) by extensions ['colcon_meta']
[0.531s] Level 1:colcon.colcon_core.package_identification:_identify(src/gz_ros2_control/gz_ros2_control_tests) by extension 'colcon_meta'
[0.532s] Level 1:colcon.colcon_core.package_identification:_identify(src/gz_ros2_control/gz_ros2_control_tests) by extensions ['ros']
[0.532s] Level 1:colcon.colcon_core.package_identification:_identify(src/gz_ros2_control/gz_ros2_control_tests) by extension 'ros'
[0.533s] DEBUG:colcon.colcon_core.package_identification:Package 'src/gz_ros2_control/gz_ros2_control_tests' with type 'ros.ament_cmake' and name 'gz_ros2_control_tests'
[0.533s] Level 1:colcon.colcon_core.package_identification:_identify(src/gz_ros2_control/ign_ros2_control) by extensions ['ignore', 'ignore_ament_install']
[0.534s] Level 1:colcon.colcon_core.package_identification:_identify(src/gz_ros2_control/ign_ros2_control) by extension 'ignore'
[0.534s] Level 1:colcon.colcon_core.package_identification:_identify(src/gz_ros2_control/ign_ros2_control) by extension 'ignore_ament_install'
[0.534s] Level 1:colcon.colcon_core.package_identification:_identify(src/gz_ros2_control/ign_ros2_control) by extensions ['colcon_pkg']
[0.534s] Level 1:colcon.colcon_core.package_identification:_identify(src/gz_ros2_control/ign_ros2_control) by extension 'colcon_pkg'
[0.534s] Level 1:colcon.colcon_core.package_identification:_identify(src/gz_ros2_control/ign_ros2_control) by extensions ['colcon_meta']
[0.534s] Level 1:colcon.colcon_core.package_identification:_identify(src/gz_ros2_control/ign_ros2_control) by extension 'colcon_meta'
[0.534s] Level 1:colcon.colcon_core.package_identification:_identify(src/gz_ros2_control/ign_ros2_control) by extensions ['ros']
[0.535s] Level 1:colcon.colcon_core.package_identification:_identify(src/gz_ros2_control/ign_ros2_control) by extension 'ros'
[0.535s] DEBUG:colcon.colcon_core.package_identification:Package 'src/gz_ros2_control/ign_ros2_control' with type 'ros.ament_cmake' and name 'ign_ros2_control'
[0.536s] Level 1:colcon.colcon_core.package_identification:_identify(src/gz_ros2_control/ign_ros2_control_demos) by extensions ['ignore', 'ignore_ament_install']
[0.536s] Level 1:colcon.colcon_core.package_identification:_identify(src/gz_ros2_control/ign_ros2_control_demos) by extension 'ignore'
[0.536s] Level 1:colcon.colcon_core.package_identification:_identify(src/gz_ros2_control/ign_ros2_control_demos) by extension 'ignore_ament_install'
[0.536s] Level 1:colcon.colcon_core.package_identification:_identify(src/gz_ros2_control/ign_ros2_control_demos) by extensions ['colcon_pkg']
[0.536s] Level 1:colcon.colcon_core.package_identification:_identify(src/gz_ros2_control/ign_ros2_control_demos) by extension 'colcon_pkg'
[0.537s] Level 1:colcon.colcon_core.package_identification:_identify(src/gz_ros2_control/ign_ros2_control_demos) by extensions ['colcon_meta']
[0.537s] Level 1:colcon.colcon_core.package_identification:_identify(src/gz_ros2_control/ign_ros2_control_demos) by extension 'colcon_meta'
[0.537s] Level 1:colcon.colcon_core.package_identification:_identify(src/gz_ros2_control/ign_ros2_control_demos) by extensions ['ros']
[0.537s] Level 1:colcon.colcon_core.package_identification:_identify(src/gz_ros2_control/ign_ros2_control_demos) by extension 'ros'
[0.538s] DEBUG:colcon.colcon_core.package_identification:Package 'src/gz_ros2_control/ign_ros2_control_demos' with type 'ros.ament_cmake' and name 'ign_ros2_control_demos'
[0.538s] Level 1:colcon.colcon_core.package_discovery:discover_packages(recursive) using defaults
[0.538s] Level 1:colcon.colcon_core.package_discovery:discover_packages(ignore) discover
[0.538s] Level 1:colcon.colcon_core.package_discovery:discover_packages(ignore) using defaults
[0.538s] Level 1:colcon.colcon_core.package_discovery:discover_packages(path) discover
[0.538s] Level 1:colcon.colcon_core.package_discovery:discover_packages(path) using defaults
[0.558s] Level 5:colcon.colcon_core.verb:set package 'gz_ros2_control' build argument 'cmake_args' from command line to 'None'
[0.558s] Level 5:colcon.colcon_core.verb:set package 'gz_ros2_control' build argument 'cmake_target' from command line to 'None'
[0.558s] Level 5:colcon.colcon_core.verb:set package 'gz_ros2_control' build argument 'cmake_target_skip_unavailable' from command line to 'False'
[0.558s] Level 5:colcon.colcon_core.verb:set package 'gz_ros2_control' build argument 'cmake_clean_cache' from command line to 'False'
[0.558s] Level 5:colcon.colcon_core.verb:set package 'gz_ros2_control' build argument 'cmake_clean_first' from command line to 'False'
[0.558s] Level 5:colcon.colcon_core.verb:set package 'gz_ros2_control' build argument 'cmake_force_configure' from command line to 'False'
[0.558s] Level 5:colcon.colcon_core.verb:set package 'gz_ros2_control' build argument 'meson_args' from command line to '[]'
[0.559s] Level 5:colcon.colcon_core.verb:set package 'gz_ros2_control' build argument 'ament_cmake_args' from command line to 'None'
[0.559s] Level 5:colcon.colcon_core.verb:set package 'gz_ros2_control' build argument 'catkin_cmake_args' from command line to 'None'
[0.559s] Level 5:colcon.colcon_core.verb:set package 'gz_ros2_control' build argument 'catkin_skip_building_tests' from command line to 'False'
[0.559s] DEBUG:colcon.colcon_core.verb:Building package 'gz_ros2_control' with the following arguments: {'ament_cmake_args': None, 'build_base': '/workspace/gz_control_ws/build/gz_ros2_control', 'catkin_cmake_args': None, 'catkin_skip_building_tests': False, 'cmake_args': None, 'cmake_clean_cache': False, 'cmake_clean_first': False, 'cmake_force_configure': False, 'cmake_target': None, 'cmake_target_skip_unavailable': False, 'install_base': '/workspace/gz_control_ws/install/gz_ros2_control', 'merge_install': False, 'meson_args': [], 'path': '/workspace/gz_control_ws/src/gz_ros2_control/gz_ros2_control', 'symlink_install': True, 'test_result_base': None}
[0.559s] Level 5:colcon.colcon_core.verb:set package 'gz_ros2_control_demos' build argument 'cmake_args' from command line to 'None'
[0.560s] Level 5:colcon.colcon_core.verb:set package 'gz_ros2_control_demos' build argument 'cmake_target' from command line to 'None'
[0.560s] Level 5:colcon.colcon_core.verb:set package 'gz_ros2_control_demos' build argument 'cmake_target_skip_unavailable' from command line to 'False'
[0.560s] Level 5:colcon.colcon_core.verb:set package 'gz_ros2_control_demos' build argument 'cmake_clean_cache' from command line to 'False'
[0.560s] Level 5:colcon.colcon_core.verb:set package 'gz_ros2_control_demos' build argument 'cmake_clean_first' from command line to 'False'
[0.560s] Level 5:colcon.colcon_core.verb:set package 'gz_ros2_control_demos' build argument 'cmake_force_configure' from command line to 'False'
[0.560s] Level 5:colcon.colcon_core.verb:set package 'gz_ros2_control_demos' build argument 'meson_args' from command line to '[]'
[0.560s] Level 5:colcon.colcon_core.verb:set package 'gz_ros2_control_demos' build argument 'ament_cmake_args' from command line to 'None'
[0.560s] Level 5:colcon.colcon_core.verb:set package 'gz_ros2_control_demos' build argument 'catkin_cmake_args' from command line to 'None'
[0.560s] Level 5:colcon.colcon_core.verb:set package 'gz_ros2_control_demos' build argument 'catkin_skip_building_tests' from command line to 'False'
[0.560s] DEBUG:colcon.colcon_core.verb:Building package 'gz_ros2_control_demos' with the following arguments: {'ament_cmake_args': None, 'build_base': '/workspace/gz_control_ws/build/gz_ros2_control_demos', 'catkin_cmake_args': None, 'catkin_skip_building_tests': False, 'cmake_args': None, 'cmake_clean_cache': False, 'cmake_clean_first': False, 'cmake_force_configure': False, 'cmake_target': None, 'cmake_target_skip_unavailable': False, 'install_base': '/workspace/gz_control_ws/install/gz_ros2_control_demos', 'merge_install': False, 'meson_args': [], 'path': '/workspace/gz_control_ws/src/gz_ros2_control/gz_ros2_control_demos', 'symlink_install': True, 'test_result_base': None}
[0.561s] Level 5:colcon.colcon_core.verb:set package 'ign_ros2_control' build argument 'cmake_args' from command line to 'None'
[0.561s] Level 5:colcon.colcon_core.verb:set package 'ign_ros2_control' build argument 'cmake_target' from command line to 'None'
[0.561s] Level 5:colcon.colcon_core.verb:set package 'ign_ros2_control' build argument 'cmake_target_skip_unavailable' from command line to 'False'
[0.561s] Level 5:colcon.colcon_core.verb:set package 'ign_ros2_control' build argument 'cmake_clean_cache' from command line to 'False'
[0.561s] Level 5:colcon.colcon_core.verb:set package 'ign_ros2_control' build argument 'cmake_clean_first' from command line to 'False'
[0.561s] Level 5:colcon.colcon_core.verb:set package 'ign_ros2_control' build argument 'cmake_force_configure' from command line to 'False'
[0.561s] Level 5:colcon.colcon_core.verb:set package 'ign_ros2_control' build argument 'meson_args' from command line to '[]'
[0.561s] Level 5:colcon.colcon_core.verb:set package 'ign_ros2_control' build argument 'ament_cmake_args' from command line to 'None'
[0.561s] Level 5:colcon.colcon_core.verb:set package 'ign_ros2_control' build argument 'catkin_cmake_args' from command line to 'None'
[0.561s] Level 5:colcon.colcon_core.verb:set package 'ign_ros2_control' build argument 'catkin_skip_building_tests' from command line to 'False'
[0.561s] DEBUG:colcon.colcon_core.verb:Building package 'ign_ros2_control' with the following arguments: {'ament_cmake_args': None, 'build_base': '/workspace/gz_control_ws/build/ign_ros2_control', 'catkin_cmake_args': None, 'catkin_skip_building_tests': False, 'cmake_args': None, 'cmake_clean_cache': False, 'cmake_clean_first': False, 'cmake_force_configure': False, 'cmake_target': None, 'cmake_target_skip_unavailable': False, 'install_base': '/workspace/gz_control_ws/install/ign_ros2_control', 'merge_install': False, 'meson_args': [], 'path': '/workspace/gz_control_ws/src/gz_ros2_control/ign_ros2_control', 'symlink_install': True, 'test_result_base': None}
[0.562s] Level 5:colcon.colcon_core.verb:set package 'ign_ros2_control_demos' build argument 'cmake_args' from command line to 'None'
[0.562s] Level 5:colcon.colcon_core.verb:set package 'ign_ros2_control_demos' build argument 'cmake_target' from command line to 'None'
[0.562s] Level 5:colcon.colcon_core.verb:set package 'ign_ros2_control_demos' build argument 'cmake_target_skip_unavailable' from command line to 'False'
[0.562s] Level 5:colcon.colcon_core.verb:set package 'ign_ros2_control_demos' build argument 'cmake_clean_cache' from command line to 'False'
[0.562s] Level 5:colcon.colcon_core.verb:set package 'ign_ros2_control_demos' build argument 'cmake_clean_first' from command line to 'False'
[0.562s] Level 5:colcon.colcon_core.verb:set package 'ign_ros2_control_demos' build argument 'cmake_force_configure' from command line to 'False'
[0.563s] Level 5:colcon.colcon_core.verb:set package 'ign_ros2_control_demos' build argument 'meson_args' from command line to '[]'
[0.563s] Level 5:colcon.colcon_core.verb:set package 'ign_ros2_control_demos' build argument 'ament_cmake_args' from command line to 'None'
[0.563s] Level 5:colcon.colcon_core.verb:set package 'ign_ros2_control_demos' build argument 'catkin_cmake_args' from command line to 'None'
[0.563s] Level 5:colcon.colcon_core.verb:set package 'ign_ros2_control_demos' build argument 'catkin_skip_building_tests' from command line to 'False'
[0.563s] DEBUG:colcon.colcon_core.verb:Building package 'ign_ros2_control_demos' with the following arguments: {'ament_cmake_args': None, 'build_base': '/workspace/gz_control_ws/build/ign_ros2_control_demos', 'catkin_cmake_args': None, 'catkin_skip_building_tests': False, 'cmake_args': None, 'cmake_clean_cache': False, 'cmake_clean_first': False, 'cmake_force_configure': False, 'cmake_target': None, 'cmake_target_skip_unavailable': False, 'install_base': '/workspace/gz_control_ws/install/ign_ros2_control_demos', 'merge_install': False, 'meson_args': [], 'path': '/workspace/gz_control_ws/src/gz_ros2_control/ign_ros2_control_demos', 'symlink_install': True, 'test_result_base': None}
[0.563s] Level 5:colcon.colcon_core.verb:set package 'gz_ros2_control_tests' build argument 'cmake_args' from command line to 'None'
[0.563s] Level 5:colcon.colcon_core.verb:set package 'gz_ros2_control_tests' build argument 'cmake_target' from command line to 'None'
[0.563s] Level 5:colcon.colcon_core.verb:set package 'gz_ros2_control_tests' build argument 'cmake_target_skip_unavailable' from command line to 'False'
[0.564s] Level 5:colcon.colcon_core.verb:set package 'gz_ros2_control_tests' build argument 'cmake_clean_cache' from command line to 'False'
[0.564s] Level 5:colcon.colcon_core.verb:set package 'gz_ros2_control_tests' build argument 'cmake_clean_first' from command line to 'False'
[0.564s] Level 5:colcon.colcon_core.verb:set package 'gz_ros2_control_tests' build argument 'cmake_force_configure' from command line to 'False'
[0.564s] Level 5:colcon.colcon_core.verb:set package 'gz_ros2_control_tests' build argument 'meson_args' from command line to '[]'
[0.564s] Level 5:colcon.colcon_core.verb:set package 'gz_ros2_control_tests' build argument 'ament_cmake_args' from command line to 'None'
[0.564s] Level 5:colcon.colcon_core.verb:set package 'gz_ros2_control_tests' build argument 'catkin_cmake_args' from command line to 'None'
[0.564s] Level 5:colcon.colcon_core.verb:set package 'gz_ros2_control_tests' build argument 'catkin_skip_building_tests' from command line to 'False'
[0.564s] DEBUG:colcon.colcon_core.verb:Building package 'gz_ros2_control_tests' with the following arguments: {'ament_cmake_args': None, 'build_base': '/workspace/gz_control_ws/build/gz_ros2_control_tests', 'catkin_cmake_args': None, 'catkin_skip_building_tests': False, 'cmake_args': None, 'cmake_clean_cache': False, 'cmake_clean_first': False, 'cmake_force_configure': False, 'cmake_target': None, 'cmake_target_skip_unavailable': False, 'install_base': '/workspace/gz_control_ws/install/gz_ros2_control_tests', 'merge_install': False, 'meson_args': [], 'path': '/workspace/gz_control_ws/src/gz_ros2_control/gz_ros2_control_tests', 'symlink_install': True, 'test_result_base': None}
[0.564s] INFO:colcon.colcon_core.executor:Executing jobs using 'parallel' executor
[0.568s] DEBUG:colcon.colcon_parallel_executor.executor.parallel:run_until_complete
[0.570s] INFO:colcon.colcon_ros.task.ament_cmake.build:Building ROS package in '/workspace/gz_control_ws/src/gz_ros2_control/gz_ros2_control' with build type 'ament_cmake'
[0.570s] INFO:colcon.colcon_cmake.task.cmake.build:Building CMake package in '/workspace/gz_control_ws/src/gz_ros2_control/gz_ros2_control'
[0.572s] INFO:colcon.colcon_core.plugin_system:Skipping extension 'colcon_core.shell.bat': Not used on non-Windows systems
[0.573s] INFO:colcon.colcon_core.shell:Skip shell extension 'powershell' for command environment: Not usable outside of PowerShell
[0.573s] DEBUG:colcon.colcon_core.shell:Skip shell extension 'dsv' for command environment
[0.636s] DEBUG:colcon.colcon_core.event_handler.log_command:Invoking command in '/workspace/gz_control_ws/build/gz_ros2_control': CMAKE_PREFIX_PATH=${CMAKE_PREFIX_PATH}:/opt/ros/humble /usr/bin/cmake --build /workspace/gz_control_ws/build/gz_ros2_control -- -j12 -l12
[1.451s] DEBUG:colcon.colcon_core.event_handler.log_command:Invoked command in '/workspace/gz_control_ws/build/gz_ros2_control' returned '0': CMAKE_PREFIX_PATH=${CMAKE_PREFIX_PATH}:/opt/ros/humble /usr/bin/cmake --build /workspace/gz_control_ws/build/gz_ros2_control -- -j12 -l12
[1.519s] DEBUG:colcon.colcon_core.event_handler.log_command:Invoking command in '/workspace/gz_control_ws/build/gz_ros2_control': CMAKE_PREFIX_PATH=${CMAKE_PREFIX_PATH}:/opt/ros/humble /usr/bin/cmake --install /workspace/gz_control_ws/build/gz_ros2_control
[1.661s] Level 1:colcon.colcon_core.environment:create_environment_scripts_only(gz_ros2_control)
[1.661s] DEBUG:colcon.colcon_core.event_handler.log_command:Invoked command in '/workspace/gz_control_ws/build/gz_ros2_control' returned '0': CMAKE_PREFIX_PATH=${CMAKE_PREFIX_PATH}:/opt/ros/humble /usr/bin/cmake --install /workspace/gz_control_ws/build/gz_ros2_control
[1.667s] Level 1:colcon.colcon_core.environment:checking '/workspace/gz_control_ws/install/gz_ros2_control' for CMake module files
[1.669s] Level 1:colcon.colcon_core.environment:checking '/workspace/gz_control_ws/install/gz_ros2_control' for CMake config files
[1.673s] Level 1:colcon.colcon_core.shell:create_environment_hook('gz_ros2_control', 'cmake_prefix_path')
[1.674s] INFO:colcon.colcon_core.shell:Creating environment hook '/workspace/gz_control_ws/install/gz_ros2_control/share/gz_ros2_control/hook/cmake_prefix_path.ps1'
[1.675s] INFO:colcon.colcon_core.shell:Creating environment descriptor '/workspace/gz_control_ws/install/gz_ros2_control/share/gz_ros2_control/hook/cmake_prefix_path.dsv'
[1.676s] INFO:colcon.colcon_core.shell:Creating environment hook '/workspace/gz_control_ws/install/gz_ros2_control/share/gz_ros2_control/hook/cmake_prefix_path.sh'
[1.678s] Level 1:colcon.colcon_core.environment:checking '/workspace/gz_control_ws/install/gz_ros2_control/lib'
[1.679s] Level 1:colcon.colcon_core.shell:create_environment_hook('gz_ros2_control', 'ld_library_path_lib')
[1.679s] INFO:colcon.colcon_core.shell:Creating environment hook '/workspace/gz_control_ws/install/gz_ros2_control/share/gz_ros2_control/hook/ld_library_path_lib.ps1'
[1.680s] INFO:colcon.colcon_core.shell:Creating environment descriptor '/workspace/gz_control_ws/install/gz_ros2_control/share/gz_ros2_control/hook/ld_library_path_lib.dsv'
[1.681s] INFO:colcon.colcon_core.shell:Creating environment hook '/workspace/gz_control_ws/install/gz_ros2_control/share/gz_ros2_control/hook/ld_library_path_lib.sh'
[1.682s] Level 1:colcon.colcon_core.environment:checking '/workspace/gz_control_ws/install/gz_ros2_control/bin'
[1.682s] Level 1:colcon.colcon_core.environment:checking '/workspace/gz_control_ws/install/gz_ros2_control/lib/pkgconfig/gz_ros2_control.pc'
[1.683s] Level 1:colcon.colcon_core.environment:checking '/workspace/gz_control_ws/install/gz_ros2_control/lib/python3.10/site-packages'
[1.683s] Level 1:colcon.colcon_core.environment:checking '/workspace/gz_control_ws/install/gz_ros2_control/bin'
[1.684s] INFO:colcon.colcon_core.shell:Creating package script '/workspace/gz_control_ws/install/gz_ros2_control/share/gz_ros2_control/package.ps1'
[1.686s] INFO:colcon.colcon_core.shell:Creating package descriptor '/workspace/gz_control_ws/install/gz_ros2_control/share/gz_ros2_control/package.dsv'
[1.688s] INFO:colcon.colcon_core.shell:Creating package script '/workspace/gz_control_ws/install/gz_ros2_control/share/gz_ros2_control/package.sh'
[1.689s] INFO:colcon.colcon_core.shell:Creating package script '/workspace/gz_control_ws/install/gz_ros2_control/share/gz_ros2_control/package.bash'
[1.690s] INFO:colcon.colcon_core.shell:Creating package script '/workspace/gz_control_ws/install/gz_ros2_control/share/gz_ros2_control/package.zsh'
[1.691s] Level 1:colcon.colcon_core.environment:create_file_with_runtime_dependencies(/workspace/gz_control_ws/install/gz_ros2_control/share/colcon-core/packages/gz_ros2_control)
[1.693s] Level 1:colcon.colcon_core.environment:create_environment_scripts_only(gz_ros2_control)
[1.693s] Level 1:colcon.colcon_core.environment:checking '/workspace/gz_control_ws/install/gz_ros2_control' for CMake module files
[1.696s] Level 1:colcon.colcon_core.environment:checking '/workspace/gz_control_ws/install/gz_ros2_control' for CMake config files
[1.700s] Level 1:colcon.colcon_core.shell:create_environment_hook('gz_ros2_control', 'cmake_prefix_path')
[1.701s] INFO:colcon.colcon_core.shell:Creating environment hook '/workspace/gz_control_ws/install/gz_ros2_control/share/gz_ros2_control/hook/cmake_prefix_path.ps1'
[1.701s] INFO:colcon.colcon_core.shell:Creating environment descriptor '/workspace/gz_control_ws/install/gz_ros2_control/share/gz_ros2_control/hook/cmake_prefix_path.dsv'
[1.702s] INFO:colcon.colcon_core.shell:Creating environment hook '/workspace/gz_control_ws/install/gz_ros2_control/share/gz_ros2_control/hook/cmake_prefix_path.sh'
[1.704s] Level 1:colcon.colcon_core.environment:checking '/workspace/gz_control_ws/install/gz_ros2_control/lib'
[1.704s] Level 1:colcon.colcon_core.shell:create_environment_hook('gz_ros2_control', 'ld_library_path_lib')
[1.704s] INFO:colcon.colcon_core.shell:Creating environment hook '/workspace/gz_control_ws/install/gz_ros2_control/share/gz_ros2_control/hook/ld_library_path_lib.ps1'
[1.705s] INFO:colcon.colcon_core.shell:Creating environment descriptor '/workspace/gz_control_ws/install/gz_ros2_control/share/gz_ros2_control/hook/ld_library_path_lib.dsv'
[1.706s] INFO:colcon.colcon_core.shell:Creating environment hook '/workspace/gz_control_ws/install/gz_ros2_control/share/gz_ros2_control/hook/ld_library_path_lib.sh'
[1.707s] Level 1:colcon.colcon_core.environment:checking '/workspace/gz_control_ws/install/gz_ros2_control/bin'
[1.707s] Level 1:colcon.colcon_core.environment:checking '/workspace/gz_control_ws/install/gz_ros2_control/lib/pkgconfig/gz_ros2_control.pc'
[1.708s] Level 1:colcon.colcon_core.environment:checking '/workspace/gz_control_ws/install/gz_ros2_control/lib/python3.10/site-packages'
[1.708s] Level 1:colcon.colcon_core.environment:checking '/workspace/gz_control_ws/install/gz_ros2_control/bin'
[1.708s] INFO:colcon.colcon_core.shell:Creating package script '/workspace/gz_control_ws/install/gz_ros2_control/share/gz_ros2_control/package.ps1'
[1.709s] INFO:colcon.colcon_core.shell:Creating package descriptor '/workspace/gz_control_ws/install/gz_ros2_control/share/gz_ros2_control/package.dsv'
[1.710s] INFO:colcon.colcon_core.shell:Creating package script '/workspace/gz_control_ws/install/gz_ros2_control/share/gz_ros2_control/package.sh'
[1.711s] INFO:colcon.colcon_core.shell:Creating package script '/workspace/gz_control_ws/install/gz_ros2_control/share/gz_ros2_control/package.bash'
[1.713s] INFO:colcon.colcon_core.shell:Creating package script '/workspace/gz_control_ws/install/gz_ros2_control/share/gz_ros2_control/package.zsh'
[1.714s] Level 1:colcon.colcon_core.environment:create_file_with_runtime_dependencies(/workspace/gz_control_ws/install/gz_ros2_control/share/colcon-core/packages/gz_ros2_control)
[1.715s] INFO:colcon.colcon_ros.task.ament_cmake.build:Building ROS package in '/workspace/gz_control_ws/src/gz_ros2_control/gz_ros2_control_demos' with build type 'ament_cmake'
[1.716s] INFO:colcon.colcon_cmake.task.cmake.build:Building CMake package in '/workspace/gz_control_ws/src/gz_ros2_control/gz_ros2_control_demos'
[1.716s] INFO:colcon.colcon_core.shell:Skip shell extension 'powershell' for command environment: Not usable outside of PowerShell
[1.716s] DEBUG:colcon.colcon_core.shell:Skip shell extension 'dsv' for command environment
[1.728s] INFO:colcon.colcon_ros.task.ament_cmake.build:Building ROS package in '/workspace/gz_control_ws/src/gz_ros2_control/ign_ros2_control' with build type 'ament_cmake'
[1.729s] INFO:colcon.colcon_cmake.task.cmake.build:Building CMake package in '/workspace/gz_control_ws/src/gz_ros2_control/ign_ros2_control'
[1.730s] INFO:colcon.colcon_core.shell:Skip shell extension 'powershell' for command environment: Not usable outside of PowerShell
[1.730s] DEBUG:colcon.colcon_core.shell:Skip shell extension 'dsv' for command environment
[1.829s] DEBUG:colcon.colcon_core.event_handler.log_command:Invoking command in '/workspace/gz_control_ws/build/gz_ros2_control_demos': AMENT_PREFIX_PATH=/workspace/gz_control_ws/install/gz_ros2_control:${AMENT_PREFIX_PATH} CMAKE_PREFIX_PATH=/workspace/gz_control_ws/install/gz_ros2_control:/workspace/install/voice_control:/workspace/install/quadruped_sim:/workspace/install/quadruped_control:/workspace/install/audio_common:/workspace/install/audio_common_msgs:/opt/ros/humble LD_LIBRARY_PATH=/workspace/gz_control_ws/install/gz_ros2_control/lib:${LD_LIBRARY_PATH} /usr/bin/cmake --build /workspace/gz_control_ws/build/gz_ros2_control_demos -- -j12 -l12
[1.842s] DEBUG:colcon.colcon_core.event_handler.log_command:Invoking command in '/workspace/gz_control_ws/build/ign_ros2_control': AMENT_PREFIX_PATH=/workspace/gz_control_ws/install/gz_ros2_control:${AMENT_PREFIX_PATH} CMAKE_PREFIX_PATH=/workspace/gz_control_ws/install/gz_ros2_control:/workspace/install/voice_control:/workspace/install/quadruped_sim:/workspace/install/quadruped_control:/workspace/install/audio_common:/workspace/install/audio_common_msgs:/opt/ros/humble LD_LIBRARY_PATH=/workspace/gz_control_ws/install/gz_ros2_control/lib:${LD_LIBRARY_PATH} /usr/bin/cmake --build /workspace/gz_control_ws/build/ign_ros2_control -- -j12 -l12
[2.181s] DEBUG:colcon.colcon_core.event_handler.log_command:Invoked command in '/workspace/gz_control_ws/build/ign_ros2_control' returned '0': AMENT_PREFIX_PATH=/workspace/gz_control_ws/install/gz_ros2_control:${AMENT_PREFIX_PATH} CMAKE_PREFIX_PATH=/workspace/gz_control_ws/install/gz_ros2_control:/workspace/install/voice_control:/workspace/install/quadruped_sim:/workspace/install/quadruped_control:/workspace/install/audio_common:/workspace/install/audio_common_msgs:/opt/ros/humble LD_LIBRARY_PATH=/workspace/gz_control_ws/install/gz_ros2_control/lib:${LD_LIBRARY_PATH} /usr/bin/cmake --build /workspace/gz_control_ws/build/ign_ros2_control -- -j12 -l12
[2.191s] DEBUG:colcon.colcon_core.event_handler.log_command:Invoking command in '/workspace/gz_control_ws/build/ign_ros2_control': AMENT_PREFIX_PATH=/workspace/gz_control_ws/install/gz_ros2_control:${AMENT_PREFIX_PATH} CMAKE_PREFIX_PATH=/workspace/gz_control_ws/install/gz_ros2_control:/workspace/install/voice_control:/workspace/install/quadruped_sim:/workspace/install/quadruped_control:/workspace/install/audio_common:/workspace/install/audio_common_msgs:/opt/ros/humble LD_LIBRARY_PATH=/workspace/gz_control_ws/install/gz_ros2_control/lib:${LD_LIBRARY_PATH} /usr/bin/cmake --install /workspace/gz_control_ws/build/ign_ros2_control
[2.383s] Level 1:colcon.colcon_core.environment:create_environment_scripts_only(ign_ros2_control)
[2.384s] Level 1:colcon.colcon_core.environment:checking '/workspace/gz_control_ws/install/ign_ros2_control' for CMake module files
[2.389s] DEBUG:colcon.colcon_core.event_handler.log_command:Invoked command in '/workspace/gz_control_ws/build/ign_ros2_control' returned '0': AMENT_PREFIX_PATH=/workspace/gz_control_ws/install/gz_ros2_control:${AMENT_PREFIX_PATH} CMAKE_PREFIX_PATH=/workspace/gz_control_ws/install/gz_ros2_control:/workspace/install/voice_control:/workspace/install/quadruped_sim:/workspace/install/quadruped_control:/workspace/install/audio_common:/workspace/install/audio_common_msgs:/opt/ros/humble LD_LIBRARY_PATH=/workspace/gz_control_ws/install/gz_ros2_control/lib:${LD_LIBRARY_PATH} /usr/bin/cmake --install /workspace/gz_control_ws/build/ign_ros2_control
[2.393s] Level 1:colcon.colcon_core.environment:checking '/workspace/gz_control_ws/install/ign_ros2_control' for CMake config files
[2.398s] Level 1:colcon.colcon_core.shell:create_environment_hook('ign_ros2_control', 'cmake_prefix_path')
[2.398s] INFO:colcon.colcon_core.shell:Creating environment hook '/workspace/gz_control_ws/install/ign_ros2_control/share/ign_ros2_control/hook/cmake_prefix_path.ps1'
[2.400s] INFO:colcon.colcon_core.shell:Creating environment descriptor '/workspace/gz_control_ws/install/ign_ros2_control/share/ign_ros2_control/hook/cmake_prefix_path.dsv'
[2.402s] INFO:colcon.colcon_core.shell:Creating environment hook '/workspace/gz_control_ws/install/ign_ros2_control/share/ign_ros2_control/hook/cmake_prefix_path.sh'
[2.404s] Level 1:colcon.colcon_core.environment:checking '/workspace/gz_control_ws/install/ign_ros2_control/bin'
[2.405s] Level 1:colcon.colcon_core.environment:checking '/workspace/gz_control_ws/install/ign_ros2_control/lib/pkgconfig/ign_ros2_control.pc'
[2.405s] Level 1:colcon.colcon_core.environment:checking '/workspace/gz_control_ws/install/ign_ros2_control/lib/python3.10/site-packages'
[2.406s] Level 1:colcon.colcon_core.environment:checking '/workspace/gz_control_ws/install/ign_ros2_control/bin'
[2.406s] INFO:colcon.colcon_core.shell:Creating package script '/workspace/gz_control_ws/install/ign_ros2_control/share/ign_ros2_control/package.ps1'
[2.408s] INFO:colcon.colcon_core.shell:Creating package descriptor '/workspace/gz_control_ws/install/ign_ros2_control/share/ign_ros2_control/package.dsv'
[2.410s] INFO:colcon.colcon_core.shell:Creating package script '/workspace/gz_control_ws/install/ign_ros2_control/share/ign_ros2_control/package.sh'
[2.412s] INFO:colcon.colcon_core.shell:Creating package script '/workspace/gz_control_ws/install/ign_ros2_control/share/ign_ros2_control/package.bash'
[2.414s] INFO:colcon.colcon_core.shell:Creating package script '/workspace/gz_control_ws/install/ign_ros2_control/share/ign_ros2_control/package.zsh'
[2.415s] Level 1:colcon.colcon_core.environment:create_file_with_runtime_dependencies(/workspace/gz_control_ws/install/ign_ros2_control/share/colcon-core/packages/ign_ros2_control)
[2.419s] Level 1:colcon.colcon_core.environment:create_environment_scripts_only(ign_ros2_control)
[2.420s] Level 1:colcon.colcon_core.environment:checking '/workspace/gz_control_ws/install/ign_ros2_control' for CMake module files
[2.426s] Level 1:colcon.colcon_core.environment:checking '/workspace/gz_control_ws/install/ign_ros2_control' for CMake config files
[2.430s] Level 1:colcon.colcon_core.shell:create_environment_hook('ign_ros2_control', 'cmake_prefix_path')
[2.430s] INFO:colcon.colcon_core.shell:Creating environment hook '/workspace/gz_control_ws/install/ign_ros2_control/share/ign_ros2_control/hook/cmake_prefix_path.ps1'
[2.432s] INFO:colcon.colcon_core.shell:Creating environment descriptor '/workspace/gz_control_ws/install/ign_ros2_control/share/ign_ros2_control/hook/cmake_prefix_path.dsv'
[2.434s] INFO:colcon.colcon_core.shell:Creating environment hook '/workspace/gz_control_ws/install/ign_ros2_control/share/ign_ros2_control/hook/cmake_prefix_path.sh'
[2.436s] Level 1:colcon.colcon_core.environment:checking '/workspace/gz_control_ws/install/ign_ros2_control/bin'
[2.437s] Level 1:colcon.colcon_core.environment:checking '/workspace/gz_control_ws/install/ign_ros2_control/lib/pkgconfig/ign_ros2_control.pc'
[2.438s] Level 1:colcon.colcon_core.environment:checking '/workspace/gz_control_ws/install/ign_ros2_control/lib/python3.10/site-packages'
[2.438s] Level 1:colcon.colcon_core.environment:checking '/workspace/gz_control_ws/install/ign_ros2_control/bin'
[2.439s] INFO:colcon.colcon_core.shell:Creating package script '/workspace/gz_control_ws/install/ign_ros2_control/share/ign_ros2_control/package.ps1'
[2.441s] INFO:colcon.colcon_core.shell:Creating package descriptor '/workspace/gz_control_ws/install/ign_ros2_control/share/ign_ros2_control/package.dsv'
[2.444s] INFO:colcon.colcon_core.shell:Creating package script '/workspace/gz_control_ws/install/ign_ros2_control/share/ign_ros2_control/package.sh'
[2.446s] INFO:colcon.colcon_core.shell:Creating package script '/workspace/gz_control_ws/install/ign_ros2_control/share/ign_ros2_control/package.bash'
[2.448s] INFO:colcon.colcon_core.shell:Creating package script '/workspace/gz_control_ws/install/ign_ros2_control/share/ign_ros2_control/package.zsh'
[2.449s] Level 1:colcon.colcon_core.environment:create_file_with_runtime_dependencies(/workspace/gz_control_ws/install/ign_ros2_control/share/colcon-core/packages/ign_ros2_control)
[2.934s] DEBUG:colcon.colcon_core.event_handler.log_command:Invoked command in '/workspace/gz_control_ws/build/gz_ros2_control_demos' returned '0': AMENT_PREFIX_PATH=/workspace/gz_control_ws/install/gz_ros2_control:${AMENT_PREFIX_PATH} CMAKE_PREFIX_PATH=/workspace/gz_control_ws/install/gz_ros2_control:/workspace/install/voice_control:/workspace/install/quadruped_sim:/workspace/install/quadruped_control:/workspace/install/audio_common:/workspace/install/audio_common_msgs:/opt/ros/humble LD_LIBRARY_PATH=/workspace/gz_control_ws/install/gz_ros2_control/lib:${LD_LIBRARY_PATH} /usr/bin/cmake --build /workspace/gz_control_ws/build/gz_ros2_control_demos -- -j12 -l12
[2.941s] DEBUG:colcon.colcon_core.event_handler.log_command:Invoking command in '/workspace/gz_control_ws/build/gz_ros2_control_demos': AMENT_PREFIX_PATH=/workspace/gz_control_ws/install/gz_ros2_control:${AMENT_PREFIX_PATH} CMAKE_PREFIX_PATH=/workspace/gz_control_ws/install/gz_ros2_control:/workspace/install/voice_control:/workspace/install/quadruped_sim:/workspace/install/quadruped_control:/workspace/install/audio_common:/workspace/install/audio_common_msgs:/opt/ros/humble LD_LIBRARY_PATH=/workspace/gz_control_ws/install/gz_ros2_control/lib:${LD_LIBRARY_PATH} /usr/bin/cmake --install /workspace/gz_control_ws/build/gz_ros2_control_demos
[3.126s] Level 1:colcon.colcon_core.environment:create_environment_scripts_only(gz_ros2_control_demos)
[3.126s] Level 1:colcon.colcon_core.environment:checking '/workspace/gz_control_ws/install/gz_ros2_control_demos' for CMake module files
[3.127s] DEBUG:colcon.colcon_core.event_handler.log_command:Invoked command in '/workspace/gz_control_ws/build/gz_ros2_control_demos' returned '0': AMENT_PREFIX_PATH=/workspace/gz_control_ws/install/gz_ros2_control:${AMENT_PREFIX_PATH} CMAKE_PREFIX_PATH=/workspace/gz_control_ws/install/gz_ros2_control:/workspace/install/voice_control:/workspace/install/quadruped_sim:/workspace/install/quadruped_control:/workspace/install/audio_common:/workspace/install/audio_common_msgs:/opt/ros/humble LD_LIBRARY_PATH=/workspace/gz_control_ws/install/gz_ros2_control/lib:${LD_LIBRARY_PATH} /usr/bin/cmake --install /workspace/gz_control_ws/build/gz_ros2_control_demos
[3.130s] Level 1:colcon.colcon_core.environment:checking '/workspace/gz_control_ws/install/gz_ros2_control_demos' for CMake config files
[3.132s] Level 1:colcon.colcon_core.shell:create_environment_hook('gz_ros2_control_demos', 'cmake_prefix_path')
[3.133s] INFO:colcon.colcon_core.shell:Creating environment hook '/workspace/gz_control_ws/install/gz_ros2_control_demos/share/gz_ros2_control_demos/hook/cmake_prefix_path.ps1'
[3.134s] INFO:colcon.colcon_core.shell:Creating environment descriptor '/workspace/gz_control_ws/install/gz_ros2_control_demos/share/gz_ros2_control_demos/hook/cmake_prefix_path.dsv'
[3.135s] INFO:colcon.colcon_core.shell:Creating environment hook '/workspace/gz_control_ws/install/gz_ros2_control_demos/share/gz_ros2_control_demos/hook/cmake_prefix_path.sh'
[3.136s] Level 1:colcon.colcon_core.environment:checking '/workspace/gz_control_ws/install/gz_ros2_control_demos/lib'
[3.136s] Level 1:colcon.colcon_core.shell:create_environment_hook('gz_ros2_control_demos', 'ld_library_path_lib')
[3.136s] INFO:colcon.colcon_core.shell:Creating environment hook '/workspace/gz_control_ws/install/gz_ros2_control_demos/share/gz_ros2_control_demos/hook/ld_library_path_lib.ps1'
[3.137s] INFO:colcon.colcon_core.shell:Creating environment descriptor '/workspace/gz_control_ws/install/gz_ros2_control_demos/share/gz_ros2_control_demos/hook/ld_library_path_lib.dsv'
[3.138s] INFO:colcon.colcon_core.shell:Creating environment hook '/workspace/gz_control_ws/install/gz_ros2_control_demos/share/gz_ros2_control_demos/hook/ld_library_path_lib.sh'
[3.138s] Level 1:colcon.colcon_core.environment:checking '/workspace/gz_control_ws/install/gz_ros2_control_demos/bin'
[3.139s] Level 1:colcon.colcon_core.environment:checking '/workspace/gz_control_ws/install/gz_ros2_control_demos/lib/pkgconfig/gz_ros2_control_demos.pc'
[3.139s] Level 1:colcon.colcon_core.environment:checking '/workspace/gz_control_ws/install/gz_ros2_control_demos/lib/python3.10/site-packages'
[3.139s] Level 1:colcon.colcon_core.environment:checking '/workspace/gz_control_ws/install/gz_ros2_control_demos/bin'
[3.140s] INFO:colcon.colcon_core.shell:Creating package script '/workspace/gz_control_ws/install/gz_ros2_control_demos/share/gz_ros2_control_demos/package.ps1'
[3.141s] INFO:colcon.colcon_core.shell:Creating package descriptor '/workspace/gz_control_ws/install/gz_ros2_control_demos/share/gz_ros2_control_demos/package.dsv'
[3.142s] INFO:colcon.colcon_core.shell:Creating package script '/workspace/gz_control_ws/install/gz_ros2_control_demos/share/gz_ros2_control_demos/package.sh'
[3.143s] INFO:colcon.colcon_core.shell:Creating package script '/workspace/gz_control_ws/install/gz_ros2_control_demos/share/gz_ros2_control_demos/package.bash'
[3.144s] INFO:colcon.colcon_core.shell:Creating package script '/workspace/gz_control_ws/install/gz_ros2_control_demos/share/gz_ros2_control_demos/package.zsh'
[3.145s] Level 1:colcon.colcon_core.environment:create_file_with_runtime_dependencies(/workspace/gz_control_ws/install/gz_ros2_control_demos/share/colcon-core/packages/gz_ros2_control_demos)
[3.147s] Level 1:colcon.colcon_core.environment:create_environment_scripts_only(gz_ros2_control_demos)
[3.148s] Level 1:colcon.colcon_core.environment:checking '/workspace/gz_control_ws/install/gz_ros2_control_demos' for CMake module files
[3.151s] Level 1:colcon.colcon_core.environment:checking '/workspace/gz_control_ws/install/gz_ros2_control_demos' for CMake config files
[3.153s] Level 1:colcon.colcon_core.shell:create_environment_hook('gz_ros2_control_demos', 'cmake_prefix_path')
[3.153s] INFO:colcon.colcon_core.shell:Creating environment hook '/workspace/gz_control_ws/install/gz_ros2_control_demos/share/gz_ros2_control_demos/hook/cmake_prefix_path.ps1'
[3.154s] INFO:colcon.colcon_core.shell:Creating environment descriptor '/workspace/gz_control_ws/install/gz_ros2_control_demos/share/gz_ros2_control_demos/hook/cmake_prefix_path.dsv'
[3.155s] INFO:colcon.colcon_core.shell:Creating environment hook '/workspace/gz_control_ws/install/gz_ros2_control_demos/share/gz_ros2_control_demos/hook/cmake_prefix_path.sh'
[3.156s] Level 1:colcon.colcon_core.environment:checking '/workspace/gz_control_ws/install/gz_ros2_control_demos/lib'
[3.156s] Level 1:colcon.colcon_core.shell:create_environment_hook('gz_ros2_control_demos', 'ld_library_path_lib')
[3.157s] INFO:colcon.colcon_core.shell:Creating environment hook '/workspace/gz_control_ws/install/gz_ros2_control_demos/share/gz_ros2_control_demos/hook/ld_library_path_lib.ps1'
[3.158s] INFO:colcon.colcon_core.shell:Creating environment descriptor '/workspace/gz_control_ws/install/gz_ros2_control_demos/share/gz_ros2_control_demos/hook/ld_library_path_lib.dsv'
[3.158s] INFO:colcon.colcon_core.shell:Creating environment hook '/workspace/gz_control_ws/install/gz_ros2_control_demos/share/gz_ros2_control_demos/hook/ld_library_path_lib.sh'
[3.159s] Level 1:colcon.colcon_core.environment:checking '/workspace/gz_control_ws/install/gz_ros2_control_demos/bin'
[3.159s] Level 1:colcon.colcon_core.environment:checking '/workspace/gz_control_ws/install/gz_ros2_control_demos/lib/pkgconfig/gz_ros2_control_demos.pc'
[3.160s] Level 1:colcon.colcon_core.environment:checking '/workspace/gz_control_ws/install/gz_ros2_control_demos/lib/python3.10/site-packages'
[3.160s] Level 1:colcon.colcon_core.environment:checking '/workspace/gz_control_ws/install/gz_ros2_control_demos/bin'
[3.160s] INFO:colcon.colcon_core.shell:Creating package script '/workspace/gz_control_ws/install/gz_ros2_control_demos/share/gz_ros2_control_demos/package.ps1'
[3.161s] INFO:colcon.colcon_core.shell:Creating package descriptor '/workspace/gz_control_ws/install/gz_ros2_control_demos/share/gz_ros2_control_demos/package.dsv'
[3.162s] INFO:colcon.colcon_core.shell:Creating package script '/workspace/gz_control_ws/install/gz_ros2_control_demos/share/gz_ros2_control_demos/package.sh'
[3.163s] INFO:colcon.colcon_core.shell:Creating package script '/workspace/gz_control_ws/install/gz_ros2_control_demos/share/gz_ros2_control_demos/package.bash'
[3.163s] INFO:colcon.colcon_core.shell:Creating package script '/workspace/gz_control_ws/install/gz_ros2_control_demos/share/gz_ros2_control_demos/package.zsh'
[3.164s] Level 1:colcon.colcon_core.environment:create_file_with_runtime_dependencies(/workspace/gz_control_ws/install/gz_ros2_control_demos/share/colcon-core/packages/gz_ros2_control_demos)
[3.165s] INFO:colcon.colcon_ros.task.ament_cmake.build:Building ROS package in '/workspace/gz_control_ws/src/gz_ros2_control/ign_ros2_control_demos' with build type 'ament_cmake'
[3.165s] INFO:colcon.colcon_cmake.task.cmake.build:Building CMake package in '/workspace/gz_control_ws/src/gz_ros2_control/ign_ros2_control_demos'
[3.166s] INFO:colcon.colcon_core.shell:Skip shell extension 'powershell' for command environment: Not usable outside of PowerShell
[3.166s] DEBUG:colcon.colcon_core.shell:Skip shell extension 'dsv' for command environment
[3.278s] DEBUG:colcon.colcon_core.event_handler.log_command:Invoking command in '/workspace/gz_control_ws/build/ign_ros2_control_demos': AMENT_PREFIX_PATH=/workspace/gz_control_ws/install/gz_ros2_control_demos:/workspace/gz_control_ws/install/gz_ros2_control:${AMENT_PREFIX_PATH} CMAKE_PREFIX_PATH=/workspace/gz_control_ws/install/gz_ros2_control_demos:/workspace/gz_control_ws/install/gz_ros2_control:/workspace/install/voice_control:/workspace/install/quadruped_sim:/workspace/install/quadruped_control:/workspace/install/audio_common:/workspace/install/audio_common_msgs:/opt/ros/humble LD_LIBRARY_PATH=/workspace/gz_control_ws/install/gz_ros2_control_demos/lib:/workspace/gz_control_ws/install/gz_ros2_control/lib:${LD_LIBRARY_PATH} /usr/bin/cmake --build /workspace/gz_control_ws/build/ign_ros2_control_demos -- -j12 -l12
[4.104s] DEBUG:colcon.colcon_core.event_handler.log_command:Invoked command in '/workspace/gz_control_ws/build/ign_ros2_control_demos' returned '0': AMENT_PREFIX_PATH=/workspace/gz_control_ws/install/gz_ros2_control_demos:/workspace/gz_control_ws/install/gz_ros2_control:${AMENT_PREFIX_PATH} CMAKE_PREFIX_PATH=/workspace/gz_control_ws/install/gz_ros2_control_demos:/workspace/gz_control_ws/install/gz_ros2_control:/workspace/install/voice_control:/workspace/install/quadruped_sim:/workspace/install/quadruped_control:/workspace/install/audio_common:/workspace/install/audio_common_msgs:/opt/ros/humble LD_LIBRARY_PATH=/workspace/gz_control_ws/install/gz_ros2_control_demos/lib:/workspace/gz_control_ws/install/gz_ros2_control/lib:${LD_LIBRARY_PATH} /usr/bin/cmake --build /workspace/gz_control_ws/build/ign_ros2_control_demos -- -j12 -l12
[4.110s] DEBUG:colcon.colcon_core.event_handler.log_command:Invoking command in '/workspace/gz_control_ws/build/ign_ros2_control_demos': AMENT_PREFIX_PATH=/workspace/gz_control_ws/install/gz_ros2_control_demos:/workspace/gz_control_ws/install/gz_ros2_control:${AMENT_PREFIX_PATH} CMAKE_PREFIX_PATH=/workspace/gz_control_ws/install/gz_ros2_control_demos:/workspace/gz_control_ws/install/gz_ros2_control:/workspace/install/voice_control:/workspace/install/quadruped_sim:/workspace/install/quadruped_control:/workspace/install/audio_common:/workspace/install/audio_common_msgs:/opt/ros/humble LD_LIBRARY_PATH=/workspace/gz_control_ws/install/gz_ros2_control_demos/lib:/workspace/gz_control_ws/install/gz_ros2_control/lib:${LD_LIBRARY_PATH} /usr/bin/cmake --install /workspace/gz_control_ws/build/ign_ros2_control_demos
[4.271s] Level 1:colcon.colcon_core.environment:create_environment_scripts_only(ign_ros2_control_demos)
[4.271s] Level 1:colcon.colcon_core.environment:checking '/workspace/gz_control_ws/install/ign_ros2_control_demos' for CMake module files
[4.272s] DEBUG:colcon.colcon_core.event_handler.log_command:Invoked command in '/workspace/gz_control_ws/build/ign_ros2_control_demos' returned '0': AMENT_PREFIX_PATH=/workspace/gz_control_ws/install/gz_ros2_control_demos:/workspace/gz_control_ws/install/gz_ros2_control:${AMENT_PREFIX_PATH} CMAKE_PREFIX_PATH=/workspace/gz_control_ws/install/gz_ros2_control_demos:/workspace/gz_control_ws/install/gz_ros2_control:/workspace/install/voice_control:/workspace/install/quadruped_sim:/workspace/install/quadruped_control:/workspace/install/audio_common:/workspace/install/audio_common_msgs:/opt/ros/humble LD_LIBRARY_PATH=/workspace/gz_control_ws/install/gz_ros2_control_demos/lib:/workspace/gz_control_ws/install/gz_ros2_control/lib:${LD_LIBRARY_PATH} /usr/bin/cmake --install /workspace/gz_control_ws/build/ign_ros2_control_demos
[4.274s] Level 1:colcon.colcon_core.environment:checking '/workspace/gz_control_ws/install/ign_ros2_control_demos' for CMake config files
[4.276s] Level 1:colcon.colcon_core.shell:create_environment_hook('ign_ros2_control_demos', 'cmake_prefix_path')
[4.276s] INFO:colcon.colcon_core.shell:Creating environment hook '/workspace/gz_control_ws/install/ign_ros2_control_demos/share/ign_ros2_control_demos/hook/cmake_prefix_path.ps1'
[4.277s] INFO:colcon.colcon_core.shell:Creating environment descriptor '/workspace/gz_control_ws/install/ign_ros2_control_demos/share/ign_ros2_control_demos/hook/cmake_prefix_path.dsv'
[4.278s] INFO:colcon.colcon_core.shell:Creating environment hook '/workspace/gz_control_ws/install/ign_ros2_control_demos/share/ign_ros2_control_demos/hook/cmake_prefix_path.sh'
[4.279s] Level 1:colcon.colcon_core.environment:checking '/workspace/gz_control_ws/install/ign_ros2_control_demos/lib'
[4.280s] Level 1:colcon.colcon_core.environment:checking '/workspace/gz_control_ws/install/ign_ros2_control_demos/bin'
[4.280s] Level 1:colcon.colcon_core.environment:checking '/workspace/gz_control_ws/install/ign_ros2_control_demos/lib/pkgconfig/ign_ros2_control_demos.pc'
[4.280s] Level 1:colcon.colcon_core.environment:checking '/workspace/gz_control_ws/install/ign_ros2_control_demos/lib/python3.10/site-packages'
[4.281s] Level 1:colcon.colcon_core.environment:checking '/workspace/gz_control_ws/install/ign_ros2_control_demos/bin'
[4.281s] INFO:colcon.colcon_core.shell:Creating package script '/workspace/gz_control_ws/install/ign_ros2_control_demos/share/ign_ros2_control_demos/package.ps1'
[4.282s] INFO:colcon.colcon_core.shell:Creating package descriptor '/workspace/gz_control_ws/install/ign_ros2_control_demos/share/ign_ros2_control_demos/package.dsv'
[4.283s] INFO:colcon.colcon_core.shell:Creating package script '/workspace/gz_control_ws/install/ign_ros2_control_demos/share/ign_ros2_control_demos/package.sh'
[4.283s] INFO:colcon.colcon_core.shell:Creating package script '/workspace/gz_control_ws/install/ign_ros2_control_demos/share/ign_ros2_control_demos/package.bash'
[4.284s] INFO:colcon.colcon_core.shell:Creating package script '/workspace/gz_control_ws/install/ign_ros2_control_demos/share/ign_ros2_control_demos/package.zsh'
[4.285s] Level 1:colcon.colcon_core.environment:create_file_with_runtime_dependencies(/workspace/gz_control_ws/install/ign_ros2_control_demos/share/colcon-core/packages/ign_ros2_control_demos)
[4.287s] Level 1:colcon.colcon_core.environment:create_environment_scripts_only(ign_ros2_control_demos)
[4.287s] Level 1:colcon.colcon_core.environment:checking '/workspace/gz_control_ws/install/ign_ros2_control_demos' for CMake module files
[4.289s] Level 1:colcon.colcon_core.environment:checking '/workspace/gz_control_ws/install/ign_ros2_control_demos' for CMake config files
[4.291s] Level 1:colcon.colcon_core.shell:create_environment_hook('ign_ros2_control_demos', 'cmake_prefix_path')
[4.291s] INFO:colcon.colcon_core.shell:Creating environment hook '/workspace/gz_control_ws/install/ign_ros2_control_demos/share/ign_ros2_control_demos/hook/cmake_prefix_path.ps1'
[4.292s] INFO:colcon.colcon_core.shell:Creating environment descriptor '/workspace/gz_control_ws/install/ign_ros2_control_demos/share/ign_ros2_control_demos/hook/cmake_prefix_path.dsv'
[4.293s] INFO:colcon.colcon_core.shell:Creating environment hook '/workspace/gz_control_ws/install/ign_ros2_control_demos/share/ign_ros2_control_demos/hook/cmake_prefix_path.sh'
[4.294s] Level 1:colcon.colcon_core.environment:checking '/workspace/gz_control_ws/install/ign_ros2_control_demos/lib'
[4.294s] Level 1:colcon.colcon_core.environment:checking '/workspace/gz_control_ws/install/ign_ros2_control_demos/bin'
[4.294s] Level 1:colcon.colcon_core.environment:checking '/workspace/gz_control_ws/install/ign_ros2_control_demos/lib/pkgconfig/ign_ros2_control_demos.pc'
[4.294s] Level 1:colcon.colcon_core.environment:checking '/workspace/gz_control_ws/install/ign_ros2_control_demos/lib/python3.10/site-packages'
[4.295s] Level 1:colcon.colcon_core.environment:checking '/workspace/gz_control_ws/install/ign_ros2_control_demos/bin'
[4.295s] INFO:colcon.colcon_core.shell:Creating package script '/workspace/gz_control_ws/install/ign_ros2_control_demos/share/ign_ros2_control_demos/package.ps1'
[4.297s] INFO:colcon.colcon_core.shell:Creating package descriptor '/workspace/gz_control_ws/install/ign_ros2_control_demos/share/ign_ros2_control_demos/package.dsv'
[4.298s] INFO:colcon.colcon_core.shell:Creating package script '/workspace/gz_control_ws/install/ign_ros2_control_demos/share/ign_ros2_control_demos/package.sh'
[4.299s] INFO:colcon.colcon_core.shell:Creating package script '/workspace/gz_control_ws/install/ign_ros2_control_demos/share/ign_ros2_control_demos/package.bash'
[4.300s] INFO:colcon.colcon_core.shell:Creating package script '/workspace/gz_control_ws/install/ign_ros2_control_demos/share/ign_ros2_control_demos/package.zsh'
[4.300s] Level 1:colcon.colcon_core.environment:create_file_with_runtime_dependencies(/workspace/gz_control_ws/install/ign_ros2_control_demos/share/colcon-core/packages/ign_ros2_control_demos)
[4.301s] INFO:colcon.colcon_ros.task.ament_cmake.build:Building ROS package in '/workspace/gz_control_ws/src/gz_ros2_control/gz_ros2_control_tests' with build type 'ament_cmake'
[4.301s] INFO:colcon.colcon_cmake.task.cmake.build:Building CMake package in '/workspace/gz_control_ws/src/gz_ros2_control/gz_ros2_control_tests'
[4.302s] INFO:colcon.colcon_core.shell:Skip shell extension 'powershell' for command environment: Not usable outside of PowerShell
[4.302s] DEBUG:colcon.colcon_core.shell:Skip shell extension 'dsv' for command environment
[4.422s] DEBUG:colcon.colcon_core.event_handler.log_command:Invoking command in '/workspace/gz_control_ws/build/gz_ros2_control_tests': AMENT_PREFIX_PATH=/workspace/gz_control_ws/install/ign_ros2_control_demos:/workspace/gz_control_ws/install/gz_ros2_control_demos:/workspace/gz_control_ws/install/gz_ros2_control:${AMENT_PREFIX_PATH} CMAKE_PREFIX_PATH=/workspace/gz_control_ws/install/ign_ros2_control_demos:/workspace/gz_control_ws/install/gz_ros2_control_demos:/workspace/gz_control_ws/install/gz_ros2_control:/workspace/install/voice_control:/workspace/install/quadruped_sim:/workspace/install/quadruped_control:/workspace/install/audio_common:/workspace/install/audio_common_msgs:/opt/ros/humble LD_LIBRARY_PATH=/workspace/gz_control_ws/install/gz_ros2_control_demos/lib:/workspace/gz_control_ws/install/gz_ros2_control/lib:${LD_LIBRARY_PATH} /usr/bin/cmake --build /workspace/gz_control_ws/build/gz_ros2_control_tests -- -j12 -l12
[4.729s] DEBUG:colcon.colcon_core.event_handler.log_command:Invoked command in '/workspace/gz_control_ws/build/gz_ros2_control_tests' returned '0': AMENT_PREFIX_PATH=/workspace/gz_control_ws/install/ign_ros2_control_demos:/workspace/gz_control_ws/install/gz_ros2_control_demos:/workspace/gz_control_ws/install/gz_ros2_control:${AMENT_PREFIX_PATH} CMAKE_PREFIX_PATH=/workspace/gz_control_ws/install/ign_ros2_control_demos:/workspace/gz_control_ws/install/gz_ros2_control_demos:/workspace/gz_control_ws/install/gz_ros2_control:/workspace/install/voice_control:/workspace/install/quadruped_sim:/workspace/install/quadruped_control:/workspace/install/audio_common:/workspace/install/audio_common_msgs:/opt/ros/humble LD_LIBRARY_PATH=/workspace/gz_control_ws/install/gz_ros2_control_demos/lib:/workspace/gz_control_ws/install/gz_ros2_control/lib:${LD_LIBRARY_PATH} /usr/bin/cmake --build /workspace/gz_control_ws/build/gz_ros2_control_tests -- -j12 -l12
[4.735s] DEBUG:colcon.colcon_core.event_handler.log_command:Invoking command in '/workspace/gz_control_ws/build/gz_ros2_control_tests': AMENT_PREFIX_PATH=/workspace/gz_control_ws/install/ign_ros2_control_demos:/workspace/gz_control_ws/install/gz_ros2_control_demos:/workspace/gz_control_ws/install/gz_ros2_control:${AMENT_PREFIX_PATH} CMAKE_PREFIX_PATH=/workspace/gz_control_ws/install/ign_ros2_control_demos:/workspace/gz_control_ws/install/gz_ros2_control_demos:/workspace/gz_control_ws/install/gz_ros2_control:/workspace/install/voice_control:/workspace/install/quadruped_sim:/workspace/install/quadruped_control:/workspace/install/audio_common:/workspace/install/audio_common_msgs:/opt/ros/humble LD_LIBRARY_PATH=/workspace/gz_control_ws/install/gz_ros2_control_demos/lib:/workspace/gz_control_ws/install/gz_ros2_control/lib:${LD_LIBRARY_PATH} /usr/bin/cmake --install /workspace/gz_control_ws/build/gz_ros2_control_tests
[4.886s] Level 1:colcon.colcon_core.environment:create_environment_scripts_only(gz_ros2_control_tests)
[4.886s] Level 1:colcon.colcon_core.environment:checking '/workspace/gz_control_ws/install/gz_ros2_control_tests' for CMake module files
[4.887s] DEBUG:colcon.colcon_core.event_handler.log_command:Invoked command in '/workspace/gz_control_ws/build/gz_ros2_control_tests' returned '0': AMENT_PREFIX_PATH=/workspace/gz_control_ws/install/ign_ros2_control_demos:/workspace/gz_control_ws/install/gz_ros2_control_demos:/workspace/gz_control_ws/install/gz_ros2_control:${AMENT_PREFIX_PATH} CMAKE_PREFIX_PATH=/workspace/gz_control_ws/install/ign_ros2_control_demos:/workspace/gz_control_ws/install/gz_ros2_control_demos:/workspace/gz_control_ws/install/gz_ros2_control:/workspace/install/voice_control:/workspace/install/quadruped_sim:/workspace/install/quadruped_control:/workspace/install/audio_common:/workspace/install/audio_common_msgs:/opt/ros/humble LD_LIBRARY_PATH=/workspace/gz_control_ws/install/gz_ros2_control_demos/lib:/workspace/gz_control_ws/install/gz_ros2_control/lib:${LD_LIBRARY_PATH} /usr/bin/cmake --install /workspace/gz_control_ws/build/gz_ros2_control_tests
[4.889s] Level 1:colcon.colcon_core.environment:checking '/workspace/gz_control_ws/install/gz_ros2_control_tests' for CMake config files
[4.891s] Level 1:colcon.colcon_core.shell:create_environment_hook('gz_ros2_control_tests', 'cmake_prefix_path')
[4.891s] INFO:colcon.colcon_core.shell:Creating environment hook '/workspace/gz_control_ws/install/gz_ros2_control_tests/share/gz_ros2_control_tests/hook/cmake_prefix_path.ps1'
[4.892s] INFO:colcon.colcon_core.shell:Creating environment descriptor '/workspace/gz_control_ws/install/gz_ros2_control_tests/share/gz_ros2_control_tests/hook/cmake_prefix_path.dsv'
[4.893s] INFO:colcon.colcon_core.shell:Creating environment hook '/workspace/gz_control_ws/install/gz_ros2_control_tests/share/gz_ros2_control_tests/hook/cmake_prefix_path.sh'
[4.894s] Level 1:colcon.colcon_core.environment:checking '/workspace/gz_control_ws/install/gz_ros2_control_tests/bin'
[4.895s] Level 1:colcon.colcon_core.environment:checking '/workspace/gz_control_ws/install/gz_ros2_control_tests/lib/pkgconfig/gz_ros2_control_tests.pc'
[4.895s] Level 1:colcon.colcon_core.environment:checking '/workspace/gz_control_ws/install/gz_ros2_control_tests/lib/python3.10/site-packages'
[4.895s] Level 1:colcon.colcon_core.environment:checking '/workspace/gz_control_ws/install/gz_ros2_control_tests/bin'
[4.896s] INFO:colcon.colcon_core.shell:Creating package script '/workspace/gz_control_ws/install/gz_ros2_control_tests/share/gz_ros2_control_tests/package.ps1'
[4.897s] INFO:colcon.colcon_core.shell:Creating package descriptor '/workspace/gz_control_ws/install/gz_ros2_control_tests/share/gz_ros2_control_tests/package.dsv'
[4.898s] INFO:colcon.colcon_core.shell:Creating package script '/workspace/gz_control_ws/install/gz_ros2_control_tests/share/gz_ros2_control_tests/package.sh'
[4.898s] INFO:colcon.colcon_core.shell:Creating package script '/workspace/gz_control_ws/install/gz_ros2_control_tests/share/gz_ros2_control_tests/package.bash'
[4.899s] INFO:colcon.colcon_core.shell:Creating package script '/workspace/gz_control_ws/install/gz_ros2_control_tests/share/gz_ros2_control_tests/package.zsh'
[4.900s] Level 1:colcon.colcon_core.environment:create_file_with_runtime_dependencies(/workspace/gz_control_ws/install/gz_ros2_control_tests/share/colcon-core/packages/gz_ros2_control_tests)
[4.902s] Level 1:colcon.colcon_core.environment:create_environment_scripts_only(gz_ros2_control_tests)
[4.903s] Level 1:colcon.colcon_core.environment:checking '/workspace/gz_control_ws/install/gz_ros2_control_tests' for CMake module files
[4.905s] Level 1:colcon.colcon_core.environment:checking '/workspace/gz_control_ws/install/gz_ros2_control_tests' for CMake config files
[4.906s] Level 1:colcon.colcon_core.shell:create_environment_hook('gz_ros2_control_tests', 'cmake_prefix_path')
[4.906s] INFO:colcon.colcon_core.shell:Creating environment hook '/workspace/gz_control_ws/install/gz_ros2_control_tests/share/gz_ros2_control_tests/hook/cmake_prefix_path.ps1'
[4.907s] INFO:colcon.colcon_core.shell:Creating environment descriptor '/workspace/gz_control_ws/install/gz_ros2_control_tests/share/gz_ros2_control_tests/hook/cmake_prefix_path.dsv'
[4.908s] INFO:colcon.colcon_core.shell:Creating environment hook '/workspace/gz_control_ws/install/gz_ros2_control_tests/share/gz_ros2_control_tests/hook/cmake_prefix_path.sh'
[4.909s] Level 1:colcon.colcon_core.environment:checking '/workspace/gz_control_ws/install/gz_ros2_control_tests/bin'
[4.910s] Level 1:colcon.colcon_core.environment:checking '/workspace/gz_control_ws/install/gz_ros2_control_tests/lib/pkgconfig/gz_ros2_control_tests.pc'
[4.910s] Level 1:colcon.colcon_core.environment:checking '/workspace/gz_control_ws/install/gz_ros2_control_tests/lib/python3.10/site-packages'
[4.910s] Level 1:colcon.colcon_core.environment:checking '/workspace/gz_control_ws/install/gz_ros2_control_tests/bin'
[4.911s] INFO:colcon.colcon_core.shell:Creating package script '/workspace/gz_control_ws/install/gz_ros2_control_tests/share/gz_ros2_control_tests/package.ps1'
[4.912s] INFO:colcon.colcon_core.shell:Creating package descriptor '/workspace/gz_control_ws/install/gz_ros2_control_tests/share/gz_ros2_control_tests/package.dsv'
[4.912s] INFO:colcon.colcon_core.shell:Creating package script '/workspace/gz_control_ws/install/gz_ros2_control_tests/share/gz_ros2_control_tests/package.sh'
[4.913s] INFO:colcon.colcon_core.shell:Creating package script '/workspace/gz_control_ws/install/gz_ros2_control_tests/share/gz_ros2_control_tests/package.bash'
[4.914s] INFO:colcon.colcon_core.shell:Creating package script '/workspace/gz_control_ws/install/gz_ros2_control_tests/share/gz_ros2_control_tests/package.zsh'
[4.914s] Level 1:colcon.colcon_core.environment:create_file_with_runtime_dependencies(/workspace/gz_control_ws/install/gz_ros2_control_tests/share/colcon-core/packages/gz_ros2_control_tests)
[4.915s] DEBUG:colcon.colcon_parallel_executor.executor.parallel:closing loop
[4.916s] DEBUG:colcon.colcon_parallel_executor.executor.parallel:loop closed
[4.916s] DEBUG:colcon.colcon_parallel_executor.executor.parallel:run_until_complete finished with '0'
[4.916s] DEBUG:colcon.colcon_core.event_reactor:joining thread
[4.925s] INFO:colcon.colcon_core.plugin_system:Skipping extension 'colcon_notification.desktop_notification.notify_send': Could not find 'notify-send'
[4.926s] INFO:colcon.colcon_core.plugin_system:Skipping extension 'colcon_notification.desktop_notification.terminal_notifier': Not used on non-Darwin systems
[4.926s] INFO:colcon.colcon_core.plugin_system:Skipping extension 'colcon_notification.desktop_notification.win32': Not used on non-Windows systems
[4.926s] INFO:colcon.colcon_notification.desktop_notification:Sending desktop notification using 'notify2'
[4.932s] DEBUG:colcon.colcon_notification.desktop_notification.notify2:Failed to initialize notify2: org.freedesktop.DBus.Error.Spawn.ExecFailed: /usr/bin/dbus-launch terminated abnormally without any error message
[4.932s] DEBUG:colcon.colcon_core.event_reactor:joined thread
[4.933s] INFO:colcon.colcon_core.shell:Creating prefix script '/workspace/gz_control_ws/install/local_setup.ps1'
[4.934s] INFO:colcon.colcon_core.shell:Creating prefix util module '/workspace/gz_control_ws/install/_local_setup_util_ps1.py'
[4.937s] INFO:colcon.colcon_core.shell:Creating prefix chain script '/workspace/gz_control_ws/install/setup.ps1'
[4.941s] INFO:colcon.colcon_core.shell:Creating prefix script '/workspace/gz_control_ws/install/local_setup.sh'
[4.942s] INFO:colcon.colcon_core.shell:Creating prefix util module '/workspace/gz_control_ws/install/_local_setup_util_sh.py'
[4.943s] INFO:colcon.colcon_core.shell:Creating prefix chain script '/workspace/gz_control_ws/install/setup.sh'
[4.947s] INFO:colcon.colcon_core.shell:Creating prefix script '/workspace/gz_control_ws/install/local_setup.bash'
[4.948s] INFO:colcon.colcon_core.shell:Creating prefix chain script '/workspace/gz_control_ws/install/setup.bash'
[4.951s] INFO:colcon.colcon_core.shell:Creating prefix script '/workspace/gz_control_ws/install/local_setup.zsh'
[4.952s] INFO:colcon.colcon_core.shell:Creating prefix chain script '/workspace/gz_control_ws/install/setup.zsh'
