[0.063s] Invoking command in '/workspace/build/quadruped_control': CMAKE_PREFIX_PATH=${CMAKE_PREFIX_PATH}:/opt/ros/humble /usr/bin/cmake /workspace/src/quadruped_control -DBUILD_TESTING=OFF -DAMENT_CMAKE_SYMLINK_INSTALL=1 -DCMAKE_INSTALL_PREFIX=/workspace/install/quadruped_control
[0.658s] -- The C compiler identification is GNU 11.4.0
[1.201s] -- The CXX compiler identification is GNU 11.4.0
[1.235s] -- Detecting C compiler ABI info
[1.962s] -- Detecting C compiler ABI info - done
[2.002s] -- Check for working C compiler: /usr/bin/cc - skipped
[2.004s] -- Detecting C compile features
[2.004s] -- Detecting C compile features - done
[2.013s] -- Detecting CXX compiler ABI info
[2.759s] -- Detecting CXX compiler ABI info - done
[2.779s] -- Check for working CXX compiler: /usr/bin/c++ - skipped
[2.779s] -- Detecting CXX compile features
[2.780s] -- Detecting CXX compile features - done
[2.795s] -- Found ament_cmake: 1.3.14 (/opt/ros/humble/share/ament_cmake/cmake)
[3.636s] -- Found Python3: /usr/bin/python3 (found version "3.10.12") found components: Interpreter 
[3.835s] -- Override CMake install command with custom implementation using symlinks instead of copying resources
[3.955s] -- Found rclcpp: 16.0.19 (/opt/ros/humble/share/rclcpp/cmake)
[4.221s] -- Found rosidl_generator_c: 3.1.9 (/opt/ros/humble/share/rosidl_generator_c/cmake)
[4.258s] -- Found rosidl_adapter: 3.1.9 (/opt/ros/humble/share/rosidl_adapter/cmake)
[4.353s] -- Found rosidl_generator_cpp: 3.1.9 (/opt/ros/humble/share/rosidl_generator_cpp/cmake)
[4.471s] -- Using all available rosidl_typesupport_c: rosidl_typesupport_fastrtps_c;rosidl_typesupport_introspection_c
[4.584s] -- Using all available rosidl_typesupport_cpp: rosidl_typesupport_fastrtps_cpp;rosidl_typesupport_introspection_cpp
[4.762s] -- Found rmw_implementation_cmake: 6.1.3 (/opt/ros/humble/share/rmw_implementation_cmake/cmake)
[4.774s] -- Found rmw_fastrtps_cpp: 6.2.10 (/opt/ros/humble/share/rmw_fastrtps_cpp/cmake)
[5.547s] -- Found OpenSSL: /usr/lib/x86_64-linux-gnu/libcrypto.so (found version "3.0.2")  
[5.606s] -- Found FastRTPS: /opt/ros/humble/include  
[5.736s] -- Using RMW implementation 'rmw_fastrtps_cpp' as default
[5.787s] -- Looking for pthread.h
[6.473s] -- Looking for pthread.h - found
[6.475s] -- Performing Test CMAKE_HAVE_LIBC_PTHREAD
[7.268s] -- Performing Test CMAKE_HAVE_LIBC_PTHREAD - Success
[7.270s] -- Found Threads: TRUE  
[7.385s] -- Found audio_common_msgs: 4.0.10 (/workspace/install/audio_common_msgs/share/audio_common_msgs/cmake)
[7.453s] -- Found orocos_kdl_vendor: 0.2.5 (/opt/ros/humble/share/orocos_kdl_vendor/cmake)
[7.480s] -- Found eigen3_cmake_module: 0.1.1 (/opt/ros/humble/share/eigen3_cmake_module/cmake)
[7.481s] -- Found Eigen3: TRUE (found version "3.4.0") 
[7.481s] -- Ensuring Eigen3 include directory is part of orocos-kdl CMake target
[7.498s] -- Found sensor_msgs: 4.9.2 (/opt/ros/humble/share/sensor_msgs/cmake)
[7.577s] -- Found cv_bridge: 3.2.1 (/opt/ros/humble/share/cv_bridge/cmake)
[7.598s] -- Found OpenCV: /usr (found version "4.5.4") 
[7.605s] -- whisper.cpp version: 1.9.3-dev
[7.633s] -- Found Git: /usr/bin/git (found version "2.34.1") 
[7.883s] -- The ASM compiler identification is GNU
[7.888s] -- Found assembler: /usr/bin/cc
[8.087s] -- Warning: ccache not found - consider installing it for faster compilation or disable this warning with GGML_CCACHE=OFF
[8.205s] -- CMAKE_SYSTEM_PROCESSOR: x86_64
[8.206s] -- GGML_SYSTEM_ARCH: x86
[10.247s] -- Found OpenMP_C: -fopenmp (found version "4.5") 
[10.981s] -- Found OpenMP_CXX: -fopenmp (found version "4.5") 
[10.981s] -- Found OpenMP: TRUE (found version "4.5")  
[10.986s] -- Including CPU backend
[10.989s] -- x86 detected
[10.991s] -- Adding CPU backend variant ggml-cpu: -march=native 
[11.013s] -- ggml version: 0.22.0
[11.014s] -- ggml commit:  97811330-dirty
[11.279s] -- Configuring done
[11.439s] -- Generating done
[11.537s] -- Build files have been written to: /workspace/build/quadruped_control
[11.559s] Invoked command in '/workspace/build/quadruped_control' returned '0': CMAKE_PREFIX_PATH=${CMAKE_PREFIX_PATH}:/opt/ros/humble /usr/bin/cmake /workspace/src/quadruped_control -DBUILD_TESTING=OFF -DAMENT_CMAKE_SYMLINK_INSTALL=1 -DCMAKE_INSTALL_PREFIX=/workspace/install/quadruped_control
[11.565s] Invoking command in '/workspace/build/quadruped_control': CMAKE_PREFIX_PATH=${CMAKE_PREFIX_PATH}:/opt/ros/humble /usr/bin/cmake --build /workspace/build/quadruped_control -- -j12 -l12
[12.205s] [  2%] [32mBuilding C object whisper/ggml/src/CMakeFiles/ggml-base.dir/ggml.c.o[0m
[12.214s] [  7%] [32mBuilding C object whisper/ggml/src/CMakeFiles/ggml-base.dir/ggml-alloc.c.o[0m
[12.216s] [  7%] [32mBuilding C object whisper/ggml/src/CMakeFiles/ggml-base.dir/ggml-quants.c.o[0m
[12.223s] [ 15%] [32mBuilding CXX object whisper/ggml/src/CMakeFiles/ggml-base.dir/ggml-opt.cpp.o[0m
[12.224s] [ 15%] [32mBuilding CXX object whisper/ggml/src/CMakeFiles/ggml-base.dir/ggml-backend-meta.cpp.o[0m
[12.226s] [ 15%] [32mBuilding CXX object whisper/ggml/src/CMakeFiles/ggml-base.dir/ggml.cpp.o[0m
[12.236s] [ 18%] [32mBuilding CXX object whisper/ggml/src/CMakeFiles/ggml-base.dir/ggml-backend.cpp.o[0m
[12.273s] [ 21%] [32mBuilding CXX object whisper/ggml/src/CMakeFiles/ggml-base.dir/ggml-threading.cpp.o[0m
[12.275s] [ 23%] [32mBuilding CXX object whisper/ggml/src/CMakeFiles/ggml-base.dir/gguf.cpp.o[0m
[19.574s] [ 26%] [32m[1mLinking CXX shared library ../../../bin/libggml-base.so[0m
[20.074s] [ 26%] Built target ggml-base
[20.389s] [ 28%] [32mBuilding CXX object whisper/ggml/src/CMakeFiles/ggml-cpu.dir/ggml-cpu/repack.cpp.o[0m
[20.395s] [ 34%] [32mBuilding CXX object whisper/ggml/src/CMakeFiles/ggml-cpu.dir/ggml-cpu/traits.cpp.o[0m
[20.399s] [ 34%] [32mBuilding CXX object whisper/ggml/src/CMakeFiles/ggml-cpu.dir/ggml-cpu/amx/amx.cpp.o[0m
[20.402s] [ 39%] [32mBuilding CXX object whisper/ggml/src/CMakeFiles/ggml-cpu.dir/ggml-cpu/amx/mmq.cpp.o[0m
[20.409s] [ 42%] [32mBuilding CXX object whisper/ggml/src/CMakeFiles/ggml-cpu.dir/ggml-cpu/binary-ops.cpp.o[0m
[20.423s] [ 44%] [32mBuilding CXX object whisper/ggml/src/CMakeFiles/ggml-cpu.dir/ggml-cpu/unary-ops.cpp.o[0m
[20.425s] [ 44%] [32mBuilding CXX object whisper/ggml/src/CMakeFiles/ggml-cpu.dir/ggml-cpu/ggml-cpu.cpp.o[0m
[20.434s] [ 47%] [32mBuilding C object whisper/ggml/src/CMakeFiles/ggml-cpu.dir/ggml-cpu/ggml-cpu.c.o[0m
[20.446s] [ 52%] [32mBuilding CXX object whisper/ggml/src/CMakeFiles/ggml-cpu.dir/ggml-cpu/hbm.cpp.o[0m
[20.452s] [ 52%] [32mBuilding C object whisper/ggml/src/CMakeFiles/ggml-cpu.dir/ggml-cpu/quants.c.o[0m
[20.458s] [ 55%] [32mBuilding CXX object whisper/ggml/src/CMakeFiles/ggml-cpu.dir/ggml-cpu/vec.cpp.o[0m
[20.465s] [ 57%] [32mBuilding CXX object whisper/ggml/src/CMakeFiles/ggml-cpu.dir/ggml-cpu/ops.cpp.o[0m
[20.923s] [ 60%] [32mBuilding C object whisper/ggml/src/CMakeFiles/ggml-cpu.dir/ggml-cpu/arch/x86/quants.c.o[0m
[23.076s] [ 63%] [32mBuilding CXX object whisper/ggml/src/CMakeFiles/ggml-cpu.dir/ggml-cpu/arch/x86/repack.cpp.o[0m
[29.840s] [ 65%] [32m[1mLinking CXX shared library ../../../bin/libggml-cpu.so[0m
[30.382s] [ 65%] Built target ggml-cpu
[30.671s] [ 71%] [32mBuilding CXX object whisper/ggml/src/CMakeFiles/ggml.dir/ggml-backend-reg.cpp.o[0m
[30.672s] [ 71%] [32mBuilding CXX object whisper/ggml/src/CMakeFiles/ggml.dir/ggml-backend-dl.cpp.o[0m
[32.856s] [ 73%] [32m[1mLinking CXX shared library ../../../bin/libggml.so[0m
[33.298s] [ 73%] Built target ggml
[33.533s] [ 76%] [32mBuilding CXX object whisper/src/CMakeFiles/whisper.dir/whisper.cpp.o[0m
[45.673s] [ 78%] [32m[1mLinking CXX shared library ../../bin/libwhisper.so[0m
[46.171s] [ 78%] Built target whisper
[46.427s] [ 84%] [32mBuilding CXX object CMakeFiles/quadruped.dir/src/Clients/ActionClient.cpp.o[0m
[46.433s] [ 86%] [32mBuilding CXX object CMakeFiles/quadruped.dir/src/Nodes/UserCommunicationNode.cpp.o[0m
[46.435s] [ 86%] [32mBuilding CXX object CMakeFiles/quadruped.dir/src/quadruped.cpp.o[0m
[46.442s] [ 89%] [32mBuilding CXX object CMakeFiles/quadruped.dir/src/Nodes/CameraDisplayNode.cpp.o[0m
[46.482s] [ 92%] [32mBuilding CXX object CMakeFiles/quadruped.dir/src/Nodes/Servo2040BridgeNode.cpp.o[0m
[46.493s] [ 97%] [32mBuilding CXX object CMakeFiles/quadruped.dir/src/Nodes/QuadrupedControllerNode.cpp.o[0m
[46.497s] [ 97%] [32mBuilding CXX object CMakeFiles/quadruped.dir/src/Services/ActionService.cpp.o[0m
[61.138s] [100%] [32m[1mLinking CXX executable quadruped[0m
[62.330s] [100%] Built target quadruped
[62.398s] Invoked command in '/workspace/build/quadruped_control' returned '0': CMAKE_PREFIX_PATH=${CMAKE_PREFIX_PATH}:/opt/ros/humble /usr/bin/cmake --build /workspace/build/quadruped_control -- -j12 -l12
[62.470s] Invoking command in '/workspace/build/quadruped_control': CMAKE_PREFIX_PATH=${CMAKE_PREFIX_PATH}:/opt/ros/humble /usr/bin/cmake --install /workspace/build/quadruped_control
[62.527s] -- Install configuration: "Release"
[62.530s] -- Execute custom install script
[62.536s] -- Symlinking: /workspace/install/quadruped_control//libggml-cpu.so.0.22.0
[62.580s] -- Symlinking: /workspace/install/quadruped_control//libggml-base.so.0.22.0
[62.622s] -- Symlinking: /workspace/install/quadruped_control/lib/cmake/ggml/ggml-config.cmake
[62.682s] -- Symlinking: /workspace/install/quadruped_control/lib/cmake/ggml/ggml-config-version.cmake
[62.738s] -- Symlinking: /workspace/install/quadruped_control/lib/cmake/whisper/whisper-config.cmake
[62.786s] -- Symlinking: /workspace/install/quadruped_control/lib/cmake/whisper/whisper-config-version.cmake
[62.833s] -- Symlinking: /workspace/install/quadruped_control/lib/pkgconfig/whisper.pc
[62.877s] -- Symlinking: /workspace/install/quadruped_control/lib/cmake/parakeet/parakeet-config.cmake
[62.917s] -- Symlinking: /workspace/install/quadruped_control/lib/cmake/parakeet/parakeet-config-version.cmake
[62.958s] -- Symlinking: /workspace/install/quadruped_control/lib/pkgconfig/parakeet.pc
[63.006s] -- Symlinking: /workspace/install/quadruped_control/lib/quadruped_control/quadruped
[63.063s] -- Symlinking: /workspace/install/quadruped_control/share/ament_index/resource_index/package_run_dependencies/quadruped_control
[63.119s] -- Symlinking: /workspace/install/quadruped_control/share/ament_index/resource_index/parent_prefix_path/quadruped_control
[63.202s] -- Symlinking: /workspace/install/quadruped_control/share/quadruped_control/environment/ament_prefix_path.sh
[63.262s] -- Symlinking: /workspace/install/quadruped_control/share/quadruped_control/environment/ament_prefix_path.dsv
[63.338s] -- Symlinking: /workspace/install/quadruped_control/share/quadruped_control/environment/path.sh
[63.383s] -- Symlinking: /workspace/install/quadruped_control/share/quadruped_control/environment/path.dsv
[63.459s] -- Symlinking: /workspace/install/quadruped_control/share/quadruped_control/local_setup.bash
[63.521s] -- Symlinking: /workspace/install/quadruped_control/share/quadruped_control/local_setup.sh
[63.583s] -- Symlinking: /workspace/install/quadruped_control/share/quadruped_control/local_setup.zsh
[63.626s] -- Symlinking: /workspace/install/quadruped_control/share/quadruped_control/local_setup.dsv
[63.712s] -- Symlinking: /workspace/install/quadruped_control/share/quadruped_control/package.dsv
[63.758s] -- Symlinking: /workspace/install/quadruped_control/share/ament_index/resource_index/packages/quadruped_control
[63.811s] -- Symlinking: /workspace/install/quadruped_control/share/quadruped_control/cmake/quadruped_controlConfig.cmake
[63.873s] -- Symlinking: /workspace/install/quadruped_control/share/quadruped_control/cmake/quadruped_controlConfig-version.cmake
[63.925s] -- Symlinking: /workspace/install/quadruped_control/share/quadruped_control/package.xml
[64.001s] Invoked command in '/workspace/build/quadruped_control' returned '0': CMAKE_PREFIX_PATH=${CMAKE_PREFIX_PATH}:/opt/ros/humble /usr/bin/cmake --install /workspace/build/quadruped_control
