[0.080s] Invoking command in '/workspace/build/quadruped_control': CMAKE_PREFIX_PATH=${CMAKE_PREFIX_PATH}:/opt/ros/humble /usr/bin/cmake /workspace/src/quadruped_control -DBUILD_TESTING=OFF -DAMENT_CMAKE_SYMLINK_INSTALL=1 -DCMAKE_INSTALL_PREFIX=/workspace/install/quadruped_control
[0.712s] -- The C compiler identification is GNU 11.4.0
[1.186s] -- The CXX compiler identification is GNU 11.4.0
[1.223s] -- Detecting C compiler ABI info
[1.897s] -- Detecting C compiler ABI info - done
[1.920s] -- Check for working C compiler: /usr/bin/cc - skipped
[1.921s] -- Detecting C compile features
[1.922s] -- Detecting C compile features - done
[1.927s] -- Detecting CXX compiler ABI info
[2.574s] -- Detecting CXX compiler ABI info - done
[2.599s] -- Check for working CXX compiler: /usr/bin/c++ - skipped
[2.599s] -- Detecting CXX compile features
[2.600s] -- Detecting CXX compile features - done
[2.624s] -- Found ament_cmake: 1.3.14 (/opt/ros/humble/share/ament_cmake/cmake)
[3.393s] -- Found Python3: /usr/bin/python3 (found version "3.10.12") found components: Interpreter 
[3.581s] -- Override CMake install command with custom implementation using symlinks instead of copying resources
[3.718s] -- Found rclcpp: 16.0.19 (/opt/ros/humble/share/rclcpp/cmake)
[3.863s] -- Found rosidl_generator_c: 3.1.9 (/opt/ros/humble/share/rosidl_generator_c/cmake)
[3.882s] -- Found rosidl_adapter: 3.1.9 (/opt/ros/humble/share/rosidl_adapter/cmake)
[3.912s] -- Found rosidl_generator_cpp: 3.1.9 (/opt/ros/humble/share/rosidl_generator_cpp/cmake)
[3.958s] -- Using all available rosidl_typesupport_c: rosidl_typesupport_fastrtps_c;rosidl_typesupport_introspection_c
[3.997s] -- Using all available rosidl_typesupport_cpp: rosidl_typesupport_fastrtps_cpp;rosidl_typesupport_introspection_cpp
[4.132s] -- Found rmw_implementation_cmake: 6.1.3 (/opt/ros/humble/share/rmw_implementation_cmake/cmake)
[4.142s] -- Found rmw_fastrtps_cpp: 6.2.10 (/opt/ros/humble/share/rmw_fastrtps_cpp/cmake)
[4.933s] -- Found OpenSSL: /usr/lib/x86_64-linux-gnu/libcrypto.so (found version "3.0.2")  
[4.996s] -- Found FastRTPS: /opt/ros/humble/include  
[5.103s] -- Using RMW implementation 'rmw_fastrtps_cpp' as default
[5.156s] -- Looking for pthread.h
[5.891s] -- Looking for pthread.h - found
[5.894s] -- Performing Test CMAKE_HAVE_LIBC_PTHREAD
[6.698s] -- Performing Test CMAKE_HAVE_LIBC_PTHREAD - Success
[6.701s] -- Found Threads: TRUE  
[6.808s] -- Found audio_common_msgs: 4.0.10 (/workspace/install/audio_common_msgs/share/audio_common_msgs/cmake)
[6.901s] -- Found orocos_kdl_vendor: 0.2.5 (/opt/ros/humble/share/orocos_kdl_vendor/cmake)
[6.934s] -- Found eigen3_cmake_module: 0.1.1 (/opt/ros/humble/share/eigen3_cmake_module/cmake)
[6.934s] -- Found Eigen3: TRUE (found version "3.4.0") 
[6.936s] -- Ensuring Eigen3 include directory is part of orocos-kdl CMake target
[6.953s] -- Found sensor_msgs: 4.9.2 (/opt/ros/humble/share/sensor_msgs/cmake)
[7.007s] -- Found cv_bridge: 3.2.1 (/opt/ros/humble/share/cv_bridge/cmake)
[7.027s] -- Found OpenCV: /usr (found version "4.5.4") 
[7.037s] -- whisper.cpp version: 1.9.3-dev
[7.068s] -- Found Git: /usr/bin/git (found version "2.34.1") 
[7.365s] -- The ASM compiler identification is GNU
[7.369s] -- Found assembler: /usr/bin/cc
[7.529s] -- Warning: ccache not found - consider installing it for faster compilation or disable this warning with GGML_CCACHE=OFF
[7.656s] -- CMAKE_SYSTEM_PROCESSOR: x86_64
[7.657s] -- GGML_SYSTEM_ARCH: x86
[9.680s] -- Found OpenMP_C: -fopenmp (found version "4.5") 
[10.347s] -- Found OpenMP_CXX: -fopenmp (found version "4.5") 
[10.349s] -- Found OpenMP: TRUE (found version "4.5")  
[10.357s] -- Including CPU backend
[10.359s] -- x86 detected
[10.362s] -- Adding CPU backend variant ggml-cpu: -march=native 
[10.384s] -- ggml version: 0.22.0
[10.385s] -- ggml commit:  97811330-dirty
[10.624s] -- Configuring done
[10.830s] -- Generating done
[10.922s] -- Build files have been written to: /workspace/build/quadruped_control
[10.957s] Invoked command in '/workspace/build/quadruped_control' returned '0': CMAKE_PREFIX_PATH=${CMAKE_PREFIX_PATH}:/opt/ros/humble /usr/bin/cmake /workspace/src/quadruped_control -DBUILD_TESTING=OFF -DAMENT_CMAKE_SYMLINK_INSTALL=1 -DCMAKE_INSTALL_PREFIX=/workspace/install/quadruped_control
[10.962s] Invoking command in '/workspace/build/quadruped_control': CMAKE_PREFIX_PATH=${CMAKE_PREFIX_PATH}:/opt/ros/humble /usr/bin/cmake --build /workspace/build/quadruped_control -- -j12 -l12
[11.552s] [  2%] [32mBuilding C object whisper/ggml/src/CMakeFiles/ggml-base.dir/ggml.c.o[0m
[11.559s] [ 10%] [32mBuilding CXX object whisper/ggml/src/CMakeFiles/ggml-base.dir/ggml-opt.cpp.o[0m
[11.565s] [ 10%] [32mBuilding C object whisper/ggml/src/CMakeFiles/ggml-base.dir/ggml-quants.c.o[0m
[11.569s] [ 13%] [32mBuilding CXX object whisper/ggml/src/CMakeFiles/ggml-base.dir/ggml.cpp.o[0m
[11.580s] [ 13%] [32mBuilding CXX object whisper/ggml/src/CMakeFiles/ggml-base.dir/ggml-backend.cpp.o[0m
[11.602s] [ 15%] [32mBuilding C object whisper/ggml/src/CMakeFiles/ggml-base.dir/ggml-alloc.c.o[0m
[11.616s] [ 18%] [32mBuilding CXX object whisper/ggml/src/CMakeFiles/ggml-base.dir/gguf.cpp.o[0m
[11.639s] [ 21%] [32mBuilding CXX object whisper/ggml/src/CMakeFiles/ggml-base.dir/ggml-threading.cpp.o[0m
[11.660s] [ 23%] [32mBuilding CXX object whisper/ggml/src/CMakeFiles/ggml-base.dir/ggml-backend-meta.cpp.o[0m
[18.236s] [ 26%] [32m[1mLinking CXX shared library ../../../bin/libggml-base.so[0m
[18.751s] [ 26%] Built target ggml-base
[19.038s] [ 31%] [32mBuilding C object whisper/ggml/src/CMakeFiles/ggml-cpu.dir/ggml-cpu/ggml-cpu.c.o[0m
[19.040s] [ 31%] [32mBuilding C object whisper/ggml/src/CMakeFiles/ggml-cpu.dir/ggml-cpu/quants.c.o[0m
[19.054s] [ 34%] [32mBuilding CXX object whisper/ggml/src/CMakeFiles/ggml-cpu.dir/ggml-cpu/ggml-cpu.cpp.o[0m
[19.060s] [ 36%] [32mBuilding CXX object whisper/ggml/src/CMakeFiles/ggml-cpu.dir/ggml-cpu/hbm.cpp.o[0m
[19.067s] [ 39%] [32mBuilding CXX object whisper/ggml/src/CMakeFiles/ggml-cpu.dir/ggml-cpu/vec.cpp.o[0m
[19.072s] [ 42%] [32mBuilding CXX object whisper/ggml/src/CMakeFiles/ggml-cpu.dir/ggml-cpu/ops.cpp.o[0m
[19.101s] [ 44%] [32mBuilding CXX object whisper/ggml/src/CMakeFiles/ggml-cpu.dir/ggml-cpu/repack.cpp.o[0m
[19.128s] [ 47%] [32mBuilding CXX object whisper/ggml/src/CMakeFiles/ggml-cpu.dir/ggml-cpu/binary-ops.cpp.o[0m
[19.134s] [ 52%] [32mBuilding CXX object whisper/ggml/src/CMakeFiles/ggml-cpu.dir/ggml-cpu/unary-ops.cpp.o[0m
[19.139s] [ 52%] [32mBuilding CXX object whisper/ggml/src/CMakeFiles/ggml-cpu.dir/ggml-cpu/traits.cpp.o[0m
[19.145s] [ 55%] [32mBuilding CXX object whisper/ggml/src/CMakeFiles/ggml-cpu.dir/ggml-cpu/amx/mmq.cpp.o[0m
[19.152s] [ 57%] [32mBuilding CXX object whisper/ggml/src/CMakeFiles/ggml-cpu.dir/ggml-cpu/amx/amx.cpp.o[0m
[19.590s] [ 60%] [32mBuilding C object whisper/ggml/src/CMakeFiles/ggml-cpu.dir/ggml-cpu/arch/x86/quants.c.o[0m
[21.600s] [ 63%] [32mBuilding CXX object whisper/ggml/src/CMakeFiles/ggml-cpu.dir/ggml-cpu/arch/x86/repack.cpp.o[0m
[28.309s] [ 65%] [32m[1mLinking CXX shared library ../../../bin/libggml-cpu.so[0m
[28.769s] [ 65%] Built target ggml-cpu
[29.029s] [ 71%] [32mBuilding CXX object whisper/ggml/src/CMakeFiles/ggml.dir/ggml-backend-dl.cpp.o[0m
[29.030s] [ 71%] [32mBuilding CXX object whisper/ggml/src/CMakeFiles/ggml.dir/ggml-backend-reg.cpp.o[0m
[31.097s] [ 73%] [32m[1mLinking CXX shared library ../../../bin/libggml.so[0m
[31.526s] [ 73%] Built target ggml
[31.754s] [ 76%] [32mBuilding CXX object whisper/src/CMakeFiles/whisper.dir/whisper.cpp.o[0m
[43.534s] [ 78%] [32m[1mLinking CXX shared library ../../bin/libwhisper.so[0m
[44.011s] [ 78%] Built target whisper
[44.280s] [ 81%] [32mBuilding CXX object CMakeFiles/quadruped.dir/src/Nodes/QuadrupedControllerNode.cpp.o[0m
[44.285s] [ 86%] [32mBuilding CXX object CMakeFiles/quadruped.dir/src/Clients/ActionClient.cpp.o[0m
[44.287s] [ 86%] [32mBuilding CXX object CMakeFiles/quadruped.dir/src/Nodes/CameraDisplayNode.cpp.o[0m
[44.289s] [ 92%] [32mBuilding CXX object CMakeFiles/quadruped.dir/src/Nodes/UserCommunicationNode.cpp.o[0m
[44.293s] [ 92%] [32mBuilding CXX object CMakeFiles/quadruped.dir/src/quadruped.cpp.o[0m
[44.297s] [ 94%] [32mBuilding CXX object CMakeFiles/quadruped.dir/src/Nodes/Servo2040BridgeNode.cpp.o[0m
[44.331s] [ 97%] [32mBuilding CXX object CMakeFiles/quadruped.dir/src/Services/ActionService.cpp.o[0m
[46.810s] [01m[K/workspace/src/quadruped_control/src/Nodes/Servo2040BridgeNode.cpp:[m[K In lambda function:
[46.811s] [01m[K/workspace/src/quadruped_control/src/Nodes/Servo2040BridgeNode.cpp:93:21:[m[K [01;31m[Kerror: [m[Kexpected ‘[01m[K,[m[K’ or ‘[01m[K;[m[K’ before ‘[01m[KpublishStatus[m[K’
[46.812s]    93 |                     [01;31m[KpublishStatus[m[K(
[46.812s]       |                     [01;31m[K^~~~~~~~~~~~~[m[K
[46.812s] [01m[K/workspace/src/quadruped_control/src/Nodes/Servo2040BridgeNode.cpp:91:32:[m[K [01;35m[Kwarning: [m[Kunused variable ‘[01m[Ksuccess[m[K’ [[01;35m[K]8;;https://gcc.gnu.org/onlinedocs/gcc/Warning-Options.html#index-Wunused-variable-Wunused-variable]8;;[m[K]
[46.812s]    91 |                     const bool [01;35m[Ksuccess[m[K = true
[46.813s]       |                                [01;35m[K^~~~~~~[m[K
[48.720s] gmake[2]: *** [CMakeFiles/quadruped.dir/build.make:118: CMakeFiles/quadruped.dir/src/Nodes/Servo2040BridgeNode.cpp.o] Error 1
[48.720s] gmake[2]: *** Waiting for unfinished jobs....
[56.580s] gmake[1]: *** [CMakeFiles/Makefile2:227: CMakeFiles/quadruped.dir/all] Error 2
[56.582s] gmake: *** [Makefile:146: all] Error 2
[56.590s] Invoked command in '/workspace/build/quadruped_control' returned '2': CMAKE_PREFIX_PATH=${CMAKE_PREFIX_PATH}:/opt/ros/humble /usr/bin/cmake --build /workspace/build/quadruped_control -- -j12 -l12
