[0.110s] Invoking command in '/workspace/gz_control_ws/build/ign_ros2_control_demos': AMENT_PREFIX_PATH=/workspace/gz_control_ws/install/gz_ros2_control_demos:/workspace/gz_control_ws/install/gz_ros2_control:${AMENT_PREFIX_PATH} CMAKE_PREFIX_PATH=/workspace/gz_control_ws/install/gz_ros2_control_demos:/workspace/gz_control_ws/install/gz_ros2_control:/workspace/install/voice_control:/workspace/install/quadruped_sim:/workspace/install/quadruped_control:/workspace/install/audio_common:/workspace/install/audio_common_msgs:/opt/ros/humble LD_LIBRARY_PATH=/workspace/gz_control_ws/install/gz_ros2_control_demos/lib:/workspace/gz_control_ws/install/gz_ros2_control/lib:${LD_LIBRARY_PATH} /usr/bin/cmake /workspace/gz_control_ws/src/gz_ros2_control/ign_ros2_control_demos -DAMENT_CMAKE_SYMLINK_INSTALL=1 -DCMAKE_INSTALL_PREFIX=/workspace/gz_control_ws/install/ign_ros2_control_demos
[0.629s] -- The C compiler identification is GNU 11.4.0
[1.005s] -- The CXX compiler identification is GNU 11.4.0
[1.039s] -- Detecting C compiler ABI info
[1.699s] -- Detecting C compiler ABI info - done
[1.718s] -- Check for working C compiler: /usr/bin/cc - skipped
[1.719s] -- Detecting C compile features
[1.719s] -- Detecting C compile features - done
[1.723s] -- Detecting CXX compiler ABI info
[2.377s] -- Detecting CXX compiler ABI info - done
[2.395s] -- Check for working CXX compiler: /usr/bin/c++ - skipped
[2.396s] -- Detecting CXX compile features
[2.396s] -- Detecting CXX compile features - done
[2.425s] -- Found ament_cmake: 1.3.14 (/opt/ros/humble/share/ament_cmake/cmake)
[3.177s] -- Found Python3: /usr/bin/python3 (found version "3.10.12") found components: Interpreter 
[3.364s] -- Override CMake install command with custom implementation using symlinks instead of copying resources
[3.711s] -- Found ament_index_cpp: 1.4.1 (/opt/ros/humble/share/ament_index_cpp/cmake)
[3.736s] -- Found ament_cmake_gtest: 1.3.14 (/opt/ros/humble/share/ament_cmake_gtest/cmake)
[3.754s] -- Found ament_lint_auto: 0.12.15 (/opt/ros/humble/share/ament_lint_auto/cmake)
[4.086s] -- Added test 'copyright' to check source files copyright and LICENSE
[4.097s] -- Added test 'cppcheck' to perform static code analysis on C / C++ code
[4.097s] -- Configured cppcheck include dirs: 
[4.097s] -- Configured cppcheck exclude dirs and/or files: 
[4.107s] -- Added test 'cpplint' to check C / C++ code against the Google style
[4.108s] -- Configured cpplint exclude dirs and/or files: 
[4.112s] -- Added test 'flake8' to check Python code syntax and style conventions
[4.117s] -- Added test 'lint_cmake' to check CMake code style
[4.122s] -- Added test 'pep257' to check Python code against some of the docstring style conventions in PEP 257
[4.132s] -- Added test 'uncrustify' to check C / C++ code style
[4.133s] -- Configured uncrustify additional arguments: 
[4.137s] -- Added test 'xmllint' to check XML markup files
[4.154s] -- Configuring done
[4.241s] -- Generating done
[4.280s] -- Build files have been written to: /workspace/gz_control_ws/build/ign_ros2_control_demos
[4.288s] Invoked command in '/workspace/gz_control_ws/build/ign_ros2_control_demos' returned '0': AMENT_PREFIX_PATH=/workspace/gz_control_ws/install/gz_ros2_control_demos:/workspace/gz_control_ws/install/gz_ros2_control:${AMENT_PREFIX_PATH} CMAKE_PREFIX_PATH=/workspace/gz_control_ws/install/gz_ros2_control_demos:/workspace/gz_control_ws/install/gz_ros2_control:/workspace/install/voice_control:/workspace/install/quadruped_sim:/workspace/install/quadruped_control:/workspace/install/audio_common:/workspace/install/audio_common_msgs:/opt/ros/humble LD_LIBRARY_PATH=/workspace/gz_control_ws/install/gz_ros2_control_demos/lib:/workspace/gz_control_ws/install/gz_ros2_control/lib:${LD_LIBRARY_PATH} /usr/bin/cmake /workspace/gz_control_ws/src/gz_ros2_control/ign_ros2_control_demos -DAMENT_CMAKE_SYMLINK_INSTALL=1 -DCMAKE_INSTALL_PREFIX=/workspace/gz_control_ws/install/ign_ros2_control_demos
[4.293s] Invoking command in '/workspace/gz_control_ws/build/ign_ros2_control_demos': AMENT_PREFIX_PATH=/workspace/gz_control_ws/install/gz_ros2_control_demos:/workspace/gz_control_ws/install/gz_ros2_control:${AMENT_PREFIX_PATH} CMAKE_PREFIX_PATH=/workspace/gz_control_ws/install/gz_ros2_control_demos:/workspace/gz_control_ws/install/gz_ros2_control:/workspace/install/voice_control:/workspace/install/quadruped_sim:/workspace/install/quadruped_control:/workspace/install/audio_common:/workspace/install/audio_common_msgs:/opt/ros/humble LD_LIBRARY_PATH=/workspace/gz_control_ws/install/gz_ros2_control_demos/lib:/workspace/gz_control_ws/install/gz_ros2_control/lib:${LD_LIBRARY_PATH} /usr/bin/cmake --build /workspace/gz_control_ws/build/ign_ros2_control_demos -- -j12 -l12
[4.925s] [ 14%] [32mBuilding CXX object CMakeFiles/example_diff_drive.dir/examples/example_diff_drive.cpp.o[0m
[4.929s] [ 14%] [32mBuilding CXX object CMakeFiles/example_velocity.dir/examples/example_position.cpp.o[0m
[4.945s] [ 28%] [32mBuilding CXX object CMakeFiles/example_tricycle_drive.dir/examples/example_tricycle_drive.cpp.o[0m
[4.947s] [ 28%] [32mBuilding CXX object CMakeFiles/example_position.dir/examples/example_position.cpp.o[0m
[4.976s] [ 35%] [32mBuilding CXX object CMakeFiles/example_gripper.dir/examples/example_gripper.cpp.o[0m
[4.991s] [ 42%] [32mBuilding CXX object CMakeFiles/example_ackermann_drive.dir/examples/example_ackermann_drive.cpp.o[0m
[5.033s] [ 50%] [32mBuilding CXX object CMakeFiles/example_effort.dir/examples/example_position.cpp.o[0m
[5.797s] [ 57%] [32m[1mLinking CXX executable example_position[0m
[5.817s] [ 64%] [32m[1mLinking CXX executable example_gripper[0m
[5.820s] [ 71%] [32m[1mLinking CXX executable example_tricycle_drive[0m
[5.837s] [ 78%] [32m[1mLinking CXX executable example_velocity[0m
[5.842s] [ 85%] [32m[1mLinking CXX executable example_diff_drive[0m
[5.868s] [ 92%] [32m[1mLinking CXX executable example_ackermann_drive[0m
[5.882s] [100%] [32m[1mLinking CXX executable example_effort[0m
[6.335s] [100%] Built target example_position
[6.355s] [100%] Built target example_gripper
[6.357s] [100%] Built target example_tricycle_drive
[6.414s] [100%] Built target example_velocity
[6.415s] [100%] Built target example_diff_drive
[6.418s] [100%] Built target example_effort
[6.435s] [100%] Built target example_ackermann_drive
[6.498s] Invoked command in '/workspace/gz_control_ws/build/ign_ros2_control_demos' returned '0': AMENT_PREFIX_PATH=/workspace/gz_control_ws/install/gz_ros2_control_demos:/workspace/gz_control_ws/install/gz_ros2_control:${AMENT_PREFIX_PATH} CMAKE_PREFIX_PATH=/workspace/gz_control_ws/install/gz_ros2_control_demos:/workspace/gz_control_ws/install/gz_ros2_control:/workspace/install/voice_control:/workspace/install/quadruped_sim:/workspace/install/quadruped_control:/workspace/install/audio_common:/workspace/install/audio_common_msgs:/opt/ros/humble LD_LIBRARY_PATH=/workspace/gz_control_ws/install/gz_ros2_control_demos/lib:/workspace/gz_control_ws/install/gz_ros2_control/lib:${LD_LIBRARY_PATH} /usr/bin/cmake --build /workspace/gz_control_ws/build/ign_ros2_control_demos -- -j12 -l12
[6.504s] Invoking command in '/workspace/gz_control_ws/build/ign_ros2_control_demos': AMENT_PREFIX_PATH=/workspace/gz_control_ws/install/gz_ros2_control_demos:/workspace/gz_control_ws/install/gz_ros2_control:${AMENT_PREFIX_PATH} CMAKE_PREFIX_PATH=/workspace/gz_control_ws/install/gz_ros2_control_demos:/workspace/gz_control_ws/install/gz_ros2_control:/workspace/install/voice_control:/workspace/install/quadruped_sim:/workspace/install/quadruped_control:/workspace/install/audio_common:/workspace/install/audio_common_msgs:/opt/ros/humble LD_LIBRARY_PATH=/workspace/gz_control_ws/install/gz_ros2_control_demos/lib:/workspace/gz_control_ws/install/gz_ros2_control/lib:${LD_LIBRARY_PATH} /usr/bin/cmake --install /workspace/gz_control_ws/build/ign_ros2_control_demos
[6.572s] -- Install configuration: ""
[6.576s] -- Execute custom install script
[6.586s] -- Symlinking: /workspace/gz_control_ws/install/ign_ros2_control_demos/share/ign_ros2_control_demos//launch/ackermann_drive_example.launch.py
[6.641s] -- Symlinking: /workspace/gz_control_ws/install/ign_ros2_control_demos/share/ign_ros2_control_demos//launch/cart_example_effort.launch.py
[6.696s] -- Symlinking: /workspace/gz_control_ws/install/ign_ros2_control_demos/share/ign_ros2_control_demos//launch/cart_example_position.launch.py
[6.750s] -- Symlinking: /workspace/gz_control_ws/install/ign_ros2_control_demos/share/ign_ros2_control_demos//launch/cart_example_velocity.launch.py
[6.800s] -- Symlinking: /workspace/gz_control_ws/install/ign_ros2_control_demos/share/ign_ros2_control_demos//launch/diff_drive_example.launch.py
[6.851s] -- Symlinking: /workspace/gz_control_ws/install/ign_ros2_control_demos/share/ign_ros2_control_demos//launch/diff_drive_example_namespaced.launch.py
[6.902s] -- Symlinking: /workspace/gz_control_ws/install/ign_ros2_control_demos/share/ign_ros2_control_demos//launch/gripper_mimic_joint_example.launch.py
[6.952s] -- Symlinking: /workspace/gz_control_ws/install/ign_ros2_control_demos/share/ign_ros2_control_demos//launch/pendulum_example_effort.launch.py
[7.004s] -- Symlinking: /workspace/gz_control_ws/install/ign_ros2_control_demos/share/ign_ros2_control_demos//launch/pendulum_example_position.launch.py
[7.053s] -- Symlinking: /workspace/gz_control_ws/install/ign_ros2_control_demos/share/ign_ros2_control_demos//launch/tricycle_drive_example.launch.py
[7.105s] -- Symlinking: /workspace/gz_control_ws/install/ign_ros2_control_demos/share/ign_ros2_control_demos//urdf/test_cart_position.xacro.urdf
[7.155s] -- Symlinking: /workspace/gz_control_ws/install/ign_ros2_control_demos/lib/ign_ros2_control_demos/example_position
[7.205s] -- Symlinking: /workspace/gz_control_ws/install/ign_ros2_control_demos/lib/ign_ros2_control_demos/example_velocity
[7.254s] -- Symlinking: /workspace/gz_control_ws/install/ign_ros2_control_demos/lib/ign_ros2_control_demos/example_effort
[7.306s] -- Symlinking: /workspace/gz_control_ws/install/ign_ros2_control_demos/lib/ign_ros2_control_demos/example_diff_drive
[7.363s] -- Symlinking: /workspace/gz_control_ws/install/ign_ros2_control_demos/lib/ign_ros2_control_demos/example_tricycle_drive
[7.413s] -- Symlinking: /workspace/gz_control_ws/install/ign_ros2_control_demos/lib/ign_ros2_control_demos/example_ackermann_drive
[7.463s] -- Symlinking: /workspace/gz_control_ws/install/ign_ros2_control_demos/lib/ign_ros2_control_demos/example_gripper
[7.512s] -- Symlinking: /workspace/gz_control_ws/install/ign_ros2_control_demos/share/ament_index/resource_index/package_run_dependencies/ign_ros2_control_demos
[7.563s] -- Symlinking: /workspace/gz_control_ws/install/ign_ros2_control_demos/share/ament_index/resource_index/parent_prefix_path/ign_ros2_control_demos
[7.613s] -- Symlinking: /workspace/gz_control_ws/install/ign_ros2_control_demos/share/ign_ros2_control_demos/environment/ament_prefix_path.sh
[7.662s] -- Symlinking: /workspace/gz_control_ws/install/ign_ros2_control_demos/share/ign_ros2_control_demos/environment/ament_prefix_path.dsv
[7.710s] -- Symlinking: /workspace/gz_control_ws/install/ign_ros2_control_demos/share/ign_ros2_control_demos/environment/path.sh
[7.762s] -- Symlinking: /workspace/gz_control_ws/install/ign_ros2_control_demos/share/ign_ros2_control_demos/environment/path.dsv
[7.811s] -- Symlinking: /workspace/gz_control_ws/install/ign_ros2_control_demos/share/ign_ros2_control_demos/local_setup.bash
[7.859s] -- Symlinking: /workspace/gz_control_ws/install/ign_ros2_control_demos/share/ign_ros2_control_demos/local_setup.sh
[7.908s] -- Symlinking: /workspace/gz_control_ws/install/ign_ros2_control_demos/share/ign_ros2_control_demos/local_setup.zsh
[7.959s] -- Symlinking: /workspace/gz_control_ws/install/ign_ros2_control_demos/share/ign_ros2_control_demos/local_setup.dsv
[8.009s] -- Symlinking: /workspace/gz_control_ws/install/ign_ros2_control_demos/share/ign_ros2_control_demos/package.dsv
[8.057s] -- Symlinking: /workspace/gz_control_ws/install/ign_ros2_control_demos/share/ament_index/resource_index/packages/ign_ros2_control_demos
[8.106s] -- Symlinking: /workspace/gz_control_ws/install/ign_ros2_control_demos/share/ign_ros2_control_demos/cmake/ign_ros2_control_demosConfig.cmake
[8.155s] -- Symlinking: /workspace/gz_control_ws/install/ign_ros2_control_demos/share/ign_ros2_control_demos/cmake/ign_ros2_control_demosConfig-version.cmake
[8.203s] -- Symlinking: /workspace/gz_control_ws/install/ign_ros2_control_demos/share/ign_ros2_control_demos/package.xml
[8.258s] Invoked command in '/workspace/gz_control_ws/build/ign_ros2_control_demos' returned '0': AMENT_PREFIX_PATH=/workspace/gz_control_ws/install/gz_ros2_control_demos:/workspace/gz_control_ws/install/gz_ros2_control:${AMENT_PREFIX_PATH} CMAKE_PREFIX_PATH=/workspace/gz_control_ws/install/gz_ros2_control_demos:/workspace/gz_control_ws/install/gz_ros2_control:/workspace/install/voice_control:/workspace/install/quadruped_sim:/workspace/install/quadruped_control:/workspace/install/audio_common:/workspace/install/audio_common_msgs:/opt/ros/humble LD_LIBRARY_PATH=/workspace/gz_control_ws/install/gz_ros2_control_demos/lib:/workspace/gz_control_ws/install/gz_ros2_control/lib:${LD_LIBRARY_PATH} /usr/bin/cmake --install /workspace/gz_control_ws/build/ign_ros2_control_demos
