[0.113s] Invoking command in '/workspace/gz_control_ws/build/ign_ros2_control': AMENT_PREFIX_PATH=/workspace/gz_control_ws/install/gz_ros2_control:${AMENT_PREFIX_PATH} CMAKE_PREFIX_PATH=/workspace/gz_control_ws/install/gz_ros2_control:/workspace/install/voice_control:/workspace/install/quadruped_sim:/workspace/install/quadruped_control:/workspace/install/audio_common:/workspace/install/audio_common_msgs:/opt/ros/humble LD_LIBRARY_PATH=/workspace/gz_control_ws/install/gz_ros2_control/lib:${LD_LIBRARY_PATH} /usr/bin/cmake --build /workspace/gz_control_ws/build/ign_ros2_control -- -j12 -l12
[0.452s] Invoked command in '/workspace/gz_control_ws/build/ign_ros2_control' returned '0': AMENT_PREFIX_PATH=/workspace/gz_control_ws/install/gz_ros2_control:${AMENT_PREFIX_PATH} CMAKE_PREFIX_PATH=/workspace/gz_control_ws/install/gz_ros2_control:/workspace/install/voice_control:/workspace/install/quadruped_sim:/workspace/install/quadruped_control:/workspace/install/audio_common:/workspace/install/audio_common_msgs:/opt/ros/humble LD_LIBRARY_PATH=/workspace/gz_control_ws/install/gz_ros2_control/lib:${LD_LIBRARY_PATH} /usr/bin/cmake --build /workspace/gz_control_ws/build/ign_ros2_control -- -j12 -l12
[0.461s] Invoking command in '/workspace/gz_control_ws/build/ign_ros2_control': AMENT_PREFIX_PATH=/workspace/gz_control_ws/install/gz_ros2_control:${AMENT_PREFIX_PATH} CMAKE_PREFIX_PATH=/workspace/gz_control_ws/install/gz_ros2_control:/workspace/install/voice_control:/workspace/install/quadruped_sim:/workspace/install/quadruped_control:/workspace/install/audio_common:/workspace/install/audio_common_msgs:/opt/ros/humble LD_LIBRARY_PATH=/workspace/gz_control_ws/install/gz_ros2_control/lib:${LD_LIBRARY_PATH} /usr/bin/cmake --install /workspace/gz_control_ws/build/ign_ros2_control
[0.540s] -- Install configuration: ""
[0.546s] -- Execute custom install script
[0.563s] -- Up-to-date symlink: /workspace/gz_control_ws/install/ign_ros2_control/share/ament_index/resource_index/package_run_dependencies/ign_ros2_control
[0.569s] -- Up-to-date symlink: /workspace/gz_control_ws/install/ign_ros2_control/share/ament_index/resource_index/parent_prefix_path/ign_ros2_control
[0.570s] -- Up-to-date symlink: /workspace/gz_control_ws/install/ign_ros2_control/share/ign_ros2_control/environment/ament_prefix_path.sh
[0.572s] -- Up-to-date symlink: /workspace/gz_control_ws/install/ign_ros2_control/share/ign_ros2_control/environment/ament_prefix_path.dsv
[0.574s] -- Up-to-date symlink: /workspace/gz_control_ws/install/ign_ros2_control/share/ign_ros2_control/environment/path.sh
[0.576s] -- Up-to-date symlink: /workspace/gz_control_ws/install/ign_ros2_control/share/ign_ros2_control/environment/path.dsv
[0.580s] -- Up-to-date symlink: /workspace/gz_control_ws/install/ign_ros2_control/share/ign_ros2_control/local_setup.bash
[0.582s] -- Up-to-date symlink: /workspace/gz_control_ws/install/ign_ros2_control/share/ign_ros2_control/local_setup.sh
[0.584s] -- Up-to-date symlink: /workspace/gz_control_ws/install/ign_ros2_control/share/ign_ros2_control/local_setup.zsh
[0.587s] -- Up-to-date symlink: /workspace/gz_control_ws/install/ign_ros2_control/share/ign_ros2_control/local_setup.dsv
[0.590s] -- Symlinking: /workspace/gz_control_ws/install/ign_ros2_control/share/ign_ros2_control/package.dsv
[0.646s] -- Up-to-date symlink: /workspace/gz_control_ws/install/ign_ros2_control/share/ament_index/resource_index/packages/ign_ros2_control
[0.649s] -- Up-to-date symlink: /workspace/gz_control_ws/install/ign_ros2_control/share/ign_ros2_control/cmake/ign_ros2_controlConfig.cmake
[0.652s] -- Up-to-date symlink: /workspace/gz_control_ws/install/ign_ros2_control/share/ign_ros2_control/cmake/ign_ros2_controlConfig-version.cmake
[0.656s] -- Up-to-date symlink: /workspace/gz_control_ws/install/ign_ros2_control/share/ign_ros2_control/package.xml
[0.659s] Invoked command in '/workspace/gz_control_ws/build/ign_ros2_control' returned '0': AMENT_PREFIX_PATH=/workspace/gz_control_ws/install/gz_ros2_control:${AMENT_PREFIX_PATH} CMAKE_PREFIX_PATH=/workspace/gz_control_ws/install/gz_ros2_control:/workspace/install/voice_control:/workspace/install/quadruped_sim:/workspace/install/quadruped_control:/workspace/install/audio_common:/workspace/install/audio_common_msgs:/opt/ros/humble LD_LIBRARY_PATH=/workspace/gz_control_ws/install/gz_ros2_control/lib:${LD_LIBRARY_PATH} /usr/bin/cmake --install /workspace/gz_control_ws/build/ign_ros2_control
