[0.330s] DEBUG:colcon:Command line arguments: ['/usr/bin/colcon', 'build', '--packages-select', 'quadruped_control', '--symlink-install', '--cmake-clean-cache', '--cmake-args', '-DBUILD_TESTING=OFF']
[0.333s] DEBUG:colcon:Parsed command line arguments: Namespace(log_base=None, log_level=None, verb_name='build', build_base='build', install_base='install', merge_install=False, symlink_install=True, test_result_base=None, continue_on_error=False, executor='parallel', parallel_workers=12, event_handlers=None, ignore_user_meta=False, metas=['./colcon.meta'], base_paths=['.'], packages_ignore=None, packages_ignore_regex=None, paths=None, packages_up_to=None, packages_up_to_regex=None, packages_above=None, packages_above_and_dependencies=None, packages_above_depth=None, packages_select_by_dep=None, packages_skip_by_dep=None, packages_skip_up_to=None, packages_select_build_failed=False, packages_skip_build_finished=False, packages_select_test_failures=False, packages_skip_test_passed=False, packages_select=['quadruped_control'], packages_skip=None, packages_select_regex=None, packages_skip_regex=None, packages_start=None, packages_end=None, cmake_args=['-DBUILD_TESTING=OFF'], cmake_target=None, cmake_target_skip_unavailable=False, cmake_clean_cache=True, cmake_clean_first=False, cmake_force_configure=False, meson_args=[], ament_cmake_args=None, catkin_cmake_args=None, catkin_skip_building_tests=False, mixin_files=None, mixin=None, verb_parser=<colcon_mixin.mixin.mixin_argument.MixinArgumentDecorator object at 0x7ffffe238d30>, verb_extension=<colcon_core.verb.build.BuildVerb object at 0x7ffffe2387c0>, main=<bound method BuildVerb.main of <colcon_core.verb.build.BuildVerb object at 0x7ffffe2387c0>>, mixin_verb=('build',))
[0.504s] Level 1:colcon.colcon_core.package_discovery:discover_packages(colcon_meta) check parameters
[0.504s] INFO:colcon.colcon_metadata.package_discovery.colcon_meta:Using configuration from '/root/.colcon/metadata/default/Gazebo.meta'
[0.506s] INFO:colcon.colcon_metadata.package_discovery.colcon_meta:Using configuration from '/root/.colcon/metadata/default/fastdds.meta'
[0.509s] INFO:colcon.colcon_metadata.package_discovery.colcon_meta:Using configuration from '/root/.colcon/metadata/default/fastrtps.meta'
[0.511s] Level 1:colcon.colcon_core.package_discovery:discover_packages(recursive) check parameters
[0.511s] Level 1:colcon.colcon_core.package_discovery:discover_packages(ignore) check parameters
[0.513s] Level 1:colcon.colcon_core.package_discovery:discover_packages(path) check parameters
[0.513s] Level 1:colcon.colcon_core.package_discovery:discover_packages(colcon_meta) discover
[0.514s] Level 1:colcon.colcon_core.package_discovery:discover_packages(recursive) discover
[0.514s] INFO:colcon.colcon_core.package_discovery:Crawling recursively for packages in '/workspace'
[0.516s] Level 1:colcon.colcon_core.package_identification:_identify(.) by extensions ['ignore', 'ignore_ament_install']
[0.517s] Level 1:colcon.colcon_core.package_identification:_identify(.) by extension 'ignore'
[0.518s] Level 1:colcon.colcon_core.package_identification:_identify(.) by extension 'ignore_ament_install'
[0.519s] Level 1:colcon.colcon_core.package_identification:_identify(.) by extensions ['colcon_pkg']
[0.519s] Level 1:colcon.colcon_core.package_identification:_identify(.) by extension 'colcon_pkg'
[0.519s] Level 1:colcon.colcon_core.package_identification:_identify(.) by extensions ['colcon_meta']
[0.519s] Level 1:colcon.colcon_core.package_identification:_identify(.) by extension 'colcon_meta'
[0.520s] Level 1:colcon.colcon_core.package_identification:_identify(.) by extensions ['ros']
[0.520s] Level 1:colcon.colcon_core.package_identification:_identify(.) by extension 'ros'
[0.530s] Level 1:colcon.colcon_core.package_identification:_identify(.) by extensions ['cmake', 'meson', 'python']
[0.530s] Level 1:colcon.colcon_core.package_identification:_identify(.) by extension 'cmake'
[0.531s] Level 1:colcon.colcon_core.package_identification:_identify(.) by extension 'meson'
[0.532s] Level 1:colcon.colcon_core.package_identification:_identify(.) by extension 'python'
[0.533s] Level 1:colcon.colcon_core.package_identification:_identify(.) by extensions ['python_setup_py']
[0.533s] Level 1:colcon.colcon_core.package_identification:_identify(.) by extension 'python_setup_py'
[0.539s] Level 1:colcon.colcon_core.package_identification:_identify(Quadruped_textures) by extensions ['ignore', 'ignore_ament_install']
[0.539s] Level 1:colcon.colcon_core.package_identification:_identify(Quadruped_textures) by extension 'ignore'
[0.539s] Level 1:colcon.colcon_core.package_identification:_identify(Quadruped_textures) by extension 'ignore_ament_install'
[0.540s] Level 1:colcon.colcon_core.package_identification:_identify(Quadruped_textures) by extensions ['colcon_pkg']
[0.540s] Level 1:colcon.colcon_core.package_identification:_identify(Quadruped_textures) by extension 'colcon_pkg'
[0.540s] Level 1:colcon.colcon_core.package_identification:_identify(Quadruped_textures) by extensions ['colcon_meta']
[0.540s] Level 1:colcon.colcon_core.package_identification:_identify(Quadruped_textures) by extension 'colcon_meta'
[0.540s] Level 1:colcon.colcon_core.package_identification:_identify(Quadruped_textures) by extensions ['ros']
[0.540s] Level 1:colcon.colcon_core.package_identification:_identify(Quadruped_textures) by extension 'ros'
[0.540s] Level 1:colcon.colcon_core.package_identification:_identify(Quadruped_textures) by extensions ['cmake', 'meson', 'python']
[0.540s] Level 1:colcon.colcon_core.package_identification:_identify(Quadruped_textures) by extension 'cmake'
[0.541s] Level 1:colcon.colcon_core.package_identification:_identify(Quadruped_textures) by extension 'meson'
[0.542s] Level 1:colcon.colcon_core.package_identification:_identify(Quadruped_textures) by extension 'python'
[0.543s] Level 1:colcon.colcon_core.package_identification:_identify(Quadruped_textures) by extensions ['python_setup_py']
[0.545s] Level 1:colcon.colcon_core.package_identification:_identify(Quadruped_textures) by extension 'python_setup_py'
[0.545s] Level 1:colcon.colcon_core.package_identification:_identify(audio_common) by extensions ['ignore', 'ignore_ament_install']
[0.546s] Level 1:colcon.colcon_core.package_identification:_identify(audio_common) by extension 'ignore'
[0.546s] Level 1:colcon.colcon_core.package_identification:_identify(audio_common) by extension 'ignore_ament_install'
[0.546s] Level 1:colcon.colcon_core.package_identification:_identify(audio_common) by extensions ['colcon_pkg']
[0.546s] Level 1:colcon.colcon_core.package_identification:_identify(audio_common) by extension 'colcon_pkg'
[0.546s] Level 1:colcon.colcon_core.package_identification:_identify(audio_common) by extensions ['colcon_meta']
[0.546s] Level 1:colcon.colcon_core.package_identification:_identify(audio_common) by extension 'colcon_meta'
[0.547s] Level 1:colcon.colcon_core.package_identification:_identify(audio_common) by extensions ['ros']
[0.547s] Level 1:colcon.colcon_core.package_identification:_identify(audio_common) by extension 'ros'
[0.547s] Level 1:colcon.colcon_core.package_identification:_identify(audio_common) by extensions ['cmake', 'meson', 'python']
[0.547s] Level 1:colcon.colcon_core.package_identification:_identify(audio_common) by extension 'cmake'
[0.548s] Level 1:colcon.colcon_core.package_identification:_identify(audio_common) by extension 'meson'
[0.549s] Level 1:colcon.colcon_core.package_identification:_identify(audio_common) by extension 'python'
[0.549s] Level 1:colcon.colcon_core.package_identification:_identify(audio_common) by extensions ['python_setup_py']
[0.549s] Level 1:colcon.colcon_core.package_identification:_identify(audio_common) by extension 'python_setup_py'
[0.549s] Level 1:colcon.colcon_core.package_identification:_identify(audio_common/audio_common) by extensions ['ignore', 'ignore_ament_install']
[0.550s] Level 1:colcon.colcon_core.package_identification:_identify(audio_common/audio_common) by extension 'ignore'
[0.550s] Level 1:colcon.colcon_core.package_identification:_identify(audio_common/audio_common) by extension 'ignore_ament_install'
[0.550s] Level 1:colcon.colcon_core.package_identification:_identify(audio_common/audio_common) by extensions ['colcon_pkg']
[0.550s] Level 1:colcon.colcon_core.package_identification:_identify(audio_common/audio_common) by extension 'colcon_pkg'
[0.551s] Level 1:colcon.colcon_core.package_identification:_identify(audio_common/audio_common) by extensions ['colcon_meta']
[0.551s] Level 1:colcon.colcon_core.package_identification:_identify(audio_common/audio_common) by extension 'colcon_meta'
[0.552s] Level 1:colcon.colcon_core.package_identification:_identify(audio_common/audio_common) by extensions ['ros']
[0.552s] Level 1:colcon.colcon_core.package_identification:_identify(audio_common/audio_common) by extension 'ros'
[0.559s] DEBUG:colcon.colcon_core.package_identification:Package 'audio_common/audio_common' with type 'ros.ament_cmake' and name 'audio_common'
[0.559s] Level 1:colcon.colcon_core.package_identification:_identify(audio_common/audio_common_msgs) by extensions ['ignore', 'ignore_ament_install']
[0.560s] Level 1:colcon.colcon_core.package_identification:_identify(audio_common/audio_common_msgs) by extension 'ignore'
[0.560s] Level 1:colcon.colcon_core.package_identification:_identify(audio_common/audio_common_msgs) by extension 'ignore_ament_install'
[0.560s] Level 1:colcon.colcon_core.package_identification:_identify(audio_common/audio_common_msgs) by extensions ['colcon_pkg']
[0.560s] Level 1:colcon.colcon_core.package_identification:_identify(audio_common/audio_common_msgs) by extension 'colcon_pkg'
[0.561s] Level 1:colcon.colcon_core.package_identification:_identify(audio_common/audio_common_msgs) by extensions ['colcon_meta']
[0.561s] Level 1:colcon.colcon_core.package_identification:_identify(audio_common/audio_common_msgs) by extension 'colcon_meta'
[0.561s] Level 1:colcon.colcon_core.package_identification:_identify(audio_common/audio_common_msgs) by extensions ['ros']
[0.561s] Level 1:colcon.colcon_core.package_identification:_identify(audio_common/audio_common_msgs) by extension 'ros'
[0.563s] DEBUG:colcon.colcon_core.package_identification:Package 'audio_common/audio_common_msgs' with type 'ros.ament_cmake' and name 'audio_common_msgs'
[0.564s] Level 1:colcon.colcon_core.package_identification:_identify(build) by extensions ['ignore', 'ignore_ament_install']
[0.565s] Level 1:colcon.colcon_core.package_identification:_identify(build) by extension 'ignore'
[0.565s] Level 1:colcon.colcon_core.package_identification:_identify(build) ignored
[0.566s] Level 1:colcon.colcon_core.package_identification:_identify(gz_control_ws) by extensions ['ignore', 'ignore_ament_install']
[0.566s] Level 1:colcon.colcon_core.package_identification:_identify(gz_control_ws) by extension 'ignore'
[0.567s] Level 1:colcon.colcon_core.package_identification:_identify(gz_control_ws) by extension 'ignore_ament_install'
[0.567s] Level 1:colcon.colcon_core.package_identification:_identify(gz_control_ws) by extensions ['colcon_pkg']
[0.568s] Level 1:colcon.colcon_core.package_identification:_identify(gz_control_ws) by extension 'colcon_pkg'
[0.569s] Level 1:colcon.colcon_core.package_identification:_identify(gz_control_ws) by extensions ['colcon_meta']
[0.569s] Level 1:colcon.colcon_core.package_identification:_identify(gz_control_ws) by extension 'colcon_meta'
[0.569s] Level 1:colcon.colcon_core.package_identification:_identify(gz_control_ws) by extensions ['ros']
[0.570s] Level 1:colcon.colcon_core.package_identification:_identify(gz_control_ws) by extension 'ros'
[0.571s] Level 1:colcon.colcon_core.package_identification:_identify(gz_control_ws) by extensions ['cmake', 'meson', 'python']
[0.571s] Level 1:colcon.colcon_core.package_identification:_identify(gz_control_ws) by extension 'cmake'
[0.572s] Level 1:colcon.colcon_core.package_identification:_identify(gz_control_ws) by extension 'meson'
[0.573s] Level 1:colcon.colcon_core.package_identification:_identify(gz_control_ws) by extension 'python'
[0.574s] Level 1:colcon.colcon_core.package_identification:_identify(gz_control_ws) by extensions ['python_setup_py']
[0.574s] Level 1:colcon.colcon_core.package_identification:_identify(gz_control_ws) by extension 'python_setup_py'
[0.579s] Level 1:colcon.colcon_core.package_identification:_identify(gz_control_ws/build) by extensions ['ignore', 'ignore_ament_install']
[0.579s] Level 1:colcon.colcon_core.package_identification:_identify(gz_control_ws/build) by extension 'ignore'
[0.579s] Level 1:colcon.colcon_core.package_identification:_identify(gz_control_ws/build) ignored
[0.580s] Level 1:colcon.colcon_core.package_identification:_identify(gz_control_ws/install) by extensions ['ignore', 'ignore_ament_install']
[0.580s] Level 1:colcon.colcon_core.package_identification:_identify(gz_control_ws/install) by extension 'ignore'
[0.580s] Level 1:colcon.colcon_core.package_identification:_identify(gz_control_ws/install) ignored
[0.580s] Level 1:colcon.colcon_core.package_identification:_identify(gz_control_ws/log) by extensions ['ignore', 'ignore_ament_install']
[0.581s] Level 1:colcon.colcon_core.package_identification:_identify(gz_control_ws/log) by extension 'ignore'
[0.581s] Level 1:colcon.colcon_core.package_identification:_identify(gz_control_ws/log) ignored
[0.581s] Level 1:colcon.colcon_core.package_identification:_identify(gz_control_ws/src) by extensions ['ignore', 'ignore_ament_install']
[0.581s] Level 1:colcon.colcon_core.package_identification:_identify(gz_control_ws/src) by extension 'ignore'
[0.581s] Level 1:colcon.colcon_core.package_identification:_identify(gz_control_ws/src) by extension 'ignore_ament_install'
[0.581s] Level 1:colcon.colcon_core.package_identification:_identify(gz_control_ws/src) by extensions ['colcon_pkg']
[0.581s] Level 1:colcon.colcon_core.package_identification:_identify(gz_control_ws/src) by extension 'colcon_pkg'
[0.581s] Level 1:colcon.colcon_core.package_identification:_identify(gz_control_ws/src) by extensions ['colcon_meta']
[0.581s] Level 1:colcon.colcon_core.package_identification:_identify(gz_control_ws/src) by extension 'colcon_meta'
[0.582s] Level 1:colcon.colcon_core.package_identification:_identify(gz_control_ws/src) by extensions ['ros']
[0.582s] Level 1:colcon.colcon_core.package_identification:_identify(gz_control_ws/src) by extension 'ros'
[0.582s] Level 1:colcon.colcon_core.package_identification:_identify(gz_control_ws/src) by extensions ['cmake', 'meson', 'python']
[0.582s] Level 1:colcon.colcon_core.package_identification:_identify(gz_control_ws/src) by extension 'cmake'
[0.582s] Level 1:colcon.colcon_core.package_identification:_identify(gz_control_ws/src) by extension 'meson'
[0.583s] Level 1:colcon.colcon_core.package_identification:_identify(gz_control_ws/src) by extension 'python'
[0.583s] Level 1:colcon.colcon_core.package_identification:_identify(gz_control_ws/src) by extensions ['python_setup_py']
[0.583s] Level 1:colcon.colcon_core.package_identification:_identify(gz_control_ws/src) by extension 'python_setup_py'
[0.584s] Level 1:colcon.colcon_core.package_identification:_identify(gz_control_ws/src/gz_ros2_control) by extensions ['ignore', 'ignore_ament_install']
[0.584s] Level 1:colcon.colcon_core.package_identification:_identify(gz_control_ws/src/gz_ros2_control) by extension 'ignore'
[0.584s] Level 1:colcon.colcon_core.package_identification:_identify(gz_control_ws/src/gz_ros2_control) by extension 'ignore_ament_install'
[0.584s] Level 1:colcon.colcon_core.package_identification:_identify(gz_control_ws/src/gz_ros2_control) by extensions ['colcon_pkg']
[0.584s] Level 1:colcon.colcon_core.package_identification:_identify(gz_control_ws/src/gz_ros2_control) by extension 'colcon_pkg'
[0.584s] Level 1:colcon.colcon_core.package_identification:_identify(gz_control_ws/src/gz_ros2_control) by extensions ['colcon_meta']
[0.585s] Level 1:colcon.colcon_core.package_identification:_identify(gz_control_ws/src/gz_ros2_control) by extension 'colcon_meta'
[0.585s] Level 1:colcon.colcon_core.package_identification:_identify(gz_control_ws/src/gz_ros2_control) by extensions ['ros']
[0.585s] Level 1:colcon.colcon_core.package_identification:_identify(gz_control_ws/src/gz_ros2_control) by extension 'ros'
[0.585s] Level 1:colcon.colcon_core.package_identification:_identify(gz_control_ws/src/gz_ros2_control) by extensions ['cmake', 'meson', 'python']
[0.585s] Level 1:colcon.colcon_core.package_identification:_identify(gz_control_ws/src/gz_ros2_control) by extension 'cmake'
[0.585s] Level 1:colcon.colcon_core.package_identification:_identify(gz_control_ws/src/gz_ros2_control) by extension 'meson'
[0.590s] Level 1:colcon.colcon_core.package_identification:_identify(gz_control_ws/src/gz_ros2_control) by extension 'python'
[0.590s] Level 1:colcon.colcon_core.package_identification:_identify(gz_control_ws/src/gz_ros2_control) by extensions ['python_setup_py']
[0.590s] Level 1:colcon.colcon_core.package_identification:_identify(gz_control_ws/src/gz_ros2_control) by extension 'python_setup_py'
[0.591s] Level 1:colcon.colcon_core.package_identification:_identify(gz_control_ws/src/gz_ros2_control/Dockerfile) by extensions ['ignore', 'ignore_ament_install']
[0.591s] Level 1:colcon.colcon_core.package_identification:_identify(gz_control_ws/src/gz_ros2_control/Dockerfile) by extension 'ignore'
[0.591s] Level 1:colcon.colcon_core.package_identification:_identify(gz_control_ws/src/gz_ros2_control/Dockerfile) by extension 'ignore_ament_install'
[0.591s] Level 1:colcon.colcon_core.package_identification:_identify(gz_control_ws/src/gz_ros2_control/Dockerfile) by extensions ['colcon_pkg']
[0.591s] Level 1:colcon.colcon_core.package_identification:_identify(gz_control_ws/src/gz_ros2_control/Dockerfile) by extension 'colcon_pkg'
[0.591s] Level 1:colcon.colcon_core.package_identification:_identify(gz_control_ws/src/gz_ros2_control/Dockerfile) by extensions ['colcon_meta']
[0.592s] Level 1:colcon.colcon_core.package_identification:_identify(gz_control_ws/src/gz_ros2_control/Dockerfile) by extension 'colcon_meta'
[0.594s] Level 1:colcon.colcon_core.package_identification:_identify(gz_control_ws/src/gz_ros2_control/Dockerfile) by extensions ['ros']
[0.594s] Level 1:colcon.colcon_core.package_identification:_identify(gz_control_ws/src/gz_ros2_control/Dockerfile) by extension 'ros'
[0.594s] Level 1:colcon.colcon_core.package_identification:_identify(gz_control_ws/src/gz_ros2_control/Dockerfile) by extensions ['cmake', 'meson', 'python']
[0.594s] Level 1:colcon.colcon_core.package_identification:_identify(gz_control_ws/src/gz_ros2_control/Dockerfile) by extension 'cmake'
[0.594s] Level 1:colcon.colcon_core.package_identification:_identify(gz_control_ws/src/gz_ros2_control/Dockerfile) by extension 'meson'
[0.595s] Level 1:colcon.colcon_core.package_identification:_identify(gz_control_ws/src/gz_ros2_control/Dockerfile) by extension 'python'
[0.596s] Level 1:colcon.colcon_core.package_identification:_identify(gz_control_ws/src/gz_ros2_control/Dockerfile) by extensions ['python_setup_py']
[0.596s] Level 1:colcon.colcon_core.package_identification:_identify(gz_control_ws/src/gz_ros2_control/Dockerfile) by extension 'python_setup_py'
[0.596s] Level 1:colcon.colcon_core.package_identification:_identify(gz_control_ws/src/gz_ros2_control/doc) by extensions ['ignore', 'ignore_ament_install']
[0.596s] Level 1:colcon.colcon_core.package_identification:_identify(gz_control_ws/src/gz_ros2_control/doc) by extension 'ignore'
[0.597s] Level 1:colcon.colcon_core.package_identification:_identify(gz_control_ws/src/gz_ros2_control/doc) by extension 'ignore_ament_install'
[0.597s] Level 1:colcon.colcon_core.package_identification:_identify(gz_control_ws/src/gz_ros2_control/doc) by extensions ['colcon_pkg']
[0.597s] Level 1:colcon.colcon_core.package_identification:_identify(gz_control_ws/src/gz_ros2_control/doc) by extension 'colcon_pkg'
[0.597s] Level 1:colcon.colcon_core.package_identification:_identify(gz_control_ws/src/gz_ros2_control/doc) by extensions ['colcon_meta']
[0.599s] Level 1:colcon.colcon_core.package_identification:_identify(gz_control_ws/src/gz_ros2_control/doc) by extension 'colcon_meta'
[0.599s] Level 1:colcon.colcon_core.package_identification:_identify(gz_control_ws/src/gz_ros2_control/doc) by extensions ['ros']
[0.600s] Level 1:colcon.colcon_core.package_identification:_identify(gz_control_ws/src/gz_ros2_control/doc) by extension 'ros'
[0.602s] Level 1:colcon.colcon_core.package_identification:_identify(gz_control_ws/src/gz_ros2_control/doc) by extensions ['cmake', 'meson', 'python']
[0.602s] Level 1:colcon.colcon_core.package_identification:_identify(gz_control_ws/src/gz_ros2_control/doc) by extension 'cmake'
[0.606s] Level 1:colcon.colcon_core.package_identification:_identify(gz_control_ws/src/gz_ros2_control/doc) by extension 'meson'
[0.607s] Level 1:colcon.colcon_core.package_identification:_identify(gz_control_ws/src/gz_ros2_control/doc) by extension 'python'
[0.607s] Level 1:colcon.colcon_core.package_identification:_identify(gz_control_ws/src/gz_ros2_control/doc) by extensions ['python_setup_py']
[0.607s] Level 1:colcon.colcon_core.package_identification:_identify(gz_control_ws/src/gz_ros2_control/doc) by extension 'python_setup_py'
[0.608s] Level 1:colcon.colcon_core.package_identification:_identify(gz_control_ws/src/gz_ros2_control/doc/img) by extensions ['ignore', 'ignore_ament_install']
[0.608s] Level 1:colcon.colcon_core.package_identification:_identify(gz_control_ws/src/gz_ros2_control/doc/img) by extension 'ignore'
[0.608s] Level 1:colcon.colcon_core.package_identification:_identify(gz_control_ws/src/gz_ros2_control/doc/img) by extension 'ignore_ament_install'
[0.608s] Level 1:colcon.colcon_core.package_identification:_identify(gz_control_ws/src/gz_ros2_control/doc/img) by extensions ['colcon_pkg']
[0.608s] Level 1:colcon.colcon_core.package_identification:_identify(gz_control_ws/src/gz_ros2_control/doc/img) by extension 'colcon_pkg'
[0.608s] Level 1:colcon.colcon_core.package_identification:_identify(gz_control_ws/src/gz_ros2_control/doc/img) by extensions ['colcon_meta']
[0.608s] Level 1:colcon.colcon_core.package_identification:_identify(gz_control_ws/src/gz_ros2_control/doc/img) by extension 'colcon_meta'
[0.608s] Level 1:colcon.colcon_core.package_identification:_identify(gz_control_ws/src/gz_ros2_control/doc/img) by extensions ['ros']
[0.608s] Level 1:colcon.colcon_core.package_identification:_identify(gz_control_ws/src/gz_ros2_control/doc/img) by extension 'ros'
[0.609s] Level 1:colcon.colcon_core.package_identification:_identify(gz_control_ws/src/gz_ros2_control/doc/img) by extensions ['cmake', 'meson', 'python']
[0.609s] Level 1:colcon.colcon_core.package_identification:_identify(gz_control_ws/src/gz_ros2_control/doc/img) by extension 'cmake'
[0.609s] Level 1:colcon.colcon_core.package_identification:_identify(gz_control_ws/src/gz_ros2_control/doc/img) by extension 'meson'
[0.610s] Level 1:colcon.colcon_core.package_identification:_identify(gz_control_ws/src/gz_ros2_control/doc/img) by extension 'python'
[0.610s] Level 1:colcon.colcon_core.package_identification:_identify(gz_control_ws/src/gz_ros2_control/doc/img) by extensions ['python_setup_py']
[0.610s] Level 1:colcon.colcon_core.package_identification:_identify(gz_control_ws/src/gz_ros2_control/doc/img) by extension 'python_setup_py'
[0.611s] Level 1:colcon.colcon_core.package_identification:_identify(gz_control_ws/src/gz_ros2_control/gz_ros2_control) by extensions ['ignore', 'ignore_ament_install']
[0.611s] Level 1:colcon.colcon_core.package_identification:_identify(gz_control_ws/src/gz_ros2_control/gz_ros2_control) by extension 'ignore'
[0.612s] Level 1:colcon.colcon_core.package_identification:_identify(gz_control_ws/src/gz_ros2_control/gz_ros2_control) by extension 'ignore_ament_install'
[0.612s] Level 1:colcon.colcon_core.package_identification:_identify(gz_control_ws/src/gz_ros2_control/gz_ros2_control) by extensions ['colcon_pkg']
[0.612s] Level 1:colcon.colcon_core.package_identification:_identify(gz_control_ws/src/gz_ros2_control/gz_ros2_control) by extension 'colcon_pkg'
[0.612s] Level 1:colcon.colcon_core.package_identification:_identify(gz_control_ws/src/gz_ros2_control/gz_ros2_control) by extensions ['colcon_meta']
[0.612s] Level 1:colcon.colcon_core.package_identification:_identify(gz_control_ws/src/gz_ros2_control/gz_ros2_control) by extension 'colcon_meta'
[0.612s] Level 1:colcon.colcon_core.package_identification:_identify(gz_control_ws/src/gz_ros2_control/gz_ros2_control) by extensions ['ros']
[0.612s] Level 1:colcon.colcon_core.package_identification:_identify(gz_control_ws/src/gz_ros2_control/gz_ros2_control) by extension 'ros'
[0.619s] DEBUG:colcon.colcon_core.package_identification:Package 'gz_control_ws/src/gz_ros2_control/gz_ros2_control' with type 'ros.ament_cmake' and name 'gz_ros2_control'
[0.620s] Level 1:colcon.colcon_core.package_identification:_identify(gz_control_ws/src/gz_ros2_control/gz_ros2_control_demos) by extensions ['ignore', 'ignore_ament_install']
[0.620s] Level 1:colcon.colcon_core.package_identification:_identify(gz_control_ws/src/gz_ros2_control/gz_ros2_control_demos) by extension 'ignore'
[0.620s] Level 1:colcon.colcon_core.package_identification:_identify(gz_control_ws/src/gz_ros2_control/gz_ros2_control_demos) by extension 'ignore_ament_install'
[0.620s] Level 1:colcon.colcon_core.package_identification:_identify(gz_control_ws/src/gz_ros2_control/gz_ros2_control_demos) by extensions ['colcon_pkg']
[0.620s] Level 1:colcon.colcon_core.package_identification:_identify(gz_control_ws/src/gz_ros2_control/gz_ros2_control_demos) by extension 'colcon_pkg'
[0.620s] Level 1:colcon.colcon_core.package_identification:_identify(gz_control_ws/src/gz_ros2_control/gz_ros2_control_demos) by extensions ['colcon_meta']
[0.621s] Level 1:colcon.colcon_core.package_identification:_identify(gz_control_ws/src/gz_ros2_control/gz_ros2_control_demos) by extension 'colcon_meta'
[0.621s] Level 1:colcon.colcon_core.package_identification:_identify(gz_control_ws/src/gz_ros2_control/gz_ros2_control_demos) by extensions ['ros']
[0.621s] Level 1:colcon.colcon_core.package_identification:_identify(gz_control_ws/src/gz_ros2_control/gz_ros2_control_demos) by extension 'ros'
[0.625s] DEBUG:colcon.colcon_core.package_identification:Package 'gz_control_ws/src/gz_ros2_control/gz_ros2_control_demos' with type 'ros.ament_cmake' and name 'gz_ros2_control_demos'
[0.625s] Level 1:colcon.colcon_core.package_identification:_identify(gz_control_ws/src/gz_ros2_control/gz_ros2_control_tests) by extensions ['ignore', 'ignore_ament_install']
[0.626s] Level 1:colcon.colcon_core.package_identification:_identify(gz_control_ws/src/gz_ros2_control/gz_ros2_control_tests) by extension 'ignore'
[0.626s] Level 1:colcon.colcon_core.package_identification:_identify(gz_control_ws/src/gz_ros2_control/gz_ros2_control_tests) by extension 'ignore_ament_install'
[0.626s] Level 1:colcon.colcon_core.package_identification:_identify(gz_control_ws/src/gz_ros2_control/gz_ros2_control_tests) by extensions ['colcon_pkg']
[0.626s] Level 1:colcon.colcon_core.package_identification:_identify(gz_control_ws/src/gz_ros2_control/gz_ros2_control_tests) by extension 'colcon_pkg'
[0.626s] Level 1:colcon.colcon_core.package_identification:_identify(gz_control_ws/src/gz_ros2_control/gz_ros2_control_tests) by extensions ['colcon_meta']
[0.626s] Level 1:colcon.colcon_core.package_identification:_identify(gz_control_ws/src/gz_ros2_control/gz_ros2_control_tests) by extension 'colcon_meta'
[0.627s] Level 1:colcon.colcon_core.package_identification:_identify(gz_control_ws/src/gz_ros2_control/gz_ros2_control_tests) by extensions ['ros']
[0.627s] Level 1:colcon.colcon_core.package_identification:_identify(gz_control_ws/src/gz_ros2_control/gz_ros2_control_tests) by extension 'ros'
[0.629s] DEBUG:colcon.colcon_core.package_identification:Package 'gz_control_ws/src/gz_ros2_control/gz_ros2_control_tests' with type 'ros.ament_cmake' and name 'gz_ros2_control_tests'
[0.629s] Level 1:colcon.colcon_core.package_identification:_identify(gz_control_ws/src/gz_ros2_control/ign_ros2_control) by extensions ['ignore', 'ignore_ament_install']
[0.629s] Level 1:colcon.colcon_core.package_identification:_identify(gz_control_ws/src/gz_ros2_control/ign_ros2_control) by extension 'ignore'
[0.630s] Level 1:colcon.colcon_core.package_identification:_identify(gz_control_ws/src/gz_ros2_control/ign_ros2_control) by extension 'ignore_ament_install'
[0.630s] Level 1:colcon.colcon_core.package_identification:_identify(gz_control_ws/src/gz_ros2_control/ign_ros2_control) by extensions ['colcon_pkg']
[0.630s] Level 1:colcon.colcon_core.package_identification:_identify(gz_control_ws/src/gz_ros2_control/ign_ros2_control) by extension 'colcon_pkg'
[0.630s] Level 1:colcon.colcon_core.package_identification:_identify(gz_control_ws/src/gz_ros2_control/ign_ros2_control) by extensions ['colcon_meta']
[0.630s] Level 1:colcon.colcon_core.package_identification:_identify(gz_control_ws/src/gz_ros2_control/ign_ros2_control) by extension 'colcon_meta'
[0.630s] Level 1:colcon.colcon_core.package_identification:_identify(gz_control_ws/src/gz_ros2_control/ign_ros2_control) by extensions ['ros']
[0.630s] Level 1:colcon.colcon_core.package_identification:_identify(gz_control_ws/src/gz_ros2_control/ign_ros2_control) by extension 'ros'
[0.631s] DEBUG:colcon.colcon_core.package_identification:Package 'gz_control_ws/src/gz_ros2_control/ign_ros2_control' with type 'ros.ament_cmake' and name 'ign_ros2_control'
[0.631s] Level 1:colcon.colcon_core.package_identification:_identify(gz_control_ws/src/gz_ros2_control/ign_ros2_control_demos) by extensions ['ignore', 'ignore_ament_install']
[0.632s] Level 1:colcon.colcon_core.package_identification:_identify(gz_control_ws/src/gz_ros2_control/ign_ros2_control_demos) by extension 'ignore'
[0.632s] Level 1:colcon.colcon_core.package_identification:_identify(gz_control_ws/src/gz_ros2_control/ign_ros2_control_demos) by extension 'ignore_ament_install'
[0.632s] Level 1:colcon.colcon_core.package_identification:_identify(gz_control_ws/src/gz_ros2_control/ign_ros2_control_demos) by extensions ['colcon_pkg']
[0.632s] Level 1:colcon.colcon_core.package_identification:_identify(gz_control_ws/src/gz_ros2_control/ign_ros2_control_demos) by extension 'colcon_pkg'
[0.632s] Level 1:colcon.colcon_core.package_identification:_identify(gz_control_ws/src/gz_ros2_control/ign_ros2_control_demos) by extensions ['colcon_meta']
[0.632s] Level 1:colcon.colcon_core.package_identification:_identify(gz_control_ws/src/gz_ros2_control/ign_ros2_control_demos) by extension 'colcon_meta'
[0.632s] Level 1:colcon.colcon_core.package_identification:_identify(gz_control_ws/src/gz_ros2_control/ign_ros2_control_demos) by extensions ['ros']
[0.632s] Level 1:colcon.colcon_core.package_identification:_identify(gz_control_ws/src/gz_ros2_control/ign_ros2_control_demos) by extension 'ros'
[0.634s] DEBUG:colcon.colcon_core.package_identification:Package 'gz_control_ws/src/gz_ros2_control/ign_ros2_control_demos' with type 'ros.ament_cmake' and name 'ign_ros2_control_demos'
[0.634s] Level 1:colcon.colcon_core.package_identification:_identify(install) by extensions ['ignore', 'ignore_ament_install']
[0.635s] Level 1:colcon.colcon_core.package_identification:_identify(install) by extension 'ignore'
[0.635s] Level 1:colcon.colcon_core.package_identification:_identify(install) ignored
[0.635s] Level 1:colcon.colcon_core.package_identification:_identify(log) by extensions ['ignore', 'ignore_ament_install']
[0.636s] Level 1:colcon.colcon_core.package_identification:_identify(log) by extension 'ignore'
[0.636s] Level 1:colcon.colcon_core.package_identification:_identify(log) ignored
[0.637s] Level 1:colcon.colcon_core.package_identification:_identify(src) by extensions ['ignore', 'ignore_ament_install']
[0.637s] Level 1:colcon.colcon_core.package_identification:_identify(src) by extension 'ignore'
[0.637s] Level 1:colcon.colcon_core.package_identification:_identify(src) by extension 'ignore_ament_install'
[0.637s] Level 1:colcon.colcon_core.package_identification:_identify(src) by extensions ['colcon_pkg']
[0.637s] Level 1:colcon.colcon_core.package_identification:_identify(src) by extension 'colcon_pkg'
[0.638s] Level 1:colcon.colcon_core.package_identification:_identify(src) by extensions ['colcon_meta']
[0.638s] Level 1:colcon.colcon_core.package_identification:_identify(src) by extension 'colcon_meta'
[0.638s] Level 1:colcon.colcon_core.package_identification:_identify(src) by extensions ['ros']
[0.638s] Level 1:colcon.colcon_core.package_identification:_identify(src) by extension 'ros'
[0.639s] Level 1:colcon.colcon_core.package_identification:_identify(src) by extensions ['cmake', 'meson', 'python']
[0.639s] Level 1:colcon.colcon_core.package_identification:_identify(src) by extension 'cmake'
[0.640s] Level 1:colcon.colcon_core.package_identification:_identify(src) by extension 'meson'
[0.641s] Level 1:colcon.colcon_core.package_identification:_identify(src) by extension 'python'
[0.642s] Level 1:colcon.colcon_core.package_identification:_identify(src) by extensions ['python_setup_py']
[0.642s] Level 1:colcon.colcon_core.package_identification:_identify(src) by extension 'python_setup_py'
[0.643s] Level 1:colcon.colcon_core.package_identification:_identify(src/quadruped_control) by extensions ['ignore', 'ignore_ament_install']
[0.644s] Level 1:colcon.colcon_core.package_identification:_identify(src/quadruped_control) by extension 'ignore'
[0.645s] Level 1:colcon.colcon_core.package_identification:_identify(src/quadruped_control) by extension 'ignore_ament_install'
[0.646s] Level 1:colcon.colcon_core.package_identification:_identify(src/quadruped_control) by extensions ['colcon_pkg']
[0.646s] Level 1:colcon.colcon_core.package_identification:_identify(src/quadruped_control) by extension 'colcon_pkg'
[0.647s] Level 1:colcon.colcon_core.package_identification:_identify(src/quadruped_control) by extensions ['colcon_meta']
[0.647s] Level 1:colcon.colcon_core.package_identification:_identify(src/quadruped_control) by extension 'colcon_meta'
[0.648s] Level 1:colcon.colcon_core.package_identification:_identify(src/quadruped_control) by extensions ['ros']
[0.648s] Level 1:colcon.colcon_core.package_identification:_identify(src/quadruped_control) by extension 'ros'
[0.650s] DEBUG:colcon.colcon_core.package_identification:Package 'src/quadruped_control' with type 'ros.ament_cmake' and name 'quadruped_control'
[0.651s] Level 1:colcon.colcon_core.package_identification:_identify(src/quadruped_sim) by extensions ['ignore', 'ignore_ament_install']
[0.651s] Level 1:colcon.colcon_core.package_identification:_identify(src/quadruped_sim) by extension 'ignore'
[0.651s] Level 1:colcon.colcon_core.package_identification:_identify(src/quadruped_sim) by extension 'ignore_ament_install'
[0.652s] Level 1:colcon.colcon_core.package_identification:_identify(src/quadruped_sim) by extensions ['colcon_pkg']
[0.652s] Level 1:colcon.colcon_core.package_identification:_identify(src/quadruped_sim) by extension 'colcon_pkg'
[0.652s] Level 1:colcon.colcon_core.package_identification:_identify(src/quadruped_sim) by extensions ['colcon_meta']
[0.653s] Level 1:colcon.colcon_core.package_identification:_identify(src/quadruped_sim) by extension 'colcon_meta'
[0.653s] Level 1:colcon.colcon_core.package_identification:_identify(src/quadruped_sim) by extensions ['ros']
[0.653s] Level 1:colcon.colcon_core.package_identification:_identify(src/quadruped_sim) by extension 'ros'
[0.655s] DEBUG:colcon.colcon_core.package_identification:Package 'src/quadruped_sim' with type 'ros.ament_cmake' and name 'quadruped_sim'
[0.655s] Level 1:colcon.colcon_core.package_identification:_identify(voice_control) by extensions ['ignore', 'ignore_ament_install']
[0.655s] Level 1:colcon.colcon_core.package_identification:_identify(voice_control) by extension 'ignore'
[0.656s] Level 1:colcon.colcon_core.package_identification:_identify(voice_control) by extension 'ignore_ament_install'
[0.656s] Level 1:colcon.colcon_core.package_identification:_identify(voice_control) by extensions ['colcon_pkg']
[0.656s] Level 1:colcon.colcon_core.package_identification:_identify(voice_control) by extension 'colcon_pkg'
[0.656s] Level 1:colcon.colcon_core.package_identification:_identify(voice_control) by extensions ['colcon_meta']
[0.656s] Level 1:colcon.colcon_core.package_identification:_identify(voice_control) by extension 'colcon_meta'
[0.656s] Level 1:colcon.colcon_core.package_identification:_identify(voice_control) by extensions ['ros']
[0.656s] Level 1:colcon.colcon_core.package_identification:_identify(voice_control) by extension 'ros'
[0.657s] DEBUG:colcon.colcon_core.package_identification:Package 'voice_control' with type 'ros.ament_cmake' and name 'voice_control'
[0.657s] Level 1:colcon.colcon_core.package_identification:_identify(webots_quadruped) by extensions ['ignore', 'ignore_ament_install']
[0.657s] Level 1:colcon.colcon_core.package_identification:_identify(webots_quadruped) by extension 'ignore'
[0.657s] Level 1:colcon.colcon_core.package_identification:_identify(webots_quadruped) by extension 'ignore_ament_install'
[0.658s] Level 1:colcon.colcon_core.package_identification:_identify(webots_quadruped) by extensions ['colcon_pkg']
[0.658s] Level 1:colcon.colcon_core.package_identification:_identify(webots_quadruped) by extension 'colcon_pkg'
[0.658s] Level 1:colcon.colcon_core.package_identification:_identify(webots_quadruped) by extensions ['colcon_meta']
[0.658s] Level 1:colcon.colcon_core.package_identification:_identify(webots_quadruped) by extension 'colcon_meta'
[0.658s] Level 1:colcon.colcon_core.package_identification:_identify(webots_quadruped) by extensions ['ros']
[0.658s] Level 1:colcon.colcon_core.package_identification:_identify(webots_quadruped) by extension 'ros'
[0.658s] Level 1:colcon.colcon_core.package_identification:_identify(webots_quadruped) by extensions ['cmake', 'meson', 'python']
[0.658s] Level 1:colcon.colcon_core.package_identification:_identify(webots_quadruped) by extension 'cmake'
[0.658s] Level 1:colcon.colcon_core.package_identification:_identify(webots_quadruped) by extension 'meson'
[0.659s] Level 1:colcon.colcon_core.package_identification:_identify(webots_quadruped) by extension 'python'
[0.659s] Level 1:colcon.colcon_core.package_identification:_identify(webots_quadruped) by extensions ['python_setup_py']
[0.660s] Level 1:colcon.colcon_core.package_identification:_identify(webots_quadruped) by extension 'python_setup_py'
[0.660s] Level 1:colcon.colcon_core.package_identification:_identify(webots_quadruped/protos) by extensions ['ignore', 'ignore_ament_install']
[0.661s] Level 1:colcon.colcon_core.package_identification:_identify(webots_quadruped/protos) by extension 'ignore'
[0.665s] Level 1:colcon.colcon_core.package_identification:_identify(webots_quadruped/protos) by extension 'ignore_ament_install'
[0.665s] Level 1:colcon.colcon_core.package_identification:_identify(webots_quadruped/protos) by extensions ['colcon_pkg']
[0.665s] Level 1:colcon.colcon_core.package_identification:_identify(webots_quadruped/protos) by extension 'colcon_pkg'
[0.665s] Level 1:colcon.colcon_core.package_identification:_identify(webots_quadruped/protos) by extensions ['colcon_meta']
[0.665s] Level 1:colcon.colcon_core.package_identification:_identify(webots_quadruped/protos) by extension 'colcon_meta'
[0.665s] Level 1:colcon.colcon_core.package_identification:_identify(webots_quadruped/protos) by extensions ['ros']
[0.666s] Level 1:colcon.colcon_core.package_identification:_identify(webots_quadruped/protos) by extension 'ros'
[0.666s] Level 1:colcon.colcon_core.package_identification:_identify(webots_quadruped/protos) by extensions ['cmake', 'meson', 'python']
[0.666s] Level 1:colcon.colcon_core.package_identification:_identify(webots_quadruped/protos) by extension 'cmake'
[0.666s] Level 1:colcon.colcon_core.package_identification:_identify(webots_quadruped/protos) by extension 'meson'
[0.667s] Level 1:colcon.colcon_core.package_identification:_identify(webots_quadruped/protos) by extension 'python'
[0.667s] Level 1:colcon.colcon_core.package_identification:_identify(webots_quadruped/protos) by extensions ['python_setup_py']
[0.667s] Level 1:colcon.colcon_core.package_identification:_identify(webots_quadruped/protos) by extension 'python_setup_py'
[0.667s] Level 1:colcon.colcon_core.package_identification:_identify(webots_quadruped/protos/Quadruped_textures) by extensions ['ignore', 'ignore_ament_install']
[0.667s] Level 1:colcon.colcon_core.package_identification:_identify(webots_quadruped/protos/Quadruped_textures) by extension 'ignore'
[0.668s] Level 1:colcon.colcon_core.package_identification:_identify(webots_quadruped/protos/Quadruped_textures) by extension 'ignore_ament_install'
[0.668s] Level 1:colcon.colcon_core.package_identification:_identify(webots_quadruped/protos/Quadruped_textures) by extensions ['colcon_pkg']
[0.668s] Level 1:colcon.colcon_core.package_identification:_identify(webots_quadruped/protos/Quadruped_textures) by extension 'colcon_pkg'
[0.668s] Level 1:colcon.colcon_core.package_identification:_identify(webots_quadruped/protos/Quadruped_textures) by extensions ['colcon_meta']
[0.668s] Level 1:colcon.colcon_core.package_identification:_identify(webots_quadruped/protos/Quadruped_textures) by extension 'colcon_meta'
[0.668s] Level 1:colcon.colcon_core.package_identification:_identify(webots_quadruped/protos/Quadruped_textures) by extensions ['ros']
[0.668s] Level 1:colcon.colcon_core.package_identification:_identify(webots_quadruped/protos/Quadruped_textures) by extension 'ros'
[0.669s] Level 1:colcon.colcon_core.package_identification:_identify(webots_quadruped/protos/Quadruped_textures) by extensions ['cmake', 'meson', 'python']
[0.669s] Level 1:colcon.colcon_core.package_identification:_identify(webots_quadruped/protos/Quadruped_textures) by extension 'cmake'
[0.669s] Level 1:colcon.colcon_core.package_identification:_identify(webots_quadruped/protos/Quadruped_textures) by extension 'meson'
[0.670s] Level 1:colcon.colcon_core.package_identification:_identify(webots_quadruped/protos/Quadruped_textures) by extension 'python'
[0.670s] Level 1:colcon.colcon_core.package_identification:_identify(webots_quadruped/protos/Quadruped_textures) by extensions ['python_setup_py']
[0.670s] Level 1:colcon.colcon_core.package_identification:_identify(webots_quadruped/protos/Quadruped_textures) by extension 'python_setup_py'
[0.670s] Level 1:colcon.colcon_core.package_identification:_identify(webots_quadruped/worlds) by extensions ['ignore', 'ignore_ament_install']
[0.671s] Level 1:colcon.colcon_core.package_identification:_identify(webots_quadruped/worlds) by extension 'ignore'
[0.671s] Level 1:colcon.colcon_core.package_identification:_identify(webots_quadruped/worlds) by extension 'ignore_ament_install'
[0.671s] Level 1:colcon.colcon_core.package_identification:_identify(webots_quadruped/worlds) by extensions ['colcon_pkg']
[0.671s] Level 1:colcon.colcon_core.package_identification:_identify(webots_quadruped/worlds) by extension 'colcon_pkg'
[0.671s] Level 1:colcon.colcon_core.package_identification:_identify(webots_quadruped/worlds) by extensions ['colcon_meta']
[0.671s] Level 1:colcon.colcon_core.package_identification:_identify(webots_quadruped/worlds) by extension 'colcon_meta'
[0.671s] Level 1:colcon.colcon_core.package_identification:_identify(webots_quadruped/worlds) by extensions ['ros']
[0.671s] Level 1:colcon.colcon_core.package_identification:_identify(webots_quadruped/worlds) by extension 'ros'
[0.672s] Level 1:colcon.colcon_core.package_identification:_identify(webots_quadruped/worlds) by extensions ['cmake', 'meson', 'python']
[0.672s] Level 1:colcon.colcon_core.package_identification:_identify(webots_quadruped/worlds) by extension 'cmake'
[0.672s] Level 1:colcon.colcon_core.package_identification:_identify(webots_quadruped/worlds) by extension 'meson'
[0.673s] Level 1:colcon.colcon_core.package_identification:_identify(webots_quadruped/worlds) by extension 'python'
[0.673s] Level 1:colcon.colcon_core.package_identification:_identify(webots_quadruped/worlds) by extensions ['python_setup_py']
[0.673s] Level 1:colcon.colcon_core.package_identification:_identify(webots_quadruped/worlds) by extension 'python_setup_py'
[0.673s] Level 1:colcon.colcon_core.package_discovery:discover_packages(recursive) using defaults
[0.673s] Level 1:colcon.colcon_core.package_discovery:discover_packages(ignore) discover
[0.673s] Level 1:colcon.colcon_core.package_discovery:discover_packages(ignore) using defaults
[0.673s] Level 1:colcon.colcon_core.package_discovery:discover_packages(path) discover
[0.673s] Level 1:colcon.colcon_core.package_discovery:discover_packages(path) using defaults
[0.697s] INFO:colcon.colcon_core.package_selection:Skipping not selected package 'audio_common_msgs' in 'audio_common/audio_common_msgs'
[0.698s] INFO:colcon.colcon_core.package_selection:Skipping not selected package 'gz_ros2_control' in 'gz_control_ws/src/gz_ros2_control/gz_ros2_control'
[0.698s] INFO:colcon.colcon_core.package_selection:Skipping not selected package 'audio_common' in 'audio_common/audio_common'
[0.698s] INFO:colcon.colcon_core.package_selection:Skipping not selected package 'gz_ros2_control_demos' in 'gz_control_ws/src/gz_ros2_control/gz_ros2_control_demos'
[0.698s] INFO:colcon.colcon_core.package_selection:Skipping not selected package 'ign_ros2_control' in 'gz_control_ws/src/gz_ros2_control/ign_ros2_control'
[0.698s] INFO:colcon.colcon_core.package_selection:Skipping not selected package 'quadruped_sim' in 'src/quadruped_sim'
[0.699s] INFO:colcon.colcon_core.package_selection:Skipping not selected package 'voice_control' in 'voice_control'
[0.699s] INFO:colcon.colcon_core.package_selection:Skipping not selected package 'ign_ros2_control_demos' in 'gz_control_ws/src/gz_ros2_control/ign_ros2_control_demos'
[0.699s] INFO:colcon.colcon_core.package_selection:Skipping not selected package 'gz_ros2_control_tests' in 'gz_control_ws/src/gz_ros2_control/gz_ros2_control_tests'
[0.700s] Level 5:colcon.colcon_core.verb:set package 'quadruped_control' build argument 'cmake_args' from command line to '['-DBUILD_TESTING=OFF']'
[0.701s] Level 5:colcon.colcon_core.verb:set package 'quadruped_control' build argument 'cmake_target' from command line to 'None'
[0.701s] Level 5:colcon.colcon_core.verb:set package 'quadruped_control' build argument 'cmake_target_skip_unavailable' from command line to 'False'
[0.701s] Level 5:colcon.colcon_core.verb:set package 'quadruped_control' build argument 'cmake_clean_cache' from command line to 'True'
[0.701s] Level 5:colcon.colcon_core.verb:set package 'quadruped_control' build argument 'cmake_clean_first' from command line to 'False'
[0.702s] Level 5:colcon.colcon_core.verb:set package 'quadruped_control' build argument 'cmake_force_configure' from command line to 'False'
[0.702s] Level 5:colcon.colcon_core.verb:set package 'quadruped_control' build argument 'meson_args' from command line to '[]'
[0.702s] Level 5:colcon.colcon_core.verb:set package 'quadruped_control' build argument 'ament_cmake_args' from command line to 'None'
[0.702s] Level 5:colcon.colcon_core.verb:set package 'quadruped_control' build argument 'catkin_cmake_args' from command line to 'None'
[0.702s] Level 5:colcon.colcon_core.verb:set package 'quadruped_control' build argument 'catkin_skip_building_tests' from command line to 'False'
[0.702s] DEBUG:colcon.colcon_core.verb:Building package 'quadruped_control' with the following arguments: {'ament_cmake_args': None, 'build_base': '/workspace/build/quadruped_control', 'catkin_cmake_args': None, 'catkin_skip_building_tests': False, 'cmake_args': ['-DBUILD_TESTING=OFF'], 'cmake_clean_cache': True, 'cmake_clean_first': False, 'cmake_force_configure': False, 'cmake_target': None, 'cmake_target_skip_unavailable': False, 'install_base': '/workspace/install/quadruped_control', 'merge_install': False, 'meson_args': [], 'path': '/workspace/src/quadruped_control', 'symlink_install': True, 'test_result_base': None}
[0.702s] INFO:colcon.colcon_core.executor:Executing jobs using 'parallel' executor
[0.706s] DEBUG:colcon.colcon_parallel_executor.executor.parallel:run_until_complete
[0.707s] INFO:colcon.colcon_ros.task.ament_cmake.build:Building ROS package in '/workspace/src/quadruped_control' with build type 'ament_cmake'
[0.708s] INFO:colcon.colcon_cmake.task.cmake.build:Building CMake package in '/workspace/src/quadruped_control'
[0.709s] INFO:colcon.colcon_core.plugin_system:Skipping extension 'colcon_core.shell.bat': Not used on non-Windows systems
[0.711s] INFO:colcon.colcon_core.shell:Skip shell extension 'powershell' for command environment: Not usable outside of PowerShell
[0.711s] DEBUG:colcon.colcon_core.shell:Skip shell extension 'dsv' for command environment
[0.833s] DEBUG:colcon.colcon_core.event_handler.log_command:Invoking command in '/workspace/build/quadruped_control': CMAKE_PREFIX_PATH=/workspace/install/audio_common_msgs:/workspace/install/quadruped_control:/workspace/install/voice_control:/workspace/install/quadruped_sim:/workspace/install/audio_common:/opt/ros/humble LD_LIBRARY_PATH=/workspace/install/audio_common_msgs/lib:/workspace/install/audio_common/lib:/opt/ros/humble/opt/rviz_ogre_vendor/lib:/opt/ros/humble/lib/x86_64-linux-gnu:/opt/ros/humble/lib /usr/bin/cmake /workspace/src/quadruped_control -DBUILD_TESTING=OFF -DAMENT_CMAKE_SYMLINK_INSTALL=1 -DCMAKE_INSTALL_PREFIX=/workspace/install/quadruped_control
[12.633s] DEBUG:colcon.colcon_core.event_handler.log_command:Invoked command in '/workspace/build/quadruped_control' returned '0': CMAKE_PREFIX_PATH=/workspace/install/audio_common_msgs:/workspace/install/quadruped_control:/workspace/install/voice_control:/workspace/install/quadruped_sim:/workspace/install/audio_common:/opt/ros/humble LD_LIBRARY_PATH=/workspace/install/audio_common_msgs/lib:/workspace/install/audio_common/lib:/opt/ros/humble/opt/rviz_ogre_vendor/lib:/opt/ros/humble/lib/x86_64-linux-gnu:/opt/ros/humble/lib /usr/bin/cmake /workspace/src/quadruped_control -DBUILD_TESTING=OFF -DAMENT_CMAKE_SYMLINK_INSTALL=1 -DCMAKE_INSTALL_PREFIX=/workspace/install/quadruped_control
[12.641s] DEBUG:colcon.colcon_core.event_handler.log_command:Invoking command in '/workspace/build/quadruped_control': CMAKE_PREFIX_PATH=/workspace/install/audio_common_msgs:/workspace/install/quadruped_control:/workspace/install/voice_control:/workspace/install/quadruped_sim:/workspace/install/audio_common:/opt/ros/humble LD_LIBRARY_PATH=/workspace/install/audio_common_msgs/lib:/workspace/install/audio_common/lib:/opt/ros/humble/opt/rviz_ogre_vendor/lib:/opt/ros/humble/lib/x86_64-linux-gnu:/opt/ros/humble/lib /usr/bin/cmake --build /workspace/build/quadruped_control -- -j12 -l12
[31.194s] DEBUG:colcon.colcon_core.event_handler.log_command:Invoked command in '/workspace/build/quadruped_control' returned '0': CMAKE_PREFIX_PATH=/workspace/install/audio_common_msgs:/workspace/install/quadruped_control:/workspace/install/voice_control:/workspace/install/quadruped_sim:/workspace/install/audio_common:/opt/ros/humble LD_LIBRARY_PATH=/workspace/install/audio_common_msgs/lib:/workspace/install/audio_common/lib:/opt/ros/humble/opt/rviz_ogre_vendor/lib:/opt/ros/humble/lib/x86_64-linux-gnu:/opt/ros/humble/lib /usr/bin/cmake --build /workspace/build/quadruped_control -- -j12 -l12
[31.253s] DEBUG:colcon.colcon_core.event_handler.log_command:Invoking command in '/workspace/build/quadruped_control': CMAKE_PREFIX_PATH=/workspace/install/audio_common_msgs:/workspace/install/quadruped_control:/workspace/install/voice_control:/workspace/install/quadruped_sim:/workspace/install/audio_common:/opt/ros/humble LD_LIBRARY_PATH=/workspace/install/audio_common_msgs/lib:/workspace/install/audio_common/lib:/opt/ros/humble/opt/rviz_ogre_vendor/lib:/opt/ros/humble/lib/x86_64-linux-gnu:/opt/ros/humble/lib /usr/bin/cmake --install /workspace/build/quadruped_control
[31.406s] Level 1:colcon.colcon_core.environment:create_environment_scripts_only(quadruped_control)
[31.408s] DEBUG:colcon.colcon_core.event_handler.log_command:Invoked command in '/workspace/build/quadruped_control' returned '0': CMAKE_PREFIX_PATH=/workspace/install/audio_common_msgs:/workspace/install/quadruped_control:/workspace/install/voice_control:/workspace/install/quadruped_sim:/workspace/install/audio_common:/opt/ros/humble LD_LIBRARY_PATH=/workspace/install/audio_common_msgs/lib:/workspace/install/audio_common/lib:/opt/ros/humble/opt/rviz_ogre_vendor/lib:/opt/ros/humble/lib/x86_64-linux-gnu:/opt/ros/humble/lib /usr/bin/cmake --install /workspace/build/quadruped_control
[31.409s] Level 1:colcon.colcon_core.environment:checking '/workspace/install/quadruped_control' for CMake module files
[31.413s] Level 1:colcon.colcon_core.environment:checking '/workspace/install/quadruped_control' for CMake config files
[31.415s] Level 1:colcon.colcon_core.shell:create_environment_hook('quadruped_control', 'cmake_prefix_path')
[31.415s] INFO:colcon.colcon_core.shell:Creating environment hook '/workspace/install/quadruped_control/share/quadruped_control/hook/cmake_prefix_path.ps1'
[31.417s] INFO:colcon.colcon_core.shell:Creating environment descriptor '/workspace/install/quadruped_control/share/quadruped_control/hook/cmake_prefix_path.dsv'
[31.418s] INFO:colcon.colcon_core.shell:Creating environment hook '/workspace/install/quadruped_control/share/quadruped_control/hook/cmake_prefix_path.sh'
[31.421s] Level 1:colcon.colcon_core.environment:checking '/workspace/install/quadruped_control/libggml-cpu.so.0.22.0'
[31.421s] Level 1:colcon.colcon_core.environment:checking '/workspace/install/quadruped_control/libggml-base.so.0.22.0'
[31.421s] Level 1:colcon.colcon_core.environment:checking '/workspace/install/quadruped_control/lib'
[31.422s] Level 1:colcon.colcon_core.environment:checking '/workspace/install/quadruped_control/bin'
[31.422s] Level 1:colcon.colcon_core.environment:checking '/workspace/install/quadruped_control/lib/pkgconfig/quadruped_control.pc'
[31.423s] Level 1:colcon.colcon_core.environment:checking '/workspace/install/quadruped_control/lib/python3.10/site-packages'
[31.424s] Level 1:colcon.colcon_core.environment:checking '/workspace/install/quadruped_control/bin'
[31.424s] INFO:colcon.colcon_core.shell:Creating package script '/workspace/install/quadruped_control/share/quadruped_control/package.ps1'
[31.429s] INFO:colcon.colcon_core.shell:Creating package descriptor '/workspace/install/quadruped_control/share/quadruped_control/package.dsv'
[31.431s] INFO:colcon.colcon_core.shell:Creating package script '/workspace/install/quadruped_control/share/quadruped_control/package.sh'
[31.438s] INFO:colcon.colcon_core.shell:Creating package script '/workspace/install/quadruped_control/share/quadruped_control/package.bash'
[31.440s] INFO:colcon.colcon_core.shell:Creating package script '/workspace/install/quadruped_control/share/quadruped_control/package.zsh'
[31.443s] Level 1:colcon.colcon_core.environment:create_file_with_runtime_dependencies(/workspace/install/quadruped_control/share/colcon-core/packages/quadruped_control)
[31.449s] Level 1:colcon.colcon_core.environment:create_environment_scripts_only(quadruped_control)
[31.451s] Level 1:colcon.colcon_core.environment:checking '/workspace/install/quadruped_control' for CMake module files
[31.460s] Level 1:colcon.colcon_core.environment:checking '/workspace/install/quadruped_control' for CMake config files
[31.463s] Level 1:colcon.colcon_core.shell:create_environment_hook('quadruped_control', 'cmake_prefix_path')
[31.463s] INFO:colcon.colcon_core.shell:Creating environment hook '/workspace/install/quadruped_control/share/quadruped_control/hook/cmake_prefix_path.ps1'
[31.466s] INFO:colcon.colcon_core.shell:Creating environment descriptor '/workspace/install/quadruped_control/share/quadruped_control/hook/cmake_prefix_path.dsv'
[31.467s] INFO:colcon.colcon_core.shell:Creating environment hook '/workspace/install/quadruped_control/share/quadruped_control/hook/cmake_prefix_path.sh'
[31.468s] Level 1:colcon.colcon_core.environment:checking '/workspace/install/quadruped_control/libggml-cpu.so.0.22.0'
[31.468s] Level 1:colcon.colcon_core.environment:checking '/workspace/install/quadruped_control/libggml-base.so.0.22.0'
[31.468s] Level 1:colcon.colcon_core.environment:checking '/workspace/install/quadruped_control/lib'
[31.468s] Level 1:colcon.colcon_core.environment:checking '/workspace/install/quadruped_control/bin'
[31.469s] Level 1:colcon.colcon_core.environment:checking '/workspace/install/quadruped_control/lib/pkgconfig/quadruped_control.pc'
[31.469s] Level 1:colcon.colcon_core.environment:checking '/workspace/install/quadruped_control/lib/python3.10/site-packages'
[31.470s] Level 1:colcon.colcon_core.environment:checking '/workspace/install/quadruped_control/bin'
[31.471s] INFO:colcon.colcon_core.shell:Creating package script '/workspace/install/quadruped_control/share/quadruped_control/package.ps1'
[31.473s] INFO:colcon.colcon_core.shell:Creating package descriptor '/workspace/install/quadruped_control/share/quadruped_control/package.dsv'
[31.476s] INFO:colcon.colcon_core.shell:Creating package script '/workspace/install/quadruped_control/share/quadruped_control/package.sh'
[31.478s] INFO:colcon.colcon_core.shell:Creating package script '/workspace/install/quadruped_control/share/quadruped_control/package.bash'
[31.479s] INFO:colcon.colcon_core.shell:Creating package script '/workspace/install/quadruped_control/share/quadruped_control/package.zsh'
[31.480s] Level 1:colcon.colcon_core.environment:create_file_with_runtime_dependencies(/workspace/install/quadruped_control/share/colcon-core/packages/quadruped_control)
[31.480s] DEBUG:colcon.colcon_parallel_executor.executor.parallel:closing loop
[31.481s] DEBUG:colcon.colcon_parallel_executor.executor.parallel:loop closed
[31.481s] DEBUG:colcon.colcon_parallel_executor.executor.parallel:run_until_complete finished with '0'
[31.481s] DEBUG:colcon.colcon_core.event_reactor:joining thread
[31.491s] INFO:colcon.colcon_core.plugin_system:Skipping extension 'colcon_notification.desktop_notification.notify_send': Could not find 'notify-send'
[31.491s] INFO:colcon.colcon_core.plugin_system:Skipping extension 'colcon_notification.desktop_notification.terminal_notifier': Not used on non-Darwin systems
[31.491s] INFO:colcon.colcon_core.plugin_system:Skipping extension 'colcon_notification.desktop_notification.win32': Not used on non-Windows systems
[31.491s] INFO:colcon.colcon_notification.desktop_notification:Sending desktop notification using 'notify2'
[31.496s] DEBUG:colcon.colcon_notification.desktop_notification.notify2:Failed to initialize notify2: org.freedesktop.DBus.Error.Spawn.ExecFailed: /usr/bin/dbus-launch terminated abnormally without any error message
[31.497s] DEBUG:colcon.colcon_core.event_reactor:joined thread
[31.497s] INFO:colcon.colcon_core.shell:Creating prefix script '/workspace/install/local_setup.ps1'
[31.499s] INFO:colcon.colcon_core.shell:Creating prefix util module '/workspace/install/_local_setup_util_ps1.py'
[31.502s] INFO:colcon.colcon_core.shell:Creating prefix chain script '/workspace/install/setup.ps1'
[31.507s] INFO:colcon.colcon_core.shell:Creating prefix script '/workspace/install/local_setup.sh'
[31.508s] INFO:colcon.colcon_core.shell:Creating prefix util module '/workspace/install/_local_setup_util_sh.py'
[31.509s] INFO:colcon.colcon_core.shell:Creating prefix chain script '/workspace/install/setup.sh'
[31.513s] INFO:colcon.colcon_core.shell:Creating prefix script '/workspace/install/local_setup.bash'
[31.514s] INFO:colcon.colcon_core.shell:Creating prefix chain script '/workspace/install/setup.bash'
[31.517s] INFO:colcon.colcon_core.shell:Creating prefix script '/workspace/install/local_setup.zsh'
[31.518s] INFO:colcon.colcon_core.shell:Creating prefix chain script '/workspace/install/setup.zsh'
