[0.058s] Invoking command in '/workspace/build/quadruped_control': CMAKE_PREFIX_PATH=${CMAKE_PREFIX_PATH}:/opt/ros/humble /usr/bin/cmake /workspace/src/quadruped_control -DBUILD_TESTING=OFF -DAMENT_CMAKE_SYMLINK_INSTALL=1 -DCMAKE_INSTALL_PREFIX=/workspace/install/quadruped_control
[0.589s] -- The C compiler identification is GNU 11.4.0
[1.030s] -- The CXX compiler identification is GNU 11.4.0
[1.071s] -- Detecting C compiler ABI info
[1.734s] -- Detecting C compiler ABI info - done
[1.762s] -- Check for working C compiler: /usr/bin/cc - skipped
[1.762s] -- Detecting C compile features
[1.763s] -- Detecting C compile features - done
[1.771s] -- Detecting CXX compiler ABI info
[2.400s] -- Detecting CXX compiler ABI info - done
[2.419s] -- Check for working CXX compiler: /usr/bin/c++ - skipped
[2.420s] -- Detecting CXX compile features
[2.421s] -- Detecting CXX compile features - done
[2.444s] -- Found ament_cmake: 1.3.14 (/opt/ros/humble/share/ament_cmake/cmake)
[3.183s] -- Found Python3: /usr/bin/python3 (found version "3.10.12") found components: Interpreter 
[3.364s] -- Override CMake install command with custom implementation using symlinks instead of copying resources
[3.537s] -- Found rclcpp: 16.0.19 (/opt/ros/humble/share/rclcpp/cmake)
[3.680s] -- Found rosidl_generator_c: 3.1.9 (/opt/ros/humble/share/rosidl_generator_c/cmake)
[3.702s] -- Found rosidl_adapter: 3.1.9 (/opt/ros/humble/share/rosidl_adapter/cmake)
[3.725s] -- Found rosidl_generator_cpp: 3.1.9 (/opt/ros/humble/share/rosidl_generator_cpp/cmake)
[3.756s] -- Using all available rosidl_typesupport_c: rosidl_typesupport_fastrtps_c;rosidl_typesupport_introspection_c
[3.801s] -- Using all available rosidl_typesupport_cpp: rosidl_typesupport_fastrtps_cpp;rosidl_typesupport_introspection_cpp
[3.929s] -- Found rmw_implementation_cmake: 6.1.3 (/opt/ros/humble/share/rmw_implementation_cmake/cmake)
[3.942s] -- Found rmw_fastrtps_cpp: 6.2.10 (/opt/ros/humble/share/rmw_fastrtps_cpp/cmake)
[4.657s] -- Found OpenSSL: /usr/lib/x86_64-linux-gnu/libcrypto.so (found version "3.0.2")  
[4.717s] -- Found FastRTPS: /opt/ros/humble/include  
[4.825s] -- Using RMW implementation 'rmw_fastrtps_cpp' as default
[4.859s] -- Looking for pthread.h
[5.512s] -- Looking for pthread.h - found
[5.515s] -- Performing Test CMAKE_HAVE_LIBC_PTHREAD
[6.265s] -- Performing Test CMAKE_HAVE_LIBC_PTHREAD - Success
[6.267s] -- Found Threads: TRUE  
[6.361s] -- Found audio_common_msgs: 4.0.10 (/workspace/install/audio_common_msgs/share/audio_common_msgs/cmake)
[6.460s] -- Found orocos_kdl_vendor: 0.2.5 (/opt/ros/humble/share/orocos_kdl_vendor/cmake)
[6.490s] -- Found eigen3_cmake_module: 0.1.1 (/opt/ros/humble/share/eigen3_cmake_module/cmake)
[6.490s] -- Found Eigen3: TRUE (found version "3.4.0") 
[6.491s] -- Ensuring Eigen3 include directory is part of orocos-kdl CMake target
[6.499s] -- Found sensor_msgs: 4.9.2 (/opt/ros/humble/share/sensor_msgs/cmake)
[6.542s] -- Found cv_bridge: 3.2.1 (/opt/ros/humble/share/cv_bridge/cmake)
[6.563s] -- Found OpenCV: /usr (found version "4.5.4") 
[6.573s] -- whisper.cpp version: 1.9.3-dev
[6.606s] -- Found Git: /usr/bin/git (found version "2.34.1") 
[6.860s] -- The ASM compiler identification is GNU
[6.863s] -- Found assembler: /usr/bin/cc
[7.015s] -- Warning: ccache not found - consider installing it for faster compilation or disable this warning with GGML_CCACHE=OFF
[7.141s] -- CMAKE_SYSTEM_PROCESSOR: x86_64
[7.141s] -- GGML_SYSTEM_ARCH: x86
[9.051s] -- Found OpenMP_C: -fopenmp (found version "4.5") 
[9.741s] -- Found OpenMP_CXX: -fopenmp (found version "4.5") 
[9.742s] -- Found OpenMP: TRUE (found version "4.5")  
[9.748s] -- Including CPU backend
[9.751s] -- x86 detected
[9.752s] -- Adding CPU backend variant ggml-cpu: -march=native 
[9.771s] -- ggml version: 0.22.0
[9.772s] -- ggml commit:  97811330-dirty
[10.029s] -- Configuring done
[10.208s] -- Generating done
[10.262s] -- Build files have been written to: /workspace/build/quadruped_control
[10.279s] Invoked command in '/workspace/build/quadruped_control' returned '0': CMAKE_PREFIX_PATH=${CMAKE_PREFIX_PATH}:/opt/ros/humble /usr/bin/cmake /workspace/src/quadruped_control -DBUILD_TESTING=OFF -DAMENT_CMAKE_SYMLINK_INSTALL=1 -DCMAKE_INSTALL_PREFIX=/workspace/install/quadruped_control
[10.286s] Invoking command in '/workspace/build/quadruped_control': CMAKE_PREFIX_PATH=${CMAKE_PREFIX_PATH}:/opt/ros/humble /usr/bin/cmake --build /workspace/build/quadruped_control -- -j12 -l12
[10.854s] [  2%] [32mBuilding CXX object whisper/ggml/src/CMakeFiles/ggml-base.dir/ggml-threading.cpp.o[0m
[10.862s] [ 10%] [32mBuilding C object whisper/ggml/src/CMakeFiles/ggml-base.dir/ggml-quants.c.o[0m
[10.867s] [ 10%] [32mBuilding CXX object whisper/ggml/src/CMakeFiles/ggml-base.dir/ggml.cpp.o[0m
[10.871s] [ 10%] [32mBuilding C object whisper/ggml/src/CMakeFiles/ggml-base.dir/ggml.c.o[0m
[10.877s] [ 18%] [32mBuilding CXX object whisper/ggml/src/CMakeFiles/ggml-base.dir/gguf.cpp.o[0m
[10.883s] [ 18%] [32mBuilding CXX object whisper/ggml/src/CMakeFiles/ggml-base.dir/ggml-opt.cpp.o[0m
[10.885s] [ 18%] [32mBuilding CXX object whisper/ggml/src/CMakeFiles/ggml-base.dir/ggml-backend.cpp.o[0m
[10.892s] [ 23%] [32mBuilding CXX object whisper/ggml/src/CMakeFiles/ggml-base.dir/ggml-backend-meta.cpp.o[0m
[10.895s] [ 23%] [32mBuilding C object whisper/ggml/src/CMakeFiles/ggml-base.dir/ggml-alloc.c.o[0m
[17.608s] [ 26%] [32m[1mLinking CXX shared library ../../../bin/libggml-base.so[0m
[18.052s] [ 26%] Built target ggml-base
[18.316s] [ 31%] [32mBuilding C object whisper/ggml/src/CMakeFiles/ggml-cpu.dir/ggml-cpu/ggml-cpu.c.o[0m
[18.320s] [ 34%] [32mBuilding CXX object whisper/ggml/src/CMakeFiles/ggml-cpu.dir/ggml-cpu/ggml-cpu.cpp.o[0m
[18.324s] [ 34%] [32mBuilding CXX object whisper/ggml/src/CMakeFiles/ggml-cpu.dir/ggml-cpu/repack.cpp.o[0m
[18.330s] [ 36%] [32mBuilding CXX object whisper/ggml/src/CMakeFiles/ggml-cpu.dir/ggml-cpu/hbm.cpp.o[0m
[18.353s] [ 47%] [32mBuilding CXX object whisper/ggml/src/CMakeFiles/ggml-cpu.dir/ggml-cpu/ops.cpp.o[0m
[18.357s] [ 50%] [32mBuilding CXX object whisper/ggml/src/CMakeFiles/ggml-cpu.dir/ggml-cpu/amx/amx.cpp.o[0m
[18.361s] [ 50%] [32mBuilding CXX object whisper/ggml/src/CMakeFiles/ggml-cpu.dir/ggml-cpu/binary-ops.cpp.o[0m
[18.363s] [ 50%] [32mBuilding C object whisper/ggml/src/CMakeFiles/ggml-cpu.dir/ggml-cpu/quants.c.o[0m
[18.367s] [ 52%] [32mBuilding CXX object whisper/ggml/src/CMakeFiles/ggml-cpu.dir/ggml-cpu/traits.cpp.o[0m
[18.370s] [ 50%] [32mBuilding CXX object whisper/ggml/src/CMakeFiles/ggml-cpu.dir/ggml-cpu/amx/mmq.cpp.o[0m
[18.376s] [ 55%] [32mBuilding CXX object whisper/ggml/src/CMakeFiles/ggml-cpu.dir/ggml-cpu/unary-ops.cpp.o[0m
[18.376s] [ 57%] [32mBuilding CXX object whisper/ggml/src/CMakeFiles/ggml-cpu.dir/ggml-cpu/vec.cpp.o[0m
[18.796s] [ 60%] [32mBuilding C object whisper/ggml/src/CMakeFiles/ggml-cpu.dir/ggml-cpu/arch/x86/quants.c.o[0m
[20.688s] [ 63%] [32mBuilding CXX object whisper/ggml/src/CMakeFiles/ggml-cpu.dir/ggml-cpu/arch/x86/repack.cpp.o[0m
[27.229s] [ 65%] [32m[1mLinking CXX shared library ../../../bin/libggml-cpu.so[0m
[27.682s] [ 65%] Built target ggml-cpu
[27.907s] [ 71%] [32mBuilding CXX object whisper/ggml/src/CMakeFiles/ggml.dir/ggml-backend-dl.cpp.o[0m
[27.907s] [ 71%] [32mBuilding CXX object whisper/ggml/src/CMakeFiles/ggml.dir/ggml-backend-reg.cpp.o[0m
[29.922s] [ 73%] [32m[1mLinking CXX shared library ../../../bin/libggml.so[0m
[30.318s] [ 73%] Built target ggml
[30.541s] [ 76%] [32mBuilding CXX object whisper/src/CMakeFiles/whisper.dir/whisper.cpp.o[0m
[42.635s] [ 78%] [32m[1mLinking CXX shared library ../../bin/libwhisper.so[0m
[43.064s] [ 78%] Built target whisper
[43.297s] [ 86%] [32mBuilding CXX object CMakeFiles/quadruped.dir/src/Clients/ActionClient.cpp.o[0m
[43.297s] [ 86%] [32mBuilding CXX object CMakeFiles/quadruped.dir/src/Nodes/UserCommunicationNode.cpp.o[0m
[43.298s] [ 89%] [32mBuilding CXX object CMakeFiles/quadruped.dir/src/Nodes/QuadrupedControllerNode.cpp.o[0m
[43.299s] [ 92%] [32mBuilding CXX object CMakeFiles/quadruped.dir/src/quadruped.cpp.o[0m
[43.303s] [ 92%] [32mBuilding CXX object CMakeFiles/quadruped.dir/src/Nodes/Servo2040BridgeNode.cpp.o[0m
[43.324s] [ 94%] [32mBuilding CXX object CMakeFiles/quadruped.dir/src/Services/ActionService.cpp.o[0m
[43.324s] [ 97%] [32mBuilding CXX object CMakeFiles/quadruped.dir/src/Nodes/CameraDisplayNode.cpp.o[0m
[57.620s] [100%] [32m[1mLinking CXX executable quadruped[0m
[58.827s] [100%] Built target quadruped
[58.908s] Invoked command in '/workspace/build/quadruped_control' returned '0': CMAKE_PREFIX_PATH=${CMAKE_PREFIX_PATH}:/opt/ros/humble /usr/bin/cmake --build /workspace/build/quadruped_control -- -j12 -l12
[58.975s] Invoking command in '/workspace/build/quadruped_control': CMAKE_PREFIX_PATH=${CMAKE_PREFIX_PATH}:/opt/ros/humble /usr/bin/cmake --install /workspace/build/quadruped_control
[59.032s] -- Install configuration: "Release"
[59.034s] -- Execute custom install script
[59.040s] -- Symlinking: /workspace/install/quadruped_control//libggml-cpu.so.0.22.0
[59.084s] -- Symlinking: /workspace/install/quadruped_control//libggml-base.so.0.22.0
[59.127s] -- Symlinking: /workspace/install/quadruped_control/lib/cmake/ggml/ggml-config.cmake
[59.167s] -- Symlinking: /workspace/install/quadruped_control/lib/cmake/ggml/ggml-config-version.cmake
[59.210s] -- Symlinking: /workspace/install/quadruped_control/lib/cmake/whisper/whisper-config.cmake
[59.274s] -- Symlinking: /workspace/install/quadruped_control/lib/cmake/whisper/whisper-config-version.cmake
[59.317s] -- Symlinking: /workspace/install/quadruped_control/lib/pkgconfig/whisper.pc
[59.360s] -- Symlinking: /workspace/install/quadruped_control/lib/cmake/parakeet/parakeet-config.cmake
[59.408s] -- Symlinking: /workspace/install/quadruped_control/lib/cmake/parakeet/parakeet-config-version.cmake
[59.460s] -- Symlinking: /workspace/install/quadruped_control/lib/pkgconfig/parakeet.pc
[59.516s] -- Symlinking: /workspace/install/quadruped_control/lib/quadruped_control/quadruped
[59.562s] -- Symlinking: /workspace/install/quadruped_control/share/ament_index/resource_index/package_run_dependencies/quadruped_control
[59.638s] -- Symlinking: /workspace/install/quadruped_control/share/ament_index/resource_index/parent_prefix_path/quadruped_control
[59.683s] -- Symlinking: /workspace/install/quadruped_control/share/quadruped_control/environment/ament_prefix_path.sh
[59.757s] -- Symlinking: /workspace/install/quadruped_control/share/quadruped_control/environment/ament_prefix_path.dsv
[59.817s] -- Symlinking: /workspace/install/quadruped_control/share/quadruped_control/environment/path.sh
[59.872s] -- Symlinking: /workspace/install/quadruped_control/share/quadruped_control/environment/path.dsv
[59.914s] -- Symlinking: /workspace/install/quadruped_control/share/quadruped_control/local_setup.bash
[59.976s] -- Symlinking: /workspace/install/quadruped_control/share/quadruped_control/local_setup.sh
[60.044s] -- Symlinking: /workspace/install/quadruped_control/share/quadruped_control/local_setup.zsh
[60.085s] -- Symlinking: /workspace/install/quadruped_control/share/quadruped_control/local_setup.dsv
[60.130s] -- Symlinking: /workspace/install/quadruped_control/share/quadruped_control/package.dsv
[60.172s] -- Symlinking: /workspace/install/quadruped_control/share/ament_index/resource_index/packages/quadruped_control
[60.219s] -- Symlinking: /workspace/install/quadruped_control/share/quadruped_control/cmake/quadruped_controlConfig.cmake
[60.276s] -- Symlinking: /workspace/install/quadruped_control/share/quadruped_control/cmake/quadruped_controlConfig-version.cmake
[60.331s] -- Symlinking: /workspace/install/quadruped_control/share/quadruped_control/package.xml
[60.397s] Invoked command in '/workspace/build/quadruped_control' returned '0': CMAKE_PREFIX_PATH=${CMAKE_PREFIX_PATH}:/opt/ros/humble /usr/bin/cmake --install /workspace/build/quadruped_control
