[0.333s] DEBUG:colcon:Command line arguments: ['/usr/bin/colcon', 'build', '--base-paths', '/workspace/src', '--packages-select', 'quadruped_control', '--symlink-install', '--cmake-clean-cache', '--cmake-args', '-DBUILD_TESTING=OFF']
[0.335s] DEBUG:colcon:Parsed command line arguments: Namespace(log_base=None, log_level=None, verb_name='build', build_base='build', install_base='install', merge_install=False, symlink_install=True, test_result_base=None, continue_on_error=False, executor='parallel', parallel_workers=12, event_handlers=None, ignore_user_meta=False, metas=['./colcon.meta'], base_paths=['/workspace/src'], packages_ignore=None, packages_ignore_regex=None, paths=None, packages_up_to=None, packages_up_to_regex=None, packages_above=None, packages_above_and_dependencies=None, packages_above_depth=None, packages_select_by_dep=None, packages_skip_by_dep=None, packages_skip_up_to=None, packages_select_build_failed=False, packages_skip_build_finished=False, packages_select_test_failures=False, packages_skip_test_passed=False, packages_select=['quadruped_control'], packages_skip=None, packages_select_regex=None, packages_skip_regex=None, packages_start=None, packages_end=None, cmake_args=['-DBUILD_TESTING=OFF'], cmake_target=None, cmake_target_skip_unavailable=False, cmake_clean_cache=True, cmake_clean_first=False, cmake_force_configure=False, meson_args=[], ament_cmake_args=None, catkin_cmake_args=None, catkin_skip_building_tests=False, mixin_files=None, mixin=None, verb_parser=<colcon_mixin.mixin.mixin_argument.MixinArgumentDecorator object at 0x7ffffe238d30>, verb_extension=<colcon_core.verb.build.BuildVerb object at 0x7ffffe2387c0>, main=<bound method BuildVerb.main of <colcon_core.verb.build.BuildVerb object at 0x7ffffe2387c0>>, mixin_verb=('build',))
[0.491s] Level 1:colcon.colcon_core.package_discovery:discover_packages(colcon_meta) check parameters
[0.493s] INFO:colcon.colcon_metadata.package_discovery.colcon_meta:Using configuration from '/root/.colcon/metadata/default/Gazebo.meta'
[0.495s] INFO:colcon.colcon_metadata.package_discovery.colcon_meta:Using configuration from '/root/.colcon/metadata/default/fastdds.meta'
[0.496s] INFO:colcon.colcon_metadata.package_discovery.colcon_meta:Using configuration from '/root/.colcon/metadata/default/fastrtps.meta'
[0.496s] Level 1:colcon.colcon_core.package_discovery:discover_packages(recursive) check parameters
[0.496s] Level 1:colcon.colcon_core.package_discovery:discover_packages(ignore) check parameters
[0.496s] Level 1:colcon.colcon_core.package_discovery:discover_packages(path) check parameters
[0.496s] Level 1:colcon.colcon_core.package_discovery:discover_packages(recursive) discover
[0.496s] INFO:colcon.colcon_core.package_discovery:Crawling recursively for packages in '/workspace/src'
[0.497s] Level 1:colcon.colcon_core.package_identification:_identify(/workspace/src) by extensions ['ignore', 'ignore_ament_install']
[0.497s] Level 1:colcon.colcon_core.package_identification:_identify(/workspace/src) by extension 'ignore'
[0.497s] Level 1:colcon.colcon_core.package_identification:_identify(/workspace/src) by extension 'ignore_ament_install'
[0.497s] Level 1:colcon.colcon_core.package_identification:_identify(/workspace/src) by extensions ['colcon_pkg']
[0.497s] Level 1:colcon.colcon_core.package_identification:_identify(/workspace/src) by extension 'colcon_pkg'
[0.500s] Level 1:colcon.colcon_core.package_identification:_identify(/workspace/src) by extensions ['colcon_meta']
[0.504s] Level 1:colcon.colcon_core.package_identification:_identify(/workspace/src) by extension 'colcon_meta'
[0.504s] Level 1:colcon.colcon_core.package_identification:_identify(/workspace/src) by extensions ['ros']
[0.504s] Level 1:colcon.colcon_core.package_identification:_identify(/workspace/src) by extension 'ros'
[0.513s] Level 1:colcon.colcon_core.package_identification:_identify(/workspace/src) by extensions ['cmake', 'meson', 'python']
[0.513s] Level 1:colcon.colcon_core.package_identification:_identify(/workspace/src) by extension 'cmake'
[0.513s] Level 1:colcon.colcon_core.package_identification:_identify(/workspace/src) by extension 'meson'
[0.515s] Level 1:colcon.colcon_core.package_identification:_identify(/workspace/src) by extension 'python'
[0.515s] Level 1:colcon.colcon_core.package_identification:_identify(/workspace/src) by extensions ['python_setup_py']
[0.515s] Level 1:colcon.colcon_core.package_identification:_identify(/workspace/src) by extension 'python_setup_py'
[0.516s] Level 1:colcon.colcon_core.package_identification:_identify(/workspace/src/quadruped_control) by extensions ['ignore', 'ignore_ament_install']
[0.516s] Level 1:colcon.colcon_core.package_identification:_identify(/workspace/src/quadruped_control) by extension 'ignore'
[0.516s] Level 1:colcon.colcon_core.package_identification:_identify(/workspace/src/quadruped_control) by extension 'ignore_ament_install'
[0.516s] Level 1:colcon.colcon_core.package_identification:_identify(/workspace/src/quadruped_control) by extensions ['colcon_pkg']
[0.516s] Level 1:colcon.colcon_core.package_identification:_identify(/workspace/src/quadruped_control) by extension 'colcon_pkg'
[0.517s] Level 1:colcon.colcon_core.package_identification:_identify(/workspace/src/quadruped_control) by extensions ['colcon_meta']
[0.517s] Level 1:colcon.colcon_core.package_identification:_identify(/workspace/src/quadruped_control) by extension 'colcon_meta'
[0.517s] Level 1:colcon.colcon_core.package_identification:_identify(/workspace/src/quadruped_control) by extensions ['ros']
[0.517s] Level 1:colcon.colcon_core.package_identification:_identify(/workspace/src/quadruped_control) by extension 'ros'
[0.523s] DEBUG:colcon.colcon_core.package_identification:Package '/workspace/src/quadruped_control' with type 'ros.ament_cmake' and name 'quadruped_control'
[0.523s] Level 1:colcon.colcon_core.package_identification:_identify(/workspace/src/quadruped_sim) by extensions ['ignore', 'ignore_ament_install']
[0.524s] Level 1:colcon.colcon_core.package_identification:_identify(/workspace/src/quadruped_sim) by extension 'ignore'
[0.524s] Level 1:colcon.colcon_core.package_identification:_identify(/workspace/src/quadruped_sim) by extension 'ignore_ament_install'
[0.524s] Level 1:colcon.colcon_core.package_identification:_identify(/workspace/src/quadruped_sim) by extensions ['colcon_pkg']
[0.524s] Level 1:colcon.colcon_core.package_identification:_identify(/workspace/src/quadruped_sim) by extension 'colcon_pkg'
[0.524s] Level 1:colcon.colcon_core.package_identification:_identify(/workspace/src/quadruped_sim) by extensions ['colcon_meta']
[0.524s] Level 1:colcon.colcon_core.package_identification:_identify(/workspace/src/quadruped_sim) by extension 'colcon_meta'
[0.524s] Level 1:colcon.colcon_core.package_identification:_identify(/workspace/src/quadruped_sim) by extensions ['ros']
[0.524s] Level 1:colcon.colcon_core.package_identification:_identify(/workspace/src/quadruped_sim) by extension 'ros'
[0.525s] DEBUG:colcon.colcon_core.package_identification:Package '/workspace/src/quadruped_sim' with type 'ros.ament_cmake' and name 'quadruped_sim'
[0.525s] Level 1:colcon.colcon_core.package_discovery:discover_packages(recursive) using defaults
[0.545s] INFO:colcon.colcon_core.package_selection:Skipping not selected package 'quadruped_sim' in '/workspace/src/quadruped_sim'
[0.545s] Level 5:colcon.colcon_core.verb:set package 'quadruped_control' build argument 'cmake_args' from command line to '['-DBUILD_TESTING=OFF']'
[0.548s] Level 5:colcon.colcon_core.verb:set package 'quadruped_control' build argument 'cmake_target' from command line to 'None'
[0.548s] Level 5:colcon.colcon_core.verb:set package 'quadruped_control' build argument 'cmake_target_skip_unavailable' from command line to 'False'
[0.548s] Level 5:colcon.colcon_core.verb:set package 'quadruped_control' build argument 'cmake_clean_cache' from command line to 'True'
[0.549s] Level 5:colcon.colcon_core.verb:set package 'quadruped_control' build argument 'cmake_clean_first' from command line to 'False'
[0.550s] Level 5:colcon.colcon_core.verb:set package 'quadruped_control' build argument 'cmake_force_configure' from command line to 'False'
[0.550s] Level 5:colcon.colcon_core.verb:set package 'quadruped_control' build argument 'meson_args' from command line to '[]'
[0.552s] Level 5:colcon.colcon_core.verb:set package 'quadruped_control' build argument 'ament_cmake_args' from command line to 'None'
[0.552s] Level 5:colcon.colcon_core.verb:set package 'quadruped_control' build argument 'catkin_cmake_args' from command line to 'None'
[0.552s] Level 5:colcon.colcon_core.verb:set package 'quadruped_control' build argument 'catkin_skip_building_tests' from command line to 'False'
[0.552s] DEBUG:colcon.colcon_core.verb:Building package 'quadruped_control' with the following arguments: {'ament_cmake_args': None, 'build_base': '/workspace/build/quadruped_control', 'catkin_cmake_args': None, 'catkin_skip_building_tests': False, 'cmake_args': ['-DBUILD_TESTING=OFF'], 'cmake_clean_cache': True, 'cmake_clean_first': False, 'cmake_force_configure': False, 'cmake_target': None, 'cmake_target_skip_unavailable': False, 'install_base': '/workspace/install/quadruped_control', 'merge_install': False, 'meson_args': [], 'path': '/workspace/src/quadruped_control', 'symlink_install': True, 'test_result_base': None}
[0.552s] INFO:colcon.colcon_core.executor:Executing jobs using 'parallel' executor
[0.556s] DEBUG:colcon.colcon_parallel_executor.executor.parallel:run_until_complete
[0.557s] INFO:colcon.colcon_ros.task.ament_cmake.build:Building ROS package in '/workspace/src/quadruped_control' with build type 'ament_cmake'
[0.558s] INFO:colcon.colcon_cmake.task.cmake.build:Building CMake package in '/workspace/src/quadruped_control'
[0.560s] INFO:colcon.colcon_core.plugin_system:Skipping extension 'colcon_core.shell.bat': Not used on non-Windows systems
[0.560s] INFO:colcon.colcon_core.shell:Skip shell extension 'powershell' for command environment: Not usable outside of PowerShell
[0.560s] DEBUG:colcon.colcon_core.shell:Skip shell extension 'dsv' for command environment
[0.561s] WARNING:colcon.colcon_ros.prefix_path.ament:The path '/workspace/install/quadruped_control' in the environment variable AMENT_PREFIX_PATH doesn't exist
[0.563s] WARNING:colcon.colcon_ros.prefix_path.catkin:The path '/workspace/install/quadruped_control' in the environment variable CMAKE_PREFIX_PATH doesn't exist
[0.624s] DEBUG:colcon.colcon_core.event_handler.log_command:Invoking command in '/workspace/build/quadruped_control': CMAKE_PREFIX_PATH=${CMAKE_PREFIX_PATH}:/opt/ros/humble /usr/bin/cmake /workspace/src/quadruped_control -DBUILD_TESTING=OFF -DAMENT_CMAKE_SYMLINK_INSTALL=1 -DCMAKE_INSTALL_PREFIX=/workspace/install/quadruped_control
[12.120s] DEBUG:colcon.colcon_core.event_handler.log_command:Invoked command in '/workspace/build/quadruped_control' returned '0': CMAKE_PREFIX_PATH=${CMAKE_PREFIX_PATH}:/opt/ros/humble /usr/bin/cmake /workspace/src/quadruped_control -DBUILD_TESTING=OFF -DAMENT_CMAKE_SYMLINK_INSTALL=1 -DCMAKE_INSTALL_PREFIX=/workspace/install/quadruped_control
[12.125s] DEBUG:colcon.colcon_core.event_handler.log_command:Invoking command in '/workspace/build/quadruped_control': CMAKE_PREFIX_PATH=${CMAKE_PREFIX_PATH}:/opt/ros/humble /usr/bin/cmake --build /workspace/build/quadruped_control -- -j12 -l12
[62.959s] DEBUG:colcon.colcon_core.event_handler.log_command:Invoked command in '/workspace/build/quadruped_control' returned '0': CMAKE_PREFIX_PATH=${CMAKE_PREFIX_PATH}:/opt/ros/humble /usr/bin/cmake --build /workspace/build/quadruped_control -- -j12 -l12
[63.030s] DEBUG:colcon.colcon_core.event_handler.log_command:Invoking command in '/workspace/build/quadruped_control': CMAKE_PREFIX_PATH=${CMAKE_PREFIX_PATH}:/opt/ros/humble /usr/bin/cmake --install /workspace/build/quadruped_control
[64.560s] Level 1:colcon.colcon_core.environment:create_environment_scripts_only(quadruped_control)
[64.562s] DEBUG:colcon.colcon_core.event_handler.log_command:Invoked command in '/workspace/build/quadruped_control' returned '0': CMAKE_PREFIX_PATH=${CMAKE_PREFIX_PATH}:/opt/ros/humble /usr/bin/cmake --install /workspace/build/quadruped_control
[64.565s] Level 1:colcon.colcon_core.environment:checking '/workspace/install/quadruped_control' for CMake module files
[64.568s] Level 1:colcon.colcon_core.environment:checking '/workspace/install/quadruped_control' for CMake config files
[64.570s] Level 1:colcon.colcon_core.shell:create_environment_hook('quadruped_control', 'cmake_prefix_path')
[64.570s] INFO:colcon.colcon_core.shell:Creating environment hook '/workspace/install/quadruped_control/share/quadruped_control/hook/cmake_prefix_path.ps1'
[64.573s] INFO:colcon.colcon_core.shell:Creating environment descriptor '/workspace/install/quadruped_control/share/quadruped_control/hook/cmake_prefix_path.dsv'
[64.574s] INFO:colcon.colcon_core.shell:Creating environment hook '/workspace/install/quadruped_control/share/quadruped_control/hook/cmake_prefix_path.sh'
[64.576s] Level 1:colcon.colcon_core.environment:checking '/workspace/install/quadruped_control/libggml-cpu.so.0.22.0'
[64.577s] Level 1:colcon.colcon_core.environment:checking '/workspace/install/quadruped_control/libggml-base.so.0.22.0'
[64.577s] Level 1:colcon.colcon_core.environment:checking '/workspace/install/quadruped_control/lib'
[64.577s] Level 1:colcon.colcon_core.environment:checking '/workspace/install/quadruped_control/bin'
[64.578s] Level 1:colcon.colcon_core.environment:checking '/workspace/install/quadruped_control/lib/pkgconfig/quadruped_control.pc'
[64.579s] Level 1:colcon.colcon_core.environment:checking '/workspace/install/quadruped_control/lib/python3.10/site-packages'
[64.580s] Level 1:colcon.colcon_core.environment:checking '/workspace/install/quadruped_control/bin'
[64.580s] INFO:colcon.colcon_core.shell:Creating package script '/workspace/install/quadruped_control/share/quadruped_control/package.ps1'
[64.582s] INFO:colcon.colcon_core.shell:Creating package descriptor '/workspace/install/quadruped_control/share/quadruped_control/package.dsv'
[64.584s] INFO:colcon.colcon_core.shell:Creating package script '/workspace/install/quadruped_control/share/quadruped_control/package.sh'
[64.585s] INFO:colcon.colcon_core.shell:Creating package script '/workspace/install/quadruped_control/share/quadruped_control/package.bash'
[64.586s] INFO:colcon.colcon_core.shell:Creating package script '/workspace/install/quadruped_control/share/quadruped_control/package.zsh'
[64.587s] Level 1:colcon.colcon_core.environment:create_file_with_runtime_dependencies(/workspace/install/quadruped_control/share/colcon-core/packages/quadruped_control)
[64.589s] Level 1:colcon.colcon_core.environment:create_environment_scripts_only(quadruped_control)
[64.589s] Level 1:colcon.colcon_core.environment:checking '/workspace/install/quadruped_control' for CMake module files
[64.591s] Level 1:colcon.colcon_core.environment:checking '/workspace/install/quadruped_control' for CMake config files
[64.592s] Level 1:colcon.colcon_core.shell:create_environment_hook('quadruped_control', 'cmake_prefix_path')
[64.593s] INFO:colcon.colcon_core.shell:Creating environment hook '/workspace/install/quadruped_control/share/quadruped_control/hook/cmake_prefix_path.ps1'
[64.593s] INFO:colcon.colcon_core.shell:Creating environment descriptor '/workspace/install/quadruped_control/share/quadruped_control/hook/cmake_prefix_path.dsv'
[64.594s] INFO:colcon.colcon_core.shell:Creating environment hook '/workspace/install/quadruped_control/share/quadruped_control/hook/cmake_prefix_path.sh'
[64.596s] Level 1:colcon.colcon_core.environment:checking '/workspace/install/quadruped_control/libggml-cpu.so.0.22.0'
[64.596s] Level 1:colcon.colcon_core.environment:checking '/workspace/install/quadruped_control/libggml-base.so.0.22.0'
[64.596s] Level 1:colcon.colcon_core.environment:checking '/workspace/install/quadruped_control/lib'
[64.596s] Level 1:colcon.colcon_core.environment:checking '/workspace/install/quadruped_control/bin'
[64.596s] Level 1:colcon.colcon_core.environment:checking '/workspace/install/quadruped_control/lib/pkgconfig/quadruped_control.pc'
[64.596s] Level 1:colcon.colcon_core.environment:checking '/workspace/install/quadruped_control/lib/python3.10/site-packages'
[64.597s] Level 1:colcon.colcon_core.environment:checking '/workspace/install/quadruped_control/bin'
[64.597s] INFO:colcon.colcon_core.shell:Creating package script '/workspace/install/quadruped_control/share/quadruped_control/package.ps1'
[64.598s] INFO:colcon.colcon_core.shell:Creating package descriptor '/workspace/install/quadruped_control/share/quadruped_control/package.dsv'
[64.599s] INFO:colcon.colcon_core.shell:Creating package script '/workspace/install/quadruped_control/share/quadruped_control/package.sh'
[64.599s] INFO:colcon.colcon_core.shell:Creating package script '/workspace/install/quadruped_control/share/quadruped_control/package.bash'
[64.600s] INFO:colcon.colcon_core.shell:Creating package script '/workspace/install/quadruped_control/share/quadruped_control/package.zsh'
[64.601s] Level 1:colcon.colcon_core.environment:create_file_with_runtime_dependencies(/workspace/install/quadruped_control/share/colcon-core/packages/quadruped_control)
[64.603s] DEBUG:colcon.colcon_parallel_executor.executor.parallel:closing loop
[64.603s] DEBUG:colcon.colcon_parallel_executor.executor.parallel:loop closed
[64.604s] DEBUG:colcon.colcon_parallel_executor.executor.parallel:run_until_complete finished with '0'
[64.604s] DEBUG:colcon.colcon_core.event_reactor:joining thread
[64.613s] INFO:colcon.colcon_core.plugin_system:Skipping extension 'colcon_notification.desktop_notification.notify_send': Could not find 'notify-send'
[64.613s] INFO:colcon.colcon_core.plugin_system:Skipping extension 'colcon_notification.desktop_notification.terminal_notifier': Not used on non-Darwin systems
[64.614s] INFO:colcon.colcon_core.plugin_system:Skipping extension 'colcon_notification.desktop_notification.win32': Not used on non-Windows systems
[64.614s] INFO:colcon.colcon_notification.desktop_notification:Sending desktop notification using 'notify2'
[64.619s] DEBUG:colcon.colcon_notification.desktop_notification.notify2:Failed to initialize notify2: org.freedesktop.DBus.Error.Spawn.ExecFailed: /usr/bin/dbus-launch terminated abnormally without any error message
[64.621s] DEBUG:colcon.colcon_core.event_reactor:joined thread
[64.621s] INFO:colcon.colcon_core.shell:Creating prefix script '/workspace/install/local_setup.ps1'
[64.623s] INFO:colcon.colcon_core.shell:Creating prefix util module '/workspace/install/_local_setup_util_ps1.py'
[64.625s] INFO:colcon.colcon_core.shell:Creating prefix chain script '/workspace/install/setup.ps1'
[64.628s] INFO:colcon.colcon_core.shell:Creating prefix script '/workspace/install/local_setup.sh'
[64.629s] INFO:colcon.colcon_core.shell:Creating prefix util module '/workspace/install/_local_setup_util_sh.py'
[64.630s] INFO:colcon.colcon_core.shell:Creating prefix chain script '/workspace/install/setup.sh'
[64.633s] INFO:colcon.colcon_core.shell:Creating prefix script '/workspace/install/local_setup.bash'
[64.634s] INFO:colcon.colcon_core.shell:Creating prefix chain script '/workspace/install/setup.bash'
[64.637s] INFO:colcon.colcon_core.shell:Creating prefix script '/workspace/install/local_setup.zsh'
[64.638s] INFO:colcon.colcon_core.shell:Creating prefix chain script '/workspace/install/setup.zsh'
