[0.277s] DEBUG:colcon:Command line arguments: ['/usr/bin/colcon', 'build', '--packages-select', 'quadruped_control', '--symlink-install', '--cmake-clean-cache', '--cmake-args', '-DBUILD_TESTING=OFF']
[0.278s] DEBUG:colcon:Parsed command line arguments: Namespace(log_base=None, log_level=None, verb_name='build', build_base='build', install_base='install', merge_install=False, symlink_install=True, test_result_base=None, continue_on_error=False, executor='parallel', parallel_workers=12, event_handlers=None, ignore_user_meta=False, metas=['./colcon.meta'], base_paths=['.'], packages_ignore=None, packages_ignore_regex=None, paths=None, packages_up_to=None, packages_up_to_regex=None, packages_above=None, packages_above_and_dependencies=None, packages_above_depth=None, packages_select_by_dep=None, packages_skip_by_dep=None, packages_skip_up_to=None, packages_select_build_failed=False, packages_skip_build_finished=False, packages_select_test_failures=False, packages_skip_test_passed=False, packages_select=['quadruped_control'], packages_skip=None, packages_select_regex=None, packages_skip_regex=None, packages_start=None, packages_end=None, cmake_args=['-DBUILD_TESTING=OFF'], cmake_target=None, cmake_target_skip_unavailable=False, cmake_clean_cache=True, cmake_clean_first=False, cmake_force_configure=False, meson_args=[], ament_cmake_args=None, catkin_cmake_args=None, catkin_skip_building_tests=False, mixin_files=None, mixin=None, verb_parser=<colcon_mixin.mixin.mixin_argument.MixinArgumentDecorator object at 0x7ffffe23cc70>, verb_extension=<colcon_core.verb.build.BuildVerb object at 0x7ffffe23c700>, main=<bound method BuildVerb.main of <colcon_core.verb.build.BuildVerb object at 0x7ffffe23c700>>, mixin_verb=('build',))
[0.411s] Level 1:colcon.colcon_core.package_discovery:discover_packages(colcon_meta) check parameters
[0.414s] INFO:colcon.colcon_metadata.package_discovery.colcon_meta:Using configuration from '/root/.colcon/metadata/default/Gazebo.meta'
[0.414s] INFO:colcon.colcon_metadata.package_discovery.colcon_meta:Using configuration from '/root/.colcon/metadata/default/fastdds.meta'
[0.415s] INFO:colcon.colcon_metadata.package_discovery.colcon_meta:Using configuration from '/root/.colcon/metadata/default/fastrtps.meta'
[0.417s] Level 1:colcon.colcon_core.package_discovery:discover_packages(recursive) check parameters
[0.417s] Level 1:colcon.colcon_core.package_discovery:discover_packages(ignore) check parameters
[0.417s] Level 1:colcon.colcon_core.package_discovery:discover_packages(path) check parameters
[0.417s] Level 1:colcon.colcon_core.package_discovery:discover_packages(colcon_meta) discover
[0.417s] Level 1:colcon.colcon_core.package_discovery:discover_packages(recursive) discover
[0.417s] INFO:colcon.colcon_core.package_discovery:Crawling recursively for packages in '/workspace'
[0.418s] Level 1:colcon.colcon_core.package_identification:_identify(.) by extensions ['ignore', 'ignore_ament_install']
[0.418s] Level 1:colcon.colcon_core.package_identification:_identify(.) by extension 'ignore'
[0.418s] Level 1:colcon.colcon_core.package_identification:_identify(.) by extension 'ignore_ament_install'
[0.418s] Level 1:colcon.colcon_core.package_identification:_identify(.) by extensions ['colcon_pkg']
[0.419s] Level 1:colcon.colcon_core.package_identification:_identify(.) by extension 'colcon_pkg'
[0.419s] Level 1:colcon.colcon_core.package_identification:_identify(.) by extensions ['colcon_meta']
[0.419s] Level 1:colcon.colcon_core.package_identification:_identify(.) by extension 'colcon_meta'
[0.419s] Level 1:colcon.colcon_core.package_identification:_identify(.) by extensions ['ros']
[0.419s] Level 1:colcon.colcon_core.package_identification:_identify(.) by extension 'ros'
[0.427s] Level 1:colcon.colcon_core.package_identification:_identify(.) by extensions ['cmake', 'meson', 'python']
[0.427s] Level 1:colcon.colcon_core.package_identification:_identify(.) by extension 'cmake'
[0.427s] Level 1:colcon.colcon_core.package_identification:_identify(.) by extension 'meson'
[0.428s] Level 1:colcon.colcon_core.package_identification:_identify(.) by extension 'python'
[0.429s] Level 1:colcon.colcon_core.package_identification:_identify(.) by extensions ['python_setup_py']
[0.429s] Level 1:colcon.colcon_core.package_identification:_identify(.) by extension 'python_setup_py'
[0.429s] Level 1:colcon.colcon_core.package_identification:_identify(Quadruped_textures) by extensions ['ignore', 'ignore_ament_install']
[0.429s] Level 1:colcon.colcon_core.package_identification:_identify(Quadruped_textures) by extension 'ignore'
[0.429s] Level 1:colcon.colcon_core.package_identification:_identify(Quadruped_textures) by extension 'ignore_ament_install'
[0.430s] Level 1:colcon.colcon_core.package_identification:_identify(Quadruped_textures) by extensions ['colcon_pkg']
[0.430s] Level 1:colcon.colcon_core.package_identification:_identify(Quadruped_textures) by extension 'colcon_pkg'
[0.430s] Level 1:colcon.colcon_core.package_identification:_identify(Quadruped_textures) by extensions ['colcon_meta']
[0.430s] Level 1:colcon.colcon_core.package_identification:_identify(Quadruped_textures) by extension 'colcon_meta'
[0.430s] Level 1:colcon.colcon_core.package_identification:_identify(Quadruped_textures) by extensions ['ros']
[0.430s] Level 1:colcon.colcon_core.package_identification:_identify(Quadruped_textures) by extension 'ros'
[0.430s] Level 1:colcon.colcon_core.package_identification:_identify(Quadruped_textures) by extensions ['cmake', 'meson', 'python']
[0.431s] Level 1:colcon.colcon_core.package_identification:_identify(Quadruped_textures) by extension 'cmake'
[0.431s] Level 1:colcon.colcon_core.package_identification:_identify(Quadruped_textures) by extension 'meson'
[0.432s] Level 1:colcon.colcon_core.package_identification:_identify(Quadruped_textures) by extension 'python'
[0.432s] Level 1:colcon.colcon_core.package_identification:_identify(Quadruped_textures) by extensions ['python_setup_py']
[0.432s] Level 1:colcon.colcon_core.package_identification:_identify(Quadruped_textures) by extension 'python_setup_py'
[0.432s] Level 1:colcon.colcon_core.package_identification:_identify(audio_common) by extensions ['ignore', 'ignore_ament_install']
[0.432s] Level 1:colcon.colcon_core.package_identification:_identify(audio_common) by extension 'ignore'
[0.432s] Level 1:colcon.colcon_core.package_identification:_identify(audio_common) by extension 'ignore_ament_install'
[0.433s] Level 1:colcon.colcon_core.package_identification:_identify(audio_common) by extensions ['colcon_pkg']
[0.433s] Level 1:colcon.colcon_core.package_identification:_identify(audio_common) by extension 'colcon_pkg'
[0.433s] Level 1:colcon.colcon_core.package_identification:_identify(audio_common) by extensions ['colcon_meta']
[0.433s] Level 1:colcon.colcon_core.package_identification:_identify(audio_common) by extension 'colcon_meta'
[0.433s] Level 1:colcon.colcon_core.package_identification:_identify(audio_common) by extensions ['ros']
[0.433s] Level 1:colcon.colcon_core.package_identification:_identify(audio_common) by extension 'ros'
[0.433s] Level 1:colcon.colcon_core.package_identification:_identify(audio_common) by extensions ['cmake', 'meson', 'python']
[0.433s] Level 1:colcon.colcon_core.package_identification:_identify(audio_common) by extension 'cmake'
[0.434s] Level 1:colcon.colcon_core.package_identification:_identify(audio_common) by extension 'meson'
[0.434s] Level 1:colcon.colcon_core.package_identification:_identify(audio_common) by extension 'python'
[0.435s] Level 1:colcon.colcon_core.package_identification:_identify(audio_common) by extensions ['python_setup_py']
[0.435s] Level 1:colcon.colcon_core.package_identification:_identify(audio_common) by extension 'python_setup_py'
[0.435s] Level 1:colcon.colcon_core.package_identification:_identify(audio_common/audio_common) by extensions ['ignore', 'ignore_ament_install']
[0.435s] Level 1:colcon.colcon_core.package_identification:_identify(audio_common/audio_common) by extension 'ignore'
[0.435s] Level 1:colcon.colcon_core.package_identification:_identify(audio_common/audio_common) by extension 'ignore_ament_install'
[0.436s] Level 1:colcon.colcon_core.package_identification:_identify(audio_common/audio_common) by extensions ['colcon_pkg']
[0.436s] Level 1:colcon.colcon_core.package_identification:_identify(audio_common/audio_common) by extension 'colcon_pkg'
[0.436s] Level 1:colcon.colcon_core.package_identification:_identify(audio_common/audio_common) by extensions ['colcon_meta']
[0.436s] Level 1:colcon.colcon_core.package_identification:_identify(audio_common/audio_common) by extension 'colcon_meta'
[0.436s] Level 1:colcon.colcon_core.package_identification:_identify(audio_common/audio_common) by extensions ['ros']
[0.436s] Level 1:colcon.colcon_core.package_identification:_identify(audio_common/audio_common) by extension 'ros'
[0.442s] DEBUG:colcon.colcon_core.package_identification:Package 'audio_common/audio_common' with type 'ros.ament_cmake' and name 'audio_common'
[0.446s] Level 1:colcon.colcon_core.package_identification:_identify(audio_common/audio_common_msgs) by extensions ['ignore', 'ignore_ament_install']
[0.446s] Level 1:colcon.colcon_core.package_identification:_identify(audio_common/audio_common_msgs) by extension 'ignore'
[0.446s] Level 1:colcon.colcon_core.package_identification:_identify(audio_common/audio_common_msgs) by extension 'ignore_ament_install'
[0.446s] Level 1:colcon.colcon_core.package_identification:_identify(audio_common/audio_common_msgs) by extensions ['colcon_pkg']
[0.446s] Level 1:colcon.colcon_core.package_identification:_identify(audio_common/audio_common_msgs) by extension 'colcon_pkg'
[0.446s] Level 1:colcon.colcon_core.package_identification:_identify(audio_common/audio_common_msgs) by extensions ['colcon_meta']
[0.447s] Level 1:colcon.colcon_core.package_identification:_identify(audio_common/audio_common_msgs) by extension 'colcon_meta'
[0.450s] Level 1:colcon.colcon_core.package_identification:_identify(audio_common/audio_common_msgs) by extensions ['ros']
[0.450s] Level 1:colcon.colcon_core.package_identification:_identify(audio_common/audio_common_msgs) by extension 'ros'
[0.451s] DEBUG:colcon.colcon_core.package_identification:Package 'audio_common/audio_common_msgs' with type 'ros.ament_cmake' and name 'audio_common_msgs'
[0.451s] Level 1:colcon.colcon_core.package_identification:_identify(build) by extensions ['ignore', 'ignore_ament_install']
[0.451s] Level 1:colcon.colcon_core.package_identification:_identify(build) by extension 'ignore'
[0.451s] Level 1:colcon.colcon_core.package_identification:_identify(build) ignored
[0.451s] Level 1:colcon.colcon_core.package_identification:_identify(gz_control_ws) by extensions ['ignore', 'ignore_ament_install']
[0.452s] Level 1:colcon.colcon_core.package_identification:_identify(gz_control_ws) by extension 'ignore'
[0.452s] Level 1:colcon.colcon_core.package_identification:_identify(gz_control_ws) by extension 'ignore_ament_install'
[0.452s] Level 1:colcon.colcon_core.package_identification:_identify(gz_control_ws) by extensions ['colcon_pkg']
[0.452s] Level 1:colcon.colcon_core.package_identification:_identify(gz_control_ws) by extension 'colcon_pkg'
[0.452s] Level 1:colcon.colcon_core.package_identification:_identify(gz_control_ws) by extensions ['colcon_meta']
[0.452s] Level 1:colcon.colcon_core.package_identification:_identify(gz_control_ws) by extension 'colcon_meta'
[0.452s] Level 1:colcon.colcon_core.package_identification:_identify(gz_control_ws) by extensions ['ros']
[0.452s] Level 1:colcon.colcon_core.package_identification:_identify(gz_control_ws) by extension 'ros'
[0.452s] Level 1:colcon.colcon_core.package_identification:_identify(gz_control_ws) by extensions ['cmake', 'meson', 'python']
[0.452s] Level 1:colcon.colcon_core.package_identification:_identify(gz_control_ws) by extension 'cmake'
[0.453s] Level 1:colcon.colcon_core.package_identification:_identify(gz_control_ws) by extension 'meson'
[0.453s] Level 1:colcon.colcon_core.package_identification:_identify(gz_control_ws) by extension 'python'
[0.454s] Level 1:colcon.colcon_core.package_identification:_identify(gz_control_ws) by extensions ['python_setup_py']
[0.454s] Level 1:colcon.colcon_core.package_identification:_identify(gz_control_ws) by extension 'python_setup_py'
[0.454s] Level 1:colcon.colcon_core.package_identification:_identify(gz_control_ws/build) by extensions ['ignore', 'ignore_ament_install']
[0.454s] Level 1:colcon.colcon_core.package_identification:_identify(gz_control_ws/build) by extension 'ignore'
[0.454s] Level 1:colcon.colcon_core.package_identification:_identify(gz_control_ws/build) ignored
[0.455s] Level 1:colcon.colcon_core.package_identification:_identify(gz_control_ws/install) by extensions ['ignore', 'ignore_ament_install']
[0.455s] Level 1:colcon.colcon_core.package_identification:_identify(gz_control_ws/install) by extension 'ignore'
[0.455s] Level 1:colcon.colcon_core.package_identification:_identify(gz_control_ws/install) ignored
[0.455s] Level 1:colcon.colcon_core.package_identification:_identify(gz_control_ws/log) by extensions ['ignore', 'ignore_ament_install']
[0.455s] Level 1:colcon.colcon_core.package_identification:_identify(gz_control_ws/log) by extension 'ignore'
[0.455s] Level 1:colcon.colcon_core.package_identification:_identify(gz_control_ws/log) ignored
[0.456s] Level 1:colcon.colcon_core.package_identification:_identify(gz_control_ws/src) by extensions ['ignore', 'ignore_ament_install']
[0.456s] Level 1:colcon.colcon_core.package_identification:_identify(gz_control_ws/src) by extension 'ignore'
[0.456s] Level 1:colcon.colcon_core.package_identification:_identify(gz_control_ws/src) by extension 'ignore_ament_install'
[0.456s] Level 1:colcon.colcon_core.package_identification:_identify(gz_control_ws/src) by extensions ['colcon_pkg']
[0.456s] Level 1:colcon.colcon_core.package_identification:_identify(gz_control_ws/src) by extension 'colcon_pkg'
[0.456s] Level 1:colcon.colcon_core.package_identification:_identify(gz_control_ws/src) by extensions ['colcon_meta']
[0.456s] Level 1:colcon.colcon_core.package_identification:_identify(gz_control_ws/src) by extension 'colcon_meta'
[0.456s] Level 1:colcon.colcon_core.package_identification:_identify(gz_control_ws/src) by extensions ['ros']
[0.456s] Level 1:colcon.colcon_core.package_identification:_identify(gz_control_ws/src) by extension 'ros'
[0.457s] Level 1:colcon.colcon_core.package_identification:_identify(gz_control_ws/src) by extensions ['cmake', 'meson', 'python']
[0.457s] Level 1:colcon.colcon_core.package_identification:_identify(gz_control_ws/src) by extension 'cmake'
[0.457s] Level 1:colcon.colcon_core.package_identification:_identify(gz_control_ws/src) by extension 'meson'
[0.458s] Level 1:colcon.colcon_core.package_identification:_identify(gz_control_ws/src) by extension 'python'
[0.458s] Level 1:colcon.colcon_core.package_identification:_identify(gz_control_ws/src) by extensions ['python_setup_py']
[0.458s] Level 1:colcon.colcon_core.package_identification:_identify(gz_control_ws/src) by extension 'python_setup_py'
[0.458s] Level 1:colcon.colcon_core.package_identification:_identify(gz_control_ws/src/gz_ros2_control) by extensions ['ignore', 'ignore_ament_install']
[0.458s] Level 1:colcon.colcon_core.package_identification:_identify(gz_control_ws/src/gz_ros2_control) by extension 'ignore'
[0.458s] Level 1:colcon.colcon_core.package_identification:_identify(gz_control_ws/src/gz_ros2_control) by extension 'ignore_ament_install'
[0.459s] Level 1:colcon.colcon_core.package_identification:_identify(gz_control_ws/src/gz_ros2_control) by extensions ['colcon_pkg']
[0.459s] Level 1:colcon.colcon_core.package_identification:_identify(gz_control_ws/src/gz_ros2_control) by extension 'colcon_pkg'
[0.459s] Level 1:colcon.colcon_core.package_identification:_identify(gz_control_ws/src/gz_ros2_control) by extensions ['colcon_meta']
[0.459s] Level 1:colcon.colcon_core.package_identification:_identify(gz_control_ws/src/gz_ros2_control) by extension 'colcon_meta'
[0.459s] Level 1:colcon.colcon_core.package_identification:_identify(gz_control_ws/src/gz_ros2_control) by extensions ['ros']
[0.459s] Level 1:colcon.colcon_core.package_identification:_identify(gz_control_ws/src/gz_ros2_control) by extension 'ros'
[0.459s] Level 1:colcon.colcon_core.package_identification:_identify(gz_control_ws/src/gz_ros2_control) by extensions ['cmake', 'meson', 'python']
[0.459s] Level 1:colcon.colcon_core.package_identification:_identify(gz_control_ws/src/gz_ros2_control) by extension 'cmake'
[0.460s] Level 1:colcon.colcon_core.package_identification:_identify(gz_control_ws/src/gz_ros2_control) by extension 'meson'
[0.460s] Level 1:colcon.colcon_core.package_identification:_identify(gz_control_ws/src/gz_ros2_control) by extension 'python'
[0.460s] Level 1:colcon.colcon_core.package_identification:_identify(gz_control_ws/src/gz_ros2_control) by extensions ['python_setup_py']
[0.461s] Level 1:colcon.colcon_core.package_identification:_identify(gz_control_ws/src/gz_ros2_control) by extension 'python_setup_py'
[0.461s] Level 1:colcon.colcon_core.package_identification:_identify(gz_control_ws/src/gz_ros2_control/Dockerfile) by extensions ['ignore', 'ignore_ament_install']
[0.461s] Level 1:colcon.colcon_core.package_identification:_identify(gz_control_ws/src/gz_ros2_control/Dockerfile) by extension 'ignore'
[0.461s] Level 1:colcon.colcon_core.package_identification:_identify(gz_control_ws/src/gz_ros2_control/Dockerfile) by extension 'ignore_ament_install'
[0.461s] Level 1:colcon.colcon_core.package_identification:_identify(gz_control_ws/src/gz_ros2_control/Dockerfile) by extensions ['colcon_pkg']
[0.462s] Level 1:colcon.colcon_core.package_identification:_identify(gz_control_ws/src/gz_ros2_control/Dockerfile) by extension 'colcon_pkg'
[0.462s] Level 1:colcon.colcon_core.package_identification:_identify(gz_control_ws/src/gz_ros2_control/Dockerfile) by extensions ['colcon_meta']
[0.462s] Level 1:colcon.colcon_core.package_identification:_identify(gz_control_ws/src/gz_ros2_control/Dockerfile) by extension 'colcon_meta'
[0.462s] Level 1:colcon.colcon_core.package_identification:_identify(gz_control_ws/src/gz_ros2_control/Dockerfile) by extensions ['ros']
[0.462s] Level 1:colcon.colcon_core.package_identification:_identify(gz_control_ws/src/gz_ros2_control/Dockerfile) by extension 'ros'
[0.466s] Level 1:colcon.colcon_core.package_identification:_identify(gz_control_ws/src/gz_ros2_control/Dockerfile) by extensions ['cmake', 'meson', 'python']
[0.466s] Level 1:colcon.colcon_core.package_identification:_identify(gz_control_ws/src/gz_ros2_control/Dockerfile) by extension 'cmake'
[0.466s] Level 1:colcon.colcon_core.package_identification:_identify(gz_control_ws/src/gz_ros2_control/Dockerfile) by extension 'meson'
[0.467s] Level 1:colcon.colcon_core.package_identification:_identify(gz_control_ws/src/gz_ros2_control/Dockerfile) by extension 'python'
[0.467s] Level 1:colcon.colcon_core.package_identification:_identify(gz_control_ws/src/gz_ros2_control/Dockerfile) by extensions ['python_setup_py']
[0.468s] Level 1:colcon.colcon_core.package_identification:_identify(gz_control_ws/src/gz_ros2_control/Dockerfile) by extension 'python_setup_py'
[0.470s] Level 1:colcon.colcon_core.package_identification:_identify(gz_control_ws/src/gz_ros2_control/doc) by extensions ['ignore', 'ignore_ament_install']
[0.470s] Level 1:colcon.colcon_core.package_identification:_identify(gz_control_ws/src/gz_ros2_control/doc) by extension 'ignore'
[0.470s] Level 1:colcon.colcon_core.package_identification:_identify(gz_control_ws/src/gz_ros2_control/doc) by extension 'ignore_ament_install'
[0.471s] Level 1:colcon.colcon_core.package_identification:_identify(gz_control_ws/src/gz_ros2_control/doc) by extensions ['colcon_pkg']
[0.471s] Level 1:colcon.colcon_core.package_identification:_identify(gz_control_ws/src/gz_ros2_control/doc) by extension 'colcon_pkg'
[0.471s] Level 1:colcon.colcon_core.package_identification:_identify(gz_control_ws/src/gz_ros2_control/doc) by extensions ['colcon_meta']
[0.471s] Level 1:colcon.colcon_core.package_identification:_identify(gz_control_ws/src/gz_ros2_control/doc) by extension 'colcon_meta'
[0.471s] Level 1:colcon.colcon_core.package_identification:_identify(gz_control_ws/src/gz_ros2_control/doc) by extensions ['ros']
[0.471s] Level 1:colcon.colcon_core.package_identification:_identify(gz_control_ws/src/gz_ros2_control/doc) by extension 'ros'
[0.471s] Level 1:colcon.colcon_core.package_identification:_identify(gz_control_ws/src/gz_ros2_control/doc) by extensions ['cmake', 'meson', 'python']
[0.473s] Level 1:colcon.colcon_core.package_identification:_identify(gz_control_ws/src/gz_ros2_control/doc) by extension 'cmake'
[0.474s] Level 1:colcon.colcon_core.package_identification:_identify(gz_control_ws/src/gz_ros2_control/doc) by extension 'meson'
[0.475s] Level 1:colcon.colcon_core.package_identification:_identify(gz_control_ws/src/gz_ros2_control/doc) by extension 'python'
[0.477s] Level 1:colcon.colcon_core.package_identification:_identify(gz_control_ws/src/gz_ros2_control/doc) by extensions ['python_setup_py']
[0.478s] Level 1:colcon.colcon_core.package_identification:_identify(gz_control_ws/src/gz_ros2_control/doc) by extension 'python_setup_py'
[0.478s] Level 1:colcon.colcon_core.package_identification:_identify(gz_control_ws/src/gz_ros2_control/doc/img) by extensions ['ignore', 'ignore_ament_install']
[0.479s] Level 1:colcon.colcon_core.package_identification:_identify(gz_control_ws/src/gz_ros2_control/doc/img) by extension 'ignore'
[0.479s] Level 1:colcon.colcon_core.package_identification:_identify(gz_control_ws/src/gz_ros2_control/doc/img) by extension 'ignore_ament_install'
[0.479s] Level 1:colcon.colcon_core.package_identification:_identify(gz_control_ws/src/gz_ros2_control/doc/img) by extensions ['colcon_pkg']
[0.479s] Level 1:colcon.colcon_core.package_identification:_identify(gz_control_ws/src/gz_ros2_control/doc/img) by extension 'colcon_pkg'
[0.479s] Level 1:colcon.colcon_core.package_identification:_identify(gz_control_ws/src/gz_ros2_control/doc/img) by extensions ['colcon_meta']
[0.479s] Level 1:colcon.colcon_core.package_identification:_identify(gz_control_ws/src/gz_ros2_control/doc/img) by extension 'colcon_meta'
[0.479s] Level 1:colcon.colcon_core.package_identification:_identify(gz_control_ws/src/gz_ros2_control/doc/img) by extensions ['ros']
[0.480s] Level 1:colcon.colcon_core.package_identification:_identify(gz_control_ws/src/gz_ros2_control/doc/img) by extension 'ros'
[0.480s] Level 1:colcon.colcon_core.package_identification:_identify(gz_control_ws/src/gz_ros2_control/doc/img) by extensions ['cmake', 'meson', 'python']
[0.480s] Level 1:colcon.colcon_core.package_identification:_identify(gz_control_ws/src/gz_ros2_control/doc/img) by extension 'cmake'
[0.480s] Level 1:colcon.colcon_core.package_identification:_identify(gz_control_ws/src/gz_ros2_control/doc/img) by extension 'meson'
[0.482s] Level 1:colcon.colcon_core.package_identification:_identify(gz_control_ws/src/gz_ros2_control/doc/img) by extension 'python'
[0.485s] Level 1:colcon.colcon_core.package_identification:_identify(gz_control_ws/src/gz_ros2_control/doc/img) by extensions ['python_setup_py']
[0.485s] Level 1:colcon.colcon_core.package_identification:_identify(gz_control_ws/src/gz_ros2_control/doc/img) by extension 'python_setup_py'
[0.485s] Level 1:colcon.colcon_core.package_identification:_identify(gz_control_ws/src/gz_ros2_control/gz_ros2_control) by extensions ['ignore', 'ignore_ament_install']
[0.489s] Level 1:colcon.colcon_core.package_identification:_identify(gz_control_ws/src/gz_ros2_control/gz_ros2_control) by extension 'ignore'
[0.489s] Level 1:colcon.colcon_core.package_identification:_identify(gz_control_ws/src/gz_ros2_control/gz_ros2_control) by extension 'ignore_ament_install'
[0.489s] Level 1:colcon.colcon_core.package_identification:_identify(gz_control_ws/src/gz_ros2_control/gz_ros2_control) by extensions ['colcon_pkg']
[0.489s] Level 1:colcon.colcon_core.package_identification:_identify(gz_control_ws/src/gz_ros2_control/gz_ros2_control) by extension 'colcon_pkg'
[0.489s] Level 1:colcon.colcon_core.package_identification:_identify(gz_control_ws/src/gz_ros2_control/gz_ros2_control) by extensions ['colcon_meta']
[0.489s] Level 1:colcon.colcon_core.package_identification:_identify(gz_control_ws/src/gz_ros2_control/gz_ros2_control) by extension 'colcon_meta'
[0.489s] Level 1:colcon.colcon_core.package_identification:_identify(gz_control_ws/src/gz_ros2_control/gz_ros2_control) by extensions ['ros']
[0.489s] Level 1:colcon.colcon_core.package_identification:_identify(gz_control_ws/src/gz_ros2_control/gz_ros2_control) by extension 'ros'
[0.496s] DEBUG:colcon.colcon_core.package_identification:Package 'gz_control_ws/src/gz_ros2_control/gz_ros2_control' with type 'ros.ament_cmake' and name 'gz_ros2_control'
[0.496s] Level 1:colcon.colcon_core.package_identification:_identify(gz_control_ws/src/gz_ros2_control/gz_ros2_control_demos) by extensions ['ignore', 'ignore_ament_install']
[0.496s] Level 1:colcon.colcon_core.package_identification:_identify(gz_control_ws/src/gz_ros2_control/gz_ros2_control_demos) by extension 'ignore'
[0.496s] Level 1:colcon.colcon_core.package_identification:_identify(gz_control_ws/src/gz_ros2_control/gz_ros2_control_demos) by extension 'ignore_ament_install'
[0.497s] Level 1:colcon.colcon_core.package_identification:_identify(gz_control_ws/src/gz_ros2_control/gz_ros2_control_demos) by extensions ['colcon_pkg']
[0.497s] Level 1:colcon.colcon_core.package_identification:_identify(gz_control_ws/src/gz_ros2_control/gz_ros2_control_demos) by extension 'colcon_pkg'
[0.497s] Level 1:colcon.colcon_core.package_identification:_identify(gz_control_ws/src/gz_ros2_control/gz_ros2_control_demos) by extensions ['colcon_meta']
[0.497s] Level 1:colcon.colcon_core.package_identification:_identify(gz_control_ws/src/gz_ros2_control/gz_ros2_control_demos) by extension 'colcon_meta'
[0.497s] Level 1:colcon.colcon_core.package_identification:_identify(gz_control_ws/src/gz_ros2_control/gz_ros2_control_demos) by extensions ['ros']
[0.497s] Level 1:colcon.colcon_core.package_identification:_identify(gz_control_ws/src/gz_ros2_control/gz_ros2_control_demos) by extension 'ros'
[0.500s] DEBUG:colcon.colcon_core.package_identification:Package 'gz_control_ws/src/gz_ros2_control/gz_ros2_control_demos' with type 'ros.ament_cmake' and name 'gz_ros2_control_demos'
[0.501s] Level 1:colcon.colcon_core.package_identification:_identify(gz_control_ws/src/gz_ros2_control/gz_ros2_control_tests) by extensions ['ignore', 'ignore_ament_install']
[0.501s] Level 1:colcon.colcon_core.package_identification:_identify(gz_control_ws/src/gz_ros2_control/gz_ros2_control_tests) by extension 'ignore'
[0.501s] Level 1:colcon.colcon_core.package_identification:_identify(gz_control_ws/src/gz_ros2_control/gz_ros2_control_tests) by extension 'ignore_ament_install'
[0.501s] Level 1:colcon.colcon_core.package_identification:_identify(gz_control_ws/src/gz_ros2_control/gz_ros2_control_tests) by extensions ['colcon_pkg']
[0.501s] Level 1:colcon.colcon_core.package_identification:_identify(gz_control_ws/src/gz_ros2_control/gz_ros2_control_tests) by extension 'colcon_pkg'
[0.501s] Level 1:colcon.colcon_core.package_identification:_identify(gz_control_ws/src/gz_ros2_control/gz_ros2_control_tests) by extensions ['colcon_meta']
[0.502s] Level 1:colcon.colcon_core.package_identification:_identify(gz_control_ws/src/gz_ros2_control/gz_ros2_control_tests) by extension 'colcon_meta'
[0.502s] Level 1:colcon.colcon_core.package_identification:_identify(gz_control_ws/src/gz_ros2_control/gz_ros2_control_tests) by extensions ['ros']
[0.502s] Level 1:colcon.colcon_core.package_identification:_identify(gz_control_ws/src/gz_ros2_control/gz_ros2_control_tests) by extension 'ros'
[0.503s] DEBUG:colcon.colcon_core.package_identification:Package 'gz_control_ws/src/gz_ros2_control/gz_ros2_control_tests' with type 'ros.ament_cmake' and name 'gz_ros2_control_tests'
[0.503s] Level 1:colcon.colcon_core.package_identification:_identify(gz_control_ws/src/gz_ros2_control/ign_ros2_control) by extensions ['ignore', 'ignore_ament_install']
[0.503s] Level 1:colcon.colcon_core.package_identification:_identify(gz_control_ws/src/gz_ros2_control/ign_ros2_control) by extension 'ignore'
[0.503s] Level 1:colcon.colcon_core.package_identification:_identify(gz_control_ws/src/gz_ros2_control/ign_ros2_control) by extension 'ignore_ament_install'
[0.503s] Level 1:colcon.colcon_core.package_identification:_identify(gz_control_ws/src/gz_ros2_control/ign_ros2_control) by extensions ['colcon_pkg']
[0.503s] Level 1:colcon.colcon_core.package_identification:_identify(gz_control_ws/src/gz_ros2_control/ign_ros2_control) by extension 'colcon_pkg'
[0.503s] Level 1:colcon.colcon_core.package_identification:_identify(gz_control_ws/src/gz_ros2_control/ign_ros2_control) by extensions ['colcon_meta']
[0.503s] Level 1:colcon.colcon_core.package_identification:_identify(gz_control_ws/src/gz_ros2_control/ign_ros2_control) by extension 'colcon_meta'
[0.504s] Level 1:colcon.colcon_core.package_identification:_identify(gz_control_ws/src/gz_ros2_control/ign_ros2_control) by extensions ['ros']
[0.504s] Level 1:colcon.colcon_core.package_identification:_identify(gz_control_ws/src/gz_ros2_control/ign_ros2_control) by extension 'ros'
[0.504s] DEBUG:colcon.colcon_core.package_identification:Package 'gz_control_ws/src/gz_ros2_control/ign_ros2_control' with type 'ros.ament_cmake' and name 'ign_ros2_control'
[0.505s] Level 1:colcon.colcon_core.package_identification:_identify(gz_control_ws/src/gz_ros2_control/ign_ros2_control_demos) by extensions ['ignore', 'ignore_ament_install']
[0.505s] Level 1:colcon.colcon_core.package_identification:_identify(gz_control_ws/src/gz_ros2_control/ign_ros2_control_demos) by extension 'ignore'
[0.505s] Level 1:colcon.colcon_core.package_identification:_identify(gz_control_ws/src/gz_ros2_control/ign_ros2_control_demos) by extension 'ignore_ament_install'
[0.505s] Level 1:colcon.colcon_core.package_identification:_identify(gz_control_ws/src/gz_ros2_control/ign_ros2_control_demos) by extensions ['colcon_pkg']
[0.505s] Level 1:colcon.colcon_core.package_identification:_identify(gz_control_ws/src/gz_ros2_control/ign_ros2_control_demos) by extension 'colcon_pkg'
[0.505s] Level 1:colcon.colcon_core.package_identification:_identify(gz_control_ws/src/gz_ros2_control/ign_ros2_control_demos) by extensions ['colcon_meta']
[0.505s] Level 1:colcon.colcon_core.package_identification:_identify(gz_control_ws/src/gz_ros2_control/ign_ros2_control_demos) by extension 'colcon_meta'
[0.505s] Level 1:colcon.colcon_core.package_identification:_identify(gz_control_ws/src/gz_ros2_control/ign_ros2_control_demos) by extensions ['ros']
[0.505s] Level 1:colcon.colcon_core.package_identification:_identify(gz_control_ws/src/gz_ros2_control/ign_ros2_control_demos) by extension 'ros'
[0.506s] DEBUG:colcon.colcon_core.package_identification:Package 'gz_control_ws/src/gz_ros2_control/ign_ros2_control_demos' with type 'ros.ament_cmake' and name 'ign_ros2_control_demos'
[0.506s] Level 1:colcon.colcon_core.package_identification:_identify(install) by extensions ['ignore', 'ignore_ament_install']
[0.506s] Level 1:colcon.colcon_core.package_identification:_identify(install) by extension 'ignore'
[0.507s] Level 1:colcon.colcon_core.package_identification:_identify(install) ignored
[0.507s] Level 1:colcon.colcon_core.package_identification:_identify(log) by extensions ['ignore', 'ignore_ament_install']
[0.507s] Level 1:colcon.colcon_core.package_identification:_identify(log) by extension 'ignore'
[0.507s] Level 1:colcon.colcon_core.package_identification:_identify(log) ignored
[0.507s] Level 1:colcon.colcon_core.package_identification:_identify(src) by extensions ['ignore', 'ignore_ament_install']
[0.507s] Level 1:colcon.colcon_core.package_identification:_identify(src) by extension 'ignore'
[0.507s] Level 1:colcon.colcon_core.package_identification:_identify(src) by extension 'ignore_ament_install'
[0.507s] Level 1:colcon.colcon_core.package_identification:_identify(src) by extensions ['colcon_pkg']
[0.507s] Level 1:colcon.colcon_core.package_identification:_identify(src) by extension 'colcon_pkg'
[0.508s] Level 1:colcon.colcon_core.package_identification:_identify(src) by extensions ['colcon_meta']
[0.508s] Level 1:colcon.colcon_core.package_identification:_identify(src) by extension 'colcon_meta'
[0.508s] Level 1:colcon.colcon_core.package_identification:_identify(src) by extensions ['ros']
[0.508s] Level 1:colcon.colcon_core.package_identification:_identify(src) by extension 'ros'
[0.508s] Level 1:colcon.colcon_core.package_identification:_identify(src) by extensions ['cmake', 'meson', 'python']
[0.508s] Level 1:colcon.colcon_core.package_identification:_identify(src) by extension 'cmake'
[0.508s] Level 1:colcon.colcon_core.package_identification:_identify(src) by extension 'meson'
[0.509s] Level 1:colcon.colcon_core.package_identification:_identify(src) by extension 'python'
[0.509s] Level 1:colcon.colcon_core.package_identification:_identify(src) by extensions ['python_setup_py']
[0.509s] Level 1:colcon.colcon_core.package_identification:_identify(src) by extension 'python_setup_py'
[0.509s] Level 1:colcon.colcon_core.package_identification:_identify(src/quadruped_control) by extensions ['ignore', 'ignore_ament_install']
[0.510s] Level 1:colcon.colcon_core.package_identification:_identify(src/quadruped_control) by extension 'ignore'
[0.510s] Level 1:colcon.colcon_core.package_identification:_identify(src/quadruped_control) by extension 'ignore_ament_install'
[0.510s] Level 1:colcon.colcon_core.package_identification:_identify(src/quadruped_control) by extensions ['colcon_pkg']
[0.510s] Level 1:colcon.colcon_core.package_identification:_identify(src/quadruped_control) by extension 'colcon_pkg'
[0.510s] Level 1:colcon.colcon_core.package_identification:_identify(src/quadruped_control) by extensions ['colcon_meta']
[0.510s] Level 1:colcon.colcon_core.package_identification:_identify(src/quadruped_control) by extension 'colcon_meta'
[0.510s] Level 1:colcon.colcon_core.package_identification:_identify(src/quadruped_control) by extensions ['ros']
[0.510s] Level 1:colcon.colcon_core.package_identification:_identify(src/quadruped_control) by extension 'ros'
[0.511s] DEBUG:colcon.colcon_core.package_identification:Package 'src/quadruped_control' with type 'ros.ament_cmake' and name 'quadruped_control'
[0.511s] Level 1:colcon.colcon_core.package_identification:_identify(src/quadruped_sim) by extensions ['ignore', 'ignore_ament_install']
[0.511s] Level 1:colcon.colcon_core.package_identification:_identify(src/quadruped_sim) by extension 'ignore'
[0.512s] Level 1:colcon.colcon_core.package_identification:_identify(src/quadruped_sim) by extension 'ignore_ament_install'
[0.512s] Level 1:colcon.colcon_core.package_identification:_identify(src/quadruped_sim) by extensions ['colcon_pkg']
[0.512s] Level 1:colcon.colcon_core.package_identification:_identify(src/quadruped_sim) by extension 'colcon_pkg'
[0.512s] Level 1:colcon.colcon_core.package_identification:_identify(src/quadruped_sim) by extensions ['colcon_meta']
[0.512s] Level 1:colcon.colcon_core.package_identification:_identify(src/quadruped_sim) by extension 'colcon_meta'
[0.512s] Level 1:colcon.colcon_core.package_identification:_identify(src/quadruped_sim) by extensions ['ros']
[0.512s] Level 1:colcon.colcon_core.package_identification:_identify(src/quadruped_sim) by extension 'ros'
[0.512s] DEBUG:colcon.colcon_core.package_identification:Package 'src/quadruped_sim' with type 'ros.ament_cmake' and name 'quadruped_sim'
[0.513s] Level 1:colcon.colcon_core.package_identification:_identify(voice_control) by extensions ['ignore', 'ignore_ament_install']
[0.513s] Level 1:colcon.colcon_core.package_identification:_identify(voice_control) by extension 'ignore'
[0.513s] Level 1:colcon.colcon_core.package_identification:_identify(voice_control) by extension 'ignore_ament_install'
[0.513s] Level 1:colcon.colcon_core.package_identification:_identify(voice_control) by extensions ['colcon_pkg']
[0.513s] Level 1:colcon.colcon_core.package_identification:_identify(voice_control) by extension 'colcon_pkg'
[0.513s] Level 1:colcon.colcon_core.package_identification:_identify(voice_control) by extensions ['colcon_meta']
[0.513s] Level 1:colcon.colcon_core.package_identification:_identify(voice_control) by extension 'colcon_meta'
[0.513s] Level 1:colcon.colcon_core.package_identification:_identify(voice_control) by extensions ['ros']
[0.513s] Level 1:colcon.colcon_core.package_identification:_identify(voice_control) by extension 'ros'
[0.514s] DEBUG:colcon.colcon_core.package_identification:Package 'voice_control' with type 'ros.ament_cmake' and name 'voice_control'
[0.514s] Level 1:colcon.colcon_core.package_identification:_identify(webots_quadruped) by extensions ['ignore', 'ignore_ament_install']
[0.514s] Level 1:colcon.colcon_core.package_identification:_identify(webots_quadruped) by extension 'ignore'
[0.514s] Level 1:colcon.colcon_core.package_identification:_identify(webots_quadruped) by extension 'ignore_ament_install'
[0.515s] Level 1:colcon.colcon_core.package_identification:_identify(webots_quadruped) by extensions ['colcon_pkg']
[0.515s] Level 1:colcon.colcon_core.package_identification:_identify(webots_quadruped) by extension 'colcon_pkg'
[0.515s] Level 1:colcon.colcon_core.package_identification:_identify(webots_quadruped) by extensions ['colcon_meta']
[0.515s] Level 1:colcon.colcon_core.package_identification:_identify(webots_quadruped) by extension 'colcon_meta'
[0.515s] Level 1:colcon.colcon_core.package_identification:_identify(webots_quadruped) by extensions ['ros']
[0.515s] Level 1:colcon.colcon_core.package_identification:_identify(webots_quadruped) by extension 'ros'
[0.515s] Level 1:colcon.colcon_core.package_identification:_identify(webots_quadruped) by extensions ['cmake', 'meson', 'python']
[0.515s] Level 1:colcon.colcon_core.package_identification:_identify(webots_quadruped) by extension 'cmake'
[0.515s] Level 1:colcon.colcon_core.package_identification:_identify(webots_quadruped) by extension 'meson'
[0.516s] Level 1:colcon.colcon_core.package_identification:_identify(webots_quadruped) by extension 'python'
[0.516s] Level 1:colcon.colcon_core.package_identification:_identify(webots_quadruped) by extensions ['python_setup_py']
[0.516s] Level 1:colcon.colcon_core.package_identification:_identify(webots_quadruped) by extension 'python_setup_py'
[0.516s] Level 1:colcon.colcon_core.package_identification:_identify(webots_quadruped/protos) by extensions ['ignore', 'ignore_ament_install']
[0.516s] Level 1:colcon.colcon_core.package_identification:_identify(webots_quadruped/protos) by extension 'ignore'
[0.517s] Level 1:colcon.colcon_core.package_identification:_identify(webots_quadruped/protos) by extension 'ignore_ament_install'
[0.517s] Level 1:colcon.colcon_core.package_identification:_identify(webots_quadruped/protos) by extensions ['colcon_pkg']
[0.517s] Level 1:colcon.colcon_core.package_identification:_identify(webots_quadruped/protos) by extension 'colcon_pkg'
[0.517s] Level 1:colcon.colcon_core.package_identification:_identify(webots_quadruped/protos) by extensions ['colcon_meta']
[0.517s] Level 1:colcon.colcon_core.package_identification:_identify(webots_quadruped/protos) by extension 'colcon_meta'
[0.517s] Level 1:colcon.colcon_core.package_identification:_identify(webots_quadruped/protos) by extensions ['ros']
[0.517s] Level 1:colcon.colcon_core.package_identification:_identify(webots_quadruped/protos) by extension 'ros'
[0.517s] Level 1:colcon.colcon_core.package_identification:_identify(webots_quadruped/protos) by extensions ['cmake', 'meson', 'python']
[0.517s] Level 1:colcon.colcon_core.package_identification:_identify(webots_quadruped/protos) by extension 'cmake'
[0.517s] Level 1:colcon.colcon_core.package_identification:_identify(webots_quadruped/protos) by extension 'meson'
[0.518s] Level 1:colcon.colcon_core.package_identification:_identify(webots_quadruped/protos) by extension 'python'
[0.518s] Level 1:colcon.colcon_core.package_identification:_identify(webots_quadruped/protos) by extensions ['python_setup_py']
[0.518s] Level 1:colcon.colcon_core.package_identification:_identify(webots_quadruped/protos) by extension 'python_setup_py'
[0.518s] Level 1:colcon.colcon_core.package_identification:_identify(webots_quadruped/protos/Quadruped_textures) by extensions ['ignore', 'ignore_ament_install']
[0.518s] Level 1:colcon.colcon_core.package_identification:_identify(webots_quadruped/protos/Quadruped_textures) by extension 'ignore'
[0.519s] Level 1:colcon.colcon_core.package_identification:_identify(webots_quadruped/protos/Quadruped_textures) by extension 'ignore_ament_install'
[0.519s] Level 1:colcon.colcon_core.package_identification:_identify(webots_quadruped/protos/Quadruped_textures) by extensions ['colcon_pkg']
[0.519s] Level 1:colcon.colcon_core.package_identification:_identify(webots_quadruped/protos/Quadruped_textures) by extension 'colcon_pkg'
[0.519s] Level 1:colcon.colcon_core.package_identification:_identify(webots_quadruped/protos/Quadruped_textures) by extensions ['colcon_meta']
[0.519s] Level 1:colcon.colcon_core.package_identification:_identify(webots_quadruped/protos/Quadruped_textures) by extension 'colcon_meta'
[0.519s] Level 1:colcon.colcon_core.package_identification:_identify(webots_quadruped/protos/Quadruped_textures) by extensions ['ros']
[0.519s] Level 1:colcon.colcon_core.package_identification:_identify(webots_quadruped/protos/Quadruped_textures) by extension 'ros'
[0.519s] Level 1:colcon.colcon_core.package_identification:_identify(webots_quadruped/protos/Quadruped_textures) by extensions ['cmake', 'meson', 'python']
[0.519s] Level 1:colcon.colcon_core.package_identification:_identify(webots_quadruped/protos/Quadruped_textures) by extension 'cmake'
[0.519s] Level 1:colcon.colcon_core.package_identification:_identify(webots_quadruped/protos/Quadruped_textures) by extension 'meson'
[0.520s] Level 1:colcon.colcon_core.package_identification:_identify(webots_quadruped/protos/Quadruped_textures) by extension 'python'
[0.520s] Level 1:colcon.colcon_core.package_identification:_identify(webots_quadruped/protos/Quadruped_textures) by extensions ['python_setup_py']
[0.520s] Level 1:colcon.colcon_core.package_identification:_identify(webots_quadruped/protos/Quadruped_textures) by extension 'python_setup_py'
[0.520s] Level 1:colcon.colcon_core.package_identification:_identify(webots_quadruped/worlds) by extensions ['ignore', 'ignore_ament_install']
[0.520s] Level 1:colcon.colcon_core.package_identification:_identify(webots_quadruped/worlds) by extension 'ignore'
[0.520s] Level 1:colcon.colcon_core.package_identification:_identify(webots_quadruped/worlds) by extension 'ignore_ament_install'
[0.521s] Level 1:colcon.colcon_core.package_identification:_identify(webots_quadruped/worlds) by extensions ['colcon_pkg']
[0.521s] Level 1:colcon.colcon_core.package_identification:_identify(webots_quadruped/worlds) by extension 'colcon_pkg'
[0.521s] Level 1:colcon.colcon_core.package_identification:_identify(webots_quadruped/worlds) by extensions ['colcon_meta']
[0.521s] Level 1:colcon.colcon_core.package_identification:_identify(webots_quadruped/worlds) by extension 'colcon_meta'
[0.521s] Level 1:colcon.colcon_core.package_identification:_identify(webots_quadruped/worlds) by extensions ['ros']
[0.521s] Level 1:colcon.colcon_core.package_identification:_identify(webots_quadruped/worlds) by extension 'ros'
[0.521s] Level 1:colcon.colcon_core.package_identification:_identify(webots_quadruped/worlds) by extensions ['cmake', 'meson', 'python']
[0.521s] Level 1:colcon.colcon_core.package_identification:_identify(webots_quadruped/worlds) by extension 'cmake'
[0.521s] Level 1:colcon.colcon_core.package_identification:_identify(webots_quadruped/worlds) by extension 'meson'
[0.522s] Level 1:colcon.colcon_core.package_identification:_identify(webots_quadruped/worlds) by extension 'python'
[0.522s] Level 1:colcon.colcon_core.package_identification:_identify(webots_quadruped/worlds) by extensions ['python_setup_py']
[0.522s] Level 1:colcon.colcon_core.package_identification:_identify(webots_quadruped/worlds) by extension 'python_setup_py'
[0.522s] Level 1:colcon.colcon_core.package_discovery:discover_packages(recursive) using defaults
[0.522s] Level 1:colcon.colcon_core.package_discovery:discover_packages(ignore) discover
[0.522s] Level 1:colcon.colcon_core.package_discovery:discover_packages(ignore) using defaults
[0.522s] Level 1:colcon.colcon_core.package_discovery:discover_packages(path) discover
[0.522s] Level 1:colcon.colcon_core.package_discovery:discover_packages(path) using defaults
[0.539s] INFO:colcon.colcon_core.package_selection:Skipping not selected package 'audio_common_msgs' in 'audio_common/audio_common_msgs'
[0.539s] INFO:colcon.colcon_core.package_selection:Skipping not selected package 'gz_ros2_control' in 'gz_control_ws/src/gz_ros2_control/gz_ros2_control'
[0.539s] INFO:colcon.colcon_core.package_selection:Skipping not selected package 'audio_common' in 'audio_common/audio_common'
[0.539s] INFO:colcon.colcon_core.package_selection:Skipping not selected package 'gz_ros2_control_demos' in 'gz_control_ws/src/gz_ros2_control/gz_ros2_control_demos'
[0.539s] INFO:colcon.colcon_core.package_selection:Skipping not selected package 'ign_ros2_control' in 'gz_control_ws/src/gz_ros2_control/ign_ros2_control'
[0.539s] INFO:colcon.colcon_core.package_selection:Skipping not selected package 'quadruped_sim' in 'src/quadruped_sim'
[0.539s] INFO:colcon.colcon_core.package_selection:Skipping not selected package 'voice_control' in 'voice_control'
[0.539s] INFO:colcon.colcon_core.package_selection:Skipping not selected package 'ign_ros2_control_demos' in 'gz_control_ws/src/gz_ros2_control/ign_ros2_control_demos'
[0.540s] INFO:colcon.colcon_core.package_selection:Skipping not selected package 'gz_ros2_control_tests' in 'gz_control_ws/src/gz_ros2_control/gz_ros2_control_tests'
[0.540s] Level 5:colcon.colcon_core.verb:set package 'quadruped_control' build argument 'cmake_args' from command line to '['-DBUILD_TESTING=OFF']'
[0.540s] Level 5:colcon.colcon_core.verb:set package 'quadruped_control' build argument 'cmake_target' from command line to 'None'
[0.540s] Level 5:colcon.colcon_core.verb:set package 'quadruped_control' build argument 'cmake_target_skip_unavailable' from command line to 'False'
[0.540s] Level 5:colcon.colcon_core.verb:set package 'quadruped_control' build argument 'cmake_clean_cache' from command line to 'True'
[0.540s] Level 5:colcon.colcon_core.verb:set package 'quadruped_control' build argument 'cmake_clean_first' from command line to 'False'
[0.540s] Level 5:colcon.colcon_core.verb:set package 'quadruped_control' build argument 'cmake_force_configure' from command line to 'False'
[0.540s] Level 5:colcon.colcon_core.verb:set package 'quadruped_control' build argument 'meson_args' from command line to '[]'
[0.540s] Level 5:colcon.colcon_core.verb:set package 'quadruped_control' build argument 'ament_cmake_args' from command line to 'None'
[0.540s] Level 5:colcon.colcon_core.verb:set package 'quadruped_control' build argument 'catkin_cmake_args' from command line to 'None'
[0.540s] Level 5:colcon.colcon_core.verb:set package 'quadruped_control' build argument 'catkin_skip_building_tests' from command line to 'False'
[0.541s] DEBUG:colcon.colcon_core.verb:Building package 'quadruped_control' with the following arguments: {'ament_cmake_args': None, 'build_base': '/workspace/build/quadruped_control', 'catkin_cmake_args': None, 'catkin_skip_building_tests': False, 'cmake_args': ['-DBUILD_TESTING=OFF'], 'cmake_clean_cache': True, 'cmake_clean_first': False, 'cmake_force_configure': False, 'cmake_target': None, 'cmake_target_skip_unavailable': False, 'install_base': '/workspace/install/quadruped_control', 'merge_install': False, 'meson_args': [], 'path': '/workspace/src/quadruped_control', 'symlink_install': True, 'test_result_base': None}
[0.541s] INFO:colcon.colcon_core.executor:Executing jobs using 'parallel' executor
[0.544s] DEBUG:colcon.colcon_parallel_executor.executor.parallel:run_until_complete
[0.545s] INFO:colcon.colcon_ros.task.ament_cmake.build:Building ROS package in '/workspace/src/quadruped_control' with build type 'ament_cmake'
[0.546s] INFO:colcon.colcon_cmake.task.cmake.build:Building CMake package in '/workspace/src/quadruped_control'
[0.548s] INFO:colcon.colcon_core.plugin_system:Skipping extension 'colcon_core.shell.bat': Not used on non-Windows systems
[0.548s] INFO:colcon.colcon_core.shell:Skip shell extension 'powershell' for command environment: Not usable outside of PowerShell
[0.548s] DEBUG:colcon.colcon_core.shell:Skip shell extension 'dsv' for command environment
[0.633s] DEBUG:colcon.colcon_core.event_handler.log_command:Invoking command in '/workspace/build/quadruped_control': CMAKE_PREFIX_PATH=/workspace/install/audio_common_msgs:/workspace/install/voice_control:/workspace/install/quadruped_sim:/workspace/install/audio_common:/opt/ros/humble LD_LIBRARY_PATH=/workspace/install/audio_common_msgs/lib:/workspace/install/audio_common/lib:/opt/ros/humble/opt/rviz_ogre_vendor/lib:/opt/ros/humble/lib/x86_64-linux-gnu:/opt/ros/humble/lib /usr/bin/cmake /workspace/src/quadruped_control -DBUILD_TESTING=OFF -DAMENT_CMAKE_SYMLINK_INSTALL=1 -DCMAKE_INSTALL_PREFIX=/workspace/install/quadruped_control
[9.065s] DEBUG:colcon.colcon_core.event_handler.log_command:Invoked command in '/workspace/build/quadruped_control' returned '0': CMAKE_PREFIX_PATH=/workspace/install/audio_common_msgs:/workspace/install/voice_control:/workspace/install/quadruped_sim:/workspace/install/audio_common:/opt/ros/humble LD_LIBRARY_PATH=/workspace/install/audio_common_msgs/lib:/workspace/install/audio_common/lib:/opt/ros/humble/opt/rviz_ogre_vendor/lib:/opt/ros/humble/lib/x86_64-linux-gnu:/opt/ros/humble/lib /usr/bin/cmake /workspace/src/quadruped_control -DBUILD_TESTING=OFF -DAMENT_CMAKE_SYMLINK_INSTALL=1 -DCMAKE_INSTALL_PREFIX=/workspace/install/quadruped_control
[9.073s] DEBUG:colcon.colcon_core.event_handler.log_command:Invoking command in '/workspace/build/quadruped_control': CMAKE_PREFIX_PATH=/workspace/install/audio_common_msgs:/workspace/install/voice_control:/workspace/install/quadruped_sim:/workspace/install/audio_common:/opt/ros/humble LD_LIBRARY_PATH=/workspace/install/audio_common_msgs/lib:/workspace/install/audio_common/lib:/opt/ros/humble/opt/rviz_ogre_vendor/lib:/opt/ros/humble/lib/x86_64-linux-gnu:/opt/ros/humble/lib /usr/bin/cmake --build /workspace/build/quadruped_control -- -j12 -l12
[52.557s] DEBUG:colcon.colcon_core.event_handler.log_command:Invoked command in '/workspace/build/quadruped_control' returned '0': CMAKE_PREFIX_PATH=/workspace/install/audio_common_msgs:/workspace/install/voice_control:/workspace/install/quadruped_sim:/workspace/install/audio_common:/opt/ros/humble LD_LIBRARY_PATH=/workspace/install/audio_common_msgs/lib:/workspace/install/audio_common/lib:/opt/ros/humble/opt/rviz_ogre_vendor/lib:/opt/ros/humble/lib/x86_64-linux-gnu:/opt/ros/humble/lib /usr/bin/cmake --build /workspace/build/quadruped_control -- -j12 -l12
[52.618s] DEBUG:colcon.colcon_core.event_handler.log_command:Invoking command in '/workspace/build/quadruped_control': CMAKE_PREFIX_PATH=/workspace/install/audio_common_msgs:/workspace/install/voice_control:/workspace/install/quadruped_sim:/workspace/install/audio_common:/opt/ros/humble LD_LIBRARY_PATH=/workspace/install/audio_common_msgs/lib:/workspace/install/audio_common/lib:/opt/ros/humble/opt/rviz_ogre_vendor/lib:/opt/ros/humble/lib/x86_64-linux-gnu:/opt/ros/humble/lib /usr/bin/cmake --install /workspace/build/quadruped_control
[53.807s] Level 1:colcon.colcon_core.environment:create_environment_scripts_only(quadruped_control)
[53.809s] DEBUG:colcon.colcon_core.event_handler.log_command:Invoked command in '/workspace/build/quadruped_control' returned '0': CMAKE_PREFIX_PATH=/workspace/install/audio_common_msgs:/workspace/install/voice_control:/workspace/install/quadruped_sim:/workspace/install/audio_common:/opt/ros/humble LD_LIBRARY_PATH=/workspace/install/audio_common_msgs/lib:/workspace/install/audio_common/lib:/opt/ros/humble/opt/rviz_ogre_vendor/lib:/opt/ros/humble/lib/x86_64-linux-gnu:/opt/ros/humble/lib /usr/bin/cmake --install /workspace/build/quadruped_control
[53.810s] Level 1:colcon.colcon_core.environment:checking '/workspace/install/quadruped_control' for CMake module files
[53.812s] Level 1:colcon.colcon_core.environment:checking '/workspace/install/quadruped_control' for CMake config files
[53.814s] Level 1:colcon.colcon_core.shell:create_environment_hook('quadruped_control', 'cmake_prefix_path')
[53.814s] INFO:colcon.colcon_core.shell:Creating environment hook '/workspace/install/quadruped_control/share/quadruped_control/hook/cmake_prefix_path.ps1'
[53.818s] INFO:colcon.colcon_core.shell:Creating environment descriptor '/workspace/install/quadruped_control/share/quadruped_control/hook/cmake_prefix_path.dsv'
[53.819s] INFO:colcon.colcon_core.shell:Creating environment hook '/workspace/install/quadruped_control/share/quadruped_control/hook/cmake_prefix_path.sh'
[53.821s] Level 1:colcon.colcon_core.environment:checking '/workspace/install/quadruped_control/libggml-cpu.so.0.22.0'
[53.821s] Level 1:colcon.colcon_core.environment:checking '/workspace/install/quadruped_control/libggml-base.so.0.22.0'
[53.821s] Level 1:colcon.colcon_core.environment:checking '/workspace/install/quadruped_control/lib'
[53.822s] Level 1:colcon.colcon_core.environment:checking '/workspace/install/quadruped_control/bin'
[53.822s] Level 1:colcon.colcon_core.environment:checking '/workspace/install/quadruped_control/lib/pkgconfig/quadruped_control.pc'
[53.823s] Level 1:colcon.colcon_core.environment:checking '/workspace/install/quadruped_control/lib/python3.10/site-packages'
[53.823s] Level 1:colcon.colcon_core.environment:checking '/workspace/install/quadruped_control/bin'
[53.823s] INFO:colcon.colcon_core.shell:Creating package script '/workspace/install/quadruped_control/share/quadruped_control/package.ps1'
[53.825s] INFO:colcon.colcon_core.shell:Creating package descriptor '/workspace/install/quadruped_control/share/quadruped_control/package.dsv'
[53.826s] INFO:colcon.colcon_core.shell:Creating package script '/workspace/install/quadruped_control/share/quadruped_control/package.sh'
[53.827s] INFO:colcon.colcon_core.shell:Creating package script '/workspace/install/quadruped_control/share/quadruped_control/package.bash'
[53.828s] INFO:colcon.colcon_core.shell:Creating package script '/workspace/install/quadruped_control/share/quadruped_control/package.zsh'
[53.829s] Level 1:colcon.colcon_core.environment:create_file_with_runtime_dependencies(/workspace/install/quadruped_control/share/colcon-core/packages/quadruped_control)
[53.831s] Level 1:colcon.colcon_core.environment:create_environment_scripts_only(quadruped_control)
[53.831s] Level 1:colcon.colcon_core.environment:checking '/workspace/install/quadruped_control' for CMake module files
[53.832s] Level 1:colcon.colcon_core.environment:checking '/workspace/install/quadruped_control' for CMake config files
[53.833s] Level 1:colcon.colcon_core.shell:create_environment_hook('quadruped_control', 'cmake_prefix_path')
[53.834s] INFO:colcon.colcon_core.shell:Creating environment hook '/workspace/install/quadruped_control/share/quadruped_control/hook/cmake_prefix_path.ps1'
[53.834s] INFO:colcon.colcon_core.shell:Creating environment descriptor '/workspace/install/quadruped_control/share/quadruped_control/hook/cmake_prefix_path.dsv'
[53.835s] INFO:colcon.colcon_core.shell:Creating environment hook '/workspace/install/quadruped_control/share/quadruped_control/hook/cmake_prefix_path.sh'
[53.835s] Level 1:colcon.colcon_core.environment:checking '/workspace/install/quadruped_control/libggml-cpu.so.0.22.0'
[53.835s] Level 1:colcon.colcon_core.environment:checking '/workspace/install/quadruped_control/libggml-base.so.0.22.0'
[53.835s] Level 1:colcon.colcon_core.environment:checking '/workspace/install/quadruped_control/lib'
[53.836s] Level 1:colcon.colcon_core.environment:checking '/workspace/install/quadruped_control/bin'
[53.836s] Level 1:colcon.colcon_core.environment:checking '/workspace/install/quadruped_control/lib/pkgconfig/quadruped_control.pc'
[53.836s] Level 1:colcon.colcon_core.environment:checking '/workspace/install/quadruped_control/lib/python3.10/site-packages'
[53.836s] Level 1:colcon.colcon_core.environment:checking '/workspace/install/quadruped_control/bin'
[53.836s] INFO:colcon.colcon_core.shell:Creating package script '/workspace/install/quadruped_control/share/quadruped_control/package.ps1'
[53.837s] INFO:colcon.colcon_core.shell:Creating package descriptor '/workspace/install/quadruped_control/share/quadruped_control/package.dsv'
[53.838s] INFO:colcon.colcon_core.shell:Creating package script '/workspace/install/quadruped_control/share/quadruped_control/package.sh'
[53.839s] INFO:colcon.colcon_core.shell:Creating package script '/workspace/install/quadruped_control/share/quadruped_control/package.bash'
[53.839s] INFO:colcon.colcon_core.shell:Creating package script '/workspace/install/quadruped_control/share/quadruped_control/package.zsh'
[53.840s] Level 1:colcon.colcon_core.environment:create_file_with_runtime_dependencies(/workspace/install/quadruped_control/share/colcon-core/packages/quadruped_control)
[53.840s] DEBUG:colcon.colcon_parallel_executor.executor.parallel:closing loop
[53.841s] DEBUG:colcon.colcon_parallel_executor.executor.parallel:loop closed
[53.841s] DEBUG:colcon.colcon_parallel_executor.executor.parallel:run_until_complete finished with '0'
[53.841s] DEBUG:colcon.colcon_core.event_reactor:joining thread
[53.848s] INFO:colcon.colcon_core.plugin_system:Skipping extension 'colcon_notification.desktop_notification.notify_send': Could not find 'notify-send'
[53.848s] INFO:colcon.colcon_core.plugin_system:Skipping extension 'colcon_notification.desktop_notification.terminal_notifier': Not used on non-Darwin systems
[53.848s] INFO:colcon.colcon_core.plugin_system:Skipping extension 'colcon_notification.desktop_notification.win32': Not used on non-Windows systems
[53.848s] INFO:colcon.colcon_notification.desktop_notification:Sending desktop notification using 'notify2'
[53.853s] DEBUG:colcon.colcon_notification.desktop_notification.notify2:Failed to initialize notify2: org.freedesktop.DBus.Error.Spawn.ExecFailed: /usr/bin/dbus-launch terminated abnormally without any error message
[53.854s] DEBUG:colcon.colcon_core.event_reactor:joined thread
[53.854s] INFO:colcon.colcon_core.shell:Creating prefix script '/workspace/install/local_setup.ps1'
[53.855s] INFO:colcon.colcon_core.shell:Creating prefix util module '/workspace/install/_local_setup_util_ps1.py'
[53.857s] INFO:colcon.colcon_core.shell:Creating prefix chain script '/workspace/install/setup.ps1'
[53.860s] INFO:colcon.colcon_core.shell:Creating prefix script '/workspace/install/local_setup.sh'
[53.861s] INFO:colcon.colcon_core.shell:Creating prefix util module '/workspace/install/_local_setup_util_sh.py'
[53.862s] INFO:colcon.colcon_core.shell:Creating prefix chain script '/workspace/install/setup.sh'
[53.864s] INFO:colcon.colcon_core.shell:Creating prefix script '/workspace/install/local_setup.bash'
[53.865s] INFO:colcon.colcon_core.shell:Creating prefix chain script '/workspace/install/setup.bash'
[53.868s] INFO:colcon.colcon_core.shell:Creating prefix script '/workspace/install/local_setup.zsh'
[53.868s] INFO:colcon.colcon_core.shell:Creating prefix chain script '/workspace/install/setup.zsh'
