-- The C compiler identification is GNU 11.4.0
-- The CXX compiler identification is GNU 11.4.0
-- Detecting C compiler ABI info
-- Detecting C compiler ABI info - done
-- Check for working C compiler: /usr/bin/cc - skipped
-- Detecting C compile features
-- Detecting C compile features - done
-- Detecting CXX compiler ABI info
-- Detecting CXX compiler ABI info - done
-- Check for working CXX compiler: /usr/bin/c++ - skipped
-- Detecting CXX compile features
-- Detecting CXX compile features - done
-- Found ament_cmake: 1.3.14 (/opt/ros/humble/share/ament_cmake/cmake)
-- Found Python3: /usr/bin/python3 (found version "3.10.12") found components: Interpreter 
-- Override CMake install command with custom implementation using symlinks instead of copying resources
-- Found rclcpp: 16.0.19 (/opt/ros/humble/share/rclcpp/cmake)
-- Found rosidl_generator_c: 3.1.9 (/opt/ros/humble/share/rosidl_generator_c/cmake)
-- Found rosidl_adapter: 3.1.9 (/opt/ros/humble/share/rosidl_adapter/cmake)
-- Found rosidl_generator_cpp: 3.1.9 (/opt/ros/humble/share/rosidl_generator_cpp/cmake)
-- Using all available rosidl_typesupport_c: rosidl_typesupport_fastrtps_c;rosidl_typesupport_introspection_c
-- Using all available rosidl_typesupport_cpp: rosidl_typesupport_fastrtps_cpp;rosidl_typesupport_introspection_cpp
-- Found rmw_implementation_cmake: 6.1.3 (/opt/ros/humble/share/rmw_implementation_cmake/cmake)
-- Found rmw_fastrtps_cpp: 6.2.10 (/opt/ros/humble/share/rmw_fastrtps_cpp/cmake)
-- Found OpenSSL: /usr/lib/x86_64-linux-gnu/libcrypto.so (found version "3.0.2")  
-- Found FastRTPS: /opt/ros/humble/include  
-- Using RMW implementation 'rmw_fastrtps_cpp' as default
-- Looking for pthread.h
-- Looking for pthread.h - found
-- Performing Test CMAKE_HAVE_LIBC_PTHREAD
-- Performing Test CMAKE_HAVE_LIBC_PTHREAD - Success
-- Found Threads: TRUE  
-- Found audio_common_msgs: 4.0.10 (/workspace/install/audio_common_msgs/share/audio_common_msgs/cmake)
-- Found orocos_kdl_vendor: 0.2.5 (/opt/ros/humble/share/orocos_kdl_vendor/cmake)
-- Found eigen3_cmake_module: 0.1.1 (/opt/ros/humble/share/eigen3_cmake_module/cmake)
-- Found Eigen3: TRUE (found version "3.4.0") 
-- Ensuring Eigen3 include directory is part of orocos-kdl CMake target
-- Found sensor_msgs: 4.9.2 (/opt/ros/humble/share/sensor_msgs/cmake)
-- Found cv_bridge: 3.2.1 (/opt/ros/humble/share/cv_bridge/cmake)
-- Found OpenCV: /usr (found version "4.5.4") 
-- whisper.cpp version: 1.9.3-dev
-- Found Git: /usr/bin/git (found version "2.34.1") 
-- The ASM compiler identification is GNU
-- Found assembler: /usr/bin/cc
-- Warning: ccache not found - consider installing it for faster compilation or disable this warning with GGML_CCACHE=OFF
-- CMAKE_SYSTEM_PROCESSOR: x86_64
-- GGML_SYSTEM_ARCH: x86
-- Found OpenMP_C: -fopenmp (found version "4.5") 
-- Found OpenMP_CXX: -fopenmp (found version "4.5") 
-- Found OpenMP: TRUE (found version "4.5")  
-- Including CPU backend
-- x86 detected
-- Adding CPU backend variant ggml-cpu: -march=native 
-- ggml version: 0.22.0
-- ggml commit:  97811330-dirty
-- Configuring done
-- Generating done
-- Build files have been written to: /workspace/build/quadruped_control
[35m[1mConsolidate compiler generated dependencies of target ggml-base[0m
[ 26%] Built target ggml-base
[35m[1mConsolidate compiler generated dependencies of target ggml-cpu[0m
[ 65%] Built target ggml-cpu
[35m[1mConsolidate compiler generated dependencies of target ggml[0m
[ 73%] Built target ggml
[35m[1mConsolidate compiler generated dependencies of target whisper[0m
[ 78%] Built target whisper
[35m[1mConsolidate compiler generated dependencies of target quadruped[0m
[ 81%] [32mBuilding CXX object CMakeFiles/quadruped.dir/src/Nodes/QuadrupedControllerNode.cpp.o[0m
[ 84%] [32mBuilding CXX object CMakeFiles/quadruped.dir/src/Nodes/Servo2040BridgeNode.cpp.o[0m
[ 86%] [32mBuilding CXX object CMakeFiles/quadruped.dir/src/quadruped.cpp.o[0m
[ 89%] [32m[1mLinking CXX executable quadruped[0m
[100%] Built target quadruped
-- Install configuration: "Release"
-- Execute custom install script
-- Up-to-date symlink: /workspace/install/quadruped_control//libggml-cpu.so.0.22.0
-- Up-to-date symlink: /workspace/install/quadruped_control//libggml-base.so.0.22.0
-- Up-to-date symlink: /workspace/install/quadruped_control/lib/cmake/ggml/ggml-config.cmake
-- Up-to-date symlink: /workspace/install/quadruped_control/lib/cmake/ggml/ggml-config-version.cmake
-- Up-to-date symlink: /workspace/install/quadruped_control/lib/cmake/whisper/whisper-config.cmake
-- Up-to-date symlink: /workspace/install/quadruped_control/lib/cmake/whisper/whisper-config-version.cmake
-- Up-to-date symlink: /workspace/install/quadruped_control/lib/pkgconfig/whisper.pc
-- Up-to-date symlink: /workspace/install/quadruped_control/lib/cmake/parakeet/parakeet-config.cmake
-- Up-to-date symlink: /workspace/install/quadruped_control/lib/cmake/parakeet/parakeet-config-version.cmake
-- Up-to-date symlink: /workspace/install/quadruped_control/lib/pkgconfig/parakeet.pc
-- Up-to-date symlink: /workspace/install/quadruped_control/lib/quadruped_control/quadruped
-- Up-to-date symlink: /workspace/install/quadruped_control/share/ament_index/resource_index/package_run_dependencies/quadruped_control
-- Up-to-date symlink: /workspace/install/quadruped_control/share/ament_index/resource_index/parent_prefix_path/quadruped_control
-- Up-to-date symlink: /workspace/install/quadruped_control/share/quadruped_control/environment/ament_prefix_path.sh
-- Up-to-date symlink: /workspace/install/quadruped_control/share/quadruped_control/environment/ament_prefix_path.dsv
-- Up-to-date symlink: /workspace/install/quadruped_control/share/quadruped_control/environment/path.sh
-- Up-to-date symlink: /workspace/install/quadruped_control/share/quadruped_control/environment/path.dsv
-- Up-to-date symlink: /workspace/install/quadruped_control/share/quadruped_control/local_setup.bash
-- Up-to-date symlink: /workspace/install/quadruped_control/share/quadruped_control/local_setup.sh
-- Up-to-date symlink: /workspace/install/quadruped_control/share/quadruped_control/local_setup.zsh
-- Up-to-date symlink: /workspace/install/quadruped_control/share/quadruped_control/local_setup.dsv
-- Symlinking: /workspace/install/quadruped_control/share/quadruped_control/package.dsv
-- Up-to-date symlink: /workspace/install/quadruped_control/share/ament_index/resource_index/packages/quadruped_control
-- Up-to-date symlink: /workspace/install/quadruped_control/share/quadruped_control/cmake/quadruped_controlConfig.cmake
-- Up-to-date symlink: /workspace/install/quadruped_control/share/quadruped_control/cmake/quadruped_controlConfig-version.cmake
-- Up-to-date symlink: /workspace/install/quadruped_control/share/quadruped_control/package.xml
