[0.119s] Invoking command in '/workspace/build/quadruped_control': CMAKE_PREFIX_PATH=/workspace/install/audio_common_msgs:/workspace/install/quadruped_control:/workspace/install/voice_control:/workspace/install/quadruped_sim:/workspace/install/audio_common:/opt/ros/humble LD_LIBRARY_PATH=/workspace/install/audio_common_msgs/lib:/workspace/install/audio_common/lib:/opt/ros/humble/opt/rviz_ogre_vendor/lib:/opt/ros/humble/lib/x86_64-linux-gnu:/opt/ros/humble/lib /usr/bin/cmake /workspace/src/quadruped_control -DBUILD_TESTING=OFF -DAMENT_CMAKE_SYMLINK_INSTALL=1 -DCMAKE_INSTALL_PREFIX=/workspace/install/quadruped_control
[0.728s] -- The C compiler identification is GNU 11.4.0
[1.155s] -- The CXX compiler identification is GNU 11.4.0
[1.238s] -- Detecting C compiler ABI info
[2.095s] -- Detecting C compiler ABI info - done
[2.116s] -- Check for working C compiler: /usr/bin/cc - skipped
[2.116s] -- Detecting C compile features
[2.117s] -- Detecting C compile features - done
[2.121s] -- Detecting CXX compiler ABI info
[2.786s] -- Detecting CXX compiler ABI info - done
[2.813s] -- Check for working CXX compiler: /usr/bin/c++ - skipped
[2.813s] -- Detecting CXX compile features
[2.814s] -- Detecting CXX compile features - done
[2.835s] -- Found ament_cmake: 1.3.14 (/opt/ros/humble/share/ament_cmake/cmake)
[3.595s] -- Found Python3: /usr/bin/python3 (found version "3.10.12") found components: Interpreter 
[3.789s] -- Override CMake install command with custom implementation using symlinks instead of copying resources
[3.988s] -- Found rclcpp: 16.0.19 (/opt/ros/humble/share/rclcpp/cmake)
[4.175s] -- Found rosidl_generator_c: 3.1.9 (/opt/ros/humble/share/rosidl_generator_c/cmake)
[4.205s] -- Found rosidl_adapter: 3.1.9 (/opt/ros/humble/share/rosidl_adapter/cmake)
[4.241s] -- Found rosidl_generator_cpp: 3.1.9 (/opt/ros/humble/share/rosidl_generator_cpp/cmake)
[4.303s] -- Using all available rosidl_typesupport_c: rosidl_typesupport_fastrtps_c;rosidl_typesupport_introspection_c
[4.398s] -- Using all available rosidl_typesupport_cpp: rosidl_typesupport_fastrtps_cpp;rosidl_typesupport_introspection_cpp
[4.647s] -- Found rmw_implementation_cmake: 6.1.3 (/opt/ros/humble/share/rmw_implementation_cmake/cmake)
[4.670s] -- Found rmw_fastrtps_cpp: 6.2.10 (/opt/ros/humble/share/rmw_fastrtps_cpp/cmake)
[5.407s] -- Found OpenSSL: /usr/lib/x86_64-linux-gnu/libcrypto.so (found version "3.0.2")  
[5.482s] -- Found FastRTPS: /opt/ros/humble/include  
[5.655s] -- Using RMW implementation 'rmw_fastrtps_cpp' as default
[5.707s] -- Looking for pthread.h
[6.481s] -- Looking for pthread.h - found
[6.483s] -- Performing Test CMAKE_HAVE_LIBC_PTHREAD
[7.318s] -- Performing Test CMAKE_HAVE_LIBC_PTHREAD - Success
[7.320s] -- Found Threads: TRUE  
[7.465s] -- Found audio_common_msgs: 4.0.10 (/workspace/install/audio_common_msgs/share/audio_common_msgs/cmake)
[7.619s] -- Found orocos_kdl_vendor: 0.2.5 (/opt/ros/humble/share/orocos_kdl_vendor/cmake)
[7.662s] -- Found eigen3_cmake_module: 0.1.1 (/opt/ros/humble/share/eigen3_cmake_module/cmake)
[7.664s] -- Found Eigen3: TRUE (found version "3.4.0") 
[7.664s] -- Ensuring Eigen3 include directory is part of orocos-kdl CMake target
[7.682s] -- Found sensor_msgs: 4.9.2 (/opt/ros/humble/share/sensor_msgs/cmake)
[7.742s] -- Found cv_bridge: 3.2.1 (/opt/ros/humble/share/cv_bridge/cmake)
[7.774s] -- Found OpenCV: /usr (found version "4.5.4") 
[7.782s] -- whisper.cpp version: 1.9.3-dev
[7.819s] -- Found Git: /usr/bin/git (found version "2.34.1") 
[8.101s] -- The ASM compiler identification is GNU
[8.108s] -- Found assembler: /usr/bin/cc
[8.309s] -- Warning: ccache not found - consider installing it for faster compilation or disable this warning with GGML_CCACHE=OFF
[8.454s] -- CMAKE_SYSTEM_PROCESSOR: x86_64
[8.454s] -- GGML_SYSTEM_ARCH: x86
[10.549s] -- Found OpenMP_C: -fopenmp (found version "4.5") 
[11.333s] -- Found OpenMP_CXX: -fopenmp (found version "4.5") 
[11.334s] -- Found OpenMP: TRUE (found version "4.5")  
[11.345s] -- Including CPU backend
[11.351s] -- x86 detected
[11.354s] -- Adding CPU backend variant ggml-cpu: -march=native 
[11.383s] -- ggml version: 0.22.0
[11.384s] -- ggml commit:  97811330-dirty
[11.632s] -- Configuring done
[11.794s] -- Generating done
[11.889s] -- Build files have been written to: /workspace/build/quadruped_control
[11.919s] Invoked command in '/workspace/build/quadruped_control' returned '0': CMAKE_PREFIX_PATH=/workspace/install/audio_common_msgs:/workspace/install/quadruped_control:/workspace/install/voice_control:/workspace/install/quadruped_sim:/workspace/install/audio_common:/opt/ros/humble LD_LIBRARY_PATH=/workspace/install/audio_common_msgs/lib:/workspace/install/audio_common/lib:/opt/ros/humble/opt/rviz_ogre_vendor/lib:/opt/ros/humble/lib/x86_64-linux-gnu:/opt/ros/humble/lib /usr/bin/cmake /workspace/src/quadruped_control -DBUILD_TESTING=OFF -DAMENT_CMAKE_SYMLINK_INSTALL=1 -DCMAKE_INSTALL_PREFIX=/workspace/install/quadruped_control
[11.927s] Invoking command in '/workspace/build/quadruped_control': CMAKE_PREFIX_PATH=/workspace/install/audio_common_msgs:/workspace/install/quadruped_control:/workspace/install/voice_control:/workspace/install/quadruped_sim:/workspace/install/audio_common:/opt/ros/humble LD_LIBRARY_PATH=/workspace/install/audio_common_msgs/lib:/workspace/install/audio_common/lib:/opt/ros/humble/opt/rviz_ogre_vendor/lib:/opt/ros/humble/lib/x86_64-linux-gnu:/opt/ros/humble/lib /usr/bin/cmake --build /workspace/build/quadruped_control -- -j12 -l12
[12.484s] [35m[1mConsolidate compiler generated dependencies of target ggml-base[0m
[12.798s] [ 26%] Built target ggml-base
[12.949s] [35m[1mConsolidate compiler generated dependencies of target ggml-cpu[0m
[13.386s] [ 65%] Built target ggml-cpu
[13.592s] [35m[1mConsolidate compiler generated dependencies of target ggml[0m
[13.781s] [ 73%] Built target ggml
[13.929s] [35m[1mConsolidate compiler generated dependencies of target whisper[0m
[14.108s] [ 78%] Built target whisper
[14.260s] [35m[1mConsolidate compiler generated dependencies of target quadruped[0m
[14.763s] gmake[2]: Warning: File '/workspace/src/quadruped_control/include/quadruped_control/Nodes/QuadrupedControllerNode.hpp' has modification time 24635 s in the future
[14.837s] [ 81%] [32mBuilding CXX object CMakeFiles/quadruped.dir/src/Nodes/QuadrupedControllerNode.cpp.o[0m
[14.848s] [ 84%] [32mBuilding CXX object CMakeFiles/quadruped.dir/src/Nodes/Servo2040BridgeNode.cpp.o[0m
[14.853s] [ 86%] [32mBuilding CXX object CMakeFiles/quadruped.dir/src/quadruped.cpp.o[0m
[29.030s] [ 89%] [32m[1mLinking CXX executable quadruped[0m
[30.337s] gmake[2]: warning:  Clock skew detected.  Your build may be incomplete.
[30.418s] [100%] Built target quadruped
[30.480s] Invoked command in '/workspace/build/quadruped_control' returned '0': CMAKE_PREFIX_PATH=/workspace/install/audio_common_msgs:/workspace/install/quadruped_control:/workspace/install/voice_control:/workspace/install/quadruped_sim:/workspace/install/audio_common:/opt/ros/humble LD_LIBRARY_PATH=/workspace/install/audio_common_msgs/lib:/workspace/install/audio_common/lib:/opt/ros/humble/opt/rviz_ogre_vendor/lib:/opt/ros/humble/lib/x86_64-linux-gnu:/opt/ros/humble/lib /usr/bin/cmake --build /workspace/build/quadruped_control -- -j12 -l12
[30.539s] Invoking command in '/workspace/build/quadruped_control': CMAKE_PREFIX_PATH=/workspace/install/audio_common_msgs:/workspace/install/quadruped_control:/workspace/install/voice_control:/workspace/install/quadruped_sim:/workspace/install/audio_common:/opt/ros/humble LD_LIBRARY_PATH=/workspace/install/audio_common_msgs/lib:/workspace/install/audio_common/lib:/opt/ros/humble/opt/rviz_ogre_vendor/lib:/opt/ros/humble/lib/x86_64-linux-gnu:/opt/ros/humble/lib /usr/bin/cmake --install /workspace/build/quadruped_control
[30.605s] -- Install configuration: "Release"
[30.611s] -- Execute custom install script
[30.617s] -- Up-to-date symlink: /workspace/install/quadruped_control//libggml-cpu.so.0.22.0
[30.619s] -- Up-to-date symlink: /workspace/install/quadruped_control//libggml-base.so.0.22.0
[30.620s] -- Up-to-date symlink: /workspace/install/quadruped_control/lib/cmake/ggml/ggml-config.cmake
[30.621s] -- Up-to-date symlink: /workspace/install/quadruped_control/lib/cmake/ggml/ggml-config-version.cmake
[30.621s] -- Up-to-date symlink: /workspace/install/quadruped_control/lib/cmake/whisper/whisper-config.cmake
[30.622s] -- Up-to-date symlink: /workspace/install/quadruped_control/lib/cmake/whisper/whisper-config-version.cmake
[30.623s] -- Up-to-date symlink: /workspace/install/quadruped_control/lib/pkgconfig/whisper.pc
[30.623s] -- Up-to-date symlink: /workspace/install/quadruped_control/lib/cmake/parakeet/parakeet-config.cmake
[30.624s] -- Up-to-date symlink: /workspace/install/quadruped_control/lib/cmake/parakeet/parakeet-config-version.cmake
[30.624s] -- Up-to-date symlink: /workspace/install/quadruped_control/lib/pkgconfig/parakeet.pc
[30.626s] -- Up-to-date symlink: /workspace/install/quadruped_control/lib/quadruped_control/quadruped
[30.627s] -- Up-to-date symlink: /workspace/install/quadruped_control/share/ament_index/resource_index/package_run_dependencies/quadruped_control
[30.628s] -- Up-to-date symlink: /workspace/install/quadruped_control/share/ament_index/resource_index/parent_prefix_path/quadruped_control
[30.629s] -- Up-to-date symlink: /workspace/install/quadruped_control/share/quadruped_control/environment/ament_prefix_path.sh
[30.629s] -- Up-to-date symlink: /workspace/install/quadruped_control/share/quadruped_control/environment/ament_prefix_path.dsv
[30.630s] -- Up-to-date symlink: /workspace/install/quadruped_control/share/quadruped_control/environment/path.sh
[30.631s] -- Up-to-date symlink: /workspace/install/quadruped_control/share/quadruped_control/environment/path.dsv
[30.631s] -- Up-to-date symlink: /workspace/install/quadruped_control/share/quadruped_control/local_setup.bash
[30.632s] -- Up-to-date symlink: /workspace/install/quadruped_control/share/quadruped_control/local_setup.sh
[30.633s] -- Up-to-date symlink: /workspace/install/quadruped_control/share/quadruped_control/local_setup.zsh
[30.633s] -- Up-to-date symlink: /workspace/install/quadruped_control/share/quadruped_control/local_setup.dsv
[30.634s] -- Symlinking: /workspace/install/quadruped_control/share/quadruped_control/package.dsv
[30.681s] -- Up-to-date symlink: /workspace/install/quadruped_control/share/ament_index/resource_index/packages/quadruped_control
[30.683s] -- Up-to-date symlink: /workspace/install/quadruped_control/share/quadruped_control/cmake/quadruped_controlConfig.cmake
[30.684s] -- Up-to-date symlink: /workspace/install/quadruped_control/share/quadruped_control/cmake/quadruped_controlConfig-version.cmake
[30.687s] -- Up-to-date symlink: /workspace/install/quadruped_control/share/quadruped_control/package.xml
[30.694s] Invoked command in '/workspace/build/quadruped_control' returned '0': CMAKE_PREFIX_PATH=/workspace/install/audio_common_msgs:/workspace/install/quadruped_control:/workspace/install/voice_control:/workspace/install/quadruped_sim:/workspace/install/audio_common:/opt/ros/humble LD_LIBRARY_PATH=/workspace/install/audio_common_msgs/lib:/workspace/install/audio_common/lib:/opt/ros/humble/opt/rviz_ogre_vendor/lib:/opt/ros/humble/lib/x86_64-linux-gnu:/opt/ros/humble/lib /usr/bin/cmake --install /workspace/build/quadruped_control
