[0.066s] Invoking command in '/workspace/build/quadruped_control': CMAKE_PREFIX_PATH=${CMAKE_PREFIX_PATH}:/opt/ros/humble /usr/bin/cmake /workspace/src/quadruped_control -DBUILD_TESTING=OFF -DAMENT_CMAKE_SYMLINK_INSTALL=1 -DCMAKE_INSTALL_PREFIX=/workspace/install/quadruped_control
[0.603s] -- The C compiler identification is GNU 11.4.0
[1.088s] -- The CXX compiler identification is GNU 11.4.0
[1.120s] -- Detecting C compiler ABI info
[1.780s] -- Detecting C compiler ABI info - done
[1.798s] -- Check for working C compiler: /usr/bin/cc - skipped
[1.799s] -- Detecting C compile features
[1.799s] -- Detecting C compile features - done
[1.803s] -- Detecting CXX compiler ABI info
[2.417s] -- Detecting CXX compiler ABI info - done
[2.449s] -- Check for working CXX compiler: /usr/bin/c++ - skipped
[2.449s] -- Detecting CXX compile features
[2.454s] -- Detecting CXX compile features - done
[2.473s] -- Found ament_cmake: 1.3.14 (/opt/ros/humble/share/ament_cmake/cmake)
[3.214s] -- Found Python3: /usr/bin/python3 (found version "3.10.12") found components: Interpreter 
[3.410s] -- Override CMake install command with custom implementation using symlinks instead of copying resources
[3.600s] -- Found rclcpp: 16.0.19 (/opt/ros/humble/share/rclcpp/cmake)
[3.741s] -- Found rosidl_generator_c: 3.1.9 (/opt/ros/humble/share/rosidl_generator_c/cmake)
[3.769s] -- Found rosidl_adapter: 3.1.9 (/opt/ros/humble/share/rosidl_adapter/cmake)
[3.792s] -- Found rosidl_generator_cpp: 3.1.9 (/opt/ros/humble/share/rosidl_generator_cpp/cmake)
[3.819s] -- Using all available rosidl_typesupport_c: rosidl_typesupport_fastrtps_c;rosidl_typesupport_introspection_c
[3.858s] -- Using all available rosidl_typesupport_cpp: rosidl_typesupport_fastrtps_cpp;rosidl_typesupport_introspection_cpp
[3.994s] -- Found rmw_implementation_cmake: 6.1.3 (/opt/ros/humble/share/rmw_implementation_cmake/cmake)
[4.004s] -- Found rmw_fastrtps_cpp: 6.2.10 (/opt/ros/humble/share/rmw_fastrtps_cpp/cmake)
[4.660s] -- Found OpenSSL: /usr/lib/x86_64-linux-gnu/libcrypto.so (found version "3.0.2")  
[4.723s] -- Found FastRTPS: /opt/ros/humble/include  
[4.823s] -- Using RMW implementation 'rmw_fastrtps_cpp' as default
[4.868s] -- Looking for pthread.h
[5.552s] -- Looking for pthread.h - found
[5.555s] -- Performing Test CMAKE_HAVE_LIBC_PTHREAD
[6.243s] -- Performing Test CMAKE_HAVE_LIBC_PTHREAD - Success
[6.244s] -- Found Threads: TRUE  
[6.360s] -- Found audio_common_msgs: 4.0.10 (/workspace/install/audio_common_msgs/share/audio_common_msgs/cmake)
[6.448s] -- Found orocos_kdl_vendor: 0.2.5 (/opt/ros/humble/share/orocos_kdl_vendor/cmake)
[6.504s] -- Found eigen3_cmake_module: 0.1.1 (/opt/ros/humble/share/eigen3_cmake_module/cmake)
[6.505s] -- Found Eigen3: TRUE (found version "3.4.0") 
[6.505s] -- Ensuring Eigen3 include directory is part of orocos-kdl CMake target
[6.515s] -- Found sensor_msgs: 4.9.2 (/opt/ros/humble/share/sensor_msgs/cmake)
[6.564s] -- Found cv_bridge: 3.2.1 (/opt/ros/humble/share/cv_bridge/cmake)
[6.585s] -- Found OpenCV: /usr (found version "4.5.4") 
[6.594s] -- whisper.cpp version: 1.9.3-dev
[6.623s] -- Found Git: /usr/bin/git (found version "2.34.1") 
[6.881s] -- The ASM compiler identification is GNU
[6.883s] -- Found assembler: /usr/bin/cc
[7.034s] -- Warning: ccache not found - consider installing it for faster compilation or disable this warning with GGML_CCACHE=OFF
[7.152s] -- CMAKE_SYSTEM_PROCESSOR: x86_64
[7.153s] -- GGML_SYSTEM_ARCH: x86
[9.082s] -- Found OpenMP_C: -fopenmp (found version "4.5") 
[9.785s] -- Found OpenMP_CXX: -fopenmp (found version "4.5") 
[9.786s] -- Found OpenMP: TRUE (found version "4.5")  
[9.794s] -- Including CPU backend
[9.803s] -- x86 detected
[9.805s] -- Adding CPU backend variant ggml-cpu: -march=native 
[9.840s] -- ggml version: 0.22.0
[9.841s] -- ggml commit:  97811330-dirty
[10.070s] -- Configuring done
[10.209s] -- Generating done
[10.260s] -- Build files have been written to: /workspace/build/quadruped_control
[10.276s] Invoked command in '/workspace/build/quadruped_control' returned '0': CMAKE_PREFIX_PATH=${CMAKE_PREFIX_PATH}:/opt/ros/humble /usr/bin/cmake /workspace/src/quadruped_control -DBUILD_TESTING=OFF -DAMENT_CMAKE_SYMLINK_INSTALL=1 -DCMAKE_INSTALL_PREFIX=/workspace/install/quadruped_control
[10.283s] Invoking command in '/workspace/build/quadruped_control': CMAKE_PREFIX_PATH=${CMAKE_PREFIX_PATH}:/opt/ros/humble /usr/bin/cmake --build /workspace/build/quadruped_control -- -j12 -l12
[10.881s] [  2%] [32mBuilding C object whisper/ggml/src/CMakeFiles/ggml-base.dir/ggml-alloc.c.o[0m
[10.889s] [  5%] [32mBuilding C object whisper/ggml/src/CMakeFiles/ggml-base.dir/ggml.c.o[0m
[10.895s] [ 10%] [32mBuilding CXX object whisper/ggml/src/CMakeFiles/ggml-base.dir/ggml.cpp.o[0m
[10.896s] [ 10%] [32mBuilding C object whisper/ggml/src/CMakeFiles/ggml-base.dir/ggml-quants.c.o[0m
[10.907s] [ 13%] [32mBuilding CXX object whisper/ggml/src/CMakeFiles/ggml-base.dir/ggml-backend-meta.cpp.o[0m
[10.923s] [ 15%] [32mBuilding CXX object whisper/ggml/src/CMakeFiles/ggml-base.dir/gguf.cpp.o[0m
[10.925s] [ 21%] [32mBuilding CXX object whisper/ggml/src/CMakeFiles/ggml-base.dir/ggml-backend.cpp.o[0m
[10.927s] [ 21%] [32mBuilding CXX object whisper/ggml/src/CMakeFiles/ggml-base.dir/ggml-threading.cpp.o[0m
[10.929s] [ 23%] [32mBuilding CXX object whisper/ggml/src/CMakeFiles/ggml-base.dir/ggml-opt.cpp.o[0m
[17.404s] [ 26%] [32m[1mLinking CXX shared library ../../../bin/libggml-base.so[0m
[17.830s] [ 26%] Built target ggml-base
[18.129s] [ 31%] [32mBuilding CXX object whisper/ggml/src/CMakeFiles/ggml-cpu.dir/ggml-cpu/ggml-cpu.cpp.o[0m
[18.131s] [ 34%] [32mBuilding CXX object whisper/ggml/src/CMakeFiles/ggml-cpu.dir/ggml-cpu/repack.cpp.o[0m
[18.134s] [ 39%] [32mBuilding CXX object whisper/ggml/src/CMakeFiles/ggml-cpu.dir/ggml-cpu/amx/amx.cpp.o[0m
[18.137s] [ 39%] [32mBuilding C object whisper/ggml/src/CMakeFiles/ggml-cpu.dir/ggml-cpu/ggml-cpu.c.o[0m
[18.139s] [ 42%] [32mBuilding CXX object whisper/ggml/src/CMakeFiles/ggml-cpu.dir/ggml-cpu/hbm.cpp.o[0m
[18.141s] [ 42%] [32mBuilding CXX object whisper/ggml/src/CMakeFiles/ggml-cpu.dir/ggml-cpu/traits.cpp.o[0m
[18.143s] [ 47%] [32mBuilding CXX object whisper/ggml/src/CMakeFiles/ggml-cpu.dir/ggml-cpu/vec.cpp.o[0m
[18.148s] [ 47%] [32mBuilding C object whisper/ggml/src/CMakeFiles/ggml-cpu.dir/ggml-cpu/quants.c.o[0m
[18.160s] [ 50%] [32mBuilding CXX object whisper/ggml/src/CMakeFiles/ggml-cpu.dir/ggml-cpu/unary-ops.cpp.o[0m
[18.166s] [ 57%] [32mBuilding CXX object whisper/ggml/src/CMakeFiles/ggml-cpu.dir/ggml-cpu/binary-ops.cpp.o[0m
[18.167s] [ 57%] [32mBuilding CXX object whisper/ggml/src/CMakeFiles/ggml-cpu.dir/ggml-cpu/ops.cpp.o[0m
[18.169s] [ 57%] [32mBuilding CXX object whisper/ggml/src/CMakeFiles/ggml-cpu.dir/ggml-cpu/amx/mmq.cpp.o[0m
[18.523s] [ 60%] [32mBuilding C object whisper/ggml/src/CMakeFiles/ggml-cpu.dir/ggml-cpu/arch/x86/quants.c.o[0m
[20.680s] [ 63%] [32mBuilding CXX object whisper/ggml/src/CMakeFiles/ggml-cpu.dir/ggml-cpu/arch/x86/repack.cpp.o[0m
[27.006s] [ 65%] [32m[1mLinking CXX shared library ../../../bin/libggml-cpu.so[0m
[27.462s] [ 65%] Built target ggml-cpu
[27.726s] [ 71%] [32mBuilding CXX object whisper/ggml/src/CMakeFiles/ggml.dir/ggml-backend-dl.cpp.o[0m
[27.728s] [ 71%] [32mBuilding CXX object whisper/ggml/src/CMakeFiles/ggml.dir/ggml-backend-reg.cpp.o[0m
[29.728s] [ 73%] [32m[1mLinking CXX shared library ../../../bin/libggml.so[0m
[30.178s] [ 73%] Built target ggml
[30.406s] [ 76%] [32mBuilding CXX object whisper/src/CMakeFiles/whisper.dir/whisper.cpp.o[0m
[41.910s] [ 78%] [32m[1mLinking CXX shared library ../../bin/libwhisper.so[0m
[42.341s] [ 78%] Built target whisper
[42.587s] [ 81%] [32mBuilding CXX object CMakeFiles/quadruped.dir/src/Nodes/Servo2040BridgeNode.cpp.o[0m
[42.595s] [ 86%] [32mBuilding CXX object CMakeFiles/quadruped.dir/src/Nodes/CameraDisplayNode.cpp.o[0m
[42.597s] [ 86%] [32mBuilding CXX object CMakeFiles/quadruped.dir/src/Services/ActionService.cpp.o[0m
[42.598s] [ 94%] [32mBuilding CXX object CMakeFiles/quadruped.dir/src/Nodes/UserCommunicationNode.cpp.o[0m
[42.601s] [ 94%] [32mBuilding CXX object CMakeFiles/quadruped.dir/src/Clients/ActionClient.cpp.o[0m
[42.603s] [ 94%] [32mBuilding CXX object CMakeFiles/quadruped.dir/src/Nodes/QuadrupedControllerNode.cpp.o[0m
[42.618s] [ 97%] [32mBuilding CXX object CMakeFiles/quadruped.dir/src/quadruped.cpp.o[0m
[46.540s] [01m[K/workspace/src/quadruped_control/src/Nodes/QuadrupedControllerNode.cpp:[m[K In member function ‘[01m[Kbool QuadrupedControllerNode::publishSimulationCommand(int, const JointAngles&)[m[K’:
[46.541s] [01m[K/workspace/src/quadruped_control/src/Nodes/QuadrupedControllerNode.cpp:961:1:[m[K [01;35m[Kwarning: [m[Kno return statement in function returning non-void [[01;35m[K]8;;https://gcc.gnu.org/onlinedocs/gcc/Warning-Options.html#index-Wreturn-type-Wreturn-type]8;;[m[K]
[46.542s]   961 | [01;35m[K}[m[K
[46.542s]       | [01;35m[K^[m[K
[46.547s] [01m[K/workspace/src/quadruped_control/src/Nodes/QuadrupedControllerNode.cpp:[m[K At global scope:
[46.548s] [01m[K/workspace/src/quadruped_control/src/Nodes/QuadrupedControllerNode.cpp:963:6:[m[K [01;31m[Kerror: [m[Kredefinition of ‘[01m[Kbool QuadrupedControllerNode::publishSimulationCommand(int, const JointAngles&)[m[K’
[46.550s]   963 | bool [01;31m[KQuadrupedControllerNode[m[K::publishSimulationCommand(
[46.552s]       |      [01;31m[K^~~~~~~~~~~~~~~~~~~~~~~[m[K
[46.554s] [01m[K/workspace/src/quadruped_control/src/Nodes/QuadrupedControllerNode.cpp:920:6:[m[K [01;36m[Knote: [m[K‘[01m[Kbool QuadrupedControllerNode::publishSimulationCommand(int, const JointAngles&)[m[K’ previously defined here
[46.557s]   920 | bool [01;36m[KQuadrupedControllerNode[m[K::publishSimulationCommand(
[46.558s]       |      [01;36m[K^~~~~~~~~~~~~~~~~~~~~~~[m[K
[48.548s] gmake[2]: *** [CMakeFiles/quadruped.dir/build.make:104: CMakeFiles/quadruped.dir/src/Nodes/QuadrupedControllerNode.cpp.o] Error 1
[48.548s] gmake[2]: *** Waiting for unfinished jobs....
[56.296s] gmake[1]: *** [CMakeFiles/Makefile2:227: CMakeFiles/quadruped.dir/all] Error 2
[56.298s] gmake: *** [Makefile:146: all] Error 2
[56.306s] Invoked command in '/workspace/build/quadruped_control' returned '2': CMAKE_PREFIX_PATH=${CMAKE_PREFIX_PATH}:/opt/ros/humble /usr/bin/cmake --build /workspace/build/quadruped_control -- -j12 -l12
