-- The C compiler identification is GNU 11.4.0
-- The CXX compiler identification is GNU 11.4.0
-- Detecting C compiler ABI info
-- Detecting C compiler ABI info - done
-- Check for working C compiler: /usr/bin/cc - skipped
-- Detecting C compile features
-- Detecting C compile features - done
-- Detecting CXX compiler ABI info
-- Detecting CXX compiler ABI info - done
-- Check for working CXX compiler: /usr/bin/c++ - skipped
-- Detecting CXX compile features
-- Detecting CXX compile features - done
-- Found ament_cmake: 1.3.14 (/opt/ros/humble/share/ament_cmake/cmake)
-- Found Python3: /usr/bin/python3 (found version "3.10.12") found components: Interpreter 
-- Override CMake install command with custom implementation using symlinks instead of copying resources
-- Found rclcpp: 16.0.19 (/opt/ros/humble/share/rclcpp/cmake)
-- Found rosidl_generator_c: 3.1.9 (/opt/ros/humble/share/rosidl_generator_c/cmake)
-- Found rosidl_adapter: 3.1.9 (/opt/ros/humble/share/rosidl_adapter/cmake)
-- Found rosidl_generator_cpp: 3.1.9 (/opt/ros/humble/share/rosidl_generator_cpp/cmake)
-- Using all available rosidl_typesupport_c: rosidl_typesupport_fastrtps_c;rosidl_typesupport_introspection_c
-- Using all available rosidl_typesupport_cpp: rosidl_typesupport_fastrtps_cpp;rosidl_typesupport_introspection_cpp
-- Found rmw_implementation_cmake: 6.1.3 (/opt/ros/humble/share/rmw_implementation_cmake/cmake)
-- Found rmw_fastrtps_cpp: 6.2.10 (/opt/ros/humble/share/rmw_fastrtps_cpp/cmake)
-- Found OpenSSL: /usr/lib/x86_64-linux-gnu/libcrypto.so (found version "3.0.2")  
-- Found FastRTPS: /opt/ros/humble/include  
-- Using RMW implementation 'rmw_fastrtps_cpp' as default
-- Looking for pthread.h
-- Looking for pthread.h - found
-- Performing Test CMAKE_HAVE_LIBC_PTHREAD
-- Performing Test CMAKE_HAVE_LIBC_PTHREAD - Success
-- Found Threads: TRUE  
-- Found audio_common_msgs: 4.0.10 (/workspace/install/audio_common_msgs/share/audio_common_msgs/cmake)
-- Found orocos_kdl_vendor: 0.2.5 (/opt/ros/humble/share/orocos_kdl_vendor/cmake)
-- Found eigen3_cmake_module: 0.1.1 (/opt/ros/humble/share/eigen3_cmake_module/cmake)
-- Found Eigen3: TRUE (found version "3.4.0") 
-- Ensuring Eigen3 include directory is part of orocos-kdl CMake target
-- Found sensor_msgs: 4.9.2 (/opt/ros/humble/share/sensor_msgs/cmake)
-- Found cv_bridge: 3.2.1 (/opt/ros/humble/share/cv_bridge/cmake)
-- Found OpenCV: /usr (found version "4.5.4") 
-- whisper.cpp version: 1.9.3-dev
-- Found Git: /usr/bin/git (found version "2.34.1") 
-- The ASM compiler identification is GNU
-- Found assembler: /usr/bin/cc
-- Warning: ccache not found - consider installing it for faster compilation or disable this warning with GGML_CCACHE=OFF
-- CMAKE_SYSTEM_PROCESSOR: x86_64
-- GGML_SYSTEM_ARCH: x86
-- Found OpenMP_C: -fopenmp (found version "4.5") 
-- Found OpenMP_CXX: -fopenmp (found version "4.5") 
-- Found OpenMP: TRUE (found version "4.5")  
-- Including CPU backend
-- x86 detected
-- Adding CPU backend variant ggml-cpu: -march=native 
-- ggml version: 0.22.0
-- ggml commit:  97811330-dirty
-- Configuring done
-- Generating done
-- Build files have been written to: /workspace/build/quadruped_control
[35m[1mConsolidate compiler generated dependencies of target ggml-base[0m
[ 26%] Built target ggml-base
[35m[1mConsolidate compiler generated dependencies of target ggml-cpu[0m
[ 65%] Built target ggml-cpu
[35m[1mConsolidate compiler generated dependencies of target ggml[0m
[ 73%] Built target ggml
[35m[1mConsolidate compiler generated dependencies of target whisper[0m
[ 78%] Built target whisper
[35m[1mConsolidate compiler generated dependencies of target quadruped[0m
gmake[2]: Warning: File '/workspace/src/quadruped_control/src/Nodes/QuadrupedControllerNode.cpp' has modification time 24701 s in the future
[ 81%] [32mBuilding CXX object CMakeFiles/quadruped.dir/src/Nodes/Servo2040BridgeNode.cpp.o[0m
[ 84%] [32mBuilding CXX object CMakeFiles/quadruped.dir/src/Nodes/QuadrupedControllerNode.cpp.o[0m
[ 86%] [32mBuilding CXX object CMakeFiles/quadruped.dir/src/quadruped.cpp.o[0m
[01m[K/workspace/src/quadruped_control/src/Nodes/QuadrupedControllerNode.cpp:[m[K In lambda function:
[01m[K/workspace/src/quadruped_control/src/Nodes/QuadrupedControllerNode.cpp:444:28:[m[K [01;31m[Kerror: [m[Kcall of overloaded ‘[01m[Kfinite(double&)[m[K’ is ambiguous
  444 |                 if (![01;31m[Kfinite(x)[m[K || !finite(y) || !finite(z))
      |                      [01;31m[K~~~~~~^~~[m[K
In file included from [01m[K/usr/include/features.h:486[m[K,
                 from [01m[K/usr/include/x86_64-linux-gnu/c++/11/bits/os_defines.h:39[m[K,
                 from [01m[K/usr/include/x86_64-linux-gnu/c++/11/bits/c++config.h:586[m[K,
                 from [01m[K/usr/include/c++/11/utility:68[m[K,
                 from [01m[K/usr/include/c++/11/algorithm:60[m[K,
                 from [01m[K/workspace/src/quadruped_control/src/Nodes/QuadrupedControllerNode.cpp:1[m[K:
[01m[K/usr/include/x86_64-linux-gnu/bits/mathcalls.h:183:1:[m[K [01;36m[Knote: [m[Kcandidate: ‘[01m[Kint finite(double)[m[K’
  183 | [01;36m[K__MATHDECL_ALIAS[m[K (int,finite,, (_Mdouble_ __value), finite)
      | [01;36m[K^~~~~~~~~~~~~~~~[m[K
[01m[K/workspace/src/quadruped_control/src/Nodes/QuadrupedControllerNode.cpp:134:6:[m[K [01;36m[Knote: [m[Kcandidate: ‘[01m[Kbool {anonymous}::finite(double)[m[K’
  134 | bool [01;36m[Kfinite[m[K(double value)
      |      [01;36m[K^~~~~~[m[K
[01m[K/workspace/src/quadruped_control/src/Nodes/QuadrupedControllerNode.cpp:444:42:[m[K [01;31m[Kerror: [m[Kcall of overloaded ‘[01m[Kfinite(double&)[m[K’ is ambiguous
  444 |   if (!finite(x) || ![01;31m[Kfinite(y)[m[K || !finite(z))
      |                      [01;31m[K~~~~~~^~~[m[K

In file included from [01m[K/usr/include/features.h:486[m[K,
                 from [01m[K/usr/include/x86_64-linux-gnu/c++/11/bits/os_defines.h:39[m[K,
                 from [01m[K/usr/include/x86_64-linux-gnu/c++/11/bits/c++config.h:586[m[K,
                 from [01m[K/usr/include/c++/11/utility:68[m[K,
                 from [01m[K/usr/include/c++/11/algorithm:60[m[K,
                 from [01m[K/workspace/src/quadruped_control/src/Nodes/QuadrupedControllerNode.cpp:1[m[K:
[01m[K/usr/include/x86_64-linux-gnu/bits/mathcalls.h:183:1:[m[K [01;36m[Knote: [m[Kcandidate: ‘[01m[Kint finite(double)[m[K’
  183 | [01;36m[K__MATHDECL_ALIAS[m[K (int,finite,, (_Mdouble_ __value), finite)
      | [01;36m[K^~~~~~~~~~~~~~~~[m[K
[01m[K/workspace/src/quadruped_control/src/Nodes/QuadrupedControllerNode.cpp:134:6:[m[K [01;36m[Knote: [m[Kcandidate: ‘[01m[Kbool {anonymous}::finite(double)[m[K’
  134 | bool [01;36m[Kfinite[m[K(double value)
      |      [01;36m[K^~~~~~[m[K
[01m[K/workspace/src/quadruped_control/src/Nodes/QuadrupedControllerNode.cpp:444:56:[m[K [01;31m[Kerror: [m[Kcall of overloaded ‘[01m[Kfinite(double&)[m[K’ is ambiguous
  444 | finite(x) || !finite(y) || ![01;31m[Kfinite(z)[m[K)
      |                             [01;31m[K~~~~~~^~~[m[K

In file included from [01m[K/usr/include/features.h:486[m[K,
                 from [01m[K/usr/include/x86_64-linux-gnu/c++/11/bits/os_defines.h:39[m[K,
                 from [01m[K/usr/include/x86_64-linux-gnu/c++/11/bits/c++config.h:586[m[K,
                 from [01m[K/usr/include/c++/11/utility:68[m[K,
                 from [01m[K/usr/include/c++/11/algorithm:60[m[K,
                 from [01m[K/workspace/src/quadruped_control/src/Nodes/QuadrupedControllerNode.cpp:1[m[K:
[01m[K/usr/include/x86_64-linux-gnu/bits/mathcalls.h:183:1:[m[K [01;36m[Knote: [m[Kcandidate: ‘[01m[Kint finite(double)[m[K’
  183 | [01;36m[K__MATHDECL_ALIAS[m[K (int,finite,, (_Mdouble_ __value), finite)
      | [01;36m[K^~~~~~~~~~~~~~~~[m[K
[01m[K/workspace/src/quadruped_control/src/Nodes/QuadrupedControllerNode.cpp:134:6:[m[K [01;36m[Knote: [m[Kcandidate: ‘[01m[Kbool {anonymous}::finite(double)[m[K’
  134 | bool [01;36m[Kfinite[m[K(double value)
      |      [01;36m[K^~~~~~[m[K
[01m[K/workspace/src/quadruped_control/src/Nodes/QuadrupedControllerNode.cpp:[m[K In lambda function:
[01m[K/workspace/src/quadruped_control/src/Nodes/QuadrupedControllerNode.cpp:685:28:[m[K [01;31m[Kerror: [m[Kcall of overloaded ‘[01m[Kfinite(double&)[m[K’ is ambiguous
  685 |                 if (![01;31m[Kfinite(x)[m[K || !finite(y) || !finite(z))
      |                      [01;31m[K~~~~~~^~~[m[K
In file included from [01m[K/usr/include/features.h:486[m[K,
                 from [01m[K/usr/include/x86_64-linux-gnu/c++/11/bits/os_defines.h:39[m[K,
                 from [01m[K/usr/include/x86_64-linux-gnu/c++/11/bits/c++config.h:586[m[K,
                 from [01m[K/usr/include/c++/11/utility:68[m[K,
                 from [01m[K/usr/include/c++/11/algorithm:60[m[K,
                 from [01m[K/workspace/src/quadruped_control/src/Nodes/QuadrupedControllerNode.cpp:1[m[K:
[01m[K/usr/include/x86_64-linux-gnu/bits/mathcalls.h:183:1:[m[K [01;36m[Knote: [m[Kcandidate: ‘[01m[Kint finite(double)[m[K’
  183 | [01;36m[K__MATHDECL_ALIAS[m[K (int,finite,, (_Mdouble_ __value), finite)
      | [01;36m[K^~~~~~~~~~~~~~~~[m[K
[01m[K/workspace/src/quadruped_control/src/Nodes/QuadrupedControllerNode.cpp:134:6:[m[K [01;36m[Knote: [m[Kcandidate: ‘[01m[Kbool {anonymous}::finite(double)[m[K’
  134 | bool [01;36m[Kfinite[m[K(double value)
      |      [01;36m[K^~~~~~[m[K
[01m[K/workspace/src/quadruped_control/src/Nodes/QuadrupedControllerNode.cpp:685:42:[m[K [01;31m[Kerror: [m[Kcall of overloaded ‘[01m[Kfinite(double&)[m[K’ is ambiguous
  685 |   if (!finite(x) || ![01;31m[Kfinite(y)[m[K || !finite(z))
      |                      [01;31m[K~~~~~~^~~[m[K

In file included from [01m[K/usr/include/features.h:486[m[K,
                 from [01m[K/usr/include/x86_64-linux-gnu/c++/11/bits/os_defines.h:39[m[K,
                 from [01m[K/usr/include/x86_64-linux-gnu/c++/11/bits/c++config.h:586[m[K,
                 from [01m[K/usr/include/c++/11/utility:68[m[K,
                 from [01m[K/usr/include/c++/11/algorithm:60[m[K,
                 from [01m[K/workspace/src/quadruped_control/src/Nodes/QuadrupedControllerNode.cpp:1[m[K:
[01m[K/usr/include/x86_64-linux-gnu/bits/mathcalls.h:183:1:[m[K [01;36m[Knote: [m[Kcandidate: ‘[01m[Kint finite(double)[m[K’
  183 | [01;36m[K__MATHDECL_ALIAS[m[K (int,finite,, (_Mdouble_ __value), finite)
      | [01;36m[K^~~~~~~~~~~~~~~~[m[K
[01m[K/workspace/src/quadruped_control/src/Nodes/QuadrupedControllerNode.cpp:134:6:[m[K [01;36m[Knote: [m[Kcandidate: ‘[01m[Kbool {anonymous}::finite(double)[m[K’
  134 | bool [01;36m[Kfinite[m[K(double value)
      |      [01;36m[K^~~~~~[m[K
[01m[K/workspace/src/quadruped_control/src/Nodes/QuadrupedControllerNode.cpp:685:56:[m[K [01;31m[Kerror: [m[Kcall of overloaded ‘[01m[Kfinite(double&)[m[K’ is ambiguous
  685 | finite(x) || !finite(y) || ![01;31m[Kfinite(z)[m[K)
      |                             [01;31m[K~~~~~~^~~[m[K

In file included from [01m[K/usr/include/features.h:486[m[K,
                 from [01m[K/usr/include/x86_64-linux-gnu/c++/11/bits/os_defines.h:39[m[K,
                 from [01m[K/usr/include/x86_64-linux-gnu/c++/11/bits/c++config.h:586[m[K,
                 from [01m[K/usr/include/c++/11/utility:68[m[K,
                 from [01m[K/usr/include/c++/11/algorithm:60[m[K,
                 from [01m[K/workspace/src/quadruped_control/src/Nodes/QuadrupedControllerNode.cpp:1[m[K:
[01m[K/usr/include/x86_64-linux-gnu/bits/mathcalls.h:183:1:[m[K [01;36m[Knote: [m[Kcandidate: ‘[01m[Kint finite(double)[m[K’
  183 | [01;36m[K__MATHDECL_ALIAS[m[K (int,finite,, (_Mdouble_ __value), finite)
      | [01;36m[K^~~~~~~~~~~~~~~~[m[K
[01m[K/workspace/src/quadruped_control/src/Nodes/QuadrupedControllerNode.cpp:134:6:[m[K [01;36m[Knote: [m[Kcandidate: ‘[01m[Kbool {anonymous}::finite(double)[m[K’
  134 | bool [01;36m[Kfinite[m[K(double value)
      |      [01;36m[K^~~~~~[m[K
[01m[K/workspace/src/quadruped_control/src/Nodes/QuadrupedControllerNode.cpp:[m[K In member function ‘[01m[KJointAngles QuadrupedControllerNode::solveIK(int, double, double, double)[m[K’:
[01m[K/workspace/src/quadruped_control/src/Nodes/QuadrupedControllerNode.cpp:1569:16:[m[K [01;31m[Kerror: [m[Kcall of overloaded ‘[01m[Kfinite(double&)[m[K’ is ambiguous
 1569 |         ![01;31m[Kfinite(x)[m[K ||
      |          [01;31m[K~~~~~~^~~[m[K
In file included from [01m[K/usr/include/features.h:486[m[K,
                 from [01m[K/usr/include/x86_64-linux-gnu/c++/11/bits/os_defines.h:39[m[K,
                 from [01m[K/usr/include/x86_64-linux-gnu/c++/11/bits/c++config.h:586[m[K,
                 from [01m[K/usr/include/c++/11/utility:68[m[K,
                 from [01m[K/usr/include/c++/11/algorithm:60[m[K,
                 from [01m[K/workspace/src/quadruped_control/src/Nodes/QuadrupedControllerNode.cpp:1[m[K:
[01m[K/usr/include/x86_64-linux-gnu/bits/mathcalls.h:183:1:[m[K [01;36m[Knote: [m[Kcandidate: ‘[01m[Kint finite(double)[m[K’
  183 | [01;36m[K__MATHDECL_ALIAS[m[K (int,finite,, (_Mdouble_ __value), finite)
      | [01;36m[K^~~~~~~~~~~~~~~~[m[K
[01m[K/workspace/src/quadruped_control/src/Nodes/QuadrupedControllerNode.cpp:134:6:[m[K [01;36m[Knote: [m[Kcandidate: ‘[01m[Kbool {anonymous}::finite(double)[m[K’
  134 | bool [01;36m[Kfinite[m[K(double value)
      |      [01;36m[K^~~~~~[m[K
[01m[K/workspace/src/quadruped_control/src/Nodes/QuadrupedControllerNode.cpp:1570:16:[m[K [01;31m[Kerror: [m[Kcall of overloaded ‘[01m[Kfinite(double&)[m[K’ is ambiguous
 1570 |         ![01;31m[Kfinite(y)[m[K ||
      |          [01;31m[K~~~~~~^~~[m[K
In file included from [01m[K/usr/include/features.h:486[m[K,
                 from [01m[K/usr/include/x86_64-linux-gnu/c++/11/bits/os_defines.h:39[m[K,
                 from [01m[K/usr/include/x86_64-linux-gnu/c++/11/bits/c++config.h:586[m[K,
                 from [01m[K/usr/include/c++/11/utility:68[m[K,
                 from [01m[K/usr/include/c++/11/algorithm:60[m[K,
                 from [01m[K/workspace/src/quadruped_control/src/Nodes/QuadrupedControllerNode.cpp:1[m[K:
[01m[K/usr/include/x86_64-linux-gnu/bits/mathcalls.h:183:1:[m[K [01;36m[Knote: [m[Kcandidate: ‘[01m[Kint finite(double)[m[K’
  183 | [01;36m[K__MATHDECL_ALIAS[m[K (int,finite,, (_Mdouble_ __value), finite)
      | [01;36m[K^~~~~~~~~~~~~~~~[m[K
[01m[K/workspace/src/quadruped_control/src/Nodes/QuadrupedControllerNode.cpp:134:6:[m[K [01;36m[Knote: [m[Kcandidate: ‘[01m[Kbool {anonymous}::finite(double)[m[K’
  134 | bool [01;36m[Kfinite[m[K(double value)
      |      [01;36m[K^~~~~~[m[K
[01m[K/workspace/src/quadruped_control/src/Nodes/QuadrupedControllerNode.cpp:1571:16:[m[K [01;31m[Kerror: [m[Kcall of overloaded ‘[01m[Kfinite(double&)[m[K’ is ambiguous
 1571 |         ![01;31m[Kfinite(z)[m[K)
      |          [01;31m[K~~~~~~^~~[m[K
In file included from [01m[K/usr/include/features.h:486[m[K,
                 from [01m[K/usr/include/x86_64-linux-gnu/c++/11/bits/os_defines.h:39[m[K,
                 from [01m[K/usr/include/x86_64-linux-gnu/c++/11/bits/c++config.h:586[m[K,
                 from [01m[K/usr/include/c++/11/utility:68[m[K,
                 from [01m[K/usr/include/c++/11/algorithm:60[m[K,
                 from [01m[K/workspace/src/quadruped_control/src/Nodes/QuadrupedControllerNode.cpp:1[m[K:
[01m[K/usr/include/x86_64-linux-gnu/bits/mathcalls.h:183:1:[m[K [01;36m[Knote: [m[Kcandidate: ‘[01m[Kint finite(double)[m[K’
  183 | [01;36m[K__MATHDECL_ALIAS[m[K (int,finite,, (_Mdouble_ __value), finite)
      | [01;36m[K^~~~~~~~~~~~~~~~[m[K
[01m[K/workspace/src/quadruped_control/src/Nodes/QuadrupedControllerNode.cpp:134:6:[m[K [01;36m[Knote: [m[Kcandidate: ‘[01m[Kbool {anonymous}::finite(double)[m[K’
  134 | bool [01;36m[Kfinite[m[K(double value)
      |      [01;36m[K^~~~~~[m[K
[01m[K/workspace/src/quadruped_control/src/Nodes/QuadrupedControllerNode.cpp:1728:28:[m[K [01;31m[Kerror: [m[Kcall of overloaded ‘[01m[Kfinite(const double&)[m[K’ is ambiguous
 1728 |                     ![01;31m[Kfinite(cartesianError)[m[K ||
      |                      [01;31m[K~~~~~~^~~~~~~~~~~~~~~~[m[K
In file included from [01m[K/usr/include/features.h:486[m[K,
                 from [01m[K/usr/include/x86_64-linux-gnu/c++/11/bits/os_defines.h:39[m[K,
                 from [01m[K/usr/include/x86_64-linux-gnu/c++/11/bits/c++config.h:586[m[K,
                 from [01m[K/usr/include/c++/11/utility:68[m[K,
                 from [01m[K/usr/include/c++/11/algorithm:60[m[K,
                 from [01m[K/workspace/src/quadruped_control/src/Nodes/QuadrupedControllerNode.cpp:1[m[K:
[01m[K/usr/include/x86_64-linux-gnu/bits/mathcalls.h:183:1:[m[K [01;36m[Knote: [m[Kcandidate: ‘[01m[Kint finite(double)[m[K’
  183 | [01;36m[K__MATHDECL_ALIAS[m[K (int,finite,, (_Mdouble_ __value), finite)
      | [01;36m[K^~~~~~~~~~~~~~~~[m[K
[01m[K/workspace/src/quadruped_control/src/Nodes/QuadrupedControllerNode.cpp:134:6:[m[K [01;36m[Knote: [m[Kcandidate: ‘[01m[Kbool {anonymous}::finite(double)[m[K’
  134 | bool [01;36m[Kfinite[m[K(double value)
      |      [01;36m[K^~~~~~[m[K
[01m[K/workspace/src/quadruped_control/src/Nodes/QuadrupedControllerNode.cpp:[m[K In lambda function:
[01m[K/workspace/src/quadruped_control/src/Nodes/QuadrupedControllerNode.cpp:1884:24:[m[K [01;31m[Kerror: [m[Kcall of overloaded ‘[01m[Kfinite(const double&)[m[K’ is ambiguous
 1884 |             if (![01;31m[Kfinite(errorSquared)[m[K)
      |                  [01;31m[K~~~~~~^~~~~~~~~~~~~~[m[K
In file included from [01m[K/usr/include/features.h:486[m[K,
                 from [01m[K/usr/include/x86_64-linux-gnu/c++/11/bits/os_defines.h:39[m[K,
                 from [01m[K/usr/include/x86_64-linux-gnu/c++/11/bits/c++config.h:586[m[K,
                 from [01m[K/usr/include/c++/11/utility:68[m[K,
                 from [01m[K/usr/include/c++/11/algorithm:60[m[K,
                 from [01m[K/workspace/src/quadruped_control/src/Nodes/QuadrupedControllerNode.cpp:1[m[K:
[01m[K/usr/include/x86_64-linux-gnu/bits/mathcalls.h:183:1:[m[K [01;36m[Knote: [m[Kcandidate: ‘[01m[Kint finite(double)[m[K’
  183 | [01;36m[K__MATHDECL_ALIAS[m[K (int,finite,, (_Mdouble_ __value), finite)
      | [01;36m[K^~~~~~~~~~~~~~~~[m[K
[01m[K/workspace/src/quadruped_control/src/Nodes/QuadrupedControllerNode.cpp:134:6:[m[K [01;36m[Knote: [m[Kcandidate: ‘[01m[Kbool {anonymous}::finite(double)[m[K’
  134 | bool [01;36m[Kfinite[m[K(double value)
      |      [01;36m[K^~~~~~[m[K
gmake[2]: *** [CMakeFiles/quadruped.dir/build.make:104: CMakeFiles/quadruped.dir/src/Nodes/QuadrupedControllerNode.cpp.o] Error 1
gmake[2]: *** Waiting for unfinished jobs....
gmake[1]: *** [CMakeFiles/Makefile2:227: CMakeFiles/quadruped.dir/all] Error 2
gmake: *** [Makefile:146: all] Error 2
