[0.149s] Invoking command in '/workspace/build/quadruped_control': CMAKE_PREFIX_PATH=/workspace/install/audio_common_msgs:/workspace/install/quadruped_control:/workspace/install/voice_control:/workspace/install/quadruped_sim:/workspace/install/audio_common:/opt/ros/humble LD_LIBRARY_PATH=/workspace/install/audio_common_msgs/lib:/workspace/install/audio_common/lib:/opt/ros/humble/opt/rviz_ogre_vendor/lib:/opt/ros/humble/lib/x86_64-linux-gnu:/opt/ros/humble/lib /usr/bin/cmake /workspace/src/quadruped_control -DBUILD_TESTING=OFF -DAMENT_CMAKE_SYMLINK_INSTALL=1 -DCMAKE_INSTALL_PREFIX=/workspace/install/quadruped_control
[0.743s] -- The C compiler identification is GNU 11.4.0
[1.200s] -- The CXX compiler identification is GNU 11.4.0
[1.236s] -- Detecting C compiler ABI info
[1.946s] -- Detecting C compiler ABI info - done
[1.965s] -- Check for working C compiler: /usr/bin/cc - skipped
[1.965s] -- Detecting C compile features
[1.966s] -- Detecting C compile features - done
[1.973s] -- Detecting CXX compiler ABI info
[2.716s] -- Detecting CXX compiler ABI info - done
[2.734s] -- Check for working CXX compiler: /usr/bin/c++ - skipped
[2.735s] -- Detecting CXX compile features
[2.735s] -- Detecting CXX compile features - done
[2.761s] -- Found ament_cmake: 1.3.14 (/opt/ros/humble/share/ament_cmake/cmake)
[3.602s] -- Found Python3: /usr/bin/python3 (found version "3.10.12") found components: Interpreter 
[3.791s] -- Override CMake install command with custom implementation using symlinks instead of copying resources
[3.960s] -- Found rclcpp: 16.0.19 (/opt/ros/humble/share/rclcpp/cmake)
[4.172s] -- Found rosidl_generator_c: 3.1.9 (/opt/ros/humble/share/rosidl_generator_c/cmake)
[4.232s] -- Found rosidl_adapter: 3.1.9 (/opt/ros/humble/share/rosidl_adapter/cmake)
[4.288s] -- Found rosidl_generator_cpp: 3.1.9 (/opt/ros/humble/share/rosidl_generator_cpp/cmake)
[4.345s] -- Using all available rosidl_typesupport_c: rosidl_typesupport_fastrtps_c;rosidl_typesupport_introspection_c
[4.427s] -- Using all available rosidl_typesupport_cpp: rosidl_typesupport_fastrtps_cpp;rosidl_typesupport_introspection_cpp
[4.646s] -- Found rmw_implementation_cmake: 6.1.3 (/opt/ros/humble/share/rmw_implementation_cmake/cmake)
[4.685s] -- Found rmw_fastrtps_cpp: 6.2.10 (/opt/ros/humble/share/rmw_fastrtps_cpp/cmake)
[5.347s] -- Found OpenSSL: /usr/lib/x86_64-linux-gnu/libcrypto.so (found version "3.0.2")  
[5.426s] -- Found FastRTPS: /opt/ros/humble/include  
[5.544s] -- Using RMW implementation 'rmw_fastrtps_cpp' as default
[5.589s] -- Looking for pthread.h
[6.201s] -- Looking for pthread.h - found
[6.203s] -- Performing Test CMAKE_HAVE_LIBC_PTHREAD
[6.953s] -- Performing Test CMAKE_HAVE_LIBC_PTHREAD - Success
[6.956s] -- Found Threads: TRUE  
[7.105s] -- Found audio_common_msgs: 4.0.10 (/workspace/install/audio_common_msgs/share/audio_common_msgs/cmake)
[7.202s] -- Found orocos_kdl_vendor: 0.2.5 (/opt/ros/humble/share/orocos_kdl_vendor/cmake)
[7.258s] -- Found eigen3_cmake_module: 0.1.1 (/opt/ros/humble/share/eigen3_cmake_module/cmake)
[7.259s] -- Found Eigen3: TRUE (found version "3.4.0") 
[7.260s] -- Ensuring Eigen3 include directory is part of orocos-kdl CMake target
[7.279s] -- Found sensor_msgs: 4.9.2 (/opt/ros/humble/share/sensor_msgs/cmake)
[7.344s] -- Found cv_bridge: 3.2.1 (/opt/ros/humble/share/cv_bridge/cmake)
[7.377s] -- Found OpenCV: /usr (found version "4.5.4") 
[7.385s] -- whisper.cpp version: 1.9.3-dev
[7.412s] -- Found Git: /usr/bin/git (found version "2.34.1") 
[7.671s] -- The ASM compiler identification is GNU
[7.675s] -- Found assembler: /usr/bin/cc
[7.868s] -- Warning: ccache not found - consider installing it for faster compilation or disable this warning with GGML_CCACHE=OFF
[8.013s] -- CMAKE_SYSTEM_PROCESSOR: x86_64
[8.014s] -- GGML_SYSTEM_ARCH: x86
[10.068s] -- Found OpenMP_C: -fopenmp (found version "4.5") 
[10.855s] -- Found OpenMP_CXX: -fopenmp (found version "4.5") 
[10.855s] -- Found OpenMP: TRUE (found version "4.5")  
[10.861s] -- Including CPU backend
[10.864s] -- x86 detected
[10.864s] -- Adding CPU backend variant ggml-cpu: -march=native 
[10.884s] -- ggml version: 0.22.0
[10.885s] -- ggml commit:  97811330-dirty
[11.155s] -- Configuring done
[11.343s] -- Generating done
[11.418s] -- Build files have been written to: /workspace/build/quadruped_control
[11.440s] Invoked command in '/workspace/build/quadruped_control' returned '0': CMAKE_PREFIX_PATH=/workspace/install/audio_common_msgs:/workspace/install/quadruped_control:/workspace/install/voice_control:/workspace/install/quadruped_sim:/workspace/install/audio_common:/opt/ros/humble LD_LIBRARY_PATH=/workspace/install/audio_common_msgs/lib:/workspace/install/audio_common/lib:/opt/ros/humble/opt/rviz_ogre_vendor/lib:/opt/ros/humble/lib/x86_64-linux-gnu:/opt/ros/humble/lib /usr/bin/cmake /workspace/src/quadruped_control -DBUILD_TESTING=OFF -DAMENT_CMAKE_SYMLINK_INSTALL=1 -DCMAKE_INSTALL_PREFIX=/workspace/install/quadruped_control
[11.446s] Invoking command in '/workspace/build/quadruped_control': CMAKE_PREFIX_PATH=/workspace/install/audio_common_msgs:/workspace/install/quadruped_control:/workspace/install/voice_control:/workspace/install/quadruped_sim:/workspace/install/audio_common:/opt/ros/humble LD_LIBRARY_PATH=/workspace/install/audio_common_msgs/lib:/workspace/install/audio_common/lib:/opt/ros/humble/opt/rviz_ogre_vendor/lib:/opt/ros/humble/lib/x86_64-linux-gnu:/opt/ros/humble/lib /usr/bin/cmake --build /workspace/build/quadruped_control -- -j12 -l12
[11.898s] [35m[1mConsolidate compiler generated dependencies of target ggml-base[0m
[12.149s] [ 26%] Built target ggml-base
[12.274s] [35m[1mConsolidate compiler generated dependencies of target ggml-cpu[0m
[12.623s] [ 65%] Built target ggml-cpu
[12.759s] [35m[1mConsolidate compiler generated dependencies of target ggml[0m
[13.013s] [ 73%] Built target ggml
[13.149s] [35m[1mConsolidate compiler generated dependencies of target whisper[0m
[13.396s] [ 78%] Built target whisper
[13.517s] [35m[1mConsolidate compiler generated dependencies of target quadruped[0m
[13.858s] gmake[2]: Warning: File '/workspace/src/quadruped_control/src/Nodes/QuadrupedControllerNode.cpp' has modification time 24886 s in the future
[13.947s] [ 84%] [32mBuilding CXX object CMakeFiles/quadruped.dir/src/Nodes/QuadrupedControllerNode.cpp.o[0m
[13.950s] [ 84%] [32mBuilding CXX object CMakeFiles/quadruped.dir/src/quadruped.cpp.o[0m
[13.961s] [ 86%] [32mBuilding CXX object CMakeFiles/quadruped.dir/src/Nodes/Servo2040BridgeNode.cpp.o[0m
[18.426s] [01m[K/workspace/src/quadruped_control/src/Nodes/QuadrupedControllerNode.cpp:[m[K In lambda function:
[18.427s] [01m[K/workspace/src/quadruped_control/src/Nodes/QuadrupedControllerNode.cpp:444:28:[m[K [01;31m[Kerror: [m[Kcall of overloaded ‘[01m[Kfinite(double&)[m[K’ is ambiguous
[18.428s]   444 |                 if (![01;31m[Kfinite(x)[m[K || !finite(y) || !finite(z))
[18.429s]       |                      [01;31m[K~~~~~~^~~[m[K
[18.429s] In file included from [01m[K/usr/include/features.h:486[m[K,
[18.430s]                  from [01m[K/usr/include/x86_64-linux-gnu/c++/11/bits/os_defines.h:39[m[K,
[18.431s]                  from [01m[K/usr/include/x86_64-linux-gnu/c++/11/bits/c++config.h:586[m[K,
[18.431s]                  from [01m[K/usr/include/c++/11/utility:68[m[K,
[18.432s]                  from [01m[K/usr/include/c++/11/algorithm:60[m[K,
[18.433s]                  from [01m[K/workspace/src/quadruped_control/src/Nodes/QuadrupedControllerNode.cpp:1[m[K:
[18.434s] [01m[K/usr/include/x86_64-linux-gnu/bits/mathcalls.h:183:1:[m[K [01;36m[Knote: [m[Kcandidate: ‘[01m[Kint finite(double)[m[K’
[18.434s]   183 | [01;36m[K__MATHDECL_ALIAS[m[K (int,finite,, (_Mdouble_ __value), finite)
[18.435s]       | [01;36m[K^~~~~~~~~~~~~~~~[m[K
[18.435s] [01m[K/workspace/src/quadruped_control/src/Nodes/QuadrupedControllerNode.cpp:134:6:[m[K [01;36m[Knote: [m[Kcandidate: ‘[01m[Kbool {anonymous}::finite(double)[m[K’
[18.435s]   134 | bool [01;36m[Kfinite[m[K(double value)
[18.436s]       |      [01;36m[K^~~~~~[m[K
[18.437s] [01m[K/workspace/src/quadruped_control/src/Nodes/QuadrupedControllerNode.cpp:444:42:[m[K [01;31m[Kerror: [m[Kcall of overloaded ‘[01m[Kfinite(double&)[m[K’ is ambiguous
[18.437s]   444 |   if (!finite(x) || ![01;31m[Kfinite(y)[m[K || !finite(z))
[18.438s]       |                      [01;31m[K~~~~~~^~~[m[K
[18.438s] 
[18.439s] In file included from [01m[K/usr/include/features.h:486[m[K,
[18.442s]                  from [01m[K/usr/include/x86_64-linux-gnu/c++/11/bits/os_defines.h:39[m[K,
[18.443s]                  from [01m[K/usr/include/x86_64-linux-gnu/c++/11/bits/c++config.h:586[m[K,
[18.444s]                  from [01m[K/usr/include/c++/11/utility:68[m[K,
[18.445s]                  from [01m[K/usr/include/c++/11/algorithm:60[m[K,
[18.445s]                  from [01m[K/workspace/src/quadruped_control/src/Nodes/QuadrupedControllerNode.cpp:1[m[K:
[18.446s] [01m[K/usr/include/x86_64-linux-gnu/bits/mathcalls.h:183:1:[m[K [01;36m[Knote: [m[Kcandidate: ‘[01m[Kint finite(double)[m[K’
[18.446s]   183 | [01;36m[K__MATHDECL_ALIAS[m[K (int,finite,, (_Mdouble_ __value), finite)
[18.446s]       | [01;36m[K^~~~~~~~~~~~~~~~[m[K
[18.447s] [01m[K/workspace/src/quadruped_control/src/Nodes/QuadrupedControllerNode.cpp:134:6:[m[K [01;36m[Knote: [m[Kcandidate: ‘[01m[Kbool {anonymous}::finite(double)[m[K’
[18.448s]   134 | bool [01;36m[Kfinite[m[K(double value)
[18.448s]       |      [01;36m[K^~~~~~[m[K
[18.448s] [01m[K/workspace/src/quadruped_control/src/Nodes/QuadrupedControllerNode.cpp:444:56:[m[K [01;31m[Kerror: [m[Kcall of overloaded ‘[01m[Kfinite(double&)[m[K’ is ambiguous
[18.449s]   444 | finite(x) || !finite(y) || ![01;31m[Kfinite(z)[m[K)
[18.452s]       |                             [01;31m[K~~~~~~^~~[m[K
[18.452s] 
[18.452s] In file included from [01m[K/usr/include/features.h:486[m[K,
[18.452s]                  from [01m[K/usr/include/x86_64-linux-gnu/c++/11/bits/os_defines.h:39[m[K,
[18.453s]                  from [01m[K/usr/include/x86_64-linux-gnu/c++/11/bits/c++config.h:586[m[K,
[18.453s]                  from [01m[K/usr/include/c++/11/utility:68[m[K,
[18.453s]                  from [01m[K/usr/include/c++/11/algorithm:60[m[K,
[18.454s]                  from [01m[K/workspace/src/quadruped_control/src/Nodes/QuadrupedControllerNode.cpp:1[m[K:
[18.454s] [01m[K/usr/include/x86_64-linux-gnu/bits/mathcalls.h:183:1:[m[K [01;36m[Knote: [m[Kcandidate: ‘[01m[Kint finite(double)[m[K’
[18.455s]   183 | [01;36m[K__MATHDECL_ALIAS[m[K (int,finite,, (_Mdouble_ __value), finite)
[18.455s]       | [01;36m[K^~~~~~~~~~~~~~~~[m[K
[18.456s] [01m[K/workspace/src/quadruped_control/src/Nodes/QuadrupedControllerNode.cpp:134:6:[m[K [01;36m[Knote: [m[Kcandidate: ‘[01m[Kbool {anonymous}::finite(double)[m[K’
[18.456s]   134 | bool [01;36m[Kfinite[m[K(double value)
[18.456s]       |      [01;36m[K^~~~~~[m[K
[18.457s] [01m[K/workspace/src/quadruped_control/src/Nodes/QuadrupedControllerNode.cpp:[m[K In lambda function:
[18.457s] [01m[K/workspace/src/quadruped_control/src/Nodes/QuadrupedControllerNode.cpp:685:28:[m[K [01;31m[Kerror: [m[Kcall of overloaded ‘[01m[Kfinite(double&)[m[K’ is ambiguous
[18.458s]   685 |                 if (![01;31m[Kfinite(x)[m[K || !finite(y) || !finite(z))
[18.458s]       |                      [01;31m[K~~~~~~^~~[m[K
[18.461s] In file included from [01m[K/usr/include/features.h:486[m[K,
[18.464s]                  from [01m[K/usr/include/x86_64-linux-gnu/c++/11/bits/os_defines.h:39[m[K,
[18.465s]                  from [01m[K/usr/include/x86_64-linux-gnu/c++/11/bits/c++config.h:586[m[K,
[18.466s]                  from [01m[K/usr/include/c++/11/utility:68[m[K,
[18.466s]                  from [01m[K/usr/include/c++/11/algorithm:60[m[K,
[18.469s]                  from [01m[K/workspace/src/quadruped_control/src/Nodes/QuadrupedControllerNode.cpp:1[m[K:
[18.470s] [01m[K/usr/include/x86_64-linux-gnu/bits/mathcalls.h:183:1:[m[K [01;36m[Knote: [m[Kcandidate: ‘[01m[Kint finite(double)[m[K’
[18.470s]   183 | [01;36m[K__MATHDECL_ALIAS[m[K (int,finite,, (_Mdouble_ __value), finite)
[18.471s]       | [01;36m[K^~~~~~~~~~~~~~~~[m[K
[18.472s] [01m[K/workspace/src/quadruped_control/src/Nodes/QuadrupedControllerNode.cpp:134:6:[m[K [01;36m[Knote: [m[Kcandidate: ‘[01m[Kbool {anonymous}::finite(double)[m[K’
[18.474s]   134 | bool [01;36m[Kfinite[m[K(double value)
[18.474s]       |      [01;36m[K^~~~~~[m[K
[18.475s] [01m[K/workspace/src/quadruped_control/src/Nodes/QuadrupedControllerNode.cpp:685:42:[m[K [01;31m[Kerror: [m[Kcall of overloaded ‘[01m[Kfinite(double&)[m[K’ is ambiguous
[18.476s]   685 |   if (!finite(x) || ![01;31m[Kfinite(y)[m[K || !finite(z))
[18.476s]       |                      [01;31m[K~~~~~~^~~[m[K
[18.477s] 
[18.477s] In file included from [01m[K/usr/include/features.h:486[m[K,
[18.478s]                  from [01m[K/usr/include/x86_64-linux-gnu/c++/11/bits/os_defines.h:39[m[K,
[18.479s]                  from [01m[K/usr/include/x86_64-linux-gnu/c++/11/bits/c++config.h:586[m[K,
[18.479s]                  from [01m[K/usr/include/c++/11/utility:68[m[K,
[18.479s]                  from [01m[K/usr/include/c++/11/algorithm:60[m[K,
[18.480s]                  from [01m[K/workspace/src/quadruped_control/src/Nodes/QuadrupedControllerNode.cpp:1[m[K:
[18.481s] [01m[K/usr/include/x86_64-linux-gnu/bits/mathcalls.h:183:1:[m[K [01;36m[Knote: [m[Kcandidate: ‘[01m[Kint finite(double)[m[K’
[18.481s]   183 | [01;36m[K__MATHDECL_ALIAS[m[K (int,finite,, (_Mdouble_ __value), finite)
[18.482s]       | [01;36m[K^~~~~~~~~~~~~~~~[m[K
[18.482s] [01m[K/workspace/src/quadruped_control/src/Nodes/QuadrupedControllerNode.cpp:134:6:[m[K [01;36m[Knote: [m[Kcandidate: ‘[01m[Kbool {anonymous}::finite(double)[m[K’
[18.482s]   134 | bool [01;36m[Kfinite[m[K(double value)
[18.483s]       |      [01;36m[K^~~~~~[m[K
[18.483s] [01m[K/workspace/src/quadruped_control/src/Nodes/QuadrupedControllerNode.cpp:685:56:[m[K [01;31m[Kerror: [m[Kcall of overloaded ‘[01m[Kfinite(double&)[m[K’ is ambiguous
[18.483s]   685 | finite(x) || !finite(y) || ![01;31m[Kfinite(z)[m[K)
[18.483s]       |                             [01;31m[K~~~~~~^~~[m[K
[18.483s] 
[18.484s] In file included from [01m[K/usr/include/features.h:486[m[K,
[18.485s]                  from [01m[K/usr/include/x86_64-linux-gnu/c++/11/bits/os_defines.h:39[m[K,
[18.485s]                  from [01m[K/usr/include/x86_64-linux-gnu/c++/11/bits/c++config.h:586[m[K,
[18.486s]                  from [01m[K/usr/include/c++/11/utility:68[m[K,
[18.486s]                  from [01m[K/usr/include/c++/11/algorithm:60[m[K,
[18.487s]                  from [01m[K/workspace/src/quadruped_control/src/Nodes/QuadrupedControllerNode.cpp:1[m[K:
[18.487s] [01m[K/usr/include/x86_64-linux-gnu/bits/mathcalls.h:183:1:[m[K [01;36m[Knote: [m[Kcandidate: ‘[01m[Kint finite(double)[m[K’
[18.487s]   183 | [01;36m[K__MATHDECL_ALIAS[m[K (int,finite,, (_Mdouble_ __value), finite)
[18.487s]       | [01;36m[K^~~~~~~~~~~~~~~~[m[K
[18.488s] [01m[K/workspace/src/quadruped_control/src/Nodes/QuadrupedControllerNode.cpp:134:6:[m[K [01;36m[Knote: [m[Kcandidate: ‘[01m[Kbool {anonymous}::finite(double)[m[K’
[18.488s]   134 | bool [01;36m[Kfinite[m[K(double value)
[18.488s]       |      [01;36m[K^~~~~~[m[K
[18.488s] [01m[K/workspace/src/quadruped_control/src/Nodes/QuadrupedControllerNode.cpp:[m[K In member function ‘[01m[KJointAngles QuadrupedControllerNode::solveIK(int, double, double, double)[m[K’:
[18.489s] [01m[K/workspace/src/quadruped_control/src/Nodes/QuadrupedControllerNode.cpp:1569:16:[m[K [01;31m[Kerror: [m[Kcall of overloaded ‘[01m[Kfinite(double&)[m[K’ is ambiguous
[18.489s]  1569 |         ![01;31m[Kfinite(x)[m[K ||
[18.490s]       |          [01;31m[K~~~~~~^~~[m[K
[18.490s] In file included from [01m[K/usr/include/features.h:486[m[K,
[18.490s]                  from [01m[K/usr/include/x86_64-linux-gnu/c++/11/bits/os_defines.h:39[m[K,
[18.490s]                  from [01m[K/usr/include/x86_64-linux-gnu/c++/11/bits/c++config.h:586[m[K,
[18.491s]                  from [01m[K/usr/include/c++/11/utility:68[m[K,
[18.491s]                  from [01m[K/usr/include/c++/11/algorithm:60[m[K,
[18.491s]                  from [01m[K/workspace/src/quadruped_control/src/Nodes/QuadrupedControllerNode.cpp:1[m[K:
[18.492s] [01m[K/usr/include/x86_64-linux-gnu/bits/mathcalls.h:183:1:[m[K [01;36m[Knote: [m[Kcandidate: ‘[01m[Kint finite(double)[m[K’
[18.492s]   183 | [01;36m[K__MATHDECL_ALIAS[m[K (int,finite,, (_Mdouble_ __value), finite)
[18.493s]       | [01;36m[K^~~~~~~~~~~~~~~~[m[K
[18.493s] [01m[K/workspace/src/quadruped_control/src/Nodes/QuadrupedControllerNode.cpp:134:6:[m[K [01;36m[Knote: [m[Kcandidate: ‘[01m[Kbool {anonymous}::finite(double)[m[K’
[18.493s]   134 | bool [01;36m[Kfinite[m[K(double value)
[18.494s]       |      [01;36m[K^~~~~~[m[K
[18.494s] [01m[K/workspace/src/quadruped_control/src/Nodes/QuadrupedControllerNode.cpp:1570:16:[m[K [01;31m[Kerror: [m[Kcall of overloaded ‘[01m[Kfinite(double&)[m[K’ is ambiguous
[18.494s]  1570 |         ![01;31m[Kfinite(y)[m[K ||
[18.494s]       |          [01;31m[K~~~~~~^~~[m[K
[18.495s] In file included from [01m[K/usr/include/features.h:486[m[K,
[18.495s]                  from [01m[K/usr/include/x86_64-linux-gnu/c++/11/bits/os_defines.h:39[m[K,
[18.495s]                  from [01m[K/usr/include/x86_64-linux-gnu/c++/11/bits/c++config.h:586[m[K,
[18.495s]                  from [01m[K/usr/include/c++/11/utility:68[m[K,
[18.496s]                  from [01m[K/usr/include/c++/11/algorithm:60[m[K,
[18.496s]                  from [01m[K/workspace/src/quadruped_control/src/Nodes/QuadrupedControllerNode.cpp:1[m[K:
[18.497s] [01m[K/usr/include/x86_64-linux-gnu/bits/mathcalls.h:183:1:[m[K [01;36m[Knote: [m[Kcandidate: ‘[01m[Kint finite(double)[m[K’
[18.498s]   183 | [01;36m[K__MATHDECL_ALIAS[m[K (int,finite,, (_Mdouble_ __value), finite)
[18.498s]       | [01;36m[K^~~~~~~~~~~~~~~~[m[K
[18.498s] [01m[K/workspace/src/quadruped_control/src/Nodes/QuadrupedControllerNode.cpp:134:6:[m[K [01;36m[Knote: [m[Kcandidate: ‘[01m[Kbool {anonymous}::finite(double)[m[K’
[18.499s]   134 | bool [01;36m[Kfinite[m[K(double value)
[18.499s]       |      [01;36m[K^~~~~~[m[K
[18.499s] [01m[K/workspace/src/quadruped_control/src/Nodes/QuadrupedControllerNode.cpp:1571:16:[m[K [01;31m[Kerror: [m[Kcall of overloaded ‘[01m[Kfinite(double&)[m[K’ is ambiguous
[18.500s]  1571 |         ![01;31m[Kfinite(z)[m[K)
[18.501s]       |          [01;31m[K~~~~~~^~~[m[K
[18.501s] In file included from [01m[K/usr/include/features.h:486[m[K,
[18.501s]                  from [01m[K/usr/include/x86_64-linux-gnu/c++/11/bits/os_defines.h:39[m[K,
[18.502s]                  from [01m[K/usr/include/x86_64-linux-gnu/c++/11/bits/c++config.h:586[m[K,
[18.502s]                  from [01m[K/usr/include/c++/11/utility:68[m[K,
[18.502s]                  from [01m[K/usr/include/c++/11/algorithm:60[m[K,
[18.502s]                  from [01m[K/workspace/src/quadruped_control/src/Nodes/QuadrupedControllerNode.cpp:1[m[K:
[18.503s] [01m[K/usr/include/x86_64-linux-gnu/bits/mathcalls.h:183:1:[m[K [01;36m[Knote: [m[Kcandidate: ‘[01m[Kint finite(double)[m[K’
[18.503s]   183 | [01;36m[K__MATHDECL_ALIAS[m[K (int,finite,, (_Mdouble_ __value), finite)
[18.504s]       | [01;36m[K^~~~~~~~~~~~~~~~[m[K
[18.504s] [01m[K/workspace/src/quadruped_control/src/Nodes/QuadrupedControllerNode.cpp:134:6:[m[K [01;36m[Knote: [m[Kcandidate: ‘[01m[Kbool {anonymous}::finite(double)[m[K’
[18.504s]   134 | bool [01;36m[Kfinite[m[K(double value)
[18.505s]       |      [01;36m[K^~~~~~[m[K
[18.506s] [01m[K/workspace/src/quadruped_control/src/Nodes/QuadrupedControllerNode.cpp:1728:28:[m[K [01;31m[Kerror: [m[Kcall of overloaded ‘[01m[Kfinite(const double&)[m[K’ is ambiguous
[18.507s]  1728 |                     ![01;31m[Kfinite(cartesianError)[m[K ||
[18.508s]       |                      [01;31m[K~~~~~~^~~~~~~~~~~~~~~~[m[K
[18.509s] In file included from [01m[K/usr/include/features.h:486[m[K,
[18.510s]                  from [01m[K/usr/include/x86_64-linux-gnu/c++/11/bits/os_defines.h:39[m[K,
[18.510s]                  from [01m[K/usr/include/x86_64-linux-gnu/c++/11/bits/c++config.h:586[m[K,
[18.511s]                  from [01m[K/usr/include/c++/11/utility:68[m[K,
[18.513s]                  from [01m[K/usr/include/c++/11/algorithm:60[m[K,
[18.515s]                  from [01m[K/workspace/src/quadruped_control/src/Nodes/QuadrupedControllerNode.cpp:1[m[K:
[18.517s] [01m[K/usr/include/x86_64-linux-gnu/bits/mathcalls.h:183:1:[m[K [01;36m[Knote: [m[Kcandidate: ‘[01m[Kint finite(double)[m[K’
[18.518s]   183 | [01;36m[K__MATHDECL_ALIAS[m[K (int,finite,, (_Mdouble_ __value), finite)
[18.519s]       | [01;36m[K^~~~~~~~~~~~~~~~[m[K
[18.520s] [01m[K/workspace/src/quadruped_control/src/Nodes/QuadrupedControllerNode.cpp:134:6:[m[K [01;36m[Knote: [m[Kcandidate: ‘[01m[Kbool {anonymous}::finite(double)[m[K’
[18.521s]   134 | bool [01;36m[Kfinite[m[K(double value)
[18.522s]       |      [01;36m[K^~~~~~[m[K
[18.524s] [01m[K/workspace/src/quadruped_control/src/Nodes/QuadrupedControllerNode.cpp:[m[K In lambda function:
[18.527s] [01m[K/workspace/src/quadruped_control/src/Nodes/QuadrupedControllerNode.cpp:1884:24:[m[K [01;31m[Kerror: [m[Kcall of overloaded ‘[01m[Kfinite(const double&)[m[K’ is ambiguous
[18.530s]  1884 |             if (![01;31m[Kfinite(errorSquared)[m[K)
[18.531s]       |                  [01;31m[K~~~~~~^~~~~~~~~~~~~~[m[K
[18.531s] In file included from [01m[K/usr/include/features.h:486[m[K,
[18.533s]                  from [01m[K/usr/include/x86_64-linux-gnu/c++/11/bits/os_defines.h:39[m[K,
[18.534s]                  from [01m[K/usr/include/x86_64-linux-gnu/c++/11/bits/c++config.h:586[m[K,
[18.536s]                  from [01m[K/usr/include/c++/11/utility:68[m[K,
[18.537s]                  from [01m[K/usr/include/c++/11/algorithm:60[m[K,
[18.537s]                  from [01m[K/workspace/src/quadruped_control/src/Nodes/QuadrupedControllerNode.cpp:1[m[K:
[18.539s] [01m[K/usr/include/x86_64-linux-gnu/bits/mathcalls.h:183:1:[m[K [01;36m[Knote: [m[Kcandidate: ‘[01m[Kint finite(double)[m[K’
[18.540s]   183 | [01;36m[K__MATHDECL_ALIAS[m[K (int,finite,, (_Mdouble_ __value), finite)
[18.542s]       | [01;36m[K^~~~~~~~~~~~~~~~[m[K
[18.542s] [01m[K/workspace/src/quadruped_control/src/Nodes/QuadrupedControllerNode.cpp:134:6:[m[K [01;36m[Knote: [m[Kcandidate: ‘[01m[Kbool {anonymous}::finite(double)[m[K’
[18.544s]   134 | bool [01;36m[Kfinite[m[K(double value)
[18.545s]       |      [01;36m[K^~~~~~[m[K
[20.617s] gmake[2]: *** [CMakeFiles/quadruped.dir/build.make:104: CMakeFiles/quadruped.dir/src/Nodes/QuadrupedControllerNode.cpp.o] Error 1
[20.618s] gmake[2]: *** Waiting for unfinished jobs....
[24.950s] gmake[1]: *** [CMakeFiles/Makefile2:227: CMakeFiles/quadruped.dir/all] Error 2
[24.958s] gmake: *** [Makefile:146: all] Error 2
[24.961s] Invoked command in '/workspace/build/quadruped_control' returned '2': CMAKE_PREFIX_PATH=/workspace/install/audio_common_msgs:/workspace/install/quadruped_control:/workspace/install/voice_control:/workspace/install/quadruped_sim:/workspace/install/audio_common:/opt/ros/humble LD_LIBRARY_PATH=/workspace/install/audio_common_msgs/lib:/workspace/install/audio_common/lib:/opt/ros/humble/opt/rviz_ogre_vendor/lib:/opt/ros/humble/lib/x86_64-linux-gnu:/opt/ros/humble/lib /usr/bin/cmake --build /workspace/build/quadruped_control -- -j12 -l12
