[0.105s] Invoking command in '/workspace/gz_control_ws/build/ign_ros2_control': AMENT_PREFIX_PATH=/workspace/gz_control_ws/install/gz_ros2_control:${AMENT_PREFIX_PATH} CMAKE_PREFIX_PATH=/workspace/gz_control_ws/install/gz_ros2_control:/workspace/install/voice_control:/workspace/install/quadruped_sim:/workspace/install/quadruped_control:/workspace/install/audio_common:/workspace/install/audio_common_msgs:/opt/ros/humble LD_LIBRARY_PATH=/workspace/gz_control_ws/install/gz_ros2_control/lib:${LD_LIBRARY_PATH} /usr/bin/cmake /workspace/gz_control_ws/src/gz_ros2_control/ign_ros2_control -DAMENT_CMAKE_SYMLINK_INSTALL=1 -DCMAKE_INSTALL_PREFIX=/workspace/gz_control_ws/install/ign_ros2_control
[0.745s] -- The C compiler identification is GNU 11.4.0
[1.143s] -- The CXX compiler identification is GNU 11.4.0
[1.178s] -- Detecting C compiler ABI info
[1.902s] -- Detecting C compiler ABI info - done
[1.924s] -- Check for working C compiler: /usr/bin/cc - skipped
[1.925s] -- Detecting C compile features
[1.925s] -- Detecting C compile features - done
[1.931s] -- Detecting CXX compiler ABI info
[2.644s] -- Detecting CXX compiler ABI info - done
[2.662s] -- Check for working CXX compiler: /usr/bin/c++ - skipped
[2.663s] -- Detecting CXX compile features
[2.664s] -- Detecting CXX compile features - done
[2.700s] -- Found ament_cmake: 1.3.14 (/opt/ros/humble/share/ament_cmake/cmake)
[3.481s] -- Found Python3: /usr/bin/python3 (found version "3.10.12") found components: Interpreter 
[3.659s] -- Override CMake install command with custom implementation using symlinks instead of copying resources
[4.247s] -- Configuring done
[4.278s] -- Generating done
[4.302s] -- Build files have been written to: /workspace/gz_control_ws/build/ign_ros2_control
[4.313s] Invoked command in '/workspace/gz_control_ws/build/ign_ros2_control' returned '0': AMENT_PREFIX_PATH=/workspace/gz_control_ws/install/gz_ros2_control:${AMENT_PREFIX_PATH} CMAKE_PREFIX_PATH=/workspace/gz_control_ws/install/gz_ros2_control:/workspace/install/voice_control:/workspace/install/quadruped_sim:/workspace/install/quadruped_control:/workspace/install/audio_common:/workspace/install/audio_common_msgs:/opt/ros/humble LD_LIBRARY_PATH=/workspace/gz_control_ws/install/gz_ros2_control/lib:${LD_LIBRARY_PATH} /usr/bin/cmake /workspace/gz_control_ws/src/gz_ros2_control/ign_ros2_control -DAMENT_CMAKE_SYMLINK_INSTALL=1 -DCMAKE_INSTALL_PREFIX=/workspace/gz_control_ws/install/ign_ros2_control
[4.319s] Invoking command in '/workspace/gz_control_ws/build/ign_ros2_control': AMENT_PREFIX_PATH=/workspace/gz_control_ws/install/gz_ros2_control:${AMENT_PREFIX_PATH} CMAKE_PREFIX_PATH=/workspace/gz_control_ws/install/gz_ros2_control:/workspace/install/voice_control:/workspace/install/quadruped_sim:/workspace/install/quadruped_control:/workspace/install/audio_common:/workspace/install/audio_common_msgs:/opt/ros/humble LD_LIBRARY_PATH=/workspace/gz_control_ws/install/gz_ros2_control/lib:${LD_LIBRARY_PATH} /usr/bin/cmake --build /workspace/gz_control_ws/build/ign_ros2_control -- -j12 -l12
[4.703s] Invoked command in '/workspace/gz_control_ws/build/ign_ros2_control' returned '0': AMENT_PREFIX_PATH=/workspace/gz_control_ws/install/gz_ros2_control:${AMENT_PREFIX_PATH} CMAKE_PREFIX_PATH=/workspace/gz_control_ws/install/gz_ros2_control:/workspace/install/voice_control:/workspace/install/quadruped_sim:/workspace/install/quadruped_control:/workspace/install/audio_common:/workspace/install/audio_common_msgs:/opt/ros/humble LD_LIBRARY_PATH=/workspace/gz_control_ws/install/gz_ros2_control/lib:${LD_LIBRARY_PATH} /usr/bin/cmake --build /workspace/gz_control_ws/build/ign_ros2_control -- -j12 -l12
[4.709s] Invoking command in '/workspace/gz_control_ws/build/ign_ros2_control': AMENT_PREFIX_PATH=/workspace/gz_control_ws/install/gz_ros2_control:${AMENT_PREFIX_PATH} CMAKE_PREFIX_PATH=/workspace/gz_control_ws/install/gz_ros2_control:/workspace/install/voice_control:/workspace/install/quadruped_sim:/workspace/install/quadruped_control:/workspace/install/audio_common:/workspace/install/audio_common_msgs:/opt/ros/humble LD_LIBRARY_PATH=/workspace/gz_control_ws/install/gz_ros2_control/lib:${LD_LIBRARY_PATH} /usr/bin/cmake --install /workspace/gz_control_ws/build/ign_ros2_control
[4.780s] -- Install configuration: ""
[4.784s] -- Execute custom install script
[4.791s] -- Symlinking: /workspace/gz_control_ws/install/ign_ros2_control/share/ament_index/resource_index/package_run_dependencies/ign_ros2_control
[4.863s] -- Symlinking: /workspace/gz_control_ws/install/ign_ros2_control/share/ament_index/resource_index/parent_prefix_path/ign_ros2_control
[4.923s] -- Symlinking: /workspace/gz_control_ws/install/ign_ros2_control/share/ign_ros2_control/environment/ament_prefix_path.sh
[4.988s] -- Symlinking: /workspace/gz_control_ws/install/ign_ros2_control/share/ign_ros2_control/environment/ament_prefix_path.dsv
[5.038s] -- Symlinking: /workspace/gz_control_ws/install/ign_ros2_control/share/ign_ros2_control/environment/path.sh
[5.090s] -- Symlinking: /workspace/gz_control_ws/install/ign_ros2_control/share/ign_ros2_control/environment/path.dsv
[5.174s] -- Symlinking: /workspace/gz_control_ws/install/ign_ros2_control/share/ign_ros2_control/local_setup.bash
[5.228s] -- Symlinking: /workspace/gz_control_ws/install/ign_ros2_control/share/ign_ros2_control/local_setup.sh
[5.280s] -- Symlinking: /workspace/gz_control_ws/install/ign_ros2_control/share/ign_ros2_control/local_setup.zsh
[5.329s] -- Symlinking: /workspace/gz_control_ws/install/ign_ros2_control/share/ign_ros2_control/local_setup.dsv
[5.380s] -- Symlinking: /workspace/gz_control_ws/install/ign_ros2_control/share/ign_ros2_control/package.dsv
[5.430s] -- Symlinking: /workspace/gz_control_ws/install/ign_ros2_control/share/ament_index/resource_index/packages/ign_ros2_control
[5.485s] -- Symlinking: /workspace/gz_control_ws/install/ign_ros2_control/share/ign_ros2_control/cmake/ign_ros2_controlConfig.cmake
[5.539s] -- Symlinking: /workspace/gz_control_ws/install/ign_ros2_control/share/ign_ros2_control/cmake/ign_ros2_controlConfig-version.cmake
[5.590s] -- Symlinking: /workspace/gz_control_ws/install/ign_ros2_control/share/ign_ros2_control/package.xml
[5.646s] Invoked command in '/workspace/gz_control_ws/build/ign_ros2_control' returned '0': AMENT_PREFIX_PATH=/workspace/gz_control_ws/install/gz_ros2_control:${AMENT_PREFIX_PATH} CMAKE_PREFIX_PATH=/workspace/gz_control_ws/install/gz_ros2_control:/workspace/install/voice_control:/workspace/install/quadruped_sim:/workspace/install/quadruped_control:/workspace/install/audio_common:/workspace/install/audio_common_msgs:/opt/ros/humble LD_LIBRARY_PATH=/workspace/gz_control_ws/install/gz_ros2_control/lib:${LD_LIBRARY_PATH} /usr/bin/cmake --install /workspace/gz_control_ws/build/ign_ros2_control
