[0.063s] Invoking command in '/workspace/build/quadruped_control': CMAKE_PREFIX_PATH=${CMAKE_PREFIX_PATH}:/opt/ros/humble /usr/bin/cmake /workspace/src/quadruped_control -DBUILD_TESTING=OFF -DAMENT_CMAKE_SYMLINK_INSTALL=1 -DCMAKE_INSTALL_PREFIX=/workspace/install/quadruped_control
[0.625s] -- The C compiler identification is GNU 11.4.0
[1.077s] -- The CXX compiler identification is GNU 11.4.0
[1.111s] -- Detecting C compiler ABI info
[1.812s] -- Detecting C compiler ABI info - done
[1.830s] -- Check for working C compiler: /usr/bin/cc - skipped
[1.831s] -- Detecting C compile features
[1.832s] -- Detecting C compile features - done
[1.836s] -- Detecting CXX compiler ABI info
[2.476s] -- Detecting CXX compiler ABI info - done
[2.495s] -- Check for working CXX compiler: /usr/bin/c++ - skipped
[2.495s] -- Detecting CXX compile features
[2.496s] -- Detecting CXX compile features - done
[2.509s] -- Found ament_cmake: 1.3.14 (/opt/ros/humble/share/ament_cmake/cmake)
[3.273s] -- Found Python3: /usr/bin/python3 (found version "3.10.12") found components: Interpreter 
[3.465s] -- Override CMake install command with custom implementation using symlinks instead of copying resources
[3.626s] -- Found rclcpp: 16.0.19 (/opt/ros/humble/share/rclcpp/cmake)
[3.794s] -- Found rosidl_generator_c: 3.1.9 (/opt/ros/humble/share/rosidl_generator_c/cmake)
[3.815s] -- Found rosidl_adapter: 3.1.9 (/opt/ros/humble/share/rosidl_adapter/cmake)
[3.837s] -- Found rosidl_generator_cpp: 3.1.9 (/opt/ros/humble/share/rosidl_generator_cpp/cmake)
[3.866s] -- Using all available rosidl_typesupport_c: rosidl_typesupport_fastrtps_c;rosidl_typesupport_introspection_c
[3.921s] -- Using all available rosidl_typesupport_cpp: rosidl_typesupport_fastrtps_cpp;rosidl_typesupport_introspection_cpp
[4.076s] -- Found rmw_implementation_cmake: 6.1.3 (/opt/ros/humble/share/rmw_implementation_cmake/cmake)
[4.088s] -- Found rmw_fastrtps_cpp: 6.2.10 (/opt/ros/humble/share/rmw_fastrtps_cpp/cmake)
[4.838s] -- Found OpenSSL: /usr/lib/x86_64-linux-gnu/libcrypto.so (found version "3.0.2")  
[4.897s] -- Found FastRTPS: /opt/ros/humble/include  
[4.999s] -- Using RMW implementation 'rmw_fastrtps_cpp' as default
[5.048s] -- Looking for pthread.h
[5.803s] -- Looking for pthread.h - found
[5.804s] -- Performing Test CMAKE_HAVE_LIBC_PTHREAD
[6.527s] -- Performing Test CMAKE_HAVE_LIBC_PTHREAD - Success
[6.532s] -- Found Threads: TRUE  
[6.654s] -- Found audio_common_msgs: 4.0.10 (/workspace/install/audio_common_msgs/share/audio_common_msgs/cmake)
[6.761s] -- Found orocos_kdl_vendor: 0.2.5 (/opt/ros/humble/share/orocos_kdl_vendor/cmake)
[6.805s] -- Found eigen3_cmake_module: 0.1.1 (/opt/ros/humble/share/eigen3_cmake_module/cmake)
[6.806s] -- Found Eigen3: TRUE (found version "3.4.0") 
[6.807s] -- Ensuring Eigen3 include directory is part of orocos-kdl CMake target
[6.817s] -- Found sensor_msgs: 4.9.2 (/opt/ros/humble/share/sensor_msgs/cmake)
[6.868s] -- Found cv_bridge: 3.2.1 (/opt/ros/humble/share/cv_bridge/cmake)
[6.897s] -- Found OpenCV: /usr (found version "4.5.4") 
[6.906s] -- whisper.cpp version: 1.9.3-dev
[6.949s] -- Found Git: /usr/bin/git (found version "2.34.1") 
[7.235s] -- The ASM compiler identification is GNU
[7.238s] -- Found assembler: /usr/bin/cc
[7.414s] -- Warning: ccache not found - consider installing it for faster compilation or disable this warning with GGML_CCACHE=OFF
[7.535s] -- CMAKE_SYSTEM_PROCESSOR: x86_64
[7.536s] -- GGML_SYSTEM_ARCH: x86
[9.571s] -- Found OpenMP_C: -fopenmp (found version "4.5") 
[10.285s] -- Found OpenMP_CXX: -fopenmp (found version "4.5") 
[10.286s] -- Found OpenMP: TRUE (found version "4.5")  
[10.288s] -- Including CPU backend
[10.292s] -- x86 detected
[10.294s] -- Adding CPU backend variant ggml-cpu: -march=native 
[10.313s] -- ggml version: 0.22.0
[10.315s] -- ggml commit:  97811330-dirty
[10.559s] -- Configuring done
[10.787s] -- Generating done
[10.849s] -- Build files have been written to: /workspace/build/quadruped_control
[10.873s] Invoked command in '/workspace/build/quadruped_control' returned '0': CMAKE_PREFIX_PATH=${CMAKE_PREFIX_PATH}:/opt/ros/humble /usr/bin/cmake /workspace/src/quadruped_control -DBUILD_TESTING=OFF -DAMENT_CMAKE_SYMLINK_INSTALL=1 -DCMAKE_INSTALL_PREFIX=/workspace/install/quadruped_control
[10.879s] Invoking command in '/workspace/build/quadruped_control': CMAKE_PREFIX_PATH=${CMAKE_PREFIX_PATH}:/opt/ros/humble /usr/bin/cmake --build /workspace/build/quadruped_control -- -j12 -l12
[11.467s] [  2%] [32mBuilding C object whisper/ggml/src/CMakeFiles/ggml-base.dir/ggml.c.o[0m
[11.474s] [  7%] [32mBuilding CXX object whisper/ggml/src/CMakeFiles/ggml-base.dir/ggml.cpp.o[0m
[11.476s] [  7%] [32mBuilding C object whisper/ggml/src/CMakeFiles/ggml-base.dir/ggml-alloc.c.o[0m
[11.482s] [ 15%] [32mBuilding CXX object whisper/ggml/src/CMakeFiles/ggml-base.dir/ggml-backend-meta.cpp.o[0m
[11.487s] [ 15%] [32mBuilding C object whisper/ggml/src/CMakeFiles/ggml-base.dir/ggml-quants.c.o[0m
[11.488s] [ 15%] [32mBuilding CXX object whisper/ggml/src/CMakeFiles/ggml-base.dir/ggml-threading.cpp.o[0m
[11.527s] [ 23%] [32mBuilding CXX object whisper/ggml/src/CMakeFiles/ggml-base.dir/ggml-backend.cpp.o[0m
[11.529s] [ 23%] [32mBuilding CXX object whisper/ggml/src/CMakeFiles/ggml-base.dir/gguf.cpp.o[0m
[11.536s] [ 23%] [32mBuilding CXX object whisper/ggml/src/CMakeFiles/ggml-base.dir/ggml-opt.cpp.o[0m
[18.352s] [ 26%] [32m[1mLinking CXX shared library ../../../bin/libggml-base.so[0m
[18.835s] [ 26%] Built target ggml-base
[19.133s] [ 31%] [32mBuilding CXX object whisper/ggml/src/CMakeFiles/ggml-cpu.dir/ggml-cpu/repack.cpp.o[0m
[19.134s] [ 34%] [32mBuilding CXX object whisper/ggml/src/CMakeFiles/ggml-cpu.dir/ggml-cpu/ggml-cpu.cpp.o[0m
[19.134s] [ 34%] [32mBuilding CXX object whisper/ggml/src/CMakeFiles/ggml-cpu.dir/ggml-cpu/hbm.cpp.o[0m
[19.144s] [ 39%] [32mBuilding CXX object whisper/ggml/src/CMakeFiles/ggml-cpu.dir/ggml-cpu/amx/mmq.cpp.o[0m
[19.145s] [ 39%] [32mBuilding CXX object whisper/ggml/src/CMakeFiles/ggml-cpu.dir/ggml-cpu/unary-ops.cpp.o[0m
[19.155s] [ 44%] [32mBuilding C object whisper/ggml/src/CMakeFiles/ggml-cpu.dir/ggml-cpu/quants.c.o[0m
[19.157s] [ 44%] [32mBuilding C object whisper/ggml/src/CMakeFiles/ggml-cpu.dir/ggml-cpu/ggml-cpu.c.o[0m
[19.178s] [ 50%] [32mBuilding CXX object whisper/ggml/src/CMakeFiles/ggml-cpu.dir/ggml-cpu/amx/amx.cpp.o[0m
[19.182s] [ 52%] [32mBuilding CXX object whisper/ggml/src/CMakeFiles/ggml-cpu.dir/ggml-cpu/traits.cpp.o[0m
[19.185s] [ 52%] [32mBuilding CXX object whisper/ggml/src/CMakeFiles/ggml-cpu.dir/ggml-cpu/binary-ops.cpp.o[0m
[19.194s] [ 57%] [32mBuilding CXX object whisper/ggml/src/CMakeFiles/ggml-cpu.dir/ggml-cpu/ops.cpp.o[0m
[19.198s] [ 57%] [32mBuilding CXX object whisper/ggml/src/CMakeFiles/ggml-cpu.dir/ggml-cpu/vec.cpp.o[0m
[19.594s] [ 60%] [32mBuilding C object whisper/ggml/src/CMakeFiles/ggml-cpu.dir/ggml-cpu/arch/x86/quants.c.o[0m
[22.028s] [ 63%] [32mBuilding CXX object whisper/ggml/src/CMakeFiles/ggml-cpu.dir/ggml-cpu/arch/x86/repack.cpp.o[0m
[28.503s] [ 65%] [32m[1mLinking CXX shared library ../../../bin/libggml-cpu.so[0m
[28.974s] [ 65%] Built target ggml-cpu
[29.208s] [ 68%] [32mBuilding CXX object whisper/ggml/src/CMakeFiles/ggml.dir/ggml-backend-dl.cpp.o[0m
[29.213s] [ 71%] [32mBuilding CXX object whisper/ggml/src/CMakeFiles/ggml.dir/ggml-backend-reg.cpp.o[0m
[31.301s] [ 73%] [32m[1mLinking CXX shared library ../../../bin/libggml.so[0m
[31.725s] [ 73%] Built target ggml
[31.979s] [ 76%] [32mBuilding CXX object whisper/src/CMakeFiles/whisper.dir/whisper.cpp.o[0m
[44.452s] [ 78%] [32m[1mLinking CXX shared library ../../bin/libwhisper.so[0m
[44.997s] [ 78%] Built target whisper
[45.261s] [ 81%] [32mBuilding CXX object CMakeFiles/quadruped.dir/src/Nodes/QuadrupedControllerNode.cpp.o[0m
[45.272s] [ 92%] [32mBuilding CXX object CMakeFiles/quadruped.dir/src/Services/ActionService.cpp.o[0m
[45.273s] [ 92%] [32mBuilding CXX object CMakeFiles/quadruped.dir/src/Nodes/UserCommunicationNode.cpp.o[0m
[45.276s] [ 92%] [32mBuilding CXX object CMakeFiles/quadruped.dir/src/Nodes/Servo2040BridgeNode.cpp.o[0m
[45.278s] [ 92%] [32mBuilding CXX object CMakeFiles/quadruped.dir/src/Nodes/CameraDisplayNode.cpp.o[0m
[45.304s] [ 94%] [32mBuilding CXX object CMakeFiles/quadruped.dir/src/Clients/ActionClient.cpp.o[0m
[45.311s] [ 97%] [32mBuilding CXX object CMakeFiles/quadruped.dir/src/quadruped.cpp.o[0m
[48.668s] [01m[K/workspace/src/quadruped_control/src/Nodes/Servo2040BridgeNode.cpp:[m[K In lambda function:
[48.669s] [01m[K/workspace/src/quadruped_control/src/Nodes/Servo2040BridgeNode.cpp:93:25:[m[K [01;31m[Kerror: [m[K‘[01m[Ksuccess[m[K’ was not declared in this scope; did you mean ‘[01m[Keaccess[m[K’?
[48.670s]    93 |                         [01;31m[Ksuccess[m[K,
[48.670s]       |                         [01;31m[K^~~~~~~[m[K
[48.674s]       |                         [32m[Keaccess[m[K
[51.319s] gmake[2]: *** [CMakeFiles/quadruped.dir/build.make:118: CMakeFiles/quadruped.dir/src/Nodes/Servo2040BridgeNode.cpp.o] Error 1
[51.321s] gmake[2]: *** Waiting for unfinished jobs....
[60.843s] gmake[1]: *** [CMakeFiles/Makefile2:227: CMakeFiles/quadruped.dir/all] Error 2
[60.846s] gmake: *** [Makefile:146: all] Error 2
[60.857s] Invoked command in '/workspace/build/quadruped_control' returned '2': CMAKE_PREFIX_PATH=${CMAKE_PREFIX_PATH}:/opt/ros/humble /usr/bin/cmake --build /workspace/build/quadruped_control -- -j12 -l12
