[0.329s] DEBUG:colcon:Command line arguments: ['/usr/bin/colcon', 'build', '--base-paths', '/workspace/src', '--packages-select', 'quadruped_control', '--symlink-install', '--cmake-clean-cache', '--cmake-args', '-DBUILD_TESTING=OFF']
[0.330s] DEBUG:colcon:Parsed command line arguments: Namespace(log_base=None, log_level=None, verb_name='build', build_base='build', install_base='install', merge_install=False, symlink_install=True, test_result_base=None, continue_on_error=False, executor='parallel', parallel_workers=12, event_handlers=None, ignore_user_meta=False, metas=['./colcon.meta'], base_paths=['/workspace/src'], packages_ignore=None, packages_ignore_regex=None, paths=None, packages_up_to=None, packages_up_to_regex=None, packages_above=None, packages_above_and_dependencies=None, packages_above_depth=None, packages_select_by_dep=None, packages_skip_by_dep=None, packages_skip_up_to=None, packages_select_build_failed=False, packages_skip_build_finished=False, packages_select_test_failures=False, packages_skip_test_passed=False, packages_select=['quadruped_control'], packages_skip=None, packages_select_regex=None, packages_skip_regex=None, packages_start=None, packages_end=None, cmake_args=['-DBUILD_TESTING=OFF'], cmake_target=None, cmake_target_skip_unavailable=False, cmake_clean_cache=True, cmake_clean_first=False, cmake_force_configure=False, meson_args=[], ament_cmake_args=None, catkin_cmake_args=None, catkin_skip_building_tests=False, mixin_files=None, mixin=None, verb_parser=<colcon_mixin.mixin.mixin_argument.MixinArgumentDecorator object at 0x7ffffe238d30>, verb_extension=<colcon_core.verb.build.BuildVerb object at 0x7ffffe2387c0>, main=<bound method BuildVerb.main of <colcon_core.verb.build.BuildVerb object at 0x7ffffe2387c0>>, mixin_verb=('build',))
[0.495s] Level 1:colcon.colcon_core.package_discovery:discover_packages(colcon_meta) check parameters
[0.496s] INFO:colcon.colcon_metadata.package_discovery.colcon_meta:Using configuration from '/root/.colcon/metadata/default/Gazebo.meta'
[0.500s] INFO:colcon.colcon_metadata.package_discovery.colcon_meta:Using configuration from '/root/.colcon/metadata/default/fastdds.meta'
[0.500s] INFO:colcon.colcon_metadata.package_discovery.colcon_meta:Using configuration from '/root/.colcon/metadata/default/fastrtps.meta'
[0.500s] Level 1:colcon.colcon_core.package_discovery:discover_packages(recursive) check parameters
[0.500s] Level 1:colcon.colcon_core.package_discovery:discover_packages(ignore) check parameters
[0.501s] Level 1:colcon.colcon_core.package_discovery:discover_packages(path) check parameters
[0.501s] Level 1:colcon.colcon_core.package_discovery:discover_packages(recursive) discover
[0.501s] INFO:colcon.colcon_core.package_discovery:Crawling recursively for packages in '/workspace/src'
[0.501s] Level 1:colcon.colcon_core.package_identification:_identify(/workspace/src) by extensions ['ignore', 'ignore_ament_install']
[0.502s] Level 1:colcon.colcon_core.package_identification:_identify(/workspace/src) by extension 'ignore'
[0.502s] Level 1:colcon.colcon_core.package_identification:_identify(/workspace/src) by extension 'ignore_ament_install'
[0.502s] Level 1:colcon.colcon_core.package_identification:_identify(/workspace/src) by extensions ['colcon_pkg']
[0.502s] Level 1:colcon.colcon_core.package_identification:_identify(/workspace/src) by extension 'colcon_pkg'
[0.502s] Level 1:colcon.colcon_core.package_identification:_identify(/workspace/src) by extensions ['colcon_meta']
[0.502s] Level 1:colcon.colcon_core.package_identification:_identify(/workspace/src) by extension 'colcon_meta'
[0.502s] Level 1:colcon.colcon_core.package_identification:_identify(/workspace/src) by extensions ['ros']
[0.503s] Level 1:colcon.colcon_core.package_identification:_identify(/workspace/src) by extension 'ros'
[0.512s] Level 1:colcon.colcon_core.package_identification:_identify(/workspace/src) by extensions ['cmake', 'meson', 'python']
[0.512s] Level 1:colcon.colcon_core.package_identification:_identify(/workspace/src) by extension 'cmake'
[0.512s] Level 1:colcon.colcon_core.package_identification:_identify(/workspace/src) by extension 'meson'
[0.514s] Level 1:colcon.colcon_core.package_identification:_identify(/workspace/src) by extension 'python'
[0.514s] Level 1:colcon.colcon_core.package_identification:_identify(/workspace/src) by extensions ['python_setup_py']
[0.514s] Level 1:colcon.colcon_core.package_identification:_identify(/workspace/src) by extension 'python_setup_py'
[0.515s] Level 1:colcon.colcon_core.package_identification:_identify(/workspace/src/quadruped_control) by extensions ['ignore', 'ignore_ament_install']
[0.515s] Level 1:colcon.colcon_core.package_identification:_identify(/workspace/src/quadruped_control) by extension 'ignore'
[0.515s] Level 1:colcon.colcon_core.package_identification:_identify(/workspace/src/quadruped_control) by extension 'ignore_ament_install'
[0.515s] Level 1:colcon.colcon_core.package_identification:_identify(/workspace/src/quadruped_control) by extensions ['colcon_pkg']
[0.515s] Level 1:colcon.colcon_core.package_identification:_identify(/workspace/src/quadruped_control) by extension 'colcon_pkg'
[0.515s] Level 1:colcon.colcon_core.package_identification:_identify(/workspace/src/quadruped_control) by extensions ['colcon_meta']
[0.515s] Level 1:colcon.colcon_core.package_identification:_identify(/workspace/src/quadruped_control) by extension 'colcon_meta'
[0.515s] Level 1:colcon.colcon_core.package_identification:_identify(/workspace/src/quadruped_control) by extensions ['ros']
[0.515s] Level 1:colcon.colcon_core.package_identification:_identify(/workspace/src/quadruped_control) by extension 'ros'
[0.522s] DEBUG:colcon.colcon_core.package_identification:Package '/workspace/src/quadruped_control' with type 'ros.ament_cmake' and name 'quadruped_control'
[0.522s] Level 1:colcon.colcon_core.package_identification:_identify(/workspace/src/quadruped_sim) by extensions ['ignore', 'ignore_ament_install']
[0.522s] Level 1:colcon.colcon_core.package_identification:_identify(/workspace/src/quadruped_sim) by extension 'ignore'
[0.523s] Level 1:colcon.colcon_core.package_identification:_identify(/workspace/src/quadruped_sim) by extension 'ignore_ament_install'
[0.523s] Level 1:colcon.colcon_core.package_identification:_identify(/workspace/src/quadruped_sim) by extensions ['colcon_pkg']
[0.523s] Level 1:colcon.colcon_core.package_identification:_identify(/workspace/src/quadruped_sim) by extension 'colcon_pkg'
[0.523s] Level 1:colcon.colcon_core.package_identification:_identify(/workspace/src/quadruped_sim) by extensions ['colcon_meta']
[0.523s] Level 1:colcon.colcon_core.package_identification:_identify(/workspace/src/quadruped_sim) by extension 'colcon_meta'
[0.523s] Level 1:colcon.colcon_core.package_identification:_identify(/workspace/src/quadruped_sim) by extensions ['ros']
[0.523s] Level 1:colcon.colcon_core.package_identification:_identify(/workspace/src/quadruped_sim) by extension 'ros'
[0.524s] DEBUG:colcon.colcon_core.package_identification:Package '/workspace/src/quadruped_sim' with type 'ros.ament_cmake' and name 'quadruped_sim'
[0.524s] Level 1:colcon.colcon_core.package_discovery:discover_packages(recursive) using defaults
[0.542s] INFO:colcon.colcon_core.package_selection:Skipping not selected package 'quadruped_sim' in '/workspace/src/quadruped_sim'
[0.542s] Level 5:colcon.colcon_core.verb:set package 'quadruped_control' build argument 'cmake_args' from command line to '['-DBUILD_TESTING=OFF']'
[0.542s] Level 5:colcon.colcon_core.verb:set package 'quadruped_control' build argument 'cmake_target' from command line to 'None'
[0.543s] Level 5:colcon.colcon_core.verb:set package 'quadruped_control' build argument 'cmake_target_skip_unavailable' from command line to 'False'
[0.543s] Level 5:colcon.colcon_core.verb:set package 'quadruped_control' build argument 'cmake_clean_cache' from command line to 'True'
[0.543s] Level 5:colcon.colcon_core.verb:set package 'quadruped_control' build argument 'cmake_clean_first' from command line to 'False'
[0.543s] Level 5:colcon.colcon_core.verb:set package 'quadruped_control' build argument 'cmake_force_configure' from command line to 'False'
[0.543s] Level 5:colcon.colcon_core.verb:set package 'quadruped_control' build argument 'meson_args' from command line to '[]'
[0.543s] Level 5:colcon.colcon_core.verb:set package 'quadruped_control' build argument 'ament_cmake_args' from command line to 'None'
[0.543s] Level 5:colcon.colcon_core.verb:set package 'quadruped_control' build argument 'catkin_cmake_args' from command line to 'None'
[0.543s] Level 5:colcon.colcon_core.verb:set package 'quadruped_control' build argument 'catkin_skip_building_tests' from command line to 'False'
[0.543s] DEBUG:colcon.colcon_core.verb:Building package 'quadruped_control' with the following arguments: {'ament_cmake_args': None, 'build_base': '/workspace/build/quadruped_control', 'catkin_cmake_args': None, 'catkin_skip_building_tests': False, 'cmake_args': ['-DBUILD_TESTING=OFF'], 'cmake_clean_cache': True, 'cmake_clean_first': False, 'cmake_force_configure': False, 'cmake_target': None, 'cmake_target_skip_unavailable': False, 'install_base': '/workspace/install/quadruped_control', 'merge_install': False, 'meson_args': [], 'path': '/workspace/src/quadruped_control', 'symlink_install': True, 'test_result_base': None}
[0.544s] INFO:colcon.colcon_core.executor:Executing jobs using 'parallel' executor
[0.547s] DEBUG:colcon.colcon_parallel_executor.executor.parallel:run_until_complete
[0.549s] INFO:colcon.colcon_ros.task.ament_cmake.build:Building ROS package in '/workspace/src/quadruped_control' with build type 'ament_cmake'
[0.550s] INFO:colcon.colcon_cmake.task.cmake.build:Building CMake package in '/workspace/src/quadruped_control'
[0.551s] INFO:colcon.colcon_core.plugin_system:Skipping extension 'colcon_core.shell.bat': Not used on non-Windows systems
[0.552s] INFO:colcon.colcon_core.shell:Skip shell extension 'powershell' for command environment: Not usable outside of PowerShell
[0.552s] DEBUG:colcon.colcon_core.shell:Skip shell extension 'dsv' for command environment
[0.553s] WARNING:colcon.colcon_ros.prefix_path.ament:The path '/workspace/install/quadruped_control' in the environment variable AMENT_PREFIX_PATH doesn't exist
[0.555s] WARNING:colcon.colcon_ros.prefix_path.catkin:The path '/workspace/install/quadruped_control' in the environment variable CMAKE_PREFIX_PATH doesn't exist
[0.632s] DEBUG:colcon.colcon_core.event_handler.log_command:Invoking command in '/workspace/build/quadruped_control': CMAKE_PREFIX_PATH=${CMAKE_PREFIX_PATH}:/opt/ros/humble /usr/bin/cmake /workspace/src/quadruped_control -DBUILD_TESTING=OFF -DAMENT_CMAKE_SYMLINK_INSTALL=1 -DCMAKE_INSTALL_PREFIX=/workspace/install/quadruped_control
[11.244s] DEBUG:colcon.colcon_core.event_handler.log_command:Invoked command in '/workspace/build/quadruped_control' returned '0': CMAKE_PREFIX_PATH=${CMAKE_PREFIX_PATH}:/opt/ros/humble /usr/bin/cmake /workspace/src/quadruped_control -DBUILD_TESTING=OFF -DAMENT_CMAKE_SYMLINK_INSTALL=1 -DCMAKE_INSTALL_PREFIX=/workspace/install/quadruped_control
[11.251s] DEBUG:colcon.colcon_core.event_handler.log_command:Invoking command in '/workspace/build/quadruped_control': CMAKE_PREFIX_PATH=${CMAKE_PREFIX_PATH}:/opt/ros/humble /usr/bin/cmake --build /workspace/build/quadruped_control -- -j12 -l12
[61.152s] DEBUG:colcon.colcon_core.event_handler.log_command:Invoked command in '/workspace/build/quadruped_control' returned '0': CMAKE_PREFIX_PATH=${CMAKE_PREFIX_PATH}:/opt/ros/humble /usr/bin/cmake --build /workspace/build/quadruped_control -- -j12 -l12
[61.224s] DEBUG:colcon.colcon_core.event_handler.log_command:Invoking command in '/workspace/build/quadruped_control': CMAKE_PREFIX_PATH=${CMAKE_PREFIX_PATH}:/opt/ros/humble /usr/bin/cmake --install /workspace/build/quadruped_control
[62.556s] Level 1:colcon.colcon_core.environment:create_environment_scripts_only(quadruped_control)
[62.559s] Level 1:colcon.colcon_core.environment:checking '/workspace/install/quadruped_control' for CMake module files
[62.559s] DEBUG:colcon.colcon_core.event_handler.log_command:Invoked command in '/workspace/build/quadruped_control' returned '0': CMAKE_PREFIX_PATH=${CMAKE_PREFIX_PATH}:/opt/ros/humble /usr/bin/cmake --install /workspace/build/quadruped_control
[62.562s] Level 1:colcon.colcon_core.environment:checking '/workspace/install/quadruped_control' for CMake config files
[62.563s] Level 1:colcon.colcon_core.shell:create_environment_hook('quadruped_control', 'cmake_prefix_path')
[62.563s] INFO:colcon.colcon_core.shell:Creating environment hook '/workspace/install/quadruped_control/share/quadruped_control/hook/cmake_prefix_path.ps1'
[62.566s] INFO:colcon.colcon_core.shell:Creating environment descriptor '/workspace/install/quadruped_control/share/quadruped_control/hook/cmake_prefix_path.dsv'
[62.567s] INFO:colcon.colcon_core.shell:Creating environment hook '/workspace/install/quadruped_control/share/quadruped_control/hook/cmake_prefix_path.sh'
[62.569s] Level 1:colcon.colcon_core.environment:checking '/workspace/install/quadruped_control/libggml-cpu.so.0.22.0'
[62.569s] Level 1:colcon.colcon_core.environment:checking '/workspace/install/quadruped_control/libggml-base.so.0.22.0'
[62.570s] Level 1:colcon.colcon_core.environment:checking '/workspace/install/quadruped_control/lib'
[62.570s] Level 1:colcon.colcon_core.environment:checking '/workspace/install/quadruped_control/bin'
[62.571s] Level 1:colcon.colcon_core.environment:checking '/workspace/install/quadruped_control/lib/pkgconfig/quadruped_control.pc'
[62.572s] Level 1:colcon.colcon_core.environment:checking '/workspace/install/quadruped_control/lib/python3.10/site-packages'
[62.572s] Level 1:colcon.colcon_core.environment:checking '/workspace/install/quadruped_control/bin'
[62.573s] INFO:colcon.colcon_core.shell:Creating package script '/workspace/install/quadruped_control/share/quadruped_control/package.ps1'
[62.575s] INFO:colcon.colcon_core.shell:Creating package descriptor '/workspace/install/quadruped_control/share/quadruped_control/package.dsv'
[62.579s] INFO:colcon.colcon_core.shell:Creating package script '/workspace/install/quadruped_control/share/quadruped_control/package.sh'
[62.581s] INFO:colcon.colcon_core.shell:Creating package script '/workspace/install/quadruped_control/share/quadruped_control/package.bash'
[62.586s] INFO:colcon.colcon_core.shell:Creating package script '/workspace/install/quadruped_control/share/quadruped_control/package.zsh'
[62.591s] Level 1:colcon.colcon_core.environment:create_file_with_runtime_dependencies(/workspace/install/quadruped_control/share/colcon-core/packages/quadruped_control)
[62.597s] Level 1:colcon.colcon_core.environment:create_environment_scripts_only(quadruped_control)
[62.598s] Level 1:colcon.colcon_core.environment:checking '/workspace/install/quadruped_control' for CMake module files
[62.604s] Level 1:colcon.colcon_core.environment:checking '/workspace/install/quadruped_control' for CMake config files
[62.607s] Level 1:colcon.colcon_core.shell:create_environment_hook('quadruped_control', 'cmake_prefix_path')
[62.611s] INFO:colcon.colcon_core.shell:Creating environment hook '/workspace/install/quadruped_control/share/quadruped_control/hook/cmake_prefix_path.ps1'
[62.615s] INFO:colcon.colcon_core.shell:Creating environment descriptor '/workspace/install/quadruped_control/share/quadruped_control/hook/cmake_prefix_path.dsv'
[62.615s] INFO:colcon.colcon_core.shell:Creating environment hook '/workspace/install/quadruped_control/share/quadruped_control/hook/cmake_prefix_path.sh'
[62.618s] Level 1:colcon.colcon_core.environment:checking '/workspace/install/quadruped_control/libggml-cpu.so.0.22.0'
[62.618s] Level 1:colcon.colcon_core.environment:checking '/workspace/install/quadruped_control/libggml-base.so.0.22.0'
[62.618s] Level 1:colcon.colcon_core.environment:checking '/workspace/install/quadruped_control/lib'
[62.618s] Level 1:colcon.colcon_core.environment:checking '/workspace/install/quadruped_control/bin'
[62.618s] Level 1:colcon.colcon_core.environment:checking '/workspace/install/quadruped_control/lib/pkgconfig/quadruped_control.pc'
[62.618s] Level 1:colcon.colcon_core.environment:checking '/workspace/install/quadruped_control/lib/python3.10/site-packages'
[62.619s] Level 1:colcon.colcon_core.environment:checking '/workspace/install/quadruped_control/bin'
[62.621s] INFO:colcon.colcon_core.shell:Creating package script '/workspace/install/quadruped_control/share/quadruped_control/package.ps1'
[62.626s] INFO:colcon.colcon_core.shell:Creating package descriptor '/workspace/install/quadruped_control/share/quadruped_control/package.dsv'
[62.627s] INFO:colcon.colcon_core.shell:Creating package script '/workspace/install/quadruped_control/share/quadruped_control/package.sh'
[62.628s] INFO:colcon.colcon_core.shell:Creating package script '/workspace/install/quadruped_control/share/quadruped_control/package.bash'
[62.630s] INFO:colcon.colcon_core.shell:Creating package script '/workspace/install/quadruped_control/share/quadruped_control/package.zsh'
[62.630s] Level 1:colcon.colcon_core.environment:create_file_with_runtime_dependencies(/workspace/install/quadruped_control/share/colcon-core/packages/quadruped_control)
[62.632s] DEBUG:colcon.colcon_parallel_executor.executor.parallel:closing loop
[62.633s] DEBUG:colcon.colcon_parallel_executor.executor.parallel:loop closed
[62.633s] DEBUG:colcon.colcon_parallel_executor.executor.parallel:run_until_complete finished with '0'
[62.634s] DEBUG:colcon.colcon_core.event_reactor:joining thread
[62.647s] INFO:colcon.colcon_core.plugin_system:Skipping extension 'colcon_notification.desktop_notification.notify_send': Could not find 'notify-send'
[62.647s] INFO:colcon.colcon_core.plugin_system:Skipping extension 'colcon_notification.desktop_notification.terminal_notifier': Not used on non-Darwin systems
[62.647s] INFO:colcon.colcon_core.plugin_system:Skipping extension 'colcon_notification.desktop_notification.win32': Not used on non-Windows systems
[62.647s] INFO:colcon.colcon_notification.desktop_notification:Sending desktop notification using 'notify2'
[62.653s] DEBUG:colcon.colcon_notification.desktop_notification.notify2:Failed to initialize notify2: org.freedesktop.DBus.Error.Spawn.ExecFailed: /usr/bin/dbus-launch terminated abnormally without any error message
[62.654s] DEBUG:colcon.colcon_core.event_reactor:joined thread
[62.654s] INFO:colcon.colcon_core.shell:Creating prefix script '/workspace/install/local_setup.ps1'
[62.656s] INFO:colcon.colcon_core.shell:Creating prefix util module '/workspace/install/_local_setup_util_ps1.py'
[62.658s] INFO:colcon.colcon_core.shell:Creating prefix chain script '/workspace/install/setup.ps1'
[62.661s] INFO:colcon.colcon_core.shell:Creating prefix script '/workspace/install/local_setup.sh'
[62.663s] INFO:colcon.colcon_core.shell:Creating prefix util module '/workspace/install/_local_setup_util_sh.py'
[62.664s] INFO:colcon.colcon_core.shell:Creating prefix chain script '/workspace/install/setup.sh'
[62.666s] INFO:colcon.colcon_core.shell:Creating prefix script '/workspace/install/local_setup.bash'
[62.668s] INFO:colcon.colcon_core.shell:Creating prefix chain script '/workspace/install/setup.bash'
[62.671s] INFO:colcon.colcon_core.shell:Creating prefix script '/workspace/install/local_setup.zsh'
[62.672s] INFO:colcon.colcon_core.shell:Creating prefix chain script '/workspace/install/setup.zsh'
